******************************************************************************
                  TI ARM Linker PC v18.12.2                    
******************************************************************************
>> Linked Fri Nov 15 12:52:09 2019

OUTPUT FILE NAME:   <Drone_MSP432.out>
ENTRY POINT SYMBOL: "resetISR"  address: 00008521


MEMORY CONFIGURATION

         name            origin    length      used     unused   attr    fill
----------------------  --------  ---------  --------  --------  ----  --------
  MAIN                  00000000   00040000  00008b3c  000374c4  R  X
  INFO                  00200000   00004000  00000000  00004000  R  X
  SRAM_CODE             01000000   00010000  000092f5  00006d0b  RW X
  SRAM_DATA             20000000   00010000  000092f5  00006d0b  RW  


SEGMENT ALLOCATION MAP

run origin  load origin   length   init length attrs members
----------  ----------- ---------- ----------- ----- -------
00000000    00000000    00008b40   00008b40    r-x
  00000000    00000000    00000144   00000144    r-- .intvecs
  00000144    00000144    00008592   00008592    r-x .text
  000086d8    000086d8    00000396   00000396    r-- .const
  00008a70    00008a70    000000d0   000000d0    r-- .cinit
20000000    20000000    00008e0d   00000000    rw-
  20000000    20000000    000082d4   00000000    rw- .bss
  200082d4    200082d4    00000b39   00000000    rw- .data
20009000    20009000    000000e8   00000000    rw-
  20009000    20009000    000000e8   00000000    rw- .vtable
2000fc00    2000fc00    00000400   00000000    rw-
  2000fc00    2000fc00    00000400   00000000    rw- .stack


SECTION ALLOCATION MAP

 output                                  attributes/
section   page    origin      length       input sections
--------  ----  ----------  ----------   ----------------
.text      0    00000144    00008592     
                  00000144    00000500     drone.obj (.text:mainThread)
                  00000644    000002f8     drivers_msp432p401x.aem4f : PowerMSP432.oem4f (.text:Power_sleep)
                  0000093c    000002ec     rtsv7M4_T_le_v4SPD16_eabi.lib : s_atan.c.obj (.text:atan)
                  00000c28    000002d0     drivers_msp432p401x.aem4f : UARTMSP432.oem4f (.text:UARTMSP432_open)
                  00000ef8    00000288                               : PowerMSP432.oem4f (.text:initPerfControl)
                  00001180    00000208                               : PWMTimerMSP432.oem4f (.text:PWMTimerMSP432_open)
                  00001388    000001f8                               : I2CMSP432.oem4f (.text:I2CMSP432_open)
                  00001580    000001d4     freertos_builds_MSP_EXP432P401R_release_ccs_3_30_00_13.lib : queue.obj (.text:xQueueSemaphoreTake)
                  00001754    000001b8                                                                : queue.obj (.text:xQueueGenericSend)
                  0000190c    000001b6     rtsv7M4_T_le_v4SPD16_eabi.lib : fd_add_t2.asm.obj (.text)
                  00001ac2    00000002     ti_drivers_config.obj (.text:Board_initHook)
                  00001ac4    00000190     freertos_builds_MSP_EXP432P401R_release_ccs_3_30_00_13.lib : timers.obj (.text:prvProcessReceivedCommands)
                  00001c54    00000184     drivers_msp432p401x.aem4f : I2CMSP432.oem4f (.text:I2CMSP432_hwiIntFxn)
                  00001dd8    00000180     freertos_builds_MSP_EXP432P401R_release_ccs_3_30_00_13.lib : queue.obj (.text:xQueueReceive)
                  00001f58    00000178                                                                : heap_4.obj (.text:pvPortMalloc)
                  000020d0    00000170     drivers_msp432p401x.aem4f : GPIOMSP432.oem4f (.text:GPIO_setConfig)
                  00002240    0000016c     MSPIO.obj (.text:PrintFloat)
                  000023ac    00000158     rtsv7M4_T_le_v4SPD16_eabi.lib : e_sqrt.c.obj (.text:sqrt)
                  00002504    0000013c     freertos_builds_MSP_EXP432P401R_release_ccs_3_30_00_13.lib : tasks.obj (.text:xTaskIncrementTick)
                  00002640    00000138                                                                : pthread.obj (.text:pthread_create)
                  00002778    00000136     rtsv7M4_T_le_v4SPD16_eabi.lib : fd_div_t2.asm.obj (.text)
                  000028ae    0000012a     freertos_builds_MSP_EXP432P401R_release_ccs_3_30_00_13.lib : tasks.obj (.text:prvInitialiseNewTask)
                  000029d8    0000011c     msp432p4xx_driverlib.lib : uart.o (.text:UART_initModule)
                  00002af4    0000011c     drivers_msp432p401x.aem4f : I2CMSP432.oem4f (.text:primeTransfer)
                  00002c10    0000011c     freertos_builds_MSP_EXP432P401R_release_ccs_3_30_00_13.lib : tasks.obj (.text:xTaskResumeAll)
                  00002d2c    00000114     drivers_msp432p401x.aem4f : PWMTimerMSP432.oem4f (.text:PWMTimerMSP432_setPeriod)
                  00002e40    00000114     freertos_builds_MSP_EXP432P401R_release_ccs_3_30_00_13.lib : tasks.obj (.text:vTaskPriorityDisinheritAfterTimeout)
                  00002f54    00000104     msp432p4xx_driverlib.lib : cs.o (.text:_CSComputeCLKFrequency)
                  00003058    00000104     freertos_builds_MSP_EXP432P401R_release_ccs_3_30_00_13.lib : queue.obj (.text:xQueueGenericSendFromISR)
                  0000315c    000000fc     rtsv7M4_T_le_v4SPD16_eabi.lib : fd_mul_t2.asm.obj (.text)
                  00003258    000000fc     freertos_builds_MSP_EXP432P401R_release_ccs_3_30_00_13.lib : tasks.obj (.text:vTaskSuspend)
                  00003354    000000f8     msp432p4xx_driverlib.lib : cs.o (.text:CS_getDCOFrequency)
                  0000344c    000000f8     freertos_builds_MSP_EXP432P401R_release_ccs_3_30_00_13.lib : tasks.obj (.text:vTaskDelete)
                  00003544    000000f0     drivers_msp432p401x.aem4f : I2CMSP432.oem4f (.text:I2CMSP432_transfer)
                  00003634    000000f0     freertos_builds_MSP_EXP432P401R_release_ccs_3_30_00_13.lib : queue.obj (.text:xQueueGiveFromISR)
                  00003724    000000e8                                                                : tasks.obj (.text:xTaskPriorityInherit)
                  0000380c    000000e4     msp432p4xx_driverlib.lib : cs.o (.text:CS_startHFXTWithTimeout)
                  000038f0    000000e4     MSPIO.obj (.text:MSPrintf)
                  000039d4    000000e0     msp432p4xx_driverlib.lib : cs.o (.text:CS_startLFXTWithTimeout)
                  00003ab4    000000e0     freertos_builds_MSP_EXP432P401R_release_ccs_3_30_00_13.lib : tasks.obj (.text:xTaskPriorityDisinherit)
                  00003b94    000000dc     MPU6050.obj (.text:MPU6050_readAccel)
                  00003c70    000000dc     MPU6050.obj (.text:MPU6050_readGyro)
                  00003d4c    000000dc     drivers_msp432p401x.aem4f : UARTMSP432.oem4f (.text:UARTMSP432_readPolling)
                  00003e28    000000dc     msp432p4xx_driverlib.lib : cs.o (.text:_CSGetHFXTFrequency)
                  00003f04    000000dc     freertos_builds_MSP_EXP432P401R_release_ccs_3_30_00_13.lib : tasks.obj (.text:vTaskSwitchContext)
                  00003fe0    000000da                                                                : portasm.obj (.text)
                  000040ba    000000d8                                                                : queue.obj (.text:xQueueReceiveFromISR)
                  00004192    00000002     drivers_msp432p401x.aem4f : I2CMSP432.oem4f (.text:I2CMSP432_init)
                  00004194    000000d0     freertos_builds_MSP_EXP432P401R_release_ccs_3_30_00_13.lib : port.obj (.text:xPortStartScheduler)
                  00004264    000000c4                                                                : tasks.obj (.text:prvAddNewTaskToReadyList)
                  00004328    000000c0     drivers_msp432p401x.aem4f : UARTMSP432.oem4f (.text:UARTMSP432_hwiIntFxn)
                  000043e8    000000be     freertos_builds_MSP_EXP432P401R_release_ccs_3_30_00_13.lib : queue.obj (.text:prvCopyDataToQueue)
                  000044a6    00000002     msp432p4xx_driverlib.lib : interrupt.o (.text:IntDefaultHandler)
                  000044a8    000000bc     freertos_builds_MSP_EXP432P401R_release_ccs_3_30_00_13.lib : heap_4.obj (.text:prvHeapInit)
                  00004564    000000bc                                                                : timers.obj (.text:prvSwitchTimerLists)
                  00004620    000000b8     drivers_msp432p401x.aem4f : UARTMSP432.oem4f (.text:initHw)
                  000046d8    000000b8                               : UARTMSP432.oem4f (.text:readTaskCallback)
                  00004790    000000b8     freertos_builds_MSP_EXP432P401R_release_ccs_3_30_00_13.lib : queue.obj (.text:xQueueGenericReset)
                  00004848    000000b4     drivers_msp432p401x.aem4f : UARTMSP432.oem4f (.text:UARTMSP432_control)
                  000048fc    000000b4                               : UARTMSP432.oem4f (.text:UARTMSP432_writePolling)
                  000049b0    000000b0     freertos_builds_MSP_EXP432P401R_release_ccs_3_30_00_13.lib : tasks.obj (.text:prvAddCurrentTaskToDelayedList)
                  00004a60    000000b0                                                                : tasks.obj (.text:xTaskCheckForTimeOut)
                  00004b10    000000ae                                                                : queue.obj (.text:prvUnlockQueue)
                  00004bbe    00000002     drivers_msp432p401x.aem4f : PWMTimerMSP432.oem4f (.text:PWMTimerMSP432_init)
                  00004bc0    000000ac                               : GPIOMSP432.oem4f (.text:GPIO_init)
                  00004c6c    000000ac                               : I2CMSP432.oem4f (.text:I2CMSP432_cancel)
                  00004d18    000000ac     MPU6050.obj (.text:MPU6050_calibrateAccel)
                  00004dc4    000000ac     MPU6050.obj (.text:MPU6050_calibrateGyro)
                  00004e70    000000a8     freertos_builds_MSP_EXP432P401R_release_ccs_3_30_00_13.lib : heap_4.obj (.text:prvInsertBlockIntoFreeList)
                  00004f18    000000a8     drivers_msp432p401x.aem4f : UARTMSP432.oem4f (.text:readTaskBlocking)
                  00004fc0    000000a8     freertos_builds_MSP_EXP432P401R_release_ccs_3_30_00_13.lib : tasks.obj (.text:xTaskRemoveFromEventList)
                  00005068    000000a4     drivers_msp432p401x.aem4f : PWMTimerMSP432.oem4f (.text:PWMTimerMSP432_stop)
                  0000510c    000000a0     freertos_builds_MSP_EXP432P401R_release_ccs_3_30_00_13.lib : ClockP_freertos.obj (.text:ClockP_create)
                  000051ac    000000a0     drivers_msp432p401x.aem4f : UARTMSP432.oem4f (.text:UARTMSP432_write)
                  0000524c    000000a0                               : UARTMSP432.oem4f (.text:readIsrTextCallback)
                  000052ec    0000009c                               : PowerMSP432.oem4f (.text:Power_init)
                  00005388    0000009c     rtsv7M4_T_le_v4SPD16_eabi.lib : memcpy_t2.asm.obj (.text)
                  00005424    0000009c     freertos_builds_MSP_EXP432P401R_release_ccs_3_30_00_13.lib : heap_4.obj (.text:vPortFree)
                  000054c0    00000096     rtsv7M4_T_le_v4SPD16_eabi.lib : ull_div_t2.asm.obj (.text)
                  00005556    00000002     freertos_builds_MSP_EXP432P401R_release_ccs_3_30_00_13.lib : PowerMSP432_freertos.obj (.text:PowerMSP432_initPolicy)
                  00005558    00000094     drivers_msp432p401x.aem4f : PWMTimerMSP432.oem4f (.text:PWMTimerMSP432_setDuty)
                  000055ec    00000094     msp432p4xx_driverlib.lib : sysctl_a.o (.text:SysCtl_A_getTLVInfo)
                  00005680    00000094     freertos_builds_MSP_EXP432P401R_release_ccs_3_30_00_13.lib : tasks.obj (.text:vTaskStartScheduler)
                  00005714    00000092     drivers_msp432p401x.aem4f : UARTMSP432.oem4f (.text:UARTMSP432_close)
                  000057a6    00000092                               : UARTMSP432.oem4f (.text:writeData)
                  00005838    0000008c                               : UARTMSP432.oem4f (.text:readIsrTextBlocking)
                  000058c4    00000088                               : PWMTimerMSP432.oem4f (.text:PWMTimerMSP432_close)
                  0000594c    00000088     freertos_builds_MSP_EXP432P401R_release_ccs_3_30_00_13.lib : timers.obj (.text:prvProcessTimerOrBlockTask)
                  000059d4    00000086     rtsv7M4_T_le_v4SPD16_eabi.lib : fd_cmp_t2.asm.obj (.text:__aeabi_cdcmple)
                  00005a5a    00000086                                   : fd_cmp_t2.asm.obj (.text:__aeabi_cdrcmple)
                  00005ae0    00000084     drivers_msp432p401x.aem4f : PWMTimerMSP432.oem4f (.text:PWMTimerMSP432_start)
                  00005b64    00000084     MSPIO.obj (.text:PrintInteger)
                  00005be8    00000084     drivers_msp432p401x.aem4f : PowerMSP432.oem4f (.text:restartHFXT)
                  00005c6c    00000084     freertos_builds_MSP_EXP432P401R_release_ccs_3_30_00_13.lib : timers.obj (.text:xTimerGenericCommand)
                  00005cf0    00000080     msp432p4xx_driverlib.lib : interrupt.o (.text:Interrupt_disableInterrupt)
                  00005d70    00000080                              : interrupt.o (.text:Interrupt_enableInterrupt)
                  00005df0    00000080     motors.obj (.text:Motors_init)
                  00005e70    00000080     freertos_builds_MSP_EXP432P401R_release_ccs_3_30_00_13.lib : timers.obj (.text:prvProcessExpiredTimer)
                  00005ef0    0000007c     msp432p4xx_driverlib.lib : cs.o (.text:_CSGetDOCFrequency)
                  00005f6c    0000007c     drivers_msp432p401x.aem4f : PWMTimerMSP432.oem4f (.text:setConstraints)
                  00005fe8    0000007a     freertos_builds_MSP_EXP432P401R_release_ccs_3_30_00_13.lib : pthread.obj (.text:removeThreadKeys)
                  00006062    0000007a     rtsv7M4_T_le_v4SPD16_eabi.lib : memset_t2.asm.obj (.text)
                  000060dc    0000007a     freertos_builds_MSP_EXP432P401R_release_ccs_3_30_00_13.lib : tasks.obj (.text:xTaskCreate)
                  00006156    00000002     drivers_msp432p401x.aem4f : UARTMSP432.oem4f (.text:UARTMSP432_init)
                  00006158    00000078                               : TimerMSP432.oem4f (.text:TimerMSP432_allocateTimerResource)
                  000061d0    00000078     freertos_builds_MSP_EXP432P401R_release_ccs_3_30_00_13.lib : timers.obj (.text:prvInsertTimerInActiveList)
                  00006248    00000078                                                                : port.obj (.text:vPortSetupTimerInterrupt)
                  000062c0    00000076     drivers_msp432p401x.aem4f : I2CMSP432.oem4f (.text:I2CMSP432_close)
                  00006336    00000002     freertos_builds_MSP_EXP432P401R_release_ccs_3_30_00_13.lib : startup_msp432_ccs.obj (.text:defaultISR)
                  00006338    00000074                                                                : tasks.obj (.text:prvInitialiseTaskLists)
                  000063ac    00000074                                                                : port.obj (.text:vPortValidateInterruptPriority)
                  00006420    00000070                                                                : ClockP_freertos.obj (.text:setClockObjTimeout)
                  00006490    0000006e     rtsv7M4_T_le_v4SPD16_eabi.lib : fd_tos_t2.asm.obj (.text)
                  000064fe    00000002     freertos_builds_MSP_EXP432P401R_release_ccs_3_30_00_13.lib : startup_msp432_ccs.obj (.text:faultISR)
                  00006500    0000006c     msp432p4xx_driverlib.lib : i2c.o (.text:I2C_masterSendMultiByteFinish)
                  0000656c    0000006a     drivers_msp432p401x.aem4f : PWMTimerMSP432.oem4f (.text:perfChangeNotifyFxn)
                  000065d6    0000006a     freertos_builds_MSP_EXP432P401R_release_ccs_3_30_00_13.lib : queue.obj (.text:xQueueGenericCreate)
                  00006640    00000068     drivers_msp432p401x.aem4f : GPIOMSP432.oem4f (.text:GPIO_hwiIntFxn)
                  000066a8    00000068                               : PowerMSP432.oem4f (.text:PowerMSP432_getFreqs)
                  00006710    00000068                               : UARTMSP432.oem4f (.text:UARTMSP432_writeCancel)
                  00006778    00000068     rtsv7M4_T_le_v4SPD16_eabi.lib : copy_decompress_lzss.c.obj (.text:decompress:lzss:__TI_decompress_lzss)
                  000067e0    00000068     drivers_msp432p401x.aem4f : I2CMSP432.oem4f (.text:initHw)
                  00006848    00000068                               : PWMTimerMSP432.oem4f (.text:initHw)
                  000068b0    00000066     freertos_builds_MSP_EXP432P401R_release_ccs_3_30_00_13.lib : timers.obj (.text:prvInitialiseNewTimer)
                  00006916    00000066                                                                : list.obj (.text:vListInsert)
                  0000697c    00000064                                                                : ClockP_freertos.obj (.text:ClockP_stop)
                  000069e0    00000064     main.obj (.text:main)
                  00006a44    00000064     freertos_builds_MSP_EXP432P401R_release_ccs_3_30_00_13.lib : tasks.obj (.text:prvGetExpectedIdleTime)
                  00006aa8    00000062     msp432p4xx_driverlib.lib : cs.o (.text:_CSGetDividerValue)
                  00006b0a    00000002     freertos_builds_MSP_EXP432P401R_release_ccs_3_30_00_13.lib : startup_msp432_ccs.obj (.text:nmiISR)
                  00006b0c    00000060     drivers_msp432p401x.aem4f : GPIOMSP432.oem4f (.text:GPIO_setCallback)
                  00006b6c    00000060     freertos_builds_MSP_EXP432P401R_release_ccs_3_30_00_13.lib : HwiPMSP432_freertos.obj (.text:HwiP_create)
                  00006bcc    00000060                                                                : port.obj (.text:pxPortInitialiseStack)
                  00006c2c    0000005c     msp432p4xx_driverlib.lib : interrupt.o (.text:Interrupt_registerInterrupt)
                  00006c88    0000005c     freertos_builds_MSP_EXP432P401R_release_ccs_3_30_00_13.lib : tasks.obj (.text:prvIdleTask)
                  00006ce4    0000005c                                                                : pthread.obj (.text:pthread_exit)
                  00006d40    0000005c                                                                : queue.obj (.text:vQueueWaitForMessageRestricted)
                  00006d9c    0000005c                                                                : tasks.obj (.text:vTaskDelay)
                  00006df8    00000058     MPU6050.obj (.text:MPU6050_PWR_MNG)
                  00006e50    00000058     drivers_msp432p401x.aem4f : UARTMSP432.oem4f (.text:readIsrBinaryBlocking)
                  00006ea8    00000058     freertos_builds_MSP_EXP432P401R_release_ccs_3_30_00_13.lib : queue.obj (.text:xQueueCreateCountingSemaphore)
                  00006f00    00000056                                                                : SemaphoreP_freertos.obj (.text:SemaphoreP_create)
                  00006f56    00000056     drivers_msp432p401x.aem4f : I2CMSP432.oem4f (.text:completeTransfer)
                  00006fac    00000054     freertos_builds_MSP_EXP432P401R_release_ccs_3_30_00_13.lib : ClockP_freertos.obj (.text:ClockP_delete)
                  00007000    00000054     msp432p4xx_driverlib.lib : interrupt.o (.text:Interrupt_setPriority)
                  00007054    00000054     drivers_msp432p401x.aem4f : TimerMSP432.oem4f (.text:TimerMSP432_freeTimerResource)
                  000070a8    00000054     freertos_builds_MSP_EXP432P401R_release_ccs_3_30_00_13.lib : timers.obj (.text:xTimerCreateTimerTask)
                  000070fc    0000004c     MSPIO.obj (.text:MSPIO_init)
                  00007148    0000004c     freertos_builds_MSP_EXP432P401R_release_ccs_3_30_00_13.lib : timers.obj (.text:prvCheckForValidListAndQueue)
                  00007194    0000004c                                                                : tasks.obj (.text:prvCheckTasksWaitingTermination)
                  000071e0    0000004c     drivers_msp432p401x.aem4f : UARTMSP432.oem4f (.text:readIsrBinaryCallback)
                  0000722c    0000004c     freertos_builds_MSP_EXP432P401R_release_ccs_3_30_00_13.lib : port.obj (.text:vPortEnterCritical)
                  00007278    00000048                                                                : HwiPMSP432_freertos.obj (.text:HwiP_dispatch)
                  000072c0    00000048     drivers_msp432p401x.aem4f : PowerMSP432.oem4f (.text:Power_releaseConstraint)
                  00007308    00000048     freertos_builds_MSP_EXP432P401R_release_ccs_3_30_00_13.lib : sleep.obj (.text:sleep)
                  00007350    00000048                                                                : list.obj (.text:uxListRemove)
                  00007398    00000046     drivers_msp432p401x.aem4f : RingBuf.oem4f (.text:RingBuf_put)
                  000073de    00000002     rtsv7M4_T_le_v4SPD16_eabi.lib : div0.asm.obj (.text)
                  000073e0    00000044     drivers_msp432p401x.aem4f : I2C.oem4f (.text:I2C_init)
                  00007424    00000044                               : PWM.oem4f (.text:PWM_init)
                  00007468    00000044                               : UART.oem4f (.text:UART_init)
                  000074ac    00000044     rtsv7M4_T_le_v4SPD16_eabi.lib : autoinit.c.obj (.text:__TI_auto_init_nobinit_nopinit:__TI_auto_init_nobinit_nopinit)
                  000074f0    00000044     drivers_msp432p401x.aem4f : I2CMSP432.oem4f (.text:perfChangeNotifyFxn)
                  00007534    00000044     freertos_builds_MSP_EXP432P401R_release_ccs_3_30_00_13.lib : queue.obj (.text:prvInitialiseNewQueue)
                  00007578    00000040     drivers_msp432p401x.aem4f : I2C.oem4f (.text:I2C_open)
                  000075b8    00000040                               : PWM.oem4f (.text:PWM_open)
                  000075f8    00000040                               : RingBuf.oem4f (.text:RingBuf_get)
                  00007638    00000040                               : UARTMSP432.oem4f (.text:UARTMSP432_read)
                  00007678    00000040                               : UART.oem4f (.text:UART_open)
                  000076b8    00000040     freertos_builds_MSP_EXP432P401R_release_ccs_3_30_00_13.lib : aeabi_portable.obj (.text:__aeabi_errno_addr)
                  000076f8    00000040     drivers_msp432p401x.aem4f : PWMTimerMSP432.oem4f (.text:getDutyCounts)
                  00007738    00000040                               : PWMTimerMSP432.oem4f (.text:getPeriodCounts)
                  00007778    00000040                               : UARTMSP432.oem4f (.text:perfChangeNotifyFxn)
                  000077b8    00000040     freertos_builds_MSP_EXP432P401R_release_ccs_3_30_00_13.lib : tasks.obj (.text:vTaskPlaceOnEventListRestricted)
                  000077f8    0000003e                                                                : ClockP_freertos.obj (.text:ClockP_callbackFxn)
                  00007836    0000003e                                                                : pthread.obj (.text:pthread_setcancelstate)
                  00007874    0000003c                                                                : queue.obj (.text:prvCopyDataFromQueue)
                  000078b0    0000003c                                                                : tasks.obj (.text:prvResetNextTaskUnblockTime)
                  000078ec    0000003c                                                                : tasks.obj (.text:pvTaskGetThreadLocalStoragePointer)
                  00007928    0000003c                                                                : sleep.obj (.text:usleep)
                  00007964    0000003c                                                                : list.obj (.text:vListInsertEnd)
                  000079a0    0000003c                                                                : timers.obj (.text:xTimerCreate)
                  000079dc    0000003a                                                                : PowerMSP432_freertos.obj (.text:PowerMSP432_sleepPolicy)
                  00007a16    00000002     main.obj (.text:vApplicationMallocFailedHook)
                  00007a18    00000038     drivers_msp432p401x.aem4f : PowerMSP432.oem4f (.text:Power_setConstraint)
                  00007a50    00000038                               : PowerMSP432.oem4f (.text:notify)
                  00007a88    00000038     freertos_builds_MSP_EXP432P401R_release_ccs_3_30_00_13.lib : timers.obj (.text:prvGetNextExpireTime)
                  00007ac0    00000038                                                                : port.obj (.text:prvTaskExitError)
                  00007af8    00000038     rtsv7M4_T_le_v4SPD16_eabi.lib : fs_tod_t2.asm.obj (.text)
                  00007b30    00000036     drivers_msp432p401x.aem4f : UARTMSP432.oem4f (.text:UARTMSP432_readCancel)
                  00007b66    00000002     --HOLE-- [fill = 0]
                  00007b68    00000034     motors.obj (.text:Motors_speed)
                  00007b9c    00000034     freertos_builds_MSP_EXP432P401R_release_ccs_3_30_00_13.lib : SemaphoreP_freertos.obj (.text:SemaphoreP_pend)
                  00007bd0    00000034     rtsv7M4_T_le_v4SPD16_eabi.lib : boot_cortex_m.c.obj (.text:_c_int00_noargs:_c_int00_noargs)
                  00007c04    00000034     freertos_builds_MSP_EXP432P401R_release_ccs_3_30_00_13.lib : timers.obj (.text:prvSampleTimeNow)
                  00007c38    00000034                                                                : tasks.obj (.text:vTaskPlaceOnEventList)
                  00007c6c    00000034                                                                : tasks.obj (.text:vTaskSetThreadLocalStoragePointer)
                  00007ca0    00000030     msp432p4xx_driverlib.lib : cs.o (.text:CS_clearInterruptFlag)
                  00007cd0    00000030     MPU6050.obj (.text:MPU6050_init)
                  00007d00    00000030     drivers_msp432p401x.aem4f : I2CMSP432.oem4f (.text:mapPin)
                  00007d30    00000030                               : PWMTimerMSP432.oem4f (.text:mapPin)
                  00007d60    00000030                               : UARTMSP432.oem4f (.text:mapPin)
                  00007d90    00000030     freertos_builds_MSP_EXP432P401R_release_ccs_3_30_00_13.lib : list.obj (.text:vListInitialise)
                  00007dc0    00000030                                                                : port.obj (.text:vPortExitCritical)
                  00007df0    00000030                                                                : tasks.obj (.text:xTaskGetSchedulerState)
                  00007e20    0000002e                                                                : timers.obj (.text:pvTimerGetTimerID)
                  00007e4e    0000002e     rtsv7M4_T_le_v4SPD16_eabi.lib : i_tofd_t2.asm.obj (.text)
                  00007e7c    0000002c     freertos_builds_MSP_EXP432P401R_release_ccs_3_30_00_13.lib : HwiPMSP432_freertos.obj (.text:HwiP_disable)
                  00007ea8    0000002c                                                                : SemaphoreP_freertos.obj (.text:SemaphoreP_createBinary)
                  00007ed4    0000002c                                                                : tasks.obj (.text:vTaskSetApplicationTaskTag)
                  00007f00    0000002c                                                                : port.obj (.text:xPortSysTickHandler)
                  00007f2c    00000028     msp432p4xx_driverlib.lib : cs.o (.text:CS_getMCLK)
                  00007f54    00000028     freertos_builds_MSP_EXP432P401R_release_ccs_3_30_00_13.lib : HwiPMSP432_freertos.obj (.text:HwiP_inISR)
                  00007f7c    00000028     drivers_msp432p401x.aem4f : PowerMSP432.oem4f (.text:Power_registerNotify)
                  00007fa4    00000028                               : PowerMSP432.oem4f (.text:disableFaultCounter)
                  00007fcc    00000028                               : PowerMSP432.oem4f (.text:disableHFXT)
                  00007ff4    00000028                               : UARTMSP432.oem4f (.text:findBaudDividerIndex)
                  0000801c    00000028     freertos_builds_MSP_EXP432P401R_release_ccs_3_30_00_13.lib : pthread.obj (.text:pthread_attr_setschedparam)
                  00008044    00000028                                                                : tasks.obj (.text:xTaskGetApplicationTaskTag)
                  0000806c    00000026     drivers_msp432p401x.aem4f : List.oem4f (.text:List_put)
                  00008092    00000026                               : List.oem4f (.text:List_remove)
                  000080b8    00000026     freertos_builds_MSP_EXP432P401R_release_ccs_3_30_00_13.lib : pthread.obj (.text:_pthread_cleanup_pop)
                  000080de    00000026                                                                : queue.obj (.text:prvIsQueueFull)
                  00008104    00000026     drivers_msp432p401x.aem4f : PWMTimerMSP432.oem4f (.text:releaseConstraints)
                  0000812a    00000024     freertos_builds_MSP_EXP432P401R_release_ccs_3_30_00_13.lib : queue.obj (.text:prvGetDisinheritPriorityAfterTimeout)
                  0000814e    00000024                                                                : queue.obj (.text:vQueueDelete)
                  00008172    00000002     --HOLE-- [fill = 0]
                  00008174    00000024                                                                : tasks.obj (.text:vTaskInternalSetTimeOutState)
                  00008198    00000022                                                                : SemaphoreP_freertos.obj (.text:SemaphoreP_post)
                  000081ba    00000022                                                                : pthread.obj (.text:pthread_attr_setdetachstate)
                  000081dc    00000020     msp432p4xx_driverlib.lib : cs.o (.text:CS_setExternalClockSourceFrequency)
                  000081fc    00000020     freertos_builds_MSP_EXP432P401R_release_ccs_3_30_00_13.lib : HwiPMSP432_freertos.obj (.text:HwiP_restore)
                  0000821c    00000020     drivers_msp432p401x.aem4f : PowerMSP432.oem4f (.text:Power_unregisterNotify)
                  0000823c    00000020     MSPIO.obj (.text:PrintChar)
                  0000825c    00000020     drivers_msp432p401x.aem4f : RingBuf.oem4f (.text:RingBuf_peek)
                  0000827c    00000020     freertos_builds_MSP_EXP432P401R_release_ccs_3_30_00_13.lib : queue.obj (.text:prvIsQueueEmpty)
                  0000829c    0000001e                                                                : ClockP_freertos.obj (.text:ClockP_start)
                  000082ba    0000001e                                                                : HwiPMSP432_freertos.obj (.text:HwiP_Params_init)
                  000082d8    0000001e     MSPIO.obj (.text:PrintString)
                  000082f6    0000001e     freertos_builds_MSP_EXP432P401R_release_ccs_3_30_00_13.lib : pthread.obj (.text:_pthread_runStub)
                  00008314    0000001e     drivers_msp432p401x.aem4f : PWMTimerMSP432.oem4f (.text:corroboratePeriod)
                  00008332    0000001c     freertos_builds_MSP_EXP432P401R_release_ccs_3_30_00_13.lib : ClockP_freertos.obj (.text:ClockP_Params_init)
                  0000834e    00000002     --HOLE-- [fill = 0]
                  00008350    0000001c     msp432p4xx_driverlib.lib : interrupt.o (.text:Interrupt_unregisterInterrupt)
                  0000836c    0000001c     freertos_builds_MSP_EXP432P401R_release_ccs_3_30_00_13.lib : pthread.obj (.text:pthread_attr_init)
                  00008388    0000001c                                                                : tasks.obj (.text:pvTaskIncrementMutexHeldCount)
                  000083a4    0000001a                                                                : PTLS.obj (.text:PTLS_taskDeleteHook)
                  000083be    0000001a                                                                : timers.obj (.text:prvTimerTask)
                  000083d8    00000018     drivers_msp432p401x.aem4f : I2C.oem4f (.text:I2C_transfer)
                  000083f0    00000018     msp432p4xx_driverlib.lib : sysctl_a.o (.text:SysCtl_A_disableNMISource)
                  00008408    00000018                              : sysctl_a.o (.text:SysCtl_A_enableNMISource)
                  00008420    00000018     drivers_msp432p401x.aem4f : UART.oem4f (.text:UART_Params_init)
                  00008438    00000018                               : PWMTimerMSP432.oem4f (.text:corroborateDuty)
                  00008450    00000016     freertos_builds_MSP_EXP432P401R_release_ccs_3_30_00_13.lib : ClockP_freertos.obj (.text:ClockP_setTimeout)
                  00008466    00000016                                                                : PTLS.obj (.text:PTLS_getBuf)
                  0000847c    00000016                                                                : PTLS.obj (.text:PTLS_setBuf)
                  00008492    00000016                                                                : SemaphoreP_freertos.obj (.text:SemaphoreP_Params_init)
                  000084a8    00000014     drivers_msp432p401x.aem4f : PWM.oem4f (.text:PWM_Params_init)
                  000084bc    00000014                               : PowerMSP432.oem4f (.text:Power_idleFunc)
                  000084d0    00000014                               : UARTMSP432.oem4f (.text:clearTXCPTIFG)
                  000084e4    00000014     freertos_builds_MSP_EXP432P401R_release_ccs_3_30_00_13.lib : tasks.obj (.text:prvDeleteTCB)
                  000084f8    00000014                                                                : pthread.obj (.text:pthread_attr_setstacksize)
                  0000850c    00000014                                                                : pthread.obj (.text:pthread_self)
                  00008520    00000014                                                                : startup_msp432_ccs.obj (.text:resetISR)
                  00008534    00000014                                                                : tasks.obj (.text:xTaskGetCurrentTaskHandle)
                  00008548    00000014                                                                : tasks.obj (.text:xTaskGetTickCount)
                  0000855c    00000012                                                                : HwiPMSP432_freertos.obj (.text:HwiP_delete)
                  0000856e    00000012     drivers_msp432p401x.aem4f : RingBuf.oem4f (.text:RingBuf_construct)
                  00008580    00000010                               : I2C.oem4f (.text:I2C_Params_init)
                  00008590    00000010                               : PowerMSP432.oem4f (.text:PowerMSP432_getNumPerfLevels)
                  000085a0    00000010     msp432p4xx_driverlib.lib : sysctl_a.o (.text:SysCtl_A_getNMISourceStatus)
                  000085b0    00000010                              : sysctl.o (.text:SysCtl_getNMISourceStatus)
                  000085c0    00000010     drivers_msp432p401x.aem4f : UARTMSP432.oem4f (.text:readBlockingTimeout)
                  000085d0    00000010     freertos_builds_MSP_EXP432P401R_release_ccs_3_30_00_13.lib : list.obj (.text:vListInitialiseItem)
                  000085e0    00000010                                                                : tasks.obj (.text:vTaskSuspendAll)
                  000085f0    0000000e     rtsv7M4_T_le_v4SPD16_eabi.lib : copy_decompress_none.c.obj (.text:decompress:none:__TI_decompress_none)
                  000085fe    0000000c     ti_drivers_config.obj (.text:Board_init)
                  0000860a    0000000c     msp432p4xx_driverlib.lib : cpu.o (.text:CPU_cpsid)
                  00008616    0000000c                              : cpu.o (.text:CPU_cpsie)
                  00008622    00000002     --HOLE-- [fill = 0]
                  00008624    0000000c     drivers_msp432p401x.aem4f : PowerMSP432.oem4f (.text:Power_getConstraintMask)
                  00008630    0000000c                               : PowerMSP432.oem4f (.text:Power_getPerformanceLevel)
                  0000863c    0000000c     freertos_builds_MSP_EXP432P401R_release_ccs_3_30_00_13.lib : SemaphoreP_freertos.obj (.text:SemaphoreP_delete)
                  00008648    0000000c     rtsv7M4_T_le_v4SPD16_eabi.lib : copy_zero_init.c.obj (.text:decompress:ZI:__TI_zero_init)
                  00008654    0000000c     freertos_builds_MSP_EXP432P401R_release_ccs_3_30_00_13.lib : tasks.obj (.text:vTaskMissedYield)
                  00008660    0000000a     drivers_msp432p401x.aem4f : PWM.oem4f (.text:PWM_setDuty)
                  0000866a    0000000a                               : PWM.oem4f (.text:PWM_start)
                  00008674    0000000a     freertos_builds_MSP_EXP432P401R_release_ccs_3_30_00_13.lib : PowerMSP432_freertos.obj (.text:PowerMSP432_updateFreqs)
                  0000867e    0000000a     drivers_msp432p401x.aem4f : UART.oem4f (.text:UART_write)
                  00008688    0000000a     main.obj (.text:vApplicationStackOverflowHook)
                  00008692    0000000a     freertos_builds_MSP_EXP432P401R_release_ccs_3_30_00_13.lib : PowerMSP432_freertos.obj (.text:vPortSuppressTicksAndSleep)
                  0000869c    00000008     drivers_msp432p401x.aem4f : I2CMSP432.oem4f (.text:blockingTransferCallback)
                  000086a4    00000008                               : UARTMSP432.oem4f (.text:readSemCallback)
                  000086ac    00000008                               : UARTMSP432.oem4f (.text:txcptEnabledStatus)
                  000086b4    00000008                               : UARTMSP432.oem4f (.text:writeSemCallback)
                  000086bc    00000006                               : I2CMSP432.oem4f (.text:I2CMSP432_control)
                  000086c2    00000006                               : PWMTimerMSP432.oem4f (.text:PWMTimerMSP432_control)
                  000086c8    00000006                               : PWMTimerMSP432.oem4f (.text:PWMTimerMSP432_setDutyAndPeriod)
                  000086ce    00000004     rtsv7M4_T_le_v4SPD16_eabi.lib : pre_init.c.obj (.text:_system_pre_init)
                  000086d2    00000004                                   : exit.c.obj (.text:abort:abort)

.const     0    000086d8    00000396     
                  000086d8    00000098     rtsv7M4_T_le_v4SPD16_eabi.lib : s_atan.c.obj (.const:$O1$$)
                  00008770    00000050     msp432p4xx_driverlib.lib : interrupt.o (.const:g_pulRegs)
                  000087c0    00000040     ti_drivers_config.obj (.const:uartMSP432Baudrates)
                  00008800    00000038     ti_drivers_config.obj (.const:PowerMSP432_config)
                  00008838    00000030     ti_drivers_config.obj (.const:PWM_config)
                  00008868    0000002c     ti_drivers_config.obj (.const:uartMSP432HWAttrs)
                  00008894    00000028     drivers_msp432p401x.aem4f : UARTMSP432.oem4f (.const:UARTMSP432_fxnTable)
                  000088bc    00000024                               : PWMTimerMSP432.oem4f (.const:PWMTimerMSP432_fxnTable)
                  000088e0    00000024                               : UART.oem4f (.const:UART_defaultParams)
                  00008904    00000020     ti_drivers_config.obj (.const:pwmTimerMSP432HWAttrs)
                  00008924    00000020     drivers_msp432p401x.aem4f : UARTMSP432.oem4f (.const:staticFxnTable)
                  00008944    0000001c     MPU6050.obj (.const:$P$T0$1)
                  00008960    0000001c     MPU6050.obj (.const:$P$T1$2)
                  0000897c    0000001c     MPU6050.obj (.const:$P$T3$4)
                  00008998    00000018     drivers_msp432p401x.aem4f : I2CMSP432.oem4f (.const:I2CMSP432_fxnTable)
                  000089b0    00000018                               : PWM.oem4f (.const:PWM_defaultParams)
                  000089c8    00000014     ti_drivers_config.obj (.const:GPIOMSP432_config)
                  000089dc    00000014     ti_drivers_config.obj (.const:i2cMSP432HWAttrs)
                  000089f0    00000010     drivers_msp432p401x.aem4f : I2C.oem4f (.const:I2C_defaultParams)
                  00008a00    00000010                               : PWMTimerMSP432.oem4f (.const:pwmTimerBaseAddr)
                  00008a10    0000000c     ti_drivers_config.obj (.const:I2C_config)
                  00008a1c    0000000c     ti_drivers_config.obj (.const:UART_config)
                  00008a28    0000000c     drivers_msp432p401x.aem4f : I2CMSP432.oem4f (.const:bitRates)
                  00008a34    00000008     freertos_builds_MSP_EXP432P401R_release_ccs_3_30_00_13.lib : port.obj (.const)
                  00008a3c    00000008     msp432p4xx_driverlib.lib : interrupt.o (.const:g_pulDisRegs)
                  00008a44    00000008                              : interrupt.o (.const:g_pulEnRegs)
                  00008a4c    00000006     drivers_msp432p401x.aem4f : GPIOMSP432.oem4f (.const:.string:interruptType)
                  00008a52    00000006                               : GPIOMSP432.oem4f (.const:.string:portInterruptIds)
                  00008a58    00000005                               : UARTMSP432.oem4f (.const:.string:parityTypes)
                  00008a5d    00000005     ti_drivers_config.obj (.const)
                  00008a62    00000002     MPU6050.obj (.const:.string:$P$T2$3)
                  00008a64    00000004     freertos_builds_MSP_EXP432P401R_release_ccs_3_30_00_13.lib : pthread.obj (.const)
                  00008a68    00000004     drivers_msp432p401x.aem4f : UARTMSP432.oem4f (.const:stopBits)
                  00008a6c    00000002     freertos_builds_MSP_EXP432P401R_release_ccs_3_30_00_13.lib : pthread.obj (.const:.string)

.cinit     0    00008a70    000000d0     
                  00008a70    00000097     (.cinit..data.load) [load image, compression = lzss]
                  00008b07    00000001     --HOLE-- [fill = 0]
                  00008b08    0000000c     (__TI_handler_table)
                  00008b14    00000004     --HOLE-- [fill = 0]
                  00008b18    00000008     (.cinit..bss.load) [load image, compression = zero_init]
                  00008b20    00000008     (.cinit..vtable.load) [load image, compression = zero_init]
                  00008b28    00000018     (__TI_cinit_table)

.init_array 
*          0    00000000    00000000     UNINITIALIZED

.intvecs   0    00000000    00000144     
                  00000000    00000144     freertos_builds_MSP_EXP432P401R_release_ccs_3_30_00_13.lib : startup_msp432_ccs.obj (.intvecs:retain)

.bss       0    20000000    000082d4     UNINITIALIZED
                  20000000    00008000     freertos_builds_MSP_EXP432P401R_release_ccs_3_30_00_13.lib : heap_4.obj (.bss:ucHeap)
                  20008000    000000c8                                                                : tasks.obj (.bss:pxReadyTasksLists)
                  200080c8    00000080     (.common:uartMSP432Objects)
                  20008148    00000050     (.common:i2cMSP432Objects)
                  20008198    00000030     drivers_msp432p401x.aem4f : GPIOMSP432.oem4f (.bss:gpioCallbackInfo)
                  200081c8    00000030     (.common:pwmTimerMSP432Objects)
                  200081f8    00000020     ti_drivers_config.obj (.bss:uartMSP432RingBuffer0)
                  20008218    00000014     freertos_builds_MSP_EXP432P401R_release_ccs_3_30_00_13.lib : timers.obj (.bss:xActiveTimerList1)
                  2000822c    00000014                                                                : timers.obj (.bss:xActiveTimerList2)
                  20008240    00000014                                                                : tasks.obj (.bss:xDelayedTaskList1)
                  20008254    00000014                                                                : tasks.obj (.bss:xDelayedTaskList2)
                  20008268    00000014                                                                : tasks.obj (.bss:xPendingReadyList)
                  2000827c    00000014                                                                : tasks.obj (.bss:xSuspendedTaskList)
                  20008290    00000014                                                                : tasks.obj (.bss:xTasksWaitingTermination)
                  200082a4    00000008                                                                : tasks.obj (.bss)
                  200082ac    00000008                                                                : timers.obj (.bss)
                  200082b4    00000008     msp432p4xx_driverlib.lib : cs.o (.bss)
                  200082bc    00000008     freertos_builds_MSP_EXP432P401R_release_ccs_3_30_00_13.lib : heap_4.obj (.bss:xStart)
                  200082c4    00000004     drivers_msp432p401x.aem4f : GPIOMSP432.oem4f (.bss)
                  200082c8    00000004     freertos_builds_MSP_EXP432P401R_release_ccs_3_30_00_13.lib : aeabi_portable.obj (.bss:main_reent)
                  200082cc    00000004     drivers_msp432p401x.aem4f : TimerMSP432.oem4f (.bss:timerState)
                  200082d0    00000004     (.common:MPU6050_Handle)

.data      0    200082d4    00000b39     UNINITIALIZED
                  200082d4    00000800     freertos_builds_MSP_EXP432P401R_release_ccs_3_30_00_13.lib : HwiPMSP432_freertos.obj (.data:HwiP_dispatchTable)
                  20008ad4    00000140     drivers_msp432p401x.aem4f : PowerMSP432.oem4f (.data:PowerMSP432_perfLevels)
                  20008c14    00000110                               : PWMTimerMSP432.oem4f (.data:pwmTimerStatus)
                  20008d24    00000034     freertos_builds_MSP_EXP432P401R_release_ccs_3_30_00_13.lib : tasks.obj (.data)
                  20008d58    0000002c     drivers_msp432p401x.aem4f : PowerMSP432.oem4f (.data:PowerMSP432_module)
                  20008d84    00000018     freertos_builds_MSP_EXP432P401R_release_ccs_3_30_00_13.lib : port.obj (.data)
                  20008d9c    00000014                                                                : pthread.obj (.data:defaultPthreadAttrs)
                  20008db0    00000010     motors.obj (.data:PWM_Motors)
                  20008dc0    00000010     motors.obj (.data:PWM_id)
                  20008dd0    00000010     freertos_builds_MSP_EXP432P401R_release_ccs_3_30_00_13.lib : heap_4.obj (.data)
                  20008de0    0000000c                                                                : timers.obj (.data)
                  20008dec    00000008     ti_drivers_config.obj (.data:gpioCallbackFunctions)
                  20008df4    00000008     ti_drivers_config.obj (.data:gpioPinConfigs)
                  20008dfc    00000004     MSPIO.obj (.data)
                  20008e00    00000004     freertos_builds_MSP_EXP432P401R_release_ccs_3_30_00_13.lib : ClockP_freertos.obj (.data)
                  20008e04    00000004                                                                : HwiPMSP432_freertos.obj (.data)
                  20008e08    00000002     drivers_msp432p401x.aem4f : GPIOMSP432.oem4f (.data)
                  20008e0a    00000001                               : I2C.oem4f (.data)
                  20008e0b    00000001                               : PWM.oem4f (.data)
                  20008e0c    00000001                               : UART.oem4f (.data)

.vtable    0    20009000    000000e8     UNINITIALIZED
                  20009000    000000e8     msp432p4xx_driverlib.lib : interrupt.o (.vtable)

.stack     0    2000fc00    00000400     UNINITIALIZED
                  2000fc00    00000004     rtsv7M4_T_le_v4SPD16_eabi.lib : boot_cortex_m.c.obj (.stack)
                  2000fc04    000003fc     --HOLE--

.binit     0    00000000    00000000     

MODULE SUMMARY

       Module                       code    ro data   rw data
       ------                       ----    -------   -------
    .\
       drone.obj                    1280    0         0      
       MPU6050.obj                  920     86        8      
       MSPIO.obj                    862     0         8      
       motors.obj                   180     0         64     
       main.obj                     112     0         0      
    +--+----------------------------+-------+---------+---------+
       Total:                       3354    86        80     
                                                             
    .\syscfg\
       ti_drivers_config.obj        14      313       608    
    +--+----------------------------+-------+---------+---------+
       Total:                       14      313       608    
                                                             
    C:/Users/amart/workspace_v9/freertos_builds_MSP_EXP432P401R_release_ccs_3_30_00_13/Debug/freertos_builds_MSP_EXP432P401R_release_ccs_3_30_00_13.lib
       heap_4.obj                   888     0         65584  
       tasks.obj                    4384    0         720    
       HwiPMSP432_freertos.obj      332     0         4104   
       queue.obj                    3112    0         0      
       timers.obj                   1606    0         120    
       pthread.obj                  798     6         40     
       port.obj                     764     8         48     
       ClockP_freertos.obj          598     0         8      
       startup_msp432_ccs.obj       26      324       0      
       list.obj                     298     0         0      
       SemaphoreP_freertos.obj      250     0         0      
       portasm.obj                  218     0         0      
       sleep.obj                    132     0         0      
       PowerMSP432_freertos.obj     80      0         0      
       aeabi_portable.obj           64      0         8      
       PTLS.obj                     70      0         0      
    +--+----------------------------+-------+---------+---------+
       Total:                       13620   338       70632  
                                                             
    C:/ti/simplelink_msp432p4_sdk_3_30_00_13/source/ti/devices/msp432p4xx/driverlib/ccs/msp432p4xx_driverlib.lib
       cs.o                         1522    0         16     
       interrupt.o                  462     96        464    
       uart.o                       284     0         0      
       sysctl_a.o                   212     0         0      
       i2c.o                        108     0         0      
       cpu.o                        24      0         0      
       sysctl.o                     16      0         0      
    +--+----------------------------+-------+---------+---------+
       Total:                       2628    96        480    
                                                             
    C:/ti/simplelink_msp432p4_sdk_3_30_00_13/source/ti/drivers/lib/drivers_msp432p401x.aem4f
       UARTMSP432.oem4f             3380    81        0      
       PowerMSP432.oem4f            2196    0         728    
       PWMTimerMSP432.oem4f         1992    52        544    
       I2CMSP432.oem4f              2028    36        0      
       GPIOMSP432.oem4f             740     12        108    
       TimerMSP432.oem4f            204     0         8      
       UART.oem4f                   166     36        2      
       PWM.oem4f                    172     24        2      
       I2C.oem4f                    172     16        2      
       RingBuf.oem4f                184     0         0      
       List.oem4f                   76      0         0      
    +--+----------------------------+-------+---------+---------+
       Total:                       11310   257       1394   
                                                             
    C:\ti\ccs910\ccs\tools\compiler\ti-cgt-arm_18.12.2.LTS\lib\rtsv7M4_T_le_v4SPD16_eabi.lib
       s_atan.c.obj                 748     152       0      
       fd_add_t2.asm.obj            438     0         0      
       e_sqrt.c.obj                 344     0         0      
       fd_div_t2.asm.obj            310     0         0      
       fd_cmp_t2.asm.obj            268     0         0      
       fd_mul_t2.asm.obj            252     0         0      
       memcpy_t2.asm.obj            156     0         0      
       ull_div_t2.asm.obj           150     0         0      
       memset_t2.asm.obj            122     0         0      
       fd_tos_t2.asm.obj            110     0         0      
       copy_decompress_lzss.c.obj   104     0         0      
       autoinit.c.obj               68      0         0      
       fs_tod_t2.asm.obj            56      0         0      
       boot_cortex_m.c.obj          52      0         0      
       i_tofd_t2.asm.obj            46      0         0      
       copy_decompress_none.c.obj   14      0         0      
       copy_zero_init.c.obj         12      0         0      
       exit.c.obj                   4       0         0      
       pre_init.c.obj               4       0         0      
       div0.asm.obj                 2       0         0      
    +--+----------------------------+-------+---------+---------+
       Total:                       3260    152       0      
                                                             
       Stack:                       0       0         2048   
       Linker Generated:            0       203       0      
    +--+----------------------------+-------+---------+---------+
       Grand Total:                 34186   1445      75242  


LINKER GENERATED COPY TABLES

__TI_cinit_table @ 00008b28 records: 3, size/record: 8, table size: 24
	.data: load addr=00008a70, load size=00000097 bytes, run addr=200082d4, run size=00000b39 bytes, compression=lzss
	.bss: load addr=00008b18, load size=00000008 bytes, run addr=20000000, run size=000082d4 bytes, compression=zero_init
	.vtable: load addr=00008b20, load size=00000008 bytes, run addr=20009000, run size=000000e8 bytes, compression=zero_init


LINKER GENERATED HANDLER TABLE

__TI_handler_table @ 00008b08 records: 3, size/record: 4, table size: 12
	index: 0, handler: __TI_decompress_lzss
	index: 1, handler: __TI_decompress_none
	index: 2, handler: __TI_zero_init


GLOBAL SYMBOLS: SORTED ALPHABETICALLY BY Name 

address   name                               
-------   ----                               
000085ff  Board_init                         
00001ac3  Board_initHook                     
000086d3  C$$EXIT                            
0000860b  CPU_cpsid                          
00008617  CPU_cpsie                          
00007ca1  CS_clearInterruptFlag              
00003355  CS_getDCOFrequency                 
00007f2d  CS_getMCLK                         
000081dd  CS_setExternalClockSourceFrequency 
0000380d  CS_startHFXTWithTimeout            
000039d5  CS_startLFXTWithTimeout            
00008333  ClockP_Params_init                 
000077f9  ClockP_callbackFxn                 
0000510d  ClockP_create                      
00006fad  ClockP_delete                      
00008451  ClockP_setTimeout                  
0000829d  ClockP_start                       
0000697d  ClockP_stop                        
000089c8  GPIOMSP432_config                  
00006641  GPIO_hwiIntFxn                     
00004bc1  GPIO_init                          
00006b0d  GPIO_setCallback                   
000020d1  GPIO_setConfig                     
000082bb  HwiP_Params_init                   
00006b6d  HwiP_create                        
0000855d  HwiP_delete                        
00007e7d  HwiP_disable                       
00007279  HwiP_dispatch                      
200082d4  HwiP_dispatchTable                 
00007f55  HwiP_inISR                         
000081fd  HwiP_restore                       
00004c6d  I2CMSP432_cancel                   
000062c1  I2CMSP432_close                    
000086bd  I2CMSP432_control                  
00008998  I2CMSP432_fxnTable                 
00001c55  I2CMSP432_hwiIntFxn                
00004193  I2CMSP432_init                     
00001389  I2CMSP432_open                     
00003545  I2CMSP432_transfer                 
00008581  I2C_Params_init                    
00008a10  I2C_config                         
00008a5d  I2C_count                          
000089f0  I2C_defaultParams                  
000073e1  I2C_init                           
00006501  I2C_masterSendMultiByteFinish      
00007579  I2C_open                           
000083d9  I2C_transfer                       
00005cf1  Interrupt_disableInterrupt         
00005d71  Interrupt_enableInterrupt          
00006c2d  Interrupt_registerInterrupt        
00007001  Interrupt_setPriority              
00008351  Interrupt_unregisterInterrupt      
0000806d  List_put                           
00008093  List_remove                        
200082d0  MPU6050_Handle                     
00006df9  MPU6050_PWR_MNG                    
00004d19  MPU6050_calibrateAccel             
00004dc5  MPU6050_calibrateGyro              
00007cd1  MPU6050_init                       
00003b95  MPU6050_readAccel                  
00003c71  MPU6050_readGyro                   
000070fd  MSPIO_init                         
000038f1  MSPrintf                           
00005df1  Motors_init                        
00007b69  Motors_speed                       
00008467  PTLS_getBuf                        
0000847d  PTLS_setBuf                        
000083a5  PTLS_taskDeleteHook                
000058c5  PWMTimerMSP432_close               
000086c3  PWMTimerMSP432_control             
000088bc  PWMTimerMSP432_fxnTable            
00004bbf  PWMTimerMSP432_init                
00001181  PWMTimerMSP432_open                
00005559  PWMTimerMSP432_setDuty             
000086c9  PWMTimerMSP432_setDutyAndPeriod    
00002d2d  PWMTimerMSP432_setPeriod           
00005ae1  PWMTimerMSP432_start               
00005069  PWMTimerMSP432_stop                
20008db0  PWM_Motors                         
000084a9  PWM_Params_init                    
00008838  PWM_config                         
00008a5e  PWM_count                          
000089b0  PWM_defaultParams                  
20008dc0  PWM_id                             
00007425  PWM_init                           
000075b9  PWM_open                           
00008661  PWM_setDuty                        
0000866b  PWM_start                          
00008800  PowerMSP432_config                 
000066a9  PowerMSP432_getFreqs               
00008591  PowerMSP432_getNumPerfLevels       
00005557  PowerMSP432_initPolicy             
20008d58  PowerMSP432_module                 
20008ad4  PowerMSP432_perfLevels             
000079dd  PowerMSP432_sleepPolicy            
00008675  PowerMSP432_updateFreqs            
00008625  Power_getConstraintMask            
00008631  Power_getPerformanceLevel          
000084bd  Power_idleFunc                     
000052ed  Power_init                         
00007f7d  Power_registerNotify               
000072c1  Power_releaseConstraint            
00007a19  Power_setConstraint                
00000645  Power_sleep                        
0000821d  Power_unregisterNotify             
0000823d  PrintChar                          
00002241  PrintFloat                         
00005b65  PrintInteger                       
000082d9  PrintString                        
0000856f  RingBuf_construct                  
000075f9  RingBuf_get                        
0000825d  RingBuf_peek                       
00007399  RingBuf_put                        
00008a5f  SD_count                           
00008a60  SPI_count                          
00008493  SemaphoreP_Params_init             
00006f01  SemaphoreP_create                  
00007ea9  SemaphoreP_createBinary            
0000863d  SemaphoreP_delete                  
00007b9d  SemaphoreP_pend                    
00008199  SemaphoreP_post                    
000083f1  SysCtl_A_disableNMISource          
00008409  SysCtl_A_enableNMISource           
000085a1  SysCtl_A_getNMISourceStatus        
000055ed  SysCtl_A_getTLVInfo                
000085b1  SysCtl_getNMISourceStatus          
00006159  TimerMSP432_allocateTimerResource  
00007055  TimerMSP432_freeTimerResource      
00005715  UARTMSP432_close                   
00004849  UARTMSP432_control                 
00008894  UARTMSP432_fxnTable                
00004329  UARTMSP432_hwiIntFxn               
00006157  UARTMSP432_init                    
00000c29  UARTMSP432_open                    
00007639  UARTMSP432_read                    
00007b31  UARTMSP432_readCancel              
00003d4d  UARTMSP432_readPolling             
000051ad  UARTMSP432_write                   
00006711  UARTMSP432_writeCancel             
000048fd  UARTMSP432_writePolling            
00008421  UART_Params_init                   
00008a1c  UART_config                        
00008a61  UART_count                         
000088e0  UART_defaultParams                 
00007469  UART_init                          
000029d9  UART_initModule                    
00007679  UART_open                          
0000867f  UART_write                         
4000480c  WDTCTL_SYM                         
20010000  __STACK_END                        
00000400  __STACK_SIZE                       
00008b28  __TI_CINIT_Base                    
00008b40  __TI_CINIT_Limit                   
00008b08  __TI_Handler_Table_Base            
00008b14  __TI_Handler_Table_Limit           
000074ad  __TI_auto_init_nobinit_nopinit     
00006779  __TI_decompress_lzss               
000085f1  __TI_decompress_none               
ffffffff  __TI_pprof_out_hndl                
ffffffff  __TI_prof_data_size                
ffffffff  __TI_prof_data_start               
00008a70  __TI_static_base__                 
00008649  __TI_zero_init                     
000059d5  __aeabi_cdcmpeq                    
000059d5  __aeabi_cdcmple                    
00005a5b  __aeabi_cdrcmple                   
00006491  __aeabi_d2f                        
00001917  __aeabi_dadd                       
00002779  __aeabi_ddiv                       
0000315d  __aeabi_dmul                       
0000190d  __aeabi_dsub                       
000076b9  __aeabi_errno_addr                 
00007af9  __aeabi_f2d                        
00007e4f  __aeabi_i2d                        
000073df  __aeabi_idiv0                      
000073df  __aeabi_ldiv0                      
00006063  __aeabi_memclr                     
00006063  __aeabi_memclr4                    
00006063  __aeabi_memclr8                    
00005389  __aeabi_memcpy                     
00005389  __aeabi_memcpy4                    
00005389  __aeabi_memcpy8                    
00006065  __aeabi_memset                     
00006065  __aeabi_memset4                    
00006065  __aeabi_memset8                    
000054c1  __aeabi_uldivmod                   
ffffffff  __binit__                          
ffffffff  __c_args__                         
UNDEFED   __mpu_init                         
2000fc00  __stack                            
00007bd1  _c_int00_noargs                    
000080b9  _pthread_cleanup_pop               
UNDEFED   _system_post_cinit                 
000086cf  _system_pre_init                   
000086d3  abort                              
0000093d  atan                               
0000093d  atanl                              
ffffffff  binit                              
20009000  g_pfnRAMVectors                    
20008dec  gpioCallbackFunctions              
20008df4  gpioPinConfigs                     
000089dc  i2cMSP432HWAttrs                   
20008148  i2cMSP432Objects                   
00000000  interruptVectors                   
000069e1  main                               
00000145  mainThread                         
00005389  memcpy                             
0000606b  memset                             
0000836d  pthread_attr_init                  
000081bb  pthread_attr_setdetachstate        
0000801d  pthread_attr_setschedparam         
000084f9  pthread_attr_setstacksize          
00002641  pthread_create                     
00006ce5  pthread_exit                       
0000850d  pthread_self                       
00007837  pthread_setcancelstate             
00001f59  pvPortMalloc                       
000078ed  pvTaskGetThreadLocalStoragePointer 
00008389  pvTaskIncrementMutexHeldCount      
00007e21  pvTimerGetTimerID                  
00008904  pwmTimerMSP432HWAttrs              
200081c8  pwmTimerMSP432Objects              
20008d24  pxCurrentTCB                       
00006bcd  pxPortInitialiseStack              
00008521  resetISR                           
00007309  sleep                              
000023ad  sqrt                               
000023ad  sqrtl                              
200080c8  uartMSP432Objects                  
20008dfc  uart_console                       
00008a34  ulMaxSyscallInterruptPriority      
00003ff1  ulPortGetIPSR                      
00007929  usleep                             
00007351  uxListRemove                       
00007a17  vApplicationMallocFailedHook       
00008689  vApplicationStackOverflowHook      
00007d91  vListInitialise                    
000085d1  vListInitialiseItem                
00006917  vListInsert                        
00007965  vListInsertEnd                     
000040ad  vPortEnableVFP                     
0000722d  vPortEnterCritical                 
00007dc1  vPortExitCritical                  
00005425  vPortFree                          
00004069  vPortSVCHandler                    
00006249  vPortSetupTimerInterrupt           
00004089  vPortStartFirstTask                
00008693  vPortSuppressTicksAndSleep         
000063ad  vPortValidateInterruptPriority     
0000814f  vQueueDelete                       
00006d41  vQueueWaitForMessageRestricted     
00006d9d  vTaskDelay                         
0000344d  vTaskDelete                        
00008175  vTaskInternalSetTimeOutState       
00008655  vTaskMissedYield                   
00007c39  vTaskPlaceOnEventList              
000077b9  vTaskPlaceOnEventListRestricted    
00002e41  vTaskPriorityDisinheritAfterTimeout
00007ed5  vTaskSetApplicationTaskTag         
00007c6d  vTaskSetThreadLocalStoragePointer  
00005681  vTaskStartScheduler                
00003259  vTaskSuspend                       
000085e1  vTaskSuspendAll                    
00003f05  vTaskSwitchContext                 
00004009  xPortPendSVHandler                 
00004195  xPortStartScheduler                
00007f01  xPortSysTickHandler                
00006ea9  xQueueCreateCountingSemaphore      
000065d7  xQueueGenericCreate                
00004791  xQueueGenericReset                 
00001755  xQueueGenericSend                  
00003059  xQueueGenericSendFromISR           
00003635  xQueueGiveFromISR                  
00001dd9  xQueueReceive                      
000040bb  xQueueReceiveFromISR               
00001581  xQueueSemaphoreTake                
00004a61  xTaskCheckForTimeOut               
000060dd  xTaskCreate                        
00008045  xTaskGetApplicationTaskTag         
00008535  xTaskGetCurrentTaskHandle          
00007df1  xTaskGetSchedulerState             
00008549  xTaskGetTickCount                  
00002505  xTaskIncrementTick                 
00003ab5  xTaskPriorityDisinherit            
00003725  xTaskPriorityInherit               
00004fc1  xTaskRemoveFromEventList           
00002c11  xTaskResumeAll                     
000079a1  xTimerCreate                       
000070a9  xTimerCreateTimerTask              
00005c6d  xTimerGenericCommand               


GLOBAL SYMBOLS: SORTED BY Symbol Address 

address   name                               
-------   ----                               
00000000  interruptVectors                   
00000145  mainThread                         
00000400  __STACK_SIZE                       
00000645  Power_sleep                        
0000093d  atan                               
0000093d  atanl                              
00000c29  UARTMSP432_open                    
00001181  PWMTimerMSP432_open                
00001389  I2CMSP432_open                     
00001581  xQueueSemaphoreTake                
00001755  xQueueGenericSend                  
0000190d  __aeabi_dsub                       
00001917  __aeabi_dadd                       
00001ac3  Board_initHook                     
00001c55  I2CMSP432_hwiIntFxn                
00001dd9  xQueueReceive                      
00001f59  pvPortMalloc                       
000020d1  GPIO_setConfig                     
00002241  PrintFloat                         
000023ad  sqrt                               
000023ad  sqrtl                              
00002505  xTaskIncrementTick                 
00002641  pthread_create                     
00002779  __aeabi_ddiv                       
000029d9  UART_initModule                    
00002c11  xTaskResumeAll                     
00002d2d  PWMTimerMSP432_setPeriod           
00002e41  vTaskPriorityDisinheritAfterTimeout
00003059  xQueueGenericSendFromISR           
0000315d  __aeabi_dmul                       
00003259  vTaskSuspend                       
00003355  CS_getDCOFrequency                 
0000344d  vTaskDelete                        
00003545  I2CMSP432_transfer                 
00003635  xQueueGiveFromISR                  
00003725  xTaskPriorityInherit               
0000380d  CS_startHFXTWithTimeout            
000038f1  MSPrintf                           
000039d5  CS_startLFXTWithTimeout            
00003ab5  xTaskPriorityDisinherit            
00003b95  MPU6050_readAccel                  
00003c71  MPU6050_readGyro                   
00003d4d  UARTMSP432_readPolling             
00003f05  vTaskSwitchContext                 
00003ff1  ulPortGetIPSR                      
00004009  xPortPendSVHandler                 
00004069  vPortSVCHandler                    
00004089  vPortStartFirstTask                
000040ad  vPortEnableVFP                     
000040bb  xQueueReceiveFromISR               
00004193  I2CMSP432_init                     
00004195  xPortStartScheduler                
00004329  UARTMSP432_hwiIntFxn               
00004791  xQueueGenericReset                 
00004849  UARTMSP432_control                 
000048fd  UARTMSP432_writePolling            
00004a61  xTaskCheckForTimeOut               
00004bbf  PWMTimerMSP432_init                
00004bc1  GPIO_init                          
00004c6d  I2CMSP432_cancel                   
00004d19  MPU6050_calibrateAccel             
00004dc5  MPU6050_calibrateGyro              
00004fc1  xTaskRemoveFromEventList           
00005069  PWMTimerMSP432_stop                
0000510d  ClockP_create                      
000051ad  UARTMSP432_write                   
000052ed  Power_init                         
00005389  __aeabi_memcpy                     
00005389  __aeabi_memcpy4                    
00005389  __aeabi_memcpy8                    
00005389  memcpy                             
00005425  vPortFree                          
000054c1  __aeabi_uldivmod                   
00005557  PowerMSP432_initPolicy             
00005559  PWMTimerMSP432_setDuty             
000055ed  SysCtl_A_getTLVInfo                
00005681  vTaskStartScheduler                
00005715  UARTMSP432_close                   
000058c5  PWMTimerMSP432_close               
000059d5  __aeabi_cdcmpeq                    
000059d5  __aeabi_cdcmple                    
00005a5b  __aeabi_cdrcmple                   
00005ae1  PWMTimerMSP432_start               
00005b65  PrintInteger                       
00005c6d  xTimerGenericCommand               
00005cf1  Interrupt_disableInterrupt         
00005d71  Interrupt_enableInterrupt          
00005df1  Motors_init                        
00006063  __aeabi_memclr                     
00006063  __aeabi_memclr4                    
00006063  __aeabi_memclr8                    
00006065  __aeabi_memset                     
00006065  __aeabi_memset4                    
00006065  __aeabi_memset8                    
0000606b  memset                             
000060dd  xTaskCreate                        
00006157  UARTMSP432_init                    
00006159  TimerMSP432_allocateTimerResource  
00006249  vPortSetupTimerInterrupt           
000062c1  I2CMSP432_close                    
000063ad  vPortValidateInterruptPriority     
00006491  __aeabi_d2f                        
00006501  I2C_masterSendMultiByteFinish      
000065d7  xQueueGenericCreate                
00006641  GPIO_hwiIntFxn                     
000066a9  PowerMSP432_getFreqs               
00006711  UARTMSP432_writeCancel             
00006779  __TI_decompress_lzss               
00006917  vListInsert                        
0000697d  ClockP_stop                        
000069e1  main                               
00006b0d  GPIO_setCallback                   
00006b6d  HwiP_create                        
00006bcd  pxPortInitialiseStack              
00006c2d  Interrupt_registerInterrupt        
00006ce5  pthread_exit                       
00006d41  vQueueWaitForMessageRestricted     
00006d9d  vTaskDelay                         
00006df9  MPU6050_PWR_MNG                    
00006ea9  xQueueCreateCountingSemaphore      
00006f01  SemaphoreP_create                  
00006fad  ClockP_delete                      
00007001  Interrupt_setPriority              
00007055  TimerMSP432_freeTimerResource      
000070a9  xTimerCreateTimerTask              
000070fd  MSPIO_init                         
0000722d  vPortEnterCritical                 
00007279  HwiP_dispatch                      
000072c1  Power_releaseConstraint            
00007309  sleep                              
00007351  uxListRemove                       
00007399  RingBuf_put                        
000073df  __aeabi_idiv0                      
000073df  __aeabi_ldiv0                      
000073e1  I2C_init                           
00007425  PWM_init                           
00007469  UART_init                          
000074ad  __TI_auto_init_nobinit_nopinit     
00007579  I2C_open                           
000075b9  PWM_open                           
000075f9  RingBuf_get                        
00007639  UARTMSP432_read                    
00007679  UART_open                          
000076b9  __aeabi_errno_addr                 
000077b9  vTaskPlaceOnEventListRestricted    
000077f9  ClockP_callbackFxn                 
00007837  pthread_setcancelstate             
000078ed  pvTaskGetThreadLocalStoragePointer 
00007929  usleep                             
00007965  vListInsertEnd                     
000079a1  xTimerCreate                       
000079dd  PowerMSP432_sleepPolicy            
00007a17  vApplicationMallocFailedHook       
00007a19  Power_setConstraint                
00007af9  __aeabi_f2d                        
00007b31  UARTMSP432_readCancel              
00007b69  Motors_speed                       
00007b9d  SemaphoreP_pend                    
00007bd1  _c_int00_noargs                    
00007c39  vTaskPlaceOnEventList              
00007c6d  vTaskSetThreadLocalStoragePointer  
00007ca1  CS_clearInterruptFlag              
00007cd1  MPU6050_init                       
00007d91  vListInitialise                    
00007dc1  vPortExitCritical                  
00007df1  xTaskGetSchedulerState             
00007e21  pvTimerGetTimerID                  
00007e4f  __aeabi_i2d                        
00007e7d  HwiP_disable                       
00007ea9  SemaphoreP_createBinary            
00007ed5  vTaskSetApplicationTaskTag         
00007f01  xPortSysTickHandler                
00007f2d  CS_getMCLK                         
00007f55  HwiP_inISR                         
00007f7d  Power_registerNotify               
0000801d  pthread_attr_setschedparam         
00008045  xTaskGetApplicationTaskTag         
0000806d  List_put                           
00008093  List_remove                        
000080b9  _pthread_cleanup_pop               
0000814f  vQueueDelete                       
00008175  vTaskInternalSetTimeOutState       
00008199  SemaphoreP_post                    
000081bb  pthread_attr_setdetachstate        
000081dd  CS_setExternalClockSourceFrequency 
000081fd  HwiP_restore                       
0000821d  Power_unregisterNotify             
0000823d  PrintChar                          
0000825d  RingBuf_peek                       
0000829d  ClockP_start                       
000082bb  HwiP_Params_init                   
000082d9  PrintString                        
00008333  ClockP_Params_init                 
00008351  Interrupt_unregisterInterrupt      
0000836d  pthread_attr_init                  
00008389  pvTaskIncrementMutexHeldCount      
000083a5  PTLS_taskDeleteHook                
000083d9  I2C_transfer                       
000083f1  SysCtl_A_disableNMISource          
00008409  SysCtl_A_enableNMISource           
00008421  UART_Params_init                   
00008451  ClockP_setTimeout                  
00008467  PTLS_getBuf                        
0000847d  PTLS_setBuf                        
00008493  SemaphoreP_Params_init             
000084a9  PWM_Params_init                    
000084bd  Power_idleFunc                     
000084f9  pthread_attr_setstacksize          
0000850d  pthread_self                       
00008521  resetISR                           
00008535  xTaskGetCurrentTaskHandle          
00008549  xTaskGetTickCount                  
0000855d  HwiP_delete                        
0000856f  RingBuf_construct                  
00008581  I2C_Params_init                    
00008591  PowerMSP432_getNumPerfLevels       
000085a1  SysCtl_A_getNMISourceStatus        
000085b1  SysCtl_getNMISourceStatus          
000085d1  vListInitialiseItem                
000085e1  vTaskSuspendAll                    
000085f1  __TI_decompress_none               
000085ff  Board_init                         
0000860b  CPU_cpsid                          
00008617  CPU_cpsie                          
00008625  Power_getConstraintMask            
00008631  Power_getPerformanceLevel          
0000863d  SemaphoreP_delete                  
00008649  __TI_zero_init                     
00008655  vTaskMissedYield                   
00008661  PWM_setDuty                        
0000866b  PWM_start                          
00008675  PowerMSP432_updateFreqs            
0000867f  UART_write                         
00008689  vApplicationStackOverflowHook      
00008693  vPortSuppressTicksAndSleep         
000086bd  I2CMSP432_control                  
000086c3  PWMTimerMSP432_control             
000086c9  PWMTimerMSP432_setDutyAndPeriod    
000086cf  _system_pre_init                   
000086d3  C$$EXIT                            
000086d3  abort                              
00008800  PowerMSP432_config                 
00008838  PWM_config                         
00008894  UARTMSP432_fxnTable                
000088bc  PWMTimerMSP432_fxnTable            
000088e0  UART_defaultParams                 
00008904  pwmTimerMSP432HWAttrs              
00008998  I2CMSP432_fxnTable                 
000089b0  PWM_defaultParams                  
000089c8  GPIOMSP432_config                  
000089dc  i2cMSP432HWAttrs                   
000089f0  I2C_defaultParams                  
00008a10  I2C_config                         
00008a1c  UART_config                        
00008a34  ulMaxSyscallInterruptPriority      
00008a5d  I2C_count                          
00008a5e  PWM_count                          
00008a5f  SD_count                           
00008a60  SPI_count                          
00008a61  UART_count                         
00008a70  __TI_static_base__                 
00008b08  __TI_Handler_Table_Base            
00008b14  __TI_Handler_Table_Limit           
00008b28  __TI_CINIT_Base                    
00008b40  __TI_CINIT_Limit                   
200080c8  uartMSP432Objects                  
20008148  i2cMSP432Objects                   
200081c8  pwmTimerMSP432Objects              
200082d0  MPU6050_Handle                     
200082d4  HwiP_dispatchTable                 
20008ad4  PowerMSP432_perfLevels             
20008d24  pxCurrentTCB                       
20008d58  PowerMSP432_module                 
20008db0  PWM_Motors                         
20008dc0  PWM_id                             
20008dec  gpioCallbackFunctions              
20008df4  gpioPinConfigs                     
20008dfc  uart_console                       
20009000  g_pfnRAMVectors                    
2000fc00  __stack                            
20010000  __STACK_END                        
4000480c  WDTCTL_SYM                         
ffffffff  __TI_pprof_out_hndl                
ffffffff  __TI_prof_data_size                
ffffffff  __TI_prof_data_start               
ffffffff  __binit__                          
ffffffff  __c_args__                         
ffffffff  binit                              
UNDEFED   __mpu_init                         
UNDEFED   _system_post_cinit                 

[290 symbols]
