******************************************************************************
                  TI ARM Linker PC v18.12.4                    
******************************************************************************
>> Linked Mon Sep 21 12:26:15 2020

OUTPUT FILE NAME:   <HAL.out>
ENTRY POINT SYMBOL: "resetISR"  address: 00007181


MEMORY CONFIGURATION

         name            origin    length      used     unused   attr    fill
----------------------  --------  ---------  --------  --------  ----  --------
  MAIN                  00000000   00040000  0000777a  00038886  R  X
  INFO                  00200000   00004000  00000000  00004000  R  X
  SRAM_CODE             01000000   00010000  0000924f  00006db1  RW X
  SRAM_DATA             20000000   00010000  0000924f  00006db1  RW  


SEGMENT ALLOCATION MAP

run origin  load origin   length   init length attrs members
----------  ----------- ---------- ----------- ----- -------
00000000    00000000    00007780   00007780    r-x
  00000000    00000000    00000144   00000144    r-- .intvecs
  00000144    00000144    0000722c   0000722c    r-x .text
  00007370    00007370    00000342   00000342    r-- .const
  000076b8    000076b8    000000c8   000000c8    r-- .cinit
20000000    20000000    00008d67   00000000    rw-
  20000000    20000000    0000834c   00000000    rw- .bss
  2000834c    2000834c    00000a1b   00000000    rw- .data
20009000    20009000    000000e8   00000000    rw-
  20009000    20009000    000000e8   00000000    rw- .vtable
2000fc00    2000fc00    00000400   00000000    rw-
  2000fc00    2000fc00    00000400   00000000    rw- .stack


SECTION ALLOCATION MAP

 output                                  attributes/
section   page    origin      length       input sections
--------  ----  ----------  ----------   ----------------
.text      0    00000144    0000722c     
                  00000144    000002f8     drivers_msp432p401x.aem4f : PowerMSP432.oem4f (.text:Power_sleep)
                  0000043c    000002d0                               : UARTMSP432.oem4f (.text:UARTMSP432_open)
                  0000070c    00000288                               : PowerMSP432.oem4f (.text:initPerfControl)
                  00000994    000001f8                               : I2CMSP432.oem4f (.text:I2CMSP432_open)
                  00000b8c    000001d4     freertos_builds_MSP_EXP432P401R_release_ccs.lib : queue.obj (.text:xQueueSemaphoreTake)
                  00000d60    000001cc     hal_main.obj (.text:mainThread)
                  00000f2c    000001b8     freertos_builds_MSP_EXP432P401R_release_ccs.lib : queue.obj (.text:xQueueGenericSend)
                  000010e4    00000184     drivers_msp432p401x.aem4f : I2CMSP432.oem4f (.text:I2CMSP432_hwiIntFxn)
                  00001268    00000184     freertos_builds_MSP_EXP432P401R_release_ccs.lib : heap_4.obj (.text:pvPortMalloc)
                  000013ec    00000180                                                     : queue.obj (.text:xQueueReceive)
                  0000156c    00000164     UARTDEBUG.obj (.text:PrintFloat)
                  000016d0    00000164     freertos_builds_MSP_EXP432P401R_release_ccs.lib : timers.obj (.text:prvProcessReceivedCommands)
                  00001834    0000014c     drivers_msp432p401x.aem4f : TimerMSP432.oem4f (.text:TimerMSP432_open)
                  00001980    00000140     freertos_builds_MSP_EXP432P401R_release_ccs.lib : tasks.obj (.text:xTaskIncrementTick)
                  00001ac0    00000138                                                     : pthread.obj (.text:pthread_create)
                  00001bf8    00000136     rtsv7M4_T_le_v4SPD16_eabi.lib : fd_div_t2.asm.obj (.text)
                  00001d2e    0000012a     freertos_builds_MSP_EXP432P401R_release_ccs.lib : tasks.obj (.text:prvInitialiseNewTask)
                  00001e58    0000011c     msp432p4xx_driverlib.lib : uart.o (.text:UART_initModule)
                  00001f74    0000011c     drivers_msp432p401x.aem4f : I2CMSP432.oem4f (.text:primeTransfer)
                  00002090    0000011c     freertos_builds_MSP_EXP432P401R_release_ccs.lib : tasks.obj (.text:xTaskResumeAll)
                  000021ac    0000010a                                                     : queue.obj (.text:xQueueGenericSendFromISR)
                  000022b6    00000002     ti_drivers_config.obj (.text:Board_initHook)
                  000022b8    00000104     msp432p4xx_driverlib.lib : cs.o (.text:_CSComputeCLKFrequency)
                  000023bc    00000104     freertos_builds_MSP_EXP432P401R_release_ccs.lib : tasks.obj (.text:vTaskPriorityDisinheritAfterTimeout)
                  000024c0    00000100                                                     : tasks.obj (.text:vTaskDelete)
                  000025c0    000000fc                                                     : tasks.obj (.text:vTaskSuspend)
                  000026bc    000000f8     msp432p4xx_driverlib.lib : cs.o (.text:CS_getDCOFrequency)
                  000027b4    000000f0     drivers_msp432p401x.aem4f : I2CMSP432.oem4f (.text:I2CMSP432_transfer)
                  000028a4    000000f0     freertos_builds_MSP_EXP432P401R_release_ccs.lib : queue.obj (.text:xQueueGiveFromISR)
                  00002994    000000e4     msp432p4xx_driverlib.lib : cs.o (.text:CS_startHFXTWithTimeout)
                  00002a78    000000e0                              : cs.o (.text:CS_startLFXTWithTimeout)
                  00002b58    000000e0     UARTDEBUG.obj (.text:UARTDEBUG_printf)
                  00002c38    000000e0     freertos_builds_MSP_EXP432P401R_release_ccs.lib : tasks.obj (.text:xTaskPriorityDisinherit)
                  00002d18    000000dc     drivers_msp432p401x.aem4f : UARTMSP432.oem4f (.text:UARTMSP432_readPolling)
                  00002df4    000000dc     msp432p4xx_driverlib.lib : cs.o (.text:_CSGetHFXTFrequency)
                  00002ed0    000000dc     freertos_builds_MSP_EXP432P401R_release_ccs.lib : tasks.obj (.text:vTaskSwitchContext)
                  00002fac    000000da                                                     : portasm.obj (.text)
                  00003086    000000d8                                                     : queue.obj (.text:xQueueReceiveFromISR)
                  0000315e    00000002     drivers_msp432p401x.aem4f : I2CMSP432.oem4f (.text:I2CMSP432_init)
                  00003160    000000d8     freertos_builds_MSP_EXP432P401R_release_ccs.lib : tasks.obj (.text:xTaskPriorityInherit)
                  00003238    000000d0                                                     : port.obj (.text:xPortStartScheduler)
                  00003308    000000ca     drivers_msp432p401x.aem4f : UARTMSP432.oem4f (.text:UARTMSP432_hwiIntFxn)
                  000033d2    00000002     msp432p4xx_driverlib.lib : interrupt.o (.text:IntDefaultHandler)
                  000033d4    000000c8     drivers_msp432p401x.aem4f : TimerMSP432.oem4f (.text:TimerMSP432_start)
                  0000349c    000000c4     freertos_builds_MSP_EXP432P401R_release_ccs.lib : tasks.obj (.text:prvAddNewTaskToReadyList)
                  00003560    000000be                                                     : queue.obj (.text:prvCopyDataToQueue)
                  0000361e    00000002                                                     : PowerMSP432_freertos.obj (.text:PowerMSP432_initPolicy)
                  00003620    000000bc     drivers_msp432p401x.aem4f : TimerMSP432.oem4f (.text:TimerMSP432_setPeriod)
                  000036dc    000000bc     freertos_builds_MSP_EXP432P401R_release_ccs.lib : heap_4.obj (.text:prvHeapInit)
                  00003798    000000bc                                                     : timers.obj (.text:prvSwitchTimerLists)
                  00003854    000000b8     drivers_msp432p401x.aem4f : UARTMSP432.oem4f (.text:initHw)
                  0000390c    000000b8                               : UARTMSP432.oem4f (.text:readTaskCallback)
                  000039c4    000000b8     freertos_builds_MSP_EXP432P401R_release_ccs.lib : queue.obj (.text:xQueueGenericReset)
                  00003a7c    000000b4     drivers_msp432p401x.aem4f : UARTMSP432.oem4f (.text:UARTMSP432_control)
                  00003b30    000000b4                               : UARTMSP432.oem4f (.text:UARTMSP432_writePolling)
                  00003be4    000000b0     freertos_builds_MSP_EXP432P401R_release_ccs.lib : tasks.obj (.text:prvAddCurrentTaskToDelayedList)
                  00003c94    000000b0                                                     : tasks.obj (.text:xTaskCheckForTimeOut)
                  00003d44    000000ae                                                     : queue.obj (.text:prvUnlockQueue)
                  00003df2    000000ac     drivers_msp432p401x.aem4f : I2CMSP432.oem4f (.text:I2CMSP432_cancel)
                  00003e9e    000000a8                               : UARTMSP432.oem4f (.text:UARTMSP432_write)
                  00003f46    00000002                               : TimerMSP432.oem4f (.text:TimerMSP432_init)
                  00003f48    000000a8     freertos_builds_MSP_EXP432P401R_release_ccs.lib : heap_4.obj (.text:prvInsertBlockIntoFreeList)
                  00003ff0    000000a8     drivers_msp432p401x.aem4f : UARTMSP432.oem4f (.text:readTaskBlocking)
                  00004098    000000a8     freertos_builds_MSP_EXP432P401R_release_ccs.lib : heap_4.obj (.text:vPortFree)
                  00004140    000000a8                                                     : tasks.obj (.text:xTaskRemoveFromEventList)
                  000041e8    000000a4     drivers_msp432p401x.aem4f : TimerMSP432.oem4f (.text:initTimerHardware)
                  0000428c    000000a0     freertos_builds_MSP_EXP432P401R_release_ccs.lib : ClockP_freertos.obj (.text:ClockP_create)
                  0000432c    000000a0     drivers_msp432p401x.aem4f : UARTMSP432.oem4f (.text:readIsrTextCallback)
                  000043cc    0000009c                               : PowerMSP432.oem4f (.text:Power_init)
                  00004468    0000009c     rtsv7M4_T_le_v4SPD16_eabi.lib : memcpy_t2.asm.obj (.text)
                  00004504    0000009c     drivers_msp432p401x.aem4f : TimerMSP432.oem4f (.text:setT32TickCount)
                  000045a0    0000009c                               : TimerMSP432.oem4f (.text:setTATickCount)
                  0000463c    00000094     msp432p4xx_driverlib.lib : sysctl_a.o (.text:SysCtl_A_getTLVInfo)
                  000046d0    00000094     freertos_builds_MSP_EXP432P401R_release_ccs.lib : tasks.obj (.text:vTaskStartScheduler)
                  00004764    00000092     drivers_msp432p401x.aem4f : UARTMSP432.oem4f (.text:UARTMSP432_close)
                  000047f6    00000092                               : UARTMSP432.oem4f (.text:writeData)
                  00004888    00000090     UARTDEBUG.obj (.text:PrintInteger)
                  00004918    0000008c     drivers_msp432p401x.aem4f : TimerMSP432.oem4f (.text:TimerMSP432_stop)
                  000049a4    0000008c                               : UARTMSP432.oem4f (.text:readIsrTextBlocking)
                  00004a30    00000088     freertos_builds_MSP_EXP432P401R_release_ccs.lib : timers.obj (.text:prvProcessTimerOrBlockTask)
                  00004ab8    00000084     drivers_msp432p401x.aem4f : PowerMSP432.oem4f (.text:restartHFXT)
                  00004b3c    00000084     uart_dev.obj (.text:uart_dev_init)
                  00004bc0    00000084     freertos_builds_MSP_EXP432P401R_release_ccs.lib : timers.obj (.text:xTimerGenericCommand)
                  00004c44    00000080     msp432p4xx_driverlib.lib : interrupt.o (.text:Interrupt_disableInterrupt)
                  00004cc4    00000080                              : interrupt.o (.text:Interrupt_enableInterrupt)
                  00004d44    00000080     freertos_builds_MSP_EXP432P401R_release_ccs.lib : timers.obj (.text:prvProcessExpiredTimer)
                  00004dc4    0000007c     msp432p4xx_driverlib.lib : cs.o (.text:_CSGetDOCFrequency)
                  00004e40    0000007a     freertos_builds_MSP_EXP432P401R_release_ccs.lib : pthread.obj (.text:removeThreadKeys)
                  00004eba    0000007a     rtsv7M4_T_le_v4SPD16_eabi.lib : memset_t2.asm.obj (.text)
                  00004f34    0000007a     freertos_builds_MSP_EXP432P401R_release_ccs.lib : tasks.obj (.text:xTaskCreate)
                  00004fae    00000002     drivers_msp432p401x.aem4f : UARTMSP432.oem4f (.text:UARTMSP432_init)
                  00004fb0    00000078                               : TimerMSP432.oem4f (.text:TimerMSP432_allocateTimerResource)
                  00005028    00000078     i2c_dev.obj (.text:i2c_dev_init)
                  000050a0    00000078     freertos_builds_MSP_EXP432P401R_release_ccs.lib : timers.obj (.text:prvInsertTimerInActiveList)
                  00005118    00000078                                                     : port.obj (.text:vPortSetupTimerInterrupt)
                  00005190    00000076     drivers_msp432p401x.aem4f : I2CMSP432.oem4f (.text:I2CMSP432_close)
                  00005206    00000002     freertos_builds_MSP_EXP432P401R_release_ccs.lib : startup_msp432_ccs.obj (.text:defaultISR)
                  00005208    00000074                                                     : tasks.obj (.text:prvInitialiseTaskLists)
                  0000527c    00000074                                                     : port.obj (.text:vPortValidateInterruptPriority)
                  000052f0    00000070     drivers_msp432p401x.aem4f : UARTMSP432.oem4f (.text:UARTMSP432_writeCancel)
                  00005360    00000070     main.obj (.text:main)
                  000053d0    00000070     freertos_builds_MSP_EXP432P401R_release_ccs.lib : ClockP_freertos.obj (.text:setClockObjTimeout)
                  00005440    0000006e     rtsv7M4_T_le_v4SPD16_eabi.lib : fd_tos_t2.asm.obj (.text)
                  000054ae    00000002     freertos_builds_MSP_EXP432P401R_release_ccs.lib : startup_msp432_ccs.obj (.text:faultISR)
                  000054b0    0000006c     msp432p4xx_driverlib.lib : i2c.o (.text:I2C_masterSendMultiByteFinish)
                  0000551c    00000068     drivers_msp432p401x.aem4f : PowerMSP432.oem4f (.text:PowerMSP432_getFreqs)
                  00005584    00000068     rtsv7M4_T_le_v4SPD16_eabi.lib : copy_decompress_lzss.c.obj (.text:decompress:lzss:__TI_decompress_lzss)
                  000055ec    00000068     drivers_msp432p401x.aem4f : I2CMSP432.oem4f (.text:initHw)
                  00005654    00000066     freertos_builds_MSP_EXP432P401R_release_ccs.lib : timers.obj (.text:prvInitialiseNewTimer)
                  000056ba    00000066                                                     : list.obj (.text:vListInsert)
                  00005720    00000064                                                     : ClockP_freertos.obj (.text:ClockP_stop)
                  00005784    00000064                                                     : tasks.obj (.text:prvGetExpectedIdleTime)
                  000057e8    00000064     time_dev.obj (.text:time_dev_init)
                  0000584c    00000062     msp432p4xx_driverlib.lib : cs.o (.text:_CSGetDividerValue)
                  000058ae    00000002     freertos_builds_MSP_EXP432P401R_release_ccs.lib : startup_msp432_ccs.obj (.text:nmiISR)
                  000058b0    00000060                                                     : HwiPMSP432_freertos.obj (.text:HwiP_create)
                  00005910    00000060                                                     : port.obj (.text:pxPortInitialiseStack)
                  00005970    00000060                                                     : queue.obj (.text:xQueueGenericCreate)
                  000059d0    0000005c     msp432p4xx_driverlib.lib : interrupt.o (.text:Interrupt_registerInterrupt)
                  00005a2c    0000005c     freertos_builds_MSP_EXP432P401R_release_ccs.lib : tasks.obj (.text:prvIdleTask)
                  00005a88    0000005c                                                     : pthread.obj (.text:pthread_exit)
                  00005ae4    0000005c                                                     : queue.obj (.text:vQueueWaitForMessageRestricted)
                  00005b40    00000058     drivers_msp432p401x.aem4f : UARTMSP432.oem4f (.text:readIsrBinaryBlocking)
                  00005b98    00000058     freertos_builds_MSP_EXP432P401R_release_ccs.lib : queue.obj (.text:xQueueCreateCountingSemaphore)
                  00005bf0    00000056                                                     : SemaphoreP_freertos.obj (.text:SemaphoreP_create)
                  00005c46    00000056     drivers_msp432p401x.aem4f : I2CMSP432.oem4f (.text:completeTransfer)
                  00005c9c    00000054     freertos_builds_MSP_EXP432P401R_release_ccs.lib : ClockP_freertos.obj (.text:ClockP_delete)
                  00005cf0    00000054     msp432p4xx_driverlib.lib : interrupt.o (.text:Interrupt_setPriority)
                  00005d44    00000054     drivers_msp432p401x.aem4f : TimerMSP432.oem4f (.text:TimerMSP432_freeTimerResource)
                  00005d98    00000054     freertos_builds_MSP_EXP432P401R_release_ccs.lib : timers.obj (.text:xTimerCreateTimerTask)
                  00005dec    00000050     drivers_msp432p401x.aem4f : TimerMSP432.oem4f (.text:TimerMSP432_hwiIntFunction)
                  00005e3c    00000050     i2c_dev.obj (.text:i2c_dev_read)
                  00005e8c    0000004e     drivers_msp432p401x.aem4f : TimerMSP432.oem4f (.text:TimerMSP432_close)
                  00005eda    00000002     main.obj (.text:vApplicationMallocFailedHook)
                  00005edc    0000004c     i2c_dev.obj (.text:i2c_dev_write)
                  00005f28    0000004c     freertos_builds_MSP_EXP432P401R_release_ccs.lib : timers.obj (.text:prvCheckForValidListAndQueue)
                  00005f74    0000004c                                                     : tasks.obj (.text:prvCheckTasksWaitingTermination)
                  00005fc0    0000004c     drivers_msp432p401x.aem4f : UARTMSP432.oem4f (.text:readIsrBinaryCallback)
                  0000600c    0000004c     freertos_builds_MSP_EXP432P401R_release_ccs.lib : port.obj (.text:vPortEnterCritical)
                  00006058    00000048                                                     : HwiPMSP432_freertos.obj (.text:HwiP_dispatch)
                  000060a0    00000048     drivers_msp432p401x.aem4f : PowerMSP432.oem4f (.text:Power_releaseConstraint)
                  000060e8    00000048     freertos_builds_MSP_EXP432P401R_release_ccs.lib : list.obj (.text:uxListRemove)
                  00006130    00000046     drivers_msp432p401x.aem4f : RingBuf.oem4f (.text:RingBuf_put)
                  00006176    00000002     --HOLE-- [fill = 0]
                  00006178    00000044                               : I2C.oem4f (.text:I2C_init)
                  000061bc    00000044                               : Timer.oem4f (.text:Timer_init)
                  00006200    00000044                               : UART.oem4f (.text:UART_init)
                  00006244    00000044     rtsv7M4_T_le_v4SPD16_eabi.lib : autoinit.c.obj (.text:__TI_auto_init_nobinit_nopinit:__TI_auto_init_nobinit_nopinit)
                  00006288    00000044     drivers_msp432p401x.aem4f : I2CMSP432.oem4f (.text:perfChangeNotifyFxn)
                  000062cc    00000044     freertos_builds_MSP_EXP432P401R_release_ccs.lib : queue.obj (.text:prvInitialiseNewQueue)
                  00006310    00000042     MPU6050.obj (.text:MPU6050_raw_accelerometer)
                  00006352    00000042     MPU6050.obj (.text:MPU6050_raw_gyroscope)
                  00006394    00000040     drivers_msp432p401x.aem4f : I2C.oem4f (.text:I2C_open)
                  000063d4    00000040                               : RingBuf.oem4f (.text:RingBuf_get)
                  00006414    00000040                               : Timer.oem4f (.text:Timer_open)
                  00006454    00000040                               : UARTMSP432.oem4f (.text:UARTMSP432_read)
                  00006494    00000040                               : UART.oem4f (.text:UART_open)
                  000064d4    00000040                               : UARTMSP432.oem4f (.text:perfChangeNotifyFxn)
                  00006514    00000040     freertos_builds_MSP_EXP432P401R_release_ccs.lib : tasks.obj (.text:vTaskPlaceOnEventListRestricted)
                  00006554    0000003e                                                     : ClockP_freertos.obj (.text:ClockP_callbackFxn)
                  00006592    0000003e                                                     : pthread.obj (.text:pthread_setcancelstate)
                  000065d0    0000003c                                                     : queue.obj (.text:prvCopyDataFromQueue)
                  0000660c    0000003c                                                     : tasks.obj (.text:prvResetNextTaskUnblockTime)
                  00006648    0000003c                                                     : tasks.obj (.text:pvTaskGetThreadLocalStoragePointer)
                  00006684    0000003c                                                     : list.obj (.text:vListInsertEnd)
                  000066c0    0000003c                                                     : timers.obj (.text:xTimerCreate)
                  000066fc    0000003a                                                     : PowerMSP432_freertos.obj (.text:PowerMSP432_sleepPolicy)
                  00006736    00000002     --HOLE-- [fill = 0]
                  00006738    00000038     drivers_msp432p401x.aem4f : PowerMSP432.oem4f (.text:Power_setConstraint)
                  00006770    00000038                               : TimerMSP432.oem4f (.text:TimerMSP432_getCount)
                  000067a8    00000038                               : PowerMSP432.oem4f (.text:notify)
                  000067e0    00000038     freertos_builds_MSP_EXP432P401R_release_ccs.lib : timers.obj (.text:prvGetNextExpireTime)
                  00006818    00000038                                                     : port.obj (.text:prvTaskExitError)
                  00006850    00000038     rtsv7M4_T_le_v4SPD16_eabi.lib : fs_tod_t2.asm.obj (.text)
                  00006888    00000036     drivers_msp432p401x.aem4f : UARTMSP432.oem4f (.text:UARTMSP432_readCancel)
                  000068be    00000034     freertos_builds_MSP_EXP432P401R_release_ccs.lib : SemaphoreP_freertos.obj (.text:SemaphoreP_pend)
                  000068f2    00000002     --HOLE-- [fill = 0]
                  000068f4    00000034     rtsv7M4_T_le_v4SPD16_eabi.lib : boot_cortex_m.c.obj (.text:_c_int00_noargs:_c_int00_noargs)
                  00006928    00000034     freertos_builds_MSP_EXP432P401R_release_ccs.lib : timers.obj (.text:prvSampleTimeNow)
                  0000695c    00000034                                                     : tasks.obj (.text:vTaskPlaceOnEventList)
                  00006990    00000030     msp432p4xx_driverlib.lib : cs.o (.text:CS_clearInterruptFlag)
                  000069c0    00000030     drivers_msp432p401x.aem4f : I2CMSP432.oem4f (.text:mapPin)
                  000069f0    00000030                               : UARTMSP432.oem4f (.text:mapPin)
                  00006a20    00000030     freertos_builds_MSP_EXP432P401R_release_ccs.lib : list.obj (.text:vListInitialise)
                  00006a50    00000030                                                     : port.obj (.text:vPortExitCritical)
                  00006a80    00000030                                                     : tasks.obj (.text:xTaskGetSchedulerState)
                  00006ab0    0000002e                                                     : timers.obj (.text:pvTimerGetTimerID)
                  00006ade    00000002     --HOLE-- [fill = 0]
                  00006ae0    0000002c                                                     : HwiPMSP432_freertos.obj (.text:HwiP_disable)
                  00006b0c    0000002c     drivers_msp432p401x.aem4f : TimerMSP432.oem4f (.text:perfChangeNotifyFxn)
                  00006b38    0000002c     freertos_builds_MSP_EXP432P401R_release_ccs.lib : tasks.obj (.text:vTaskSetApplicationTaskTag)
                  00006b64    0000002c                                                     : port.obj (.text:xPortSysTickHandler)
                  00006b90    00000028     msp432p4xx_driverlib.lib : cs.o (.text:CS_getMCLK)
                  00006bb8    00000028     freertos_builds_MSP_EXP432P401R_release_ccs.lib : HwiPMSP432_freertos.obj (.text:HwiP_inISR)
                  00006be0    00000028     drivers_msp432p401x.aem4f : PowerMSP432.oem4f (.text:Power_registerNotify)
                  00006c08    00000028                               : PowerMSP432.oem4f (.text:disableFaultCounter)
                  00006c30    00000028                               : PowerMSP432.oem4f (.text:disableHFXT)
                  00006c58    00000028                               : UARTMSP432.oem4f (.text:findBaudDividerIndex)
                  00006c80    00000028     freertos_builds_MSP_EXP432P401R_release_ccs.lib : pthread.obj (.text:pthread_attr_setschedparam)
                  00006ca8    00000028                                                     : tasks.obj (.text:xTaskGetApplicationTaskTag)
                  00006cd0    00000026     drivers_msp432p401x.aem4f : List.oem4f (.text:List_put)
                  00006cf6    00000026                               : List.oem4f (.text:List_remove)
                  00006d1c    00000026     MPU6050.obj (.text:MPU6050_write_byte)
                  00006d42    00000026     freertos_builds_MSP_EXP432P401R_release_ccs.lib : pthread.obj (.text:_pthread_cleanup_pop)
                  00006d68    00000026                                                     : queue.obj (.text:prvIsQueueFull)
                  00006d8e    00000024                                                     : queue.obj (.text:prvGetDisinheritPriorityAfterTimeout)
                  00006db2    00000002     --HOLE-- [fill = 0]
                  00006db4    00000024     uart_dev.obj (.text:uart_dev_print_char)
                  00006dd8    00000024     freertos_builds_MSP_EXP432P401R_release_ccs.lib : queue.obj (.text:vQueueDelete)
                  00006dfc    00000024                                                     : tasks.obj (.text:vTaskInternalSetTimeOutState)
                  00006e20    00000022                                                     : SemaphoreP_freertos.obj (.text:SemaphoreP_post)
                  00006e42    00000022                                                     : pthread.obj (.text:pthread_attr_setdetachstate)
                  00006e64    00000020     msp432p4xx_driverlib.lib : cs.o (.text:CS_setExternalClockSourceFrequency)
                  00006e84    00000020     freertos_builds_MSP_EXP432P401R_release_ccs.lib : HwiPMSP432_freertos.obj (.text:HwiP_restore)
                  00006ea4    00000020     drivers_msp432p401x.aem4f : PowerMSP432.oem4f (.text:Power_unregisterNotify)
                  00006ec4    00000020     UARTDEBUG.obj (.text:PrintString)
                  00006ee4    00000020     drivers_msp432p401x.aem4f : RingBuf.oem4f (.text:RingBuf_peek)
                  00006f04    00000020     freertos_builds_MSP_EXP432P401R_release_ccs.lib : queue.obj (.text:prvIsQueueEmpty)
                  00006f24    00000020     rtsv7M4_T_le_v4SPD16_eabi.lib : u_tofd_t2.asm.obj (.text)
                  00006f44    0000001e     freertos_builds_MSP_EXP432P401R_release_ccs.lib : ClockP_freertos.obj (.text:ClockP_start)
                  00006f62    0000001e                                                     : HwiPMSP432_freertos.obj (.text:HwiP_Params_init)
                  00006f80    0000001e                                                     : pthread.obj (.text:_pthread_runStub)
                  00006f9e    0000001c                                                     : ClockP_freertos.obj (.text:ClockP_Params_init)
                  00006fba    00000002     --HOLE-- [fill = 0]
                  00006fbc    0000001c     msp432p4xx_driverlib.lib : interrupt.o (.text:Interrupt_unregisterInterrupt)
                  00006fd8    0000001c     MPU6050.obj (.text:MPU6050_read_byte)
                  00006ff4    0000001c     freertos_builds_MSP_EXP432P401R_release_ccs.lib : pthread.obj (.text:pthread_attr_init)
                  00007010    0000001c                                                     : tasks.obj (.text:pvTaskIncrementMutexHeldCount)
                  0000702c    0000001a                                                     : PTLS.obj (.text:PTLS_taskDeleteHook)
                  00007046    0000001a                                                     : timers.obj (.text:prvTimerTask)
                  00007060    00000018     drivers_msp432p401x.aem4f : I2C.oem4f (.text:I2C_transfer)
                  00007078    00000018     msp432p4xx_driverlib.lib : sysctl_a.o (.text:SysCtl_A_disableNMISource)
                  00007090    00000018                              : sysctl_a.o (.text:SysCtl_A_enableNMISource)
                  000070a8    00000018     drivers_msp432p401x.aem4f : UART.oem4f (.text:UART_Params_init)
                  000070c0    00000018     time_dev.obj (.text:timer_dev_callback)
                  000070d8    00000016     freertos_builds_MSP_EXP432P401R_release_ccs.lib : ClockP_freertos.obj (.text:ClockP_setTimeout)
                  000070ee    00000016     MPU6050.obj (.text:MPU6050_init)
                  00007104    00000016     freertos_builds_MSP_EXP432P401R_release_ccs.lib : SemaphoreP_freertos.obj (.text:SemaphoreP_Params_init)
                  0000711a    00000002     --HOLE-- [fill = 0]
                  0000711c    00000014     drivers_msp432p401x.aem4f : PowerMSP432.oem4f (.text:Power_idleFunc)
                  00007130    00000014                               : UARTMSP432.oem4f (.text:clearTXCPTIFG)
                  00007144    00000014     freertos_builds_MSP_EXP432P401R_release_ccs.lib : tasks.obj (.text:prvDeleteTCB)
                  00007158    00000014                                                     : pthread.obj (.text:pthread_attr_setstacksize)
                  0000716c    00000014                                                     : pthread.obj (.text:pthread_self)
                  00007180    00000014                                                     : startup_msp432_ccs.obj (.text:resetISR)
                  00007194    00000014                                                     : tasks.obj (.text:xTaskGetCurrentTaskHandle)
                  000071a8    00000014                                                     : tasks.obj (.text:xTaskGetTickCount)
                  000071bc    00000012                                                     : HwiPMSP432_freertos.obj (.text:HwiP_delete)
                  000071ce    00000012     MPU6050.obj (.text:MPU6050_sleep)
                  000071e0    00000012     drivers_msp432p401x.aem4f : RingBuf.oem4f (.text:RingBuf_construct)
                  000071f2    00000012     UARTDEBUG.obj (.text:UARTDEBUG_init)
                  00007204    00000010     drivers_msp432p401x.aem4f : I2C.oem4f (.text:I2C_Params_init)
                  00007214    00000010                               : PowerMSP432.oem4f (.text:PowerMSP432_getNumPerfLevels)
                  00007224    00000010     msp432p4xx_driverlib.lib : sysctl_a.o (.text:SysCtl_A_getNMISourceStatus)
                  00007234    00000010                              : sysctl.o (.text:SysCtl_getNMISourceStatus)
                  00007244    00000010     drivers_msp432p401x.aem4f : Timer.oem4f (.text:Timer_Params_init)
                  00007254    00000010                               : UARTMSP432.oem4f (.text:readBlockingTimeout)
                  00007264    00000010     freertos_builds_MSP_EXP432P401R_release_ccs.lib : list.obj (.text:vListInitialiseItem)
                  00007274    00000010                                                     : tasks.obj (.text:vTaskSuspendAll)
                  00007284    0000000e     rtsv7M4_T_le_v4SPD16_eabi.lib : copy_decompress_none.c.obj (.text:decompress:none:__TI_decompress_none)
                  00007292    0000000c     ti_drivers_config.obj (.text:Board_init)
                  0000729e    0000000c     msp432p4xx_driverlib.lib : cpu.o (.text:CPU_cpsid)
                  000072aa    0000000c                              : cpu.o (.text:CPU_cpsie)
                  000072b6    00000002     --HOLE-- [fill = 0]
                  000072b8    0000000c     drivers_msp432p401x.aem4f : PowerMSP432.oem4f (.text:Power_getConstraintMask)
                  000072c4    0000000c                               : PowerMSP432.oem4f (.text:Power_getPerformanceLevel)
                  000072d0    0000000c     freertos_builds_MSP_EXP432P401R_release_ccs.lib : SemaphoreP_freertos.obj (.text:SemaphoreP_delete)
                  000072dc    0000000c     rtsv7M4_T_le_v4SPD16_eabi.lib : copy_zero_init.c.obj (.text:decompress:ZI:__TI_zero_init)
                  000072e8    0000000c     time_dev.obj (.text:millis)
                  000072f4    0000000c     freertos_builds_MSP_EXP432P401R_release_ccs.lib : tasks.obj (.text:vTaskMissedYield)
                  00007300    0000000a     MPU6050.obj (.text:MPU6050_who)
                  0000730a    0000000a     freertos_builds_MSP_EXP432P401R_release_ccs.lib : PowerMSP432_freertos.obj (.text:PowerMSP432_updateFreqs)
                  00007314    0000000a     drivers_msp432p401x.aem4f : Timer.oem4f (.text:Timer_start)
                  0000731e    0000000a                               : UART.oem4f (.text:UART_write)
                  00007328    0000000a     main.obj (.text:vApplicationStackOverflowHook)
                  00007332    0000000a     freertos_builds_MSP_EXP432P401R_release_ccs.lib : PowerMSP432_freertos.obj (.text:vPortSuppressTicksAndSleep)
                  0000733c    00000008     drivers_msp432p401x.aem4f : I2CMSP432.oem4f (.text:blockingTransferCallback)
                  00007344    00000008                               : UARTMSP432.oem4f (.text:readSemCallback)
                  0000734c    00000008                               : UARTMSP432.oem4f (.text:txcptEnabledStatus)
                  00007354    00000008                               : UARTMSP432.oem4f (.text:writeSemCallback)
                  0000735c    00000006                               : I2CMSP432.oem4f (.text:I2CMSP432_control)
                  00007362    00000006                               : TimerMSP432.oem4f (.text:TimerMSP432_control)
                  00007368    00000004     rtsv7M4_T_le_v4SPD16_eabi.lib : pre_init.c.obj (.text:_system_pre_init)
                  0000736c    00000004                                   : exit.c.obj (.text:abort:abort)

.const     0    00007370    00000342     
                  00007370    00000080     ti_drivers_config.obj (.const:uartMSP432Baudrates)
                  000073f0    00000058     ti_drivers_config.obj (.const:uartMSP432HWAttrs)
                  00007448    00000050     msp432p4xx_driverlib.lib : interrupt.o (.const:g_pulRegs)
                  00007498    00000050     drivers_msp432p401x.aem4f : TimerMSP432.oem4f (.const:timerADividers)
                  000074e8    00000038     ti_drivers_config.obj (.const:PowerMSP432_config)
                  00007520    00000028     drivers_msp432p401x.aem4f : UARTMSP432.oem4f (.const:UARTMSP432_fxnTable)
                  00007548    00000024                               : UART.oem4f (.const:UART_defaultParams)
                  0000756c    00000020                               : TimerMSP432.oem4f (.const:TimerMSP432_Timer32_fxnTable)
                  0000758c    00000020                               : UARTMSP432.oem4f (.const:staticFxnTable)
                  000075ac    0000001c     i2c_dev.obj (.const:$P$T0$1)
                  000075c8    0000001c     i2c_dev.obj (.const:$P$T1$2)
                  000075e4    00000018     drivers_msp432p401x.aem4f : I2CMSP432.oem4f (.const:I2CMSP432_fxnTable)
                  000075fc    00000018     ti_drivers_config.obj (.const:UART_config)
                  00007614    00000014     ti_drivers_config.obj (.const:i2cMSP432HWAttrs)
                  00007628    00000010     drivers_msp432p401x.aem4f : I2C.oem4f (.const:I2C_defaultParams)
                  00007638    00000010     ti_drivers_config.obj (.const:TimerMSP432HWAttrs)
                  00007648    0000000c     ti_drivers_config.obj (.const:I2C_config)
                  00007654    0000000c     ti_drivers_config.obj (.const:Timer_config)
                  00007660    0000000c     drivers_msp432p401x.aem4f : I2CMSP432.oem4f (.const:bitRates)
                  0000766c    0000000c                               : Timer.oem4f (.const:defaultParams)
                  00007678    0000000c                               : TimerMSP432.oem4f (.const:timer32Dividers)
                  00007684    00000008     freertos_builds_MSP_EXP432P401R_release_ccs.lib : port.obj (.const)
                  0000768c    00000008     msp432p4xx_driverlib.lib : interrupt.o (.const:g_pulDisRegs)
                  00007694    00000008                              : interrupt.o (.const:g_pulEnRegs)
                  0000769c    00000005     drivers_msp432p401x.aem4f : UARTMSP432.oem4f (.const:.string:parityTypes)
                  000076a1    00000003     --HOLE-- [fill = 0]
                  000076a4    00000004     freertos_builds_MSP_EXP432P401R_release_ccs.lib : pthread.obj (.const)
                  000076a8    00000004     drivers_msp432p401x.aem4f : UARTMSP432.oem4f (.const:stopBits)
                  000076ac    00000004     ti_drivers_config.obj (.const)
                  000076b0    00000002     freertos_builds_MSP_EXP432P401R_release_ccs.lib : pthread.obj (.const:.string)

.cinit     0    000076b8    000000c8     
                  000076b8    00000093     (.cinit..data.load) [load image, compression = lzss]
                  0000774b    00000001     --HOLE-- [fill = 0]
                  0000774c    0000000c     (__TI_handler_table)
                  00007758    00000008     (.cinit..bss.load) [load image, compression = zero_init]
                  00007760    00000008     (.cinit..vtable.load) [load image, compression = zero_init]
                  00007768    00000018     (__TI_cinit_table)

.init_array 
*          0    00000000    00000000     UNINITIALIZED

.intvecs   0    00000000    00000144     
                  00000000    00000144     freertos_builds_MSP_EXP432P401R_release_ccs.lib : startup_msp432_ccs.obj (.intvecs:retain)

.bss       0    20000000    0000834c     UNINITIALIZED
                  20000000    00008000     freertos_builds_MSP_EXP432P401R_release_ccs.lib : heap_4.obj (.bss:ucHeap)
                  20008000    00000100     (.common:uartMSP432Objects)
                  20008100    000000c8                                                     : tasks.obj (.bss:pxReadyTasksLists)
                  200081c8    00000050     (.common:i2cMSP432Objects)
                  20008218    00000034     (.common:timerMSP432Objects)
                  2000824c    00000020     ti_drivers_config.obj (.bss:uartMSP432RingBuffer0)
                  2000826c    00000020     ti_drivers_config.obj (.bss:uartMSP432RingBuffer1)
                  2000828c    00000014     freertos_builds_MSP_EXP432P401R_release_ccs.lib : timers.obj (.bss:xActiveTimerList1)
                  200082a0    00000014                                                     : timers.obj (.bss:xActiveTimerList2)
                  200082b4    00000014                                                     : tasks.obj (.bss:xDelayedTaskList1)
                  200082c8    00000014                                                     : tasks.obj (.bss:xDelayedTaskList2)
                  200082dc    00000014                                                     : tasks.obj (.bss:xPendingReadyList)
                  200082f0    00000014                                                     : tasks.obj (.bss:xSuspendedTaskList)
                  20008304    00000014                                                     : tasks.obj (.bss:xTasksWaitingTermination)
                  20008318    00000008                                                     : tasks.obj (.bss)
                  20008320    00000008                                                     : timers.obj (.bss)
                  20008328    00000008     msp432p4xx_driverlib.lib : cs.o (.bss)
                  20008330    00000008     freertos_builds_MSP_EXP432P401R_release_ccs.lib : heap_4.obj (.bss:xStart)
                  20008338    00000008     (.common:UART_handles)
                  20008340    00000004     drivers_msp432p401x.aem4f : TimerMSP432.oem4f (.bss:timerState)
                  20008344    00000004     (.common:MPU9250_handle)
                  20008348    00000004     (.common:timer)

.data      0    2000834c    00000a1b     UNINITIALIZED
                  2000834c    00000800     freertos_builds_MSP_EXP432P401R_release_ccs.lib : HwiPMSP432_freertos.obj (.data:HwiP_dispatchTable)
                  20008b4c    00000140     drivers_msp432p401x.aem4f : PowerMSP432.oem4f (.data:PowerMSP432_perfLevels)
                  20008c8c    00000034     freertos_builds_MSP_EXP432P401R_release_ccs.lib : tasks.obj (.data)
                  20008cc0    0000002c     drivers_msp432p401x.aem4f : PowerMSP432.oem4f (.data:PowerMSP432_module)
                  20008cec    00000018     freertos_builds_MSP_EXP432P401R_release_ccs.lib : heap_4.obj (.data)
                  20008d04    00000018                                                     : port.obj (.data)
                  20008d1c    00000018     drivers_msp432p401x.aem4f : TimerMSP432.oem4f (.data:upConfig)
                  20008d34    00000014     freertos_builds_MSP_EXP432P401R_release_ccs.lib : pthread.obj (.data:defaultPthreadAttrs)
                  20008d48    0000000c                                                     : timers.obj (.data)
                  20008d54    00000005     time_dev.obj (.data)
                  20008d59    00000002     uart_dev.obj (.data:uart_open)
                  20008d5b    00000001     drivers_msp432p401x.aem4f : I2C.oem4f (.data)
                  20008d5c    00000004     freertos_builds_MSP_EXP432P401R_release_ccs.lib : ClockP_freertos.obj (.data)
                  20008d60    00000004                                                     : HwiPMSP432_freertos.obj (.data)
                  20008d64    00000001     drivers_msp432p401x.aem4f : Timer.oem4f (.data)
                  20008d65    00000001                               : UART.oem4f (.data)
                  20008d66    00000001     i2c_dev.obj (.data)

.vtable    0    20009000    000000e8     UNINITIALIZED
                  20009000    000000e8     msp432p4xx_driverlib.lib : interrupt.o (.vtable)

.stack     0    2000fc00    00000400     UNINITIALIZED
                  2000fc00    00000004     rtsv7M4_T_le_v4SPD16_eabi.lib : boot_cortex_m.c.obj (.stack)
                  2000fc04    000003fc     --HOLE--

.binit     0    00000000    00000000     

MODULE SUMMARY

       Module                       code    ro data   rw data
       ------                       ----    -------   -------
    .\
       UARTDEBUG.obj                774     0         0      
       hal_main.obj                 460     0         0      
       MPU6050.obj                  248     0         0      
       main.obj                     124     0         0      
    +--+----------------------------+-------+---------+---------+
       Total:                       1606    0         0      
                                                             
    .\peripheral\
       i2c_dev.obj                  276     56        10     
       uart_dev.obj                 168     0         20     
       time_dev.obj                 136     0         18     
    +--+----------------------------+-------+---------+---------+
       Total:                       580     56        48     
                                                             
    .\syscfg\
       ti_drivers_config.obj        14      360       904    
    +--+----------------------------+-------+---------+---------+
       Total:                       14      360       904    
                                                             
    C:/Users/amartinezacosta/workspace_v9/freertos_builds_MSP_EXP432P401R_release_ccs/Debug/freertos_builds_MSP_EXP432P401R_release_ccs.lib
       heap_4.obj                   912     0         65600  
       tasks.obj                    4220    0         720    
       HwiPMSP432_freertos.obj      332     0         4104   
       queue.obj                    3108    0         0      
       timers.obj                   1562    0         120    
       pthread.obj                  798     6         40     
       port.obj                     764     8         48     
       ClockP_freertos.obj          598     0         8      
       startup_msp432_ccs.obj       26      324       0      
       list.obj                     298     0         0      
       portasm.obj                  218     0         0      
       SemaphoreP_freertos.obj      206     0         0      
       PowerMSP432_freertos.obj     80      0         0      
       PTLS.obj                     26      0         0      
    +--+----------------------------+-------+---------+---------+
       Total:                       13148   338       70640  
                                                             
    C:/ti/simplelink_msp432p4_sdk_3_40_01_02/source/ti/devices/msp432p4xx/driverlib/ccs/msp432p4xx_driverlib.lib
       cs.o                         1522    0         16     
       interrupt.o                  462     96        464    
       uart.o                       284     0         0      
       sysctl_a.o                   212     0         0      
       i2c.o                        108     0         0      
       cpu.o                        24      0         0      
       sysctl.o                     16      0         0      
    +--+----------------------------+-------+---------+---------+
       Total:                       2628    96        480    
                                                             
    C:/ti/simplelink_msp432p4_sdk_3_40_01_02/source/ti/drivers/lib/drivers_msp432p401x.aem4f
       UARTMSP432.oem4f             3406    81        0      
       PowerMSP432.oem4f            2196    0         728    
       I2CMSP432.oem4f              2028    36        0      
       TimerMSP432.oem4f            1806    124       56     
       UART.oem4f                   166     36        2      
       I2C.oem4f                    172     16        2      
       RingBuf.oem4f                184     0         0      
       Timer.oem4f                  158     12        2      
       List.oem4f                   76      0         0      
    +--+----------------------------+-------+---------+---------+
       Total:                       10192   305       790    
                                                             
    C:\ti\ccs930\ccs\tools\compiler\ti-cgt-arm_18.12.4.LTS\lib\rtsv7M4_T_le_v4SPD16_eabi.lib
       fd_div_t2.asm.obj            310     0         0      
       memcpy_t2.asm.obj            156     0         0      
       memset_t2.asm.obj            122     0         0      
       fd_tos_t2.asm.obj            110     0         0      
       copy_decompress_lzss.c.obj   104     0         0      
       autoinit.c.obj               68      0         0      
       fs_tod_t2.asm.obj            56      0         0      
       boot_cortex_m.c.obj          52      0         0      
       u_tofd_t2.asm.obj            32      0         0      
       copy_decompress_none.c.obj   14      0         0      
       copy_zero_init.c.obj         12      0         0      
       exit.c.obj                   4       0         0      
       pre_init.c.obj               4       0         0      
    +--+----------------------------+-------+---------+---------+
       Total:                       1044    0         0      
                                                             
       Stack:                       0       0         2048   
       Linker Generated:            0       199       0      
    +--+----------------------------+-------+---------+---------+
       Grand Total:                 29212   1354      74910  


LINKER GENERATED COPY TABLES

__TI_cinit_table @ 00007768 records: 3, size/record: 8, table size: 24
	.data: load addr=000076b8, load size=00000093 bytes, run addr=2000834c, run size=00000a1b bytes, compression=lzss
	.bss: load addr=00007758, load size=00000008 bytes, run addr=20000000, run size=0000834c bytes, compression=zero_init
	.vtable: load addr=00007760, load size=00000008 bytes, run addr=20009000, run size=000000e8 bytes, compression=zero_init


LINKER GENERATED HANDLER TABLE

__TI_handler_table @ 0000774c records: 3, size/record: 4, table size: 12
	index: 0, handler: __TI_decompress_lzss
	index: 1, handler: __TI_decompress_none
	index: 2, handler: __TI_zero_init


GLOBAL SYMBOLS: SORTED ALPHABETICALLY BY Name 

address   name                               
-------   ----                               
00007293  Board_init                         
000022b7  Board_initHook                     
0000736d  C$$EXIT                            
0000729f  CPU_cpsid                          
000072ab  CPU_cpsie                          
00006991  CS_clearInterruptFlag              
000026bd  CS_getDCOFrequency                 
00006b91  CS_getMCLK                         
00006e65  CS_setExternalClockSourceFrequency 
00002995  CS_startHFXTWithTimeout            
00002a79  CS_startLFXTWithTimeout            
00006f9f  ClockP_Params_init                 
00006555  ClockP_callbackFxn                 
0000428d  ClockP_create                      
00005c9d  ClockP_delete                      
000070d9  ClockP_setTimeout                  
00006f45  ClockP_start                       
00005721  ClockP_stop                        
00006f63  HwiP_Params_init                   
000058b1  HwiP_create                        
000071bd  HwiP_delete                        
00006ae1  HwiP_disable                       
00006059  HwiP_dispatch                      
2000834c  HwiP_dispatchTable                 
00006bb9  HwiP_inISR                         
00006e85  HwiP_restore                       
00003df3  I2CMSP432_cancel                   
00005191  I2CMSP432_close                    
0000735d  I2CMSP432_control                  
000075e4  I2CMSP432_fxnTable                 
000010e5  I2CMSP432_hwiIntFxn                
0000315f  I2CMSP432_init                     
00000995  I2CMSP432_open                     
000027b5  I2CMSP432_transfer                 
00007205  I2C_Params_init                    
00007648  I2C_config                         
000076ac  I2C_count                          
00007628  I2C_defaultParams                  
00006179  I2C_init                           
000054b1  I2C_masterSendMultiByteFinish      
00006395  I2C_open                           
00007061  I2C_transfer                       
00004c45  Interrupt_disableInterrupt         
00004cc5  Interrupt_enableInterrupt          
000059d1  Interrupt_registerInterrupt        
00005cf1  Interrupt_setPriority              
00006fbd  Interrupt_unregisterInterrupt      
00006cd1  List_put                           
00006cf7  List_remove                        
000070ef  MPU6050_init                       
00006311  MPU6050_raw_accelerometer          
00006353  MPU6050_raw_gyroscope              
00006fd9  MPU6050_read_byte                  
000071cf  MPU6050_sleep                      
00007301  MPU6050_who                        
00006d1d  MPU6050_write_byte                 
20008344  MPU9250_handle                     
0000702d  PTLS_taskDeleteHook                
000074e8  PowerMSP432_config                 
0000551d  PowerMSP432_getFreqs               
00007215  PowerMSP432_getNumPerfLevels       
0000361f  PowerMSP432_initPolicy             
20008cc0  PowerMSP432_module                 
20008b4c  PowerMSP432_perfLevels             
000066fd  PowerMSP432_sleepPolicy            
0000730b  PowerMSP432_updateFreqs            
000072b9  Power_getConstraintMask            
000072c5  Power_getPerformanceLevel          
0000711d  Power_idleFunc                     
000043cd  Power_init                         
00006be1  Power_registerNotify               
000060a1  Power_releaseConstraint            
00006739  Power_setConstraint                
00000145  Power_sleep                        
00006ea5  Power_unregisterNotify             
0000156d  PrintFloat                         
00004889  PrintInteger                       
00006ec5  PrintString                        
000071e1  RingBuf_construct                  
000063d5  RingBuf_get                        
00006ee5  RingBuf_peek                       
00006131  RingBuf_put                        
000076ad  SPI_count                          
00007105  SemaphoreP_Params_init             
00005bf1  SemaphoreP_create                  
000072d1  SemaphoreP_delete                  
000068bf  SemaphoreP_pend                    
00006e21  SemaphoreP_post                    
00007079  SysCtl_A_disableNMISource          
00007091  SysCtl_A_enableNMISource           
00007225  SysCtl_A_getNMISourceStatus        
0000463d  SysCtl_A_getTLVInfo                
00007235  SysCtl_getNMISourceStatus          
00007638  TimerMSP432HWAttrs                 
0000756c  TimerMSP432_Timer32_fxnTable       
00004fb1  TimerMSP432_allocateTimerResource  
00005e8d  TimerMSP432_close                  
00007363  TimerMSP432_control                
00005d45  TimerMSP432_freeTimerResource      
00006771  TimerMSP432_getCount               
00003f47  TimerMSP432_init                   
00001835  TimerMSP432_open                   
00003621  TimerMSP432_setPeriod              
000033d5  TimerMSP432_start                  
00004919  TimerMSP432_stop                   
00007245  Timer_Params_init                  
00007654  Timer_config                       
000076ae  Timer_count                        
000061bd  Timer_init                         
00006415  Timer_open                         
00007315  Timer_start                        
000071f3  UARTDEBUG_init                     
00002b59  UARTDEBUG_printf                   
00004765  UARTMSP432_close                   
00003a7d  UARTMSP432_control                 
00007520  UARTMSP432_fxnTable                
00003309  UARTMSP432_hwiIntFxn               
00004faf  UARTMSP432_init                    
0000043d  UARTMSP432_open                    
00006455  UARTMSP432_read                    
00006889  UARTMSP432_readCancel              
00002d19  UARTMSP432_readPolling             
00003e9f  UARTMSP432_write                   
000052f1  UARTMSP432_writeCancel             
00003b31  UARTMSP432_writePolling            
000070a9  UART_Params_init                   
000075fc  UART_config                        
000076af  UART_count                         
00007548  UART_defaultParams                 
20008338  UART_handles                       
00006201  UART_init                          
00001e59  UART_initModule                    
00006495  UART_open                          
0000731f  UART_write                         
4000480c  WDTCTL_SYM                         
20010000  __STACK_END                        
00000400  __STACK_SIZE                       
00007768  __TI_CINIT_Base                    
00007780  __TI_CINIT_Limit                   
0000774c  __TI_Handler_Table_Base            
00007758  __TI_Handler_Table_Limit           
00006245  __TI_auto_init_nobinit_nopinit     
00005585  __TI_decompress_lzss               
00007285  __TI_decompress_none               
ffffffff  __TI_pprof_out_hndl                
ffffffff  __TI_prof_data_size                
ffffffff  __TI_prof_data_start               
000076b8  __TI_static_base__                 
000072dd  __TI_zero_init                     
00005441  __aeabi_d2f                        
00001bf9  __aeabi_ddiv                       
00006851  __aeabi_f2d                        
00004ebb  __aeabi_memclr                     
00004ebb  __aeabi_memclr4                    
00004ebb  __aeabi_memclr8                    
00004469  __aeabi_memcpy                     
00004469  __aeabi_memcpy4                    
00004469  __aeabi_memcpy8                    
00004ebd  __aeabi_memset                     
00004ebd  __aeabi_memset4                    
00004ebd  __aeabi_memset8                    
00006f25  __aeabi_ui2d                       
ffffffff  __binit__                          
ffffffff  __c_args__                         
UNDEFED   __mpu_init                         
2000fc00  __stack                            
000068f5  _c_int00_noargs                    
00006d43  _pthread_cleanup_pop               
UNDEFED   _system_post_cinit                 
00007369  _system_pre_init                   
0000736d  abort                              
ffffffff  binit                              
20009000  g_pfnRAMVectors                    
00007614  i2cMSP432HWAttrs                   
200081c8  i2cMSP432Objects                   
00005029  i2c_dev_init                       
00005e3d  i2c_dev_read                       
00005edd  i2c_dev_write                      
20008d66  i2c_initialized                    
00000000  interruptVectors                   
00005361  main                               
00000d61  mainThread                         
00004469  memcpy                             
00004ec3  memset                             
000072e9  millis                             
00006ff5  pthread_attr_init                  
00006e43  pthread_attr_setdetachstate        
00006c81  pthread_attr_setschedparam         
00007159  pthread_attr_setstacksize          
00001ac1  pthread_create                     
00005a89  pthread_exit                       
0000716d  pthread_self                       
00006593  pthread_setcancelstate             
00001269  pvPortMalloc                       
00006649  pvTaskGetThreadLocalStoragePointer 
00007011  pvTaskIncrementMutexHeldCount      
00006ab1  pvTimerGetTimerID                  
20008c8c  pxCurrentTCB                       
00005911  pxPortInitialiseStack              
00007181  resetISR                           
000057e9  time_dev_init                      
20008348  timer                              
20008218  timerMSP432Objects                 
000070c1  timer_dev_callback                 
20008d54  timer_millis                       
20008d58  timer_open                         
20008000  uartMSP432Objects                  
00004b3d  uart_dev_init                      
00006db5  uart_dev_print_char                
20008d59  uart_open                          
00007684  ulMaxSyscallInterruptPriority      
00002fbd  ulPortGetIPSR                      
000060e9  uxListRemove                       
00005edb  vApplicationMallocFailedHook       
00007329  vApplicationStackOverflowHook      
00006a21  vListInitialise                    
00007265  vListInitialiseItem                
000056bb  vListInsert                        
00006685  vListInsertEnd                     
00003079  vPortEnableVFP                     
0000600d  vPortEnterCritical                 
00006a51  vPortExitCritical                  
00004099  vPortFree                          
00003035  vPortSVCHandler                    
00005119  vPortSetupTimerInterrupt           
00003055  vPortStartFirstTask                
00007333  vPortSuppressTicksAndSleep         
0000527d  vPortValidateInterruptPriority     
00006dd9  vQueueDelete                       
00005ae5  vQueueWaitForMessageRestricted     
000024c1  vTaskDelete                        
00006dfd  vTaskInternalSetTimeOutState       
000072f5  vTaskMissedYield                   
0000695d  vTaskPlaceOnEventList              
00006515  vTaskPlaceOnEventListRestricted    
000023bd  vTaskPriorityDisinheritAfterTimeout
00006b39  vTaskSetApplicationTaskTag         
000046d1  vTaskStartScheduler                
000025c1  vTaskSuspend                       
00007275  vTaskSuspendAll                    
00002ed1  vTaskSwitchContext                 
00002fd5  xPortPendSVHandler                 
00003239  xPortStartScheduler                
00006b65  xPortSysTickHandler                
00005b99  xQueueCreateCountingSemaphore      
00005971  xQueueGenericCreate                
000039c5  xQueueGenericReset                 
00000f2d  xQueueGenericSend                  
000021ad  xQueueGenericSendFromISR           
000028a5  xQueueGiveFromISR                  
000013ed  xQueueReceive                      
00003087  xQueueReceiveFromISR               
00000b8d  xQueueSemaphoreTake                
00003c95  xTaskCheckForTimeOut               
00004f35  xTaskCreate                        
00006ca9  xTaskGetApplicationTaskTag         
00007195  xTaskGetCurrentTaskHandle          
00006a81  xTaskGetSchedulerState             
000071a9  xTaskGetTickCount                  
00001981  xTaskIncrementTick                 
00002c39  xTaskPriorityDisinherit            
00003161  xTaskPriorityInherit               
00004141  xTaskRemoveFromEventList           
00002091  xTaskResumeAll                     
000066c1  xTimerCreate                       
00005d99  xTimerCreateTimerTask              
00004bc1  xTimerGenericCommand               


GLOBAL SYMBOLS: SORTED BY Symbol Address 

address   name                               
-------   ----                               
00000000  interruptVectors                   
00000145  Power_sleep                        
00000400  __STACK_SIZE                       
0000043d  UARTMSP432_open                    
00000995  I2CMSP432_open                     
00000b8d  xQueueSemaphoreTake                
00000d61  mainThread                         
00000f2d  xQueueGenericSend                  
000010e5  I2CMSP432_hwiIntFxn                
00001269  pvPortMalloc                       
000013ed  xQueueReceive                      
0000156d  PrintFloat                         
00001835  TimerMSP432_open                   
00001981  xTaskIncrementTick                 
00001ac1  pthread_create                     
00001bf9  __aeabi_ddiv                       
00001e59  UART_initModule                    
00002091  xTaskResumeAll                     
000021ad  xQueueGenericSendFromISR           
000022b7  Board_initHook                     
000023bd  vTaskPriorityDisinheritAfterTimeout
000024c1  vTaskDelete                        
000025c1  vTaskSuspend                       
000026bd  CS_getDCOFrequency                 
000027b5  I2CMSP432_transfer                 
000028a5  xQueueGiveFromISR                  
00002995  CS_startHFXTWithTimeout            
00002a79  CS_startLFXTWithTimeout            
00002b59  UARTDEBUG_printf                   
00002c39  xTaskPriorityDisinherit            
00002d19  UARTMSP432_readPolling             
00002ed1  vTaskSwitchContext                 
00002fbd  ulPortGetIPSR                      
00002fd5  xPortPendSVHandler                 
00003035  vPortSVCHandler                    
00003055  vPortStartFirstTask                
00003079  vPortEnableVFP                     
00003087  xQueueReceiveFromISR               
0000315f  I2CMSP432_init                     
00003161  xTaskPriorityInherit               
00003239  xPortStartScheduler                
00003309  UARTMSP432_hwiIntFxn               
000033d5  TimerMSP432_start                  
0000361f  PowerMSP432_initPolicy             
00003621  TimerMSP432_setPeriod              
000039c5  xQueueGenericReset                 
00003a7d  UARTMSP432_control                 
00003b31  UARTMSP432_writePolling            
00003c95  xTaskCheckForTimeOut               
00003df3  I2CMSP432_cancel                   
00003e9f  UARTMSP432_write                   
00003f47  TimerMSP432_init                   
00004099  vPortFree                          
00004141  xTaskRemoveFromEventList           
0000428d  ClockP_create                      
000043cd  Power_init                         
00004469  __aeabi_memcpy                     
00004469  __aeabi_memcpy4                    
00004469  __aeabi_memcpy8                    
00004469  memcpy                             
0000463d  SysCtl_A_getTLVInfo                
000046d1  vTaskStartScheduler                
00004765  UARTMSP432_close                   
00004889  PrintInteger                       
00004919  TimerMSP432_stop                   
00004b3d  uart_dev_init                      
00004bc1  xTimerGenericCommand               
00004c45  Interrupt_disableInterrupt         
00004cc5  Interrupt_enableInterrupt          
00004ebb  __aeabi_memclr                     
00004ebb  __aeabi_memclr4                    
00004ebb  __aeabi_memclr8                    
00004ebd  __aeabi_memset                     
00004ebd  __aeabi_memset4                    
00004ebd  __aeabi_memset8                    
00004ec3  memset                             
00004f35  xTaskCreate                        
00004faf  UARTMSP432_init                    
00004fb1  TimerMSP432_allocateTimerResource  
00005029  i2c_dev_init                       
00005119  vPortSetupTimerInterrupt           
00005191  I2CMSP432_close                    
0000527d  vPortValidateInterruptPriority     
000052f1  UARTMSP432_writeCancel             
00005361  main                               
00005441  __aeabi_d2f                        
000054b1  I2C_masterSendMultiByteFinish      
0000551d  PowerMSP432_getFreqs               
00005585  __TI_decompress_lzss               
000056bb  vListInsert                        
00005721  ClockP_stop                        
000057e9  time_dev_init                      
000058b1  HwiP_create                        
00005911  pxPortInitialiseStack              
00005971  xQueueGenericCreate                
000059d1  Interrupt_registerInterrupt        
00005a89  pthread_exit                       
00005ae5  vQueueWaitForMessageRestricted     
00005b99  xQueueCreateCountingSemaphore      
00005bf1  SemaphoreP_create                  
00005c9d  ClockP_delete                      
00005cf1  Interrupt_setPriority              
00005d45  TimerMSP432_freeTimerResource      
00005d99  xTimerCreateTimerTask              
00005e3d  i2c_dev_read                       
00005e8d  TimerMSP432_close                  
00005edb  vApplicationMallocFailedHook       
00005edd  i2c_dev_write                      
0000600d  vPortEnterCritical                 
00006059  HwiP_dispatch                      
000060a1  Power_releaseConstraint            
000060e9  uxListRemove                       
00006131  RingBuf_put                        
00006179  I2C_init                           
000061bd  Timer_init                         
00006201  UART_init                          
00006245  __TI_auto_init_nobinit_nopinit     
00006311  MPU6050_raw_accelerometer          
00006353  MPU6050_raw_gyroscope              
00006395  I2C_open                           
000063d5  RingBuf_get                        
00006415  Timer_open                         
00006455  UARTMSP432_read                    
00006495  UART_open                          
00006515  vTaskPlaceOnEventListRestricted    
00006555  ClockP_callbackFxn                 
00006593  pthread_setcancelstate             
00006649  pvTaskGetThreadLocalStoragePointer 
00006685  vListInsertEnd                     
000066c1  xTimerCreate                       
000066fd  PowerMSP432_sleepPolicy            
00006739  Power_setConstraint                
00006771  TimerMSP432_getCount               
00006851  __aeabi_f2d                        
00006889  UARTMSP432_readCancel              
000068bf  SemaphoreP_pend                    
000068f5  _c_int00_noargs                    
0000695d  vTaskPlaceOnEventList              
00006991  CS_clearInterruptFlag              
00006a21  vListInitialise                    
00006a51  vPortExitCritical                  
00006a81  xTaskGetSchedulerState             
00006ab1  pvTimerGetTimerID                  
00006ae1  HwiP_disable                       
00006b39  vTaskSetApplicationTaskTag         
00006b65  xPortSysTickHandler                
00006b91  CS_getMCLK                         
00006bb9  HwiP_inISR                         
00006be1  Power_registerNotify               
00006c81  pthread_attr_setschedparam         
00006ca9  xTaskGetApplicationTaskTag         
00006cd1  List_put                           
00006cf7  List_remove                        
00006d1d  MPU6050_write_byte                 
00006d43  _pthread_cleanup_pop               
00006db5  uart_dev_print_char                
00006dd9  vQueueDelete                       
00006dfd  vTaskInternalSetTimeOutState       
00006e21  SemaphoreP_post                    
00006e43  pthread_attr_setdetachstate        
00006e65  CS_setExternalClockSourceFrequency 
00006e85  HwiP_restore                       
00006ea5  Power_unregisterNotify             
00006ec5  PrintString                        
00006ee5  RingBuf_peek                       
00006f25  __aeabi_ui2d                       
00006f45  ClockP_start                       
00006f63  HwiP_Params_init                   
00006f9f  ClockP_Params_init                 
00006fbd  Interrupt_unregisterInterrupt      
00006fd9  MPU6050_read_byte                  
00006ff5  pthread_attr_init                  
00007011  pvTaskIncrementMutexHeldCount      
0000702d  PTLS_taskDeleteHook                
00007061  I2C_transfer                       
00007079  SysCtl_A_disableNMISource          
00007091  SysCtl_A_enableNMISource           
000070a9  UART_Params_init                   
000070c1  timer_dev_callback                 
000070d9  ClockP_setTimeout                  
000070ef  MPU6050_init                       
00007105  SemaphoreP_Params_init             
0000711d  Power_idleFunc                     
00007159  pthread_attr_setstacksize          
0000716d  pthread_self                       
00007181  resetISR                           
00007195  xTaskGetCurrentTaskHandle          
000071a9  xTaskGetTickCount                  
000071bd  HwiP_delete                        
000071cf  MPU6050_sleep                      
000071e1  RingBuf_construct                  
000071f3  UARTDEBUG_init                     
00007205  I2C_Params_init                    
00007215  PowerMSP432_getNumPerfLevels       
00007225  SysCtl_A_getNMISourceStatus        
00007235  SysCtl_getNMISourceStatus          
00007245  Timer_Params_init                  
00007265  vListInitialiseItem                
00007275  vTaskSuspendAll                    
00007285  __TI_decompress_none               
00007293  Board_init                         
0000729f  CPU_cpsid                          
000072ab  CPU_cpsie                          
000072b9  Power_getConstraintMask            
000072c5  Power_getPerformanceLevel          
000072d1  SemaphoreP_delete                  
000072dd  __TI_zero_init                     
000072e9  millis                             
000072f5  vTaskMissedYield                   
00007301  MPU6050_who                        
0000730b  PowerMSP432_updateFreqs            
00007315  Timer_start                        
0000731f  UART_write                         
00007329  vApplicationStackOverflowHook      
00007333  vPortSuppressTicksAndSleep         
0000735d  I2CMSP432_control                  
00007363  TimerMSP432_control                
00007369  _system_pre_init                   
0000736d  C$$EXIT                            
0000736d  abort                              
000074e8  PowerMSP432_config                 
00007520  UARTMSP432_fxnTable                
00007548  UART_defaultParams                 
0000756c  TimerMSP432_Timer32_fxnTable       
000075e4  I2CMSP432_fxnTable                 
000075fc  UART_config                        
00007614  i2cMSP432HWAttrs                   
00007628  I2C_defaultParams                  
00007638  TimerMSP432HWAttrs                 
00007648  I2C_config                         
00007654  Timer_config                       
00007684  ulMaxSyscallInterruptPriority      
000076ac  I2C_count                          
000076ad  SPI_count                          
000076ae  Timer_count                        
000076af  UART_count                         
000076b8  __TI_static_base__                 
0000774c  __TI_Handler_Table_Base            
00007758  __TI_Handler_Table_Limit           
00007768  __TI_CINIT_Base                    
00007780  __TI_CINIT_Limit                   
20008000  uartMSP432Objects                  
200081c8  i2cMSP432Objects                   
20008218  timerMSP432Objects                 
20008338  UART_handles                       
20008344  MPU9250_handle                     
20008348  timer                              
2000834c  HwiP_dispatchTable                 
20008b4c  PowerMSP432_perfLevels             
20008c8c  pxCurrentTCB                       
20008cc0  PowerMSP432_module                 
20008d54  timer_millis                       
20008d58  timer_open                         
20008d59  uart_open                          
20008d66  i2c_initialized                    
20009000  g_pfnRAMVectors                    
2000fc00  __stack                            
20010000  __STACK_END                        
4000480c  WDTCTL_SYM                         
ffffffff  __TI_pprof_out_hndl                
ffffffff  __TI_prof_data_size                
ffffffff  __TI_prof_data_start               
ffffffff  __binit__                          
ffffffff  __c_args__                         
ffffffff  binit                              
UNDEFED   __mpu_init                         
UNDEFED   _system_post_cinit                 

[267 symbols]
