******************************************************************************
                  TI ARM Linker PC v18.12.4                    
******************************************************************************
>> Linked Wed Sep  9 21:37:47 2020

OUTPUT FILE NAME:   <HAL.out>
ENTRY POINT SYMBOL: "resetISR"  address: 00007725


MEMORY CONFIGURATION

         name            origin    length      used     unused   attr    fill
----------------------  --------  ---------  --------  --------  ----  --------
  MAIN                  00000000   00040000  00007d24  000382dc  R  X
  INFO                  00200000   00004000  00000000  00004000  R  X
  SRAM_CODE             01000000   00010000  00009295  00006d6b  RW X
  SRAM_DATA             20000000   00010000  00009295  00006d6b  RW  


SEGMENT ALLOCATION MAP

run origin  load origin   length   init length attrs members
----------  ----------- ---------- ----------- ----- -------
00000000    00000000    00007d28   00007d28    r-x
  00000000    00000000    00000144   00000144    r-- .intvecs
  00000144    00000144    000077da   000077da    r-x .text
  00007920    00007920    0000033e   0000033e    r-- .const
  00007c60    00007c60    000000c8   000000c8    r-- .cinit
20000000    20000000    00008dae   00000000    rw-
  20000000    20000000    00008393   00000000    rw- .bss
  20008394    20008394    00000a1a   00000000    rw- .data
20009000    20009000    000000e8   00000000    rw-
  20009000    20009000    000000e8   00000000    rw- .vtable
2000fc00    2000fc00    00000400   00000000    rw-
  2000fc00    2000fc00    00000400   00000000    rw- .stack


SECTION ALLOCATION MAP

 output                                  attributes/
section   page    origin      length       input sections
--------  ----  ----------  ----------   ----------------
.text      0    00000144    000077da     
                  00000144    000002f8     drivers_msp432p401x.aem4f : PowerMSP432.oem4f (.text:Power_sleep)
                  0000043c    000002d0                               : UARTMSP432.oem4f (.text:UARTMSP432_open)
                  0000070c    00000288                               : PowerMSP432.oem4f (.text:initPerfControl)
                  00000994    000001f8                               : I2CMSP432.oem4f (.text:I2CMSP432_open)
                  00000b8c    000001d4     freertos_builds_MSP_EXP432P401R_release_ccs.lib : queue.obj (.text:xQueueSemaphoreTake)
                  00000d60    000001b8                                                     : queue.obj (.text:xQueueGenericSend)
                  00000f18    00000184     drivers_msp432p401x.aem4f : I2CMSP432.oem4f (.text:I2CMSP432_hwiIntFxn)
                  0000109c    00000184     freertos_builds_MSP_EXP432P401R_release_ccs.lib : heap_4.obj (.text:pvPortMalloc)
                  00001220    00000180                                                     : queue.obj (.text:xQueueReceive)
                  000013a0    00000164     UARTDEBUG.obj (.text:PrintFloat)
                  00001504    00000164     freertos_builds_MSP_EXP432P401R_release_ccs.lib : timers.obj (.text:prvProcessReceivedCommands)
                  00001668    0000014c     drivers_msp432p401x.aem4f : TimerMSP432.oem4f (.text:TimerMSP432_open)
                  000017b4    00000140     freertos_builds_MSP_EXP432P401R_release_ccs.lib : tasks.obj (.text:xTaskIncrementTick)
                  000018f4    00000138                                                     : pthread.obj (.text:pthread_create)
                  00001a2c    00000136     rtsv7M4_T_le_v4SPD16_eabi.lib : fd_div_t2.asm.obj (.text)
                  00001b62    0000012a     freertos_builds_MSP_EXP432P401R_release_ccs.lib : tasks.obj (.text:prvInitialiseNewTask)
                  00001c8c    00000124     BME280.obj (.text:BME280_coefficients)
                  00001db0    0000011c     msp432p4xx_driverlib.lib : uart.o (.text:UART_initModule)
                  00001ecc    0000011c     drivers_msp432p401x.aem4f : I2CMSP432.oem4f (.text:primeTransfer)
                  00001fe8    0000011c     freertos_builds_MSP_EXP432P401R_release_ccs.lib : tasks.obj (.text:xTaskResumeAll)
                  00002104    0000010a                                                     : queue.obj (.text:xQueueGenericSendFromISR)
                  0000220e    00000002     ti_drivers_config.obj (.text:Board_initHook)
                  00002210    00000104     msp432p4xx_driverlib.lib : cs.o (.text:_CSComputeCLKFrequency)
                  00002314    00000104     freertos_builds_MSP_EXP432P401R_release_ccs.lib : tasks.obj (.text:vTaskPriorityDisinheritAfterTimeout)
                  00002418    00000100     MPU9250.obj (.text:AK8963_init)
                  00002518    00000100     freertos_builds_MSP_EXP432P401R_release_ccs.lib : tasks.obj (.text:vTaskDelete)
                  00002618    000000fc                                                     : tasks.obj (.text:vTaskSuspend)
                  00002714    000000f8     msp432p4xx_driverlib.lib : cs.o (.text:CS_getDCOFrequency)
                  0000280c    000000f0     drivers_msp432p401x.aem4f : I2CMSP432.oem4f (.text:I2CMSP432_transfer)
                  000028fc    000000f0     freertos_builds_MSP_EXP432P401R_release_ccs.lib : queue.obj (.text:xQueueGiveFromISR)
                  000029ec    000000e4     msp432p4xx_driverlib.lib : cs.o (.text:CS_startHFXTWithTimeout)
                  00002ad0    000000e0                              : cs.o (.text:CS_startLFXTWithTimeout)
                  00002bb0    000000e0     UARTDEBUG.obj (.text:UARTDEBUG_printf)
                  00002c90    000000e0     freertos_builds_MSP_EXP432P401R_release_ccs.lib : tasks.obj (.text:xTaskPriorityDisinherit)
                  00002d70    000000dc     drivers_msp432p401x.aem4f : UARTMSP432.oem4f (.text:UARTMSP432_readPolling)
                  00002e4c    000000dc     msp432p4xx_driverlib.lib : cs.o (.text:_CSGetHFXTFrequency)
                  00002f28    000000dc     freertos_builds_MSP_EXP432P401R_release_ccs.lib : tasks.obj (.text:vTaskSwitchContext)
                  00003004    000000da                                                     : portasm.obj (.text)
                  000030de    000000d8                                                     : queue.obj (.text:xQueueReceiveFromISR)
                  000031b6    00000002     drivers_msp432p401x.aem4f : I2CMSP432.oem4f (.text:I2CMSP432_init)
                  000031b8    000000d8     freertos_builds_MSP_EXP432P401R_release_ccs.lib : tasks.obj (.text:xTaskPriorityInherit)
                  00003290    000000d0                                                     : port.obj (.text:xPortStartScheduler)
                  00003360    000000ca     drivers_msp432p401x.aem4f : UARTMSP432.oem4f (.text:UARTMSP432_hwiIntFxn)
                  0000342a    00000002     msp432p4xx_driverlib.lib : interrupt.o (.text:IntDefaultHandler)
                  0000342c    000000c8     drivers_msp432p401x.aem4f : TimerMSP432.oem4f (.text:TimerMSP432_start)
                  000034f4    000000c4     freertos_builds_MSP_EXP432P401R_release_ccs.lib : tasks.obj (.text:prvAddNewTaskToReadyList)
                  000035b8    000000be                                                     : queue.obj (.text:prvCopyDataToQueue)
                  00003676    00000002                                                     : PowerMSP432_freertos.obj (.text:PowerMSP432_initPolicy)
                  00003678    000000bc     drivers_msp432p401x.aem4f : TimerMSP432.oem4f (.text:TimerMSP432_setPeriod)
                  00003734    000000bc     freertos_builds_MSP_EXP432P401R_release_ccs.lib : heap_4.obj (.text:prvHeapInit)
                  000037f0    000000bc                                                     : timers.obj (.text:prvSwitchTimerLists)
                  000038ac    000000b8     drivers_msp432p401x.aem4f : UARTMSP432.oem4f (.text:initHw)
                  00003964    000000b8                               : UARTMSP432.oem4f (.text:readTaskCallback)
                  00003a1c    000000b8     freertos_builds_MSP_EXP432P401R_release_ccs.lib : queue.obj (.text:xQueueGenericReset)
                  00003ad4    000000b4     drivers_msp432p401x.aem4f : UARTMSP432.oem4f (.text:UARTMSP432_control)
                  00003b88    000000b4                               : UARTMSP432.oem4f (.text:UARTMSP432_writePolling)
                  00003c3c    000000b4     hal_main.obj (.text:mainThread)
                  00003cf0    000000b0     freertos_builds_MSP_EXP432P401R_release_ccs.lib : tasks.obj (.text:prvAddCurrentTaskToDelayedList)
                  00003da0    000000b0                                                     : tasks.obj (.text:xTaskCheckForTimeOut)
                  00003e50    000000ae                                                     : queue.obj (.text:prvUnlockQueue)
                  00003efe    000000ac     drivers_msp432p401x.aem4f : I2CMSP432.oem4f (.text:I2CMSP432_cancel)
                  00003faa    000000a8                               : UARTMSP432.oem4f (.text:UARTMSP432_write)
                  00004052    00000002                               : TimerMSP432.oem4f (.text:TimerMSP432_init)
                  00004054    000000a8     freertos_builds_MSP_EXP432P401R_release_ccs.lib : heap_4.obj (.text:prvInsertBlockIntoFreeList)
                  000040fc    000000a8     drivers_msp432p401x.aem4f : UARTMSP432.oem4f (.text:readTaskBlocking)
                  000041a4    000000a8     freertos_builds_MSP_EXP432P401R_release_ccs.lib : heap_4.obj (.text:vPortFree)
                  0000424c    000000a8                                                     : tasks.obj (.text:xTaskRemoveFromEventList)
                  000042f4    000000a4     drivers_msp432p401x.aem4f : TimerMSP432.oem4f (.text:initTimerHardware)
                  00004398    000000a0     freertos_builds_MSP_EXP432P401R_release_ccs.lib : ClockP_freertos.obj (.text:ClockP_create)
                  00004438    000000a0     drivers_msp432p401x.aem4f : UARTMSP432.oem4f (.text:readIsrTextCallback)
                  000044d8    0000009c                               : PowerMSP432.oem4f (.text:Power_init)
                  00004574    0000009c     rtsv7M4_T_le_v4SPD16_eabi.lib : memcpy_t2.asm.obj (.text)
                  00004610    0000009c     drivers_msp432p401x.aem4f : TimerMSP432.oem4f (.text:setT32TickCount)
                  000046ac    0000009c                               : TimerMSP432.oem4f (.text:setTATickCount)
                  00004748    00000094     msp432p4xx_driverlib.lib : sysctl_a.o (.text:SysCtl_A_getTLVInfo)
                  000047dc    00000094     freertos_builds_MSP_EXP432P401R_release_ccs.lib : tasks.obj (.text:vTaskStartScheduler)
                  00004870    00000092     drivers_msp432p401x.aem4f : UARTMSP432.oem4f (.text:UARTMSP432_close)
                  00004902    00000092                               : UARTMSP432.oem4f (.text:writeData)
                  00004994    0000008c                               : TimerMSP432.oem4f (.text:TimerMSP432_stop)
                  00004a20    0000008c                               : UARTMSP432.oem4f (.text:readIsrTextBlocking)
                  00004aac    0000008a     UARTDEBUG.obj (.text:PrintInteger)
                  00004b36    00000002     drivers_msp432p401x.aem4f : UARTMSP432.oem4f (.text:UARTMSP432_init)
                  00004b38    00000088     freertos_builds_MSP_EXP432P401R_release_ccs.lib : timers.obj (.text:prvProcessTimerOrBlockTask)
                  00004bc0    00000088     uart_dev.obj (.text:uart_dev_init)
                  00004c48    00000084     drivers_msp432p401x.aem4f : PowerMSP432.oem4f (.text:restartHFXT)
                  00004ccc    00000084     freertos_builds_MSP_EXP432P401R_release_ccs.lib : timers.obj (.text:xTimerGenericCommand)
                  00004d50    00000080     msp432p4xx_driverlib.lib : interrupt.o (.text:Interrupt_disableInterrupt)
                  00004dd0    00000080                              : interrupt.o (.text:Interrupt_enableInterrupt)
                  00004e50    00000080     freertos_builds_MSP_EXP432P401R_release_ccs.lib : timers.obj (.text:prvProcessExpiredTimer)
                  00004ed0    0000007c     msp432p4xx_driverlib.lib : cs.o (.text:_CSGetDOCFrequency)
                  00004f4c    0000007c     i2c_dev.obj (.text:i2c_dev_init)
                  00004fc8    0000007a     freertos_builds_MSP_EXP432P401R_release_ccs.lib : pthread.obj (.text:removeThreadKeys)
                  00005042    0000007a     rtsv7M4_T_le_v4SPD16_eabi.lib : memset_t2.asm.obj (.text)
                  000050bc    0000007a     freertos_builds_MSP_EXP432P401R_release_ccs.lib : tasks.obj (.text:xTaskCreate)
                  00005136    00000078     GPS.obj (.text:GPS_read)
                  000051ae    00000002     freertos_builds_MSP_EXP432P401R_release_ccs.lib : startup_msp432_ccs.obj (.text:defaultISR)
                  000051b0    00000078     drivers_msp432p401x.aem4f : TimerMSP432.oem4f (.text:TimerMSP432_allocateTimerResource)
                  00005228    00000078     freertos_builds_MSP_EXP432P401R_release_ccs.lib : timers.obj (.text:prvInsertTimerInActiveList)
                  000052a0    00000078                                                     : port.obj (.text:vPortSetupTimerInterrupt)
                  00005318    00000076     drivers_msp432p401x.aem4f : I2CMSP432.oem4f (.text:I2CMSP432_close)
                  0000538e    00000002     freertos_builds_MSP_EXP432P401R_release_ccs.lib : startup_msp432_ccs.obj (.text:faultISR)
                  00005390    00000074                                                     : tasks.obj (.text:prvInitialiseTaskLists)
                  00005404    00000074                                                     : port.obj (.text:vPortValidateInterruptPriority)
                  00005478    00000070     drivers_msp432p401x.aem4f : UARTMSP432.oem4f (.text:UARTMSP432_writeCancel)
                  000054e8    00000070     freertos_builds_MSP_EXP432P401R_release_ccs.lib : ClockP_freertos.obj (.text:setClockObjTimeout)
                  00005558    0000006e     rtsv7M4_T_le_v4SPD16_eabi.lib : fd_tos_t2.asm.obj (.text)
                  000055c6    00000002     freertos_builds_MSP_EXP432P401R_release_ccs.lib : startup_msp432_ccs.obj (.text:nmiISR)
                  000055c8    0000006c     msp432p4xx_driverlib.lib : i2c.o (.text:I2C_masterSendMultiByteFinish)
                  00005634    00000068     drivers_msp432p401x.aem4f : PowerMSP432.oem4f (.text:PowerMSP432_getFreqs)
                  0000569c    00000068     rtsv7M4_T_le_v4SPD16_eabi.lib : copy_decompress_lzss.c.obj (.text:decompress:lzss:__TI_decompress_lzss)
                  00005704    00000068     drivers_msp432p401x.aem4f : I2CMSP432.oem4f (.text:initHw)
                  0000576c    00000066     freertos_builds_MSP_EXP432P401R_release_ccs.lib : timers.obj (.text:prvInitialiseNewTimer)
                  000057d2    00000066                                                     : list.obj (.text:vListInsert)
                  00005838    00000064                                                     : ClockP_freertos.obj (.text:ClockP_stop)
                  0000589c    00000064     main.obj (.text:main)
                  00005900    00000064     freertos_builds_MSP_EXP432P401R_release_ccs.lib : tasks.obj (.text:prvGetExpectedIdleTime)
                  00005964    00000062     msp432p4xx_driverlib.lib : cs.o (.text:_CSGetDividerValue)
                  000059c6    00000002     main.obj (.text:vApplicationMallocFailedHook)
                  000059c8    00000060     BME280.obj (.text:BME280_init)
                  00005a28    00000060     freertos_builds_MSP_EXP432P401R_release_ccs.lib : HwiPMSP432_freertos.obj (.text:HwiP_create)
                  00005a88    00000060     MPU9250.obj (.text:MPU9250_init)
                  00005ae8    00000060     freertos_builds_MSP_EXP432P401R_release_ccs.lib : port.obj (.text:pxPortInitialiseStack)
                  00005b48    00000060                                                     : queue.obj (.text:xQueueGenericCreate)
                  00005ba8    0000005c     msp432p4xx_driverlib.lib : interrupt.o (.text:Interrupt_registerInterrupt)
                  00005c04    0000005c     freertos_builds_MSP_EXP432P401R_release_ccs.lib : tasks.obj (.text:prvIdleTask)
                  00005c60    0000005c                                                     : pthread.obj (.text:pthread_exit)
                  00005cbc    0000005c                                                     : queue.obj (.text:vQueueWaitForMessageRestricted)
                  00005d18    0000005c                                                     : tasks.obj (.text:vTaskDelay)
                  00005d74    00000058     drivers_msp432p401x.aem4f : UARTMSP432.oem4f (.text:readIsrBinaryBlocking)
                  00005dcc    00000058     time_dev.obj (.text:time_dev_init)
                  00005e24    00000058     freertos_builds_MSP_EXP432P401R_release_ccs.lib : queue.obj (.text:xQueueCreateCountingSemaphore)
                  00005e7c    00000056                                                     : SemaphoreP_freertos.obj (.text:SemaphoreP_create)
                  00005ed2    00000056     drivers_msp432p401x.aem4f : I2CMSP432.oem4f (.text:completeTransfer)
                  00005f28    00000054     freertos_builds_MSP_EXP432P401R_release_ccs.lib : ClockP_freertos.obj (.text:ClockP_delete)
                  00005f7c    00000054     msp432p4xx_driverlib.lib : interrupt.o (.text:Interrupt_setPriority)
                  00005fd0    00000054     drivers_msp432p401x.aem4f : TimerMSP432.oem4f (.text:TimerMSP432_freeTimerResource)
                  00006024    00000054     freertos_builds_MSP_EXP432P401R_release_ccs.lib : timers.obj (.text:xTimerCreateTimerTask)
                  00006078    00000050     drivers_msp432p401x.aem4f : TimerMSP432.oem4f (.text:TimerMSP432_hwiIntFunction)
                  000060c8    00000050     i2c_dev.obj (.text:i2c_dev_read)
                  00006118    0000004e     BME280.obj (.text:BME280_pressure_sampling)
                  00006166    0000004e     BME280.obj (.text:BME280_temperature_sampling)
                  000061b4    0000004e     drivers_msp432p401x.aem4f : TimerMSP432.oem4f (.text:TimerMSP432_close)
                  00006202    0000004c     BME280.obj (.text:BME280_humid_sampling)
                  0000624e    00000002     --HOLE-- [fill = 0]
                  00006250    0000004c     i2c_dev.obj (.text:i2c_dev_write)
                  0000629c    0000004c     freertos_builds_MSP_EXP432P401R_release_ccs.lib : timers.obj (.text:prvCheckForValidListAndQueue)
                  000062e8    0000004c                                                     : tasks.obj (.text:prvCheckTasksWaitingTermination)
                  00006334    0000004c     drivers_msp432p401x.aem4f : UARTMSP432.oem4f (.text:readIsrBinaryCallback)
                  00006380    0000004c     freertos_builds_MSP_EXP432P401R_release_ccs.lib : port.obj (.text:vPortEnterCritical)
                  000063cc    0000004c                                                     : tasks.obj (.text:vTaskSetThreadLocalStoragePointer)
                  00006418    00000048                                                     : HwiPMSP432_freertos.obj (.text:HwiP_dispatch)
                  00006460    00000048     drivers_msp432p401x.aem4f : PowerMSP432.oem4f (.text:Power_releaseConstraint)
                  000064a8    00000048     freertos_builds_MSP_EXP432P401R_release_ccs.lib : list.obj (.text:uxListRemove)
                  000064f0    00000046     drivers_msp432p401x.aem4f : RingBuf.oem4f (.text:RingBuf_put)
                  00006536    00000002     --HOLE-- [fill = 0]
                  00006538    00000044                               : I2C.oem4f (.text:I2C_init)
                  0000657c    00000044                               : Timer.oem4f (.text:Timer_init)
                  000065c0    00000044                               : UART.oem4f (.text:UART_init)
                  00006604    00000044     rtsv7M4_T_le_v4SPD16_eabi.lib : autoinit.c.obj (.text:__TI_auto_init_nobinit_nopinit:__TI_auto_init_nobinit_nopinit)
                  00006648    00000044     drivers_msp432p401x.aem4f : I2CMSP432.oem4f (.text:perfChangeNotifyFxn)
                  0000668c    00000044     freertos_builds_MSP_EXP432P401R_release_ccs.lib : queue.obj (.text:prvInitialiseNewQueue)
                  000066d0    00000040     drivers_msp432p401x.aem4f : I2C.oem4f (.text:I2C_open)
                  00006710    00000040                               : RingBuf.oem4f (.text:RingBuf_get)
                  00006750    00000040                               : Timer.oem4f (.text:Timer_open)
                  00006790    00000040                               : UARTMSP432.oem4f (.text:UARTMSP432_read)
                  000067d0    00000040                               : UART.oem4f (.text:UART_open)
                  00006810    00000040     freertos_builds_MSP_EXP432P401R_release_ccs.lib : aeabi_portable.obj (.text:__aeabi_errno_addr)
                  00006850    00000040     drivers_msp432p401x.aem4f : UARTMSP432.oem4f (.text:perfChangeNotifyFxn)
                  00006890    00000040     freertos_builds_MSP_EXP432P401R_release_ccs.lib : tasks.obj (.text:vTaskPlaceOnEventListRestricted)
                  000068d0    0000003e                                                     : ClockP_freertos.obj (.text:ClockP_callbackFxn)
                  0000690e    0000003e                                                     : pthread.obj (.text:pthread_setcancelstate)
                  0000694c    0000003c                                                     : queue.obj (.text:prvCopyDataFromQueue)
                  00006988    0000003c                                                     : tasks.obj (.text:prvResetNextTaskUnblockTime)
                  000069c4    0000003c                                                     : tasks.obj (.text:pvTaskGetThreadLocalStoragePointer)
                  00006a00    0000003c                                                     : sleep.obj (.text:usleep)
                  00006a3c    0000003c                                                     : list.obj (.text:vListInsertEnd)
                  00006a78    0000003c                                                     : timers.obj (.text:xTimerCreate)
                  00006ab4    0000003a                                                     : PowerMSP432_freertos.obj (.text:PowerMSP432_sleepPolicy)
                  00006aee    00000038     BME280.obj (.text:BME280_filter)
                  00006b26    00000038     BME280.obj (.text:BME280_standby)
                  00006b5e    00000002     --HOLE-- [fill = 0]
                  00006b60    00000038     drivers_msp432p401x.aem4f : PowerMSP432.oem4f (.text:Power_setConstraint)
                  00006b98    00000038                               : TimerMSP432.oem4f (.text:TimerMSP432_getCount)
                  00006bd0    00000038                               : PowerMSP432.oem4f (.text:notify)
                  00006c08    00000038     freertos_builds_MSP_EXP432P401R_release_ccs.lib : timers.obj (.text:prvGetNextExpireTime)
                  00006c40    00000038                                                     : port.obj (.text:prvTaskExitError)
                  00006c78    00000038     rtsv7M4_T_le_v4SPD16_eabi.lib : fs_tod_t2.asm.obj (.text)
                  00006cb0    00000036     BME280.obj (.text:BME280_mode)
                  00006ce6    00000036     drivers_msp432p401x.aem4f : UARTMSP432.oem4f (.text:UARTMSP432_readCancel)
                  00006d1c    00000034     freertos_builds_MSP_EXP432P401R_release_ccs.lib : SemaphoreP_freertos.obj (.text:SemaphoreP_pend)
                  00006d50    00000034     rtsv7M4_T_le_v4SPD16_eabi.lib : boot_cortex_m.c.obj (.text:_c_int00_noargs:_c_int00_noargs)
                  00006d84    00000034     freertos_builds_MSP_EXP432P401R_release_ccs.lib : timers.obj (.text:prvSampleTimeNow)
                  00006db8    00000034                                                     : tasks.obj (.text:vTaskPlaceOnEventList)
                  00006dec    00000030     msp432p4xx_driverlib.lib : cs.o (.text:CS_clearInterruptFlag)
                  00006e1c    00000030     drivers_msp432p401x.aem4f : I2CMSP432.oem4f (.text:mapPin)
                  00006e4c    00000030                               : UARTMSP432.oem4f (.text:mapPin)
                  00006e7c    00000030     freertos_builds_MSP_EXP432P401R_release_ccs.lib : list.obj (.text:vListInitialise)
                  00006eac    00000030                                                     : port.obj (.text:vPortExitCritical)
                  00006edc    00000030                                                     : tasks.obj (.text:xTaskGetSchedulerState)
                  00006f0c    0000002e                                                     : timers.obj (.text:pvTimerGetTimerID)
                  00006f3a    0000002c     BME280.obj (.text:BME280_read_int16)
                  00006f66    0000002c     BME280.obj (.text:BME280_read_uint16)
                  00006f92    00000002     --HOLE-- [fill = 0]
                  00006f94    0000002c     freertos_builds_MSP_EXP432P401R_release_ccs.lib : HwiPMSP432_freertos.obj (.text:HwiP_disable)
                  00006fc0    0000002c     drivers_msp432p401x.aem4f : TimerMSP432.oem4f (.text:perfChangeNotifyFxn)
                  00006fec    0000002c     freertos_builds_MSP_EXP432P401R_release_ccs.lib : tasks.obj (.text:vTaskSetApplicationTaskTag)
                  00007018    0000002c                                                     : port.obj (.text:xPortSysTickHandler)
                  00007044    00000028     msp432p4xx_driverlib.lib : cs.o (.text:CS_getMCLK)
                  0000706c    00000028     freertos_builds_MSP_EXP432P401R_release_ccs.lib : HwiPMSP432_freertos.obj (.text:HwiP_inISR)
                  00007094    00000028     drivers_msp432p401x.aem4f : PowerMSP432.oem4f (.text:Power_registerNotify)
                  000070bc    00000028                               : PowerMSP432.oem4f (.text:disableFaultCounter)
                  000070e4    00000028                               : PowerMSP432.oem4f (.text:disableHFXT)
                  0000710c    00000028                               : UARTMSP432.oem4f (.text:findBaudDividerIndex)
                  00007134    00000028     freertos_builds_MSP_EXP432P401R_release_ccs.lib : pthread.obj (.text:pthread_attr_setschedparam)
                  0000715c    00000028                                                     : tasks.obj (.text:xTaskGetApplicationTaskTag)
                  00007184    00000026     MPU9250.obj (.text:AK8963_write_byte)
                  000071aa    00000026     BME280.obj (.text:BME280_write_uint8)
                  000071d0    00000026     drivers_msp432p401x.aem4f : List.oem4f (.text:List_put)
                  000071f6    00000026                               : List.oem4f (.text:List_remove)
                  0000721c    00000026     MPU9250.obj (.text:MPU9250_write_byte)
                  00007242    00000026     freertos_builds_MSP_EXP432P401R_release_ccs.lib : pthread.obj (.text:_pthread_cleanup_pop)
                  00007268    00000026                                                     : queue.obj (.text:prvIsQueueFull)
                  0000728e    00000024                                                     : queue.obj (.text:prvGetDisinheritPriorityAfterTimeout)
                  000072b2    00000002     --HOLE-- [fill = 0]
                  000072b4    00000024     uart_dev.obj (.text:uart_dev_print_char)
                  000072d8    00000024     freertos_builds_MSP_EXP432P401R_release_ccs.lib : queue.obj (.text:vQueueDelete)
                  000072fc    00000024                                                     : tasks.obj (.text:vTaskInternalSetTimeOutState)
                  00007320    00000022                                                     : SemaphoreP_freertos.obj (.text:SemaphoreP_post)
                  00007342    00000022                                                     : pthread.obj (.text:pthread_attr_setdetachstate)
                  00007364    00000020     msp432p4xx_driverlib.lib : cs.o (.text:CS_setExternalClockSourceFrequency)
                  00007384    00000020     freertos_builds_MSP_EXP432P401R_release_ccs.lib : HwiPMSP432_freertos.obj (.text:HwiP_restore)
                  000073a4    00000020     drivers_msp432p401x.aem4f : PowerMSP432.oem4f (.text:Power_unregisterNotify)
                  000073c4    00000020     UARTDEBUG.obj (.text:PrintString)
                  000073e4    00000020     drivers_msp432p401x.aem4f : RingBuf.oem4f (.text:RingBuf_peek)
                  00007404    00000020     freertos_builds_MSP_EXP432P401R_release_ccs.lib : queue.obj (.text:prvIsQueueEmpty)
                  00007424    00000020     rtsv7M4_T_le_v4SPD16_eabi.lib : u_tofd_t2.asm.obj (.text)
                  00007444    00000020     uart_dev.obj (.text:uart_dev_get_char)
                  00007464    0000001e     freertos_builds_MSP_EXP432P401R_release_ccs.lib : ClockP_freertos.obj (.text:ClockP_start)
                  00007482    0000001e                                                     : HwiPMSP432_freertos.obj (.text:HwiP_Params_init)
                  000074a0    0000001e                                                     : pthread.obj (.text:_pthread_runStub)
                  000074be    0000001c     BME280.obj (.text:BME280_read_uint8)
                  000074da    0000001c     freertos_builds_MSP_EXP432P401R_release_ccs.lib : ClockP_freertos.obj (.text:ClockP_Params_init)
                  000074f6    00000002     --HOLE-- [fill = 0]
                  000074f8    0000001c     msp432p4xx_driverlib.lib : interrupt.o (.text:Interrupt_unregisterInterrupt)
                  00007514    0000001c     freertos_builds_MSP_EXP432P401R_release_ccs.lib : pthread.obj (.text:pthread_attr_init)
                  00007530    0000001c                                                     : tasks.obj (.text:pvTaskIncrementMutexHeldCount)
                  0000754c    0000001a     BME280.obj (.text:BME280_calibrating)
                  00007566    0000001a     freertos_builds_MSP_EXP432P401R_release_ccs.lib : PTLS.obj (.text:PTLS_taskDeleteHook)
                  00007580    0000001a                                                     : timers.obj (.text:prvTimerTask)
                  0000759a    00000018     drivers_msp432p401x.aem4f : I2C.oem4f (.text:I2C_transfer)
                  000075b2    00000002     --HOLE-- [fill = 0]
                  000075b4    00000018     msp432p4xx_driverlib.lib : sysctl_a.o (.text:SysCtl_A_disableNMISource)
                  000075cc    00000018                              : sysctl_a.o (.text:SysCtl_A_enableNMISource)
                  000075e4    00000018     drivers_msp432p401x.aem4f : UART.oem4f (.text:UART_Params_init)
                  000075fc    00000018     time_dev.obj (.text:timer_dev_callback)
                  00007614    00000016     BME280.obj (.text:BME280_get_mode)
                  0000762a    00000016     freertos_builds_MSP_EXP432P401R_release_ccs.lib : ClockP_freertos.obj (.text:ClockP_setTimeout)
                  00007640    00000016                                                     : PTLS.obj (.text:PTLS_getBuf)
                  00007656    00000016                                                     : PTLS.obj (.text:PTLS_setBuf)
                  0000766c    00000016                                                     : SemaphoreP_freertos.obj (.text:SemaphoreP_Params_init)
                  00007682    00000014     MPU9250.obj (.text:AK8963_who)
                  00007696    00000002     --HOLE-- [fill = 0]
                  00007698    00000014     GPS.obj (.text:GPS_init)
                  000076ac    00000014     MPU9250.obj (.text:MPU9250_who)
                  000076c0    00000014     drivers_msp432p401x.aem4f : PowerMSP432.oem4f (.text:Power_idleFunc)
                  000076d4    00000014                               : UARTMSP432.oem4f (.text:clearTXCPTIFG)
                  000076e8    00000014     freertos_builds_MSP_EXP432P401R_release_ccs.lib : tasks.obj (.text:prvDeleteTCB)
                  000076fc    00000014                                                     : pthread.obj (.text:pthread_attr_setstacksize)
                  00007710    00000014                                                     : pthread.obj (.text:pthread_self)
                  00007724    00000014                                                     : startup_msp432_ccs.obj (.text:resetISR)
                  00007738    00000014                                                     : tasks.obj (.text:xTaskGetCurrentTaskHandle)
                  0000774c    00000014                                                     : tasks.obj (.text:xTaskGetTickCount)
                  00007760    00000012                                                     : HwiPMSP432_freertos.obj (.text:HwiP_delete)
                  00007772    00000012     drivers_msp432p401x.aem4f : RingBuf.oem4f (.text:RingBuf_construct)
                  00007784    00000012     UARTDEBUG.obj (.text:UARTDEBUG_init)
                  00007796    00000012     time_dev.obj (.text:delay)
                  000077a8    00000010     drivers_msp432p401x.aem4f : I2C.oem4f (.text:I2C_Params_init)
                  000077b8    00000010                               : PowerMSP432.oem4f (.text:PowerMSP432_getNumPerfLevels)
                  000077c8    00000010     msp432p4xx_driverlib.lib : sysctl_a.o (.text:SysCtl_A_getNMISourceStatus)
                  000077d8    00000010                              : sysctl.o (.text:SysCtl_getNMISourceStatus)
                  000077e8    00000010     drivers_msp432p401x.aem4f : Timer.oem4f (.text:Timer_Params_init)
                  000077f8    00000010                               : UARTMSP432.oem4f (.text:readBlockingTimeout)
                  00007808    00000010     freertos_builds_MSP_EXP432P401R_release_ccs.lib : list.obj (.text:vListInitialiseItem)
                  00007818    00000010                                                     : tasks.obj (.text:vTaskSuspendAll)
                  00007828    0000000e     rtsv7M4_T_le_v4SPD16_eabi.lib : copy_decompress_none.c.obj (.text:decompress:none:__TI_decompress_none)
                  00007836    0000000c     ti_drivers_config.obj (.text:Board_init)
                  00007842    0000000c     msp432p4xx_driverlib.lib : cpu.o (.text:CPU_cpsid)
                  0000784e    0000000c                              : cpu.o (.text:CPU_cpsie)
                  0000785a    00000002     --HOLE-- [fill = 0]
                  0000785c    0000000c     drivers_msp432p401x.aem4f : PowerMSP432.oem4f (.text:Power_getConstraintMask)
                  00007868    0000000c                               : PowerMSP432.oem4f (.text:Power_getPerformanceLevel)
                  00007874    0000000c     freertos_builds_MSP_EXP432P401R_release_ccs.lib : SemaphoreP_freertos.obj (.text:SemaphoreP_delete)
                  00007880    0000000c     rtsv7M4_T_le_v4SPD16_eabi.lib : copy_zero_init.c.obj (.text:decompress:ZI:__TI_zero_init)
                  0000788c    0000000c     time_dev.obj (.text:millis)
                  00007898    0000000c     freertos_builds_MSP_EXP432P401R_release_ccs.lib : tasks.obj (.text:vTaskMissedYield)
                  000078a4    0000000a     BME280.obj (.text:BME280_who)
                  000078ae    0000000a     freertos_builds_MSP_EXP432P401R_release_ccs.lib : PowerMSP432_freertos.obj (.text:PowerMSP432_updateFreqs)
                  000078b8    0000000a     drivers_msp432p401x.aem4f : Timer.oem4f (.text:Timer_start)
                  000078c2    0000000a                               : UART.oem4f (.text:UART_read)
                  000078cc    0000000a                               : UART.oem4f (.text:UART_write)
                  000078d6    0000000a     main.obj (.text:vApplicationStackOverflowHook)
                  000078e0    0000000a     freertos_builds_MSP_EXP432P401R_release_ccs.lib : PowerMSP432_freertos.obj (.text:vPortSuppressTicksAndSleep)
                  000078ea    00000008     drivers_msp432p401x.aem4f : I2CMSP432.oem4f (.text:blockingTransferCallback)
                  000078f2    00000008                               : UARTMSP432.oem4f (.text:readSemCallback)
                  000078fa    00000008                               : UARTMSP432.oem4f (.text:txcptEnabledStatus)
                  00007902    00000008                               : UARTMSP432.oem4f (.text:writeSemCallback)
                  0000790a    00000006                               : I2CMSP432.oem4f (.text:I2CMSP432_control)
                  00007910    00000006                               : TimerMSP432.oem4f (.text:TimerMSP432_control)
                  00007916    00000004     rtsv7M4_T_le_v4SPD16_eabi.lib : pre_init.c.obj (.text:_system_pre_init)
                  0000791a    00000004                                   : exit.c.obj (.text:abort:abort)

.const     0    00007920    0000033e     
                  00007920    00000080     ti_drivers_config.obj (.const:uartMSP432Baudrates)
                  000079a0    00000058     ti_drivers_config.obj (.const:uartMSP432HWAttrs)
                  000079f8    00000050     msp432p4xx_driverlib.lib : interrupt.o (.const:g_pulRegs)
                  00007a48    00000050     drivers_msp432p401x.aem4f : TimerMSP432.oem4f (.const:timerADividers)
                  00007a98    00000038     ti_drivers_config.obj (.const:PowerMSP432_config)
                  00007ad0    00000028     drivers_msp432p401x.aem4f : UARTMSP432.oem4f (.const:UARTMSP432_fxnTable)
                  00007af8    00000024                               : UART.oem4f (.const:UART_defaultParams)
                  00007b1c    00000020                               : TimerMSP432.oem4f (.const:TimerMSP432_Timer32_fxnTable)
                  00007b3c    00000020                               : UARTMSP432.oem4f (.const:staticFxnTable)
                  00007b5c    0000001c     i2c_dev.obj (.const:$P$T0$1)
                  00007b78    0000001c     i2c_dev.obj (.const:$P$T1$2)
                  00007b94    00000018     drivers_msp432p401x.aem4f : I2CMSP432.oem4f (.const:I2CMSP432_fxnTable)
                  00007bac    00000018     ti_drivers_config.obj (.const:UART_config)
                  00007bc4    00000014     ti_drivers_config.obj (.const:i2cMSP432HWAttrs)
                  00007bd8    00000010     drivers_msp432p401x.aem4f : I2C.oem4f (.const:I2C_defaultParams)
                  00007be8    00000010     ti_drivers_config.obj (.const:TimerMSP432HWAttrs)
                  00007bf8    0000000c     ti_drivers_config.obj (.const:I2C_config)
                  00007c04    0000000c     ti_drivers_config.obj (.const:Timer_config)
                  00007c10    0000000c     drivers_msp432p401x.aem4f : I2CMSP432.oem4f (.const:bitRates)
                  00007c1c    0000000c                               : Timer.oem4f (.const:defaultParams)
                  00007c28    0000000c                               : TimerMSP432.oem4f (.const:timer32Dividers)
                  00007c34    00000008     freertos_builds_MSP_EXP432P401R_release_ccs.lib : port.obj (.const)
                  00007c3c    00000008     msp432p4xx_driverlib.lib : interrupt.o (.const:g_pulDisRegs)
                  00007c44    00000008                              : interrupt.o (.const:g_pulEnRegs)
                  00007c4c    00000005     drivers_msp432p401x.aem4f : UARTMSP432.oem4f (.const:.string:parityTypes)
                  00007c51    00000003     ti_drivers_config.obj (.const)
                  00007c54    00000004     freertos_builds_MSP_EXP432P401R_release_ccs.lib : pthread.obj (.const)
                  00007c58    00000004     drivers_msp432p401x.aem4f : UARTMSP432.oem4f (.const:stopBits)
                  00007c5c    00000002     freertos_builds_MSP_EXP432P401R_release_ccs.lib : pthread.obj (.const:.string)

.cinit     0    00007c60    000000c8     
                  00007c60    00000093     (.cinit..data.load) [load image, compression = lzss]
                  00007cf3    00000001     --HOLE-- [fill = 0]
                  00007cf4    0000000c     (__TI_handler_table)
                  00007d00    00000008     (.cinit..bss.load) [load image, compression = zero_init]
                  00007d08    00000008     (.cinit..vtable.load) [load image, compression = zero_init]
                  00007d10    00000018     (__TI_cinit_table)

.init_array 
*          0    00000000    00000000     UNINITIALIZED

.intvecs   0    00000000    00000144     
                  00000000    00000144     freertos_builds_MSP_EXP432P401R_release_ccs.lib : startup_msp432_ccs.obj (.intvecs:retain)

.bss       0    20000000    00008393     UNINITIALIZED
                  20000000    00008000     freertos_builds_MSP_EXP432P401R_release_ccs.lib : heap_4.obj (.bss:ucHeap)
                  20008000    00000100     (.common:uartMSP432Objects)
                  20008100    000000c8                                                     : tasks.obj (.bss:pxReadyTasksLists)
                  200081c8    00000050     (.common:i2cMSP432Objects)
                  20008218    00000034     (.common:timerMSP432Objects)
                  2000824c    00000028     BME280.obj (.bss)
                  20008274    00000020     ti_drivers_config.obj (.bss:uartMSP432RingBuffer0)
                  20008294    00000020     ti_drivers_config.obj (.bss:uartMSP432RingBuffer1)
                  200082b4    00000014     freertos_builds_MSP_EXP432P401R_release_ccs.lib : timers.obj (.bss:xActiveTimerList1)
                  200082c8    00000014                                                     : timers.obj (.bss:xActiveTimerList2)
                  200082dc    00000014                                                     : tasks.obj (.bss:xDelayedTaskList1)
                  200082f0    00000014                                                     : tasks.obj (.bss:xDelayedTaskList2)
                  20008304    00000014                                                     : tasks.obj (.bss:xPendingReadyList)
                  20008318    00000014                                                     : tasks.obj (.bss:xSuspendedTaskList)
                  2000832c    00000014                                                     : tasks.obj (.bss:xTasksWaitingTermination)
                  20008340    0000000c     MPU9250.obj (.bss)
                  2000834c    0000000c     MPU9250.obj (.bss:mag_cal)
                  20008358    00000008     freertos_builds_MSP_EXP432P401R_release_ccs.lib : tasks.obj (.bss)
                  20008360    00000008                                                     : timers.obj (.bss)
                  20008368    00000008     msp432p4xx_driverlib.lib : cs.o (.bss)
                  20008370    00000008     freertos_builds_MSP_EXP432P401R_release_ccs.lib : heap_4.obj (.bss:xStart)
                  20008378    00000008     (.common:UART_handles)
                  20008380    00000004                                                     : aeabi_portable.obj (.bss:main_reent)
                  20008384    00000004     drivers_msp432p401x.aem4f : TimerMSP432.oem4f (.bss:timerState)
                  20008388    00000004     (.common:MPU9250_handle)
                  2000838c    00000004     (.common:timer)
                  20008390    00000001     (.common:accel_res)
                  20008391    00000001     (.common:gyro_res)
                  20008392    00000001     (.common:mag_res)

.data      0    20008394    00000a1a     UNINITIALIZED
                  20008394    00000800     freertos_builds_MSP_EXP432P401R_release_ccs.lib : HwiPMSP432_freertos.obj (.data:HwiP_dispatchTable)
                  20008b94    00000140     drivers_msp432p401x.aem4f : PowerMSP432.oem4f (.data:PowerMSP432_perfLevels)
                  20008cd4    00000034     freertos_builds_MSP_EXP432P401R_release_ccs.lib : tasks.obj (.data)
                  20008d08    0000002c     drivers_msp432p401x.aem4f : PowerMSP432.oem4f (.data:PowerMSP432_module)
                  20008d34    00000018     freertos_builds_MSP_EXP432P401R_release_ccs.lib : heap_4.obj (.data)
                  20008d4c    00000018                                                     : port.obj (.data)
                  20008d64    00000018     drivers_msp432p401x.aem4f : TimerMSP432.oem4f (.data:upConfig)
                  20008d7c    00000014     freertos_builds_MSP_EXP432P401R_release_ccs.lib : pthread.obj (.data:defaultPthreadAttrs)
                  20008d90    0000000c                                                     : timers.obj (.data)
                  20008d9c    00000004                                                     : ClockP_freertos.obj (.data)
                  20008da0    00000004                                                     : HwiPMSP432_freertos.obj (.data)
                  20008da4    00000004     time_dev.obj (.data)
                  20008da8    00000002     uart_dev.obj (.data:uart_open)
                  20008daa    00000001     drivers_msp432p401x.aem4f : I2C.oem4f (.data)
                  20008dab    00000001                               : Timer.oem4f (.data)
                  20008dac    00000001                               : UART.oem4f (.data)
                  20008dad    00000001     i2c_dev.obj (.data)

.vtable    0    20009000    000000e8     UNINITIALIZED
                  20009000    000000e8     msp432p4xx_driverlib.lib : interrupt.o (.vtable)

.stack     0    2000fc00    00000400     UNINITIALIZED
                  2000fc00    00000004     rtsv7M4_T_le_v4SPD16_eabi.lib : boot_cortex_m.c.obj (.stack)
                  2000fc04    000003fc     --HOLE--

.binit     0    00000000    00000000     

MODULE SUMMARY

       Module                       code    ro data   rw data
       ------                       ----    -------   -------
    .\
       BME280.obj                   998     0         80     
       UARTDEBUG.obj                768     0         0      
       MPU9250.obj                  468     0         54     
       hal_main.obj                 180     0         0      
       GPS.obj                      140     0         0      
       main.obj                     112     0         0      
    +--+----------------------------+-------+---------+---------+
       Total:                       2666    0         134    
                                                             
    .\peripheral\
       i2c_dev.obj                  280     56        10     
       uart_dev.obj                 204     0         20     
       time_dev.obj                 142     0         16     
    +--+----------------------------+-------+---------+---------+
       Total:                       626     56        46     
                                                             
    .\syscfg\
       ti_drivers_config.obj        14      359       904    
    +--+----------------------------+-------+---------+---------+
       Total:                       14      359       904    
                                                             
    C:/Users/amartinezacosta/workspace_v9/freertos_builds_MSP_EXP432P401R_release_ccs/Debug/freertos_builds_MSP_EXP432P401R_release_ccs.lib
       heap_4.obj                   912     0         65600  
       tasks.obj                    4388    0         720    
       HwiPMSP432_freertos.obj      332     0         4104   
       queue.obj                    3108    0         0      
       timers.obj                   1562    0         120    
       pthread.obj                  798     6         40     
       port.obj                     764     8         48     
       ClockP_freertos.obj          598     0         8      
       startup_msp432_ccs.obj       26      324       0      
       list.obj                     298     0         0      
       portasm.obj                  218     0         0      
       SemaphoreP_freertos.obj      206     0         0      
       PowerMSP432_freertos.obj     80      0         0      
       aeabi_portable.obj           64      0         8      
       PTLS.obj                     70      0         0      
       sleep.obj                    60      0         0      
    +--+----------------------------+-------+---------+---------+
       Total:                       13484   338       70648  
                                                             
    C:/ti/simplelink_msp432p4_sdk_3_40_01_02/source/ti/devices/msp432p4xx/driverlib/ccs/msp432p4xx_driverlib.lib
       cs.o                         1522    0         16     
       interrupt.o                  462     96        464    
       uart.o                       284     0         0      
       sysctl_a.o                   212     0         0      
       i2c.o                        108     0         0      
       cpu.o                        24      0         0      
       sysctl.o                     16      0         0      
    +--+----------------------------+-------+---------+---------+
       Total:                       2628    96        480    
                                                             
    C:/ti/simplelink_msp432p4_sdk_3_40_01_02/source/ti/drivers/lib/drivers_msp432p401x.aem4f
       UARTMSP432.oem4f             3406    81        0      
       PowerMSP432.oem4f            2196    0         728    
       I2CMSP432.oem4f              2028    36        0      
       TimerMSP432.oem4f            1806    124       56     
       UART.oem4f                   176     36        2      
       I2C.oem4f                    172     16        2      
       RingBuf.oem4f                184     0         0      
       Timer.oem4f                  158     12        2      
       List.oem4f                   76      0         0      
    +--+----------------------------+-------+---------+---------+
       Total:                       10202   305       790    
                                                             
    C:\ti\ccs930\ccs\tools\compiler\ti-cgt-arm_18.12.4.LTS\lib\rtsv7M4_T_le_v4SPD16_eabi.lib
       fd_div_t2.asm.obj            310     0         0      
       memcpy_t2.asm.obj            156     0         0      
       memset_t2.asm.obj            122     0         0      
       fd_tos_t2.asm.obj            110     0         0      
       copy_decompress_lzss.c.obj   104     0         0      
       autoinit.c.obj               68      0         0      
       fs_tod_t2.asm.obj            56      0         0      
       boot_cortex_m.c.obj          52      0         0      
       u_tofd_t2.asm.obj            32      0         0      
       copy_decompress_none.c.obj   14      0         0      
       copy_zero_init.c.obj         12      0         0      
       exit.c.obj                   4       0         0      
       pre_init.c.obj               4       0         0      
    +--+----------------------------+-------+---------+---------+
       Total:                       1044    0         0      
                                                             
       Stack:                       0       0         2048   
       Linker Generated:            0       199       0      
    +--+----------------------------+-------+---------+---------+
       Grand Total:                 30664   1353      75050  


LINKER GENERATED COPY TABLES

__TI_cinit_table @ 00007d10 records: 3, size/record: 8, table size: 24
	.data: load addr=00007c60, load size=00000093 bytes, run addr=20008394, run size=00000a1a bytes, compression=lzss
	.bss: load addr=00007d00, load size=00000008 bytes, run addr=20000000, run size=00008393 bytes, compression=zero_init
	.vtable: load addr=00007d08, load size=00000008 bytes, run addr=20009000, run size=000000e8 bytes, compression=zero_init


LINKER GENERATED HANDLER TABLE

__TI_handler_table @ 00007cf4 records: 3, size/record: 4, table size: 12
	index: 0, handler: __TI_decompress_lzss
	index: 1, handler: __TI_decompress_none
	index: 2, handler: __TI_zero_init


GLOBAL SYMBOLS: SORTED ALPHABETICALLY BY Name 

address   name                               
-------   ----                               
00002419  AK8963_init                        
00007683  AK8963_who                         
00007185  AK8963_write_byte                  
0000754d  BME280_calibrating                 
00001c8d  BME280_coefficients                
00006aef  BME280_filter                      
00007615  BME280_get_mode                    
00006203  BME280_humid_sampling              
000059c9  BME280_init                        
00006cb1  BME280_mode                        
00006119  BME280_pressure_sampling           
00006f3b  BME280_read_int16                  
00006f67  BME280_read_uint16                 
000074bf  BME280_read_uint8                  
00006b27  BME280_standby                     
00006167  BME280_temperature_sampling        
000078a5  BME280_who                         
000071ab  BME280_write_uint8                 
00007837  Board_init                         
0000220f  Board_initHook                     
0000791b  C$$EXIT                            
00007843  CPU_cpsid                          
0000784f  CPU_cpsie                          
00006ded  CS_clearInterruptFlag              
00002715  CS_getDCOFrequency                 
00007045  CS_getMCLK                         
00007365  CS_setExternalClockSourceFrequency 
000029ed  CS_startHFXTWithTimeout            
00002ad1  CS_startLFXTWithTimeout            
000074db  ClockP_Params_init                 
000068d1  ClockP_callbackFxn                 
00004399  ClockP_create                      
00005f29  ClockP_delete                      
0000762b  ClockP_setTimeout                  
00007465  ClockP_start                       
00005839  ClockP_stop                        
00007699  GPS_init                           
00005137  GPS_read                           
00007483  HwiP_Params_init                   
00005a29  HwiP_create                        
00007761  HwiP_delete                        
00006f95  HwiP_disable                       
00006419  HwiP_dispatch                      
20008394  HwiP_dispatchTable                 
0000706d  HwiP_inISR                         
00007385  HwiP_restore                       
00003eff  I2CMSP432_cancel                   
00005319  I2CMSP432_close                    
0000790b  I2CMSP432_control                  
00007b94  I2CMSP432_fxnTable                 
00000f19  I2CMSP432_hwiIntFxn                
000031b7  I2CMSP432_init                     
00000995  I2CMSP432_open                     
0000280d  I2CMSP432_transfer                 
000077a9  I2C_Params_init                    
00007bf8  I2C_config                         
00007c51  I2C_count                          
00007bd8  I2C_defaultParams                  
00006539  I2C_init                           
000055c9  I2C_masterSendMultiByteFinish      
000066d1  I2C_open                           
0000759b  I2C_transfer                       
00004d51  Interrupt_disableInterrupt         
00004dd1  Interrupt_enableInterrupt          
00005ba9  Interrupt_registerInterrupt        
00005f7d  Interrupt_setPriority              
000074f9  Interrupt_unregisterInterrupt      
000071d1  List_put                           
000071f7  List_remove                        
20008388  MPU9250_handle                     
00005a89  MPU9250_init                       
000076ad  MPU9250_who                        
0000721d  MPU9250_write_byte                 
00007641  PTLS_getBuf                        
00007657  PTLS_setBuf                        
00007567  PTLS_taskDeleteHook                
00007a98  PowerMSP432_config                 
00005635  PowerMSP432_getFreqs               
000077b9  PowerMSP432_getNumPerfLevels       
00003677  PowerMSP432_initPolicy             
20008d08  PowerMSP432_module                 
20008b94  PowerMSP432_perfLevels             
00006ab5  PowerMSP432_sleepPolicy            
000078af  PowerMSP432_updateFreqs            
0000785d  Power_getConstraintMask            
00007869  Power_getPerformanceLevel          
000076c1  Power_idleFunc                     
000044d9  Power_init                         
00007095  Power_registerNotify               
00006461  Power_releaseConstraint            
00006b61  Power_setConstraint                
00000145  Power_sleep                        
000073a5  Power_unregisterNotify             
000013a1  PrintFloat                         
00004aad  PrintInteger                       
000073c5  PrintString                        
00007773  RingBuf_construct                  
00006711  RingBuf_get                        
000073e5  RingBuf_peek                       
000064f1  RingBuf_put                        
0000766d  SemaphoreP_Params_init             
00005e7d  SemaphoreP_create                  
00007875  SemaphoreP_delete                  
00006d1d  SemaphoreP_pend                    
00007321  SemaphoreP_post                    
000075b5  SysCtl_A_disableNMISource          
000075cd  SysCtl_A_enableNMISource           
000077c9  SysCtl_A_getNMISourceStatus        
00004749  SysCtl_A_getTLVInfo                
000077d9  SysCtl_getNMISourceStatus          
00007be8  TimerMSP432HWAttrs                 
00007b1c  TimerMSP432_Timer32_fxnTable       
000051b1  TimerMSP432_allocateTimerResource  
000061b5  TimerMSP432_close                  
00007911  TimerMSP432_control                
00005fd1  TimerMSP432_freeTimerResource      
00006b99  TimerMSP432_getCount               
00004053  TimerMSP432_init                   
00001669  TimerMSP432_open                   
00003679  TimerMSP432_setPeriod              
0000342d  TimerMSP432_start                  
00004995  TimerMSP432_stop                   
000077e9  Timer_Params_init                  
00007c04  Timer_config                       
00007c52  Timer_count                        
0000657d  Timer_init                         
00006751  Timer_open                         
000078b9  Timer_start                        
00007785  UARTDEBUG_init                     
00002bb1  UARTDEBUG_printf                   
00004871  UARTMSP432_close                   
00003ad5  UARTMSP432_control                 
00007ad0  UARTMSP432_fxnTable                
00003361  UARTMSP432_hwiIntFxn               
00004b37  UARTMSP432_init                    
0000043d  UARTMSP432_open                    
00006791  UARTMSP432_read                    
00006ce7  UARTMSP432_readCancel              
00002d71  UARTMSP432_readPolling             
00003fab  UARTMSP432_write                   
00005479  UARTMSP432_writeCancel             
00003b89  UARTMSP432_writePolling            
000075e5  UART_Params_init                   
00007bac  UART_config                        
00007c53  UART_count                         
00007af8  UART_defaultParams                 
20008378  UART_handles                       
000065c1  UART_init                          
00001db1  UART_initModule                    
000067d1  UART_open                          
000078c3  UART_read                          
000078cd  UART_write                         
4000480c  WDTCTL_SYM                         
20010000  __STACK_END                        
00000400  __STACK_SIZE                       
00007d10  __TI_CINIT_Base                    
00007d28  __TI_CINIT_Limit                   
00007cf4  __TI_Handler_Table_Base            
00007d00  __TI_Handler_Table_Limit           
00006605  __TI_auto_init_nobinit_nopinit     
0000569d  __TI_decompress_lzss               
00007829  __TI_decompress_none               
ffffffff  __TI_pprof_out_hndl                
ffffffff  __TI_prof_data_size                
ffffffff  __TI_prof_data_start               
00007c60  __TI_static_base__                 
00007881  __TI_zero_init                     
00005559  __aeabi_d2f                        
00001a2d  __aeabi_ddiv                       
00006811  __aeabi_errno_addr                 
00006c79  __aeabi_f2d                        
00005043  __aeabi_memclr                     
00005043  __aeabi_memclr4                    
00005043  __aeabi_memclr8                    
00004575  __aeabi_memcpy                     
00004575  __aeabi_memcpy4                    
00004575  __aeabi_memcpy8                    
00005045  __aeabi_memset                     
00005045  __aeabi_memset4                    
00005045  __aeabi_memset8                    
00007425  __aeabi_ui2d                       
ffffffff  __binit__                          
ffffffff  __c_args__                         
UNDEFED   __mpu_init                         
2000fc00  __stack                            
00006d51  _c_int00_noargs                    
00007243  _pthread_cleanup_pop               
UNDEFED   _system_post_cinit                 
00007917  _system_pre_init                   
0000791b  abort                              
20008390  accel_res                          
ffffffff  binit                              
00007797  delay                              
20009000  g_pfnRAMVectors                    
20008391  gyro_res                           
00007bc4  i2cMSP432HWAttrs                   
200081c8  i2cMSP432Objects                   
00004f4d  i2c_dev_init                       
000060c9  i2c_dev_read                       
00006251  i2c_dev_write                      
20008dad  i2c_initialized                    
00000000  interruptVectors                   
20008392  mag_res                            
0000589d  main                               
00003c3d  mainThread                         
00004575  memcpy                             
0000504b  memset                             
0000788d  millis                             
00007515  pthread_attr_init                  
00007343  pthread_attr_setdetachstate        
00007135  pthread_attr_setschedparam         
000076fd  pthread_attr_setstacksize          
000018f5  pthread_create                     
00005c61  pthread_exit                       
00007711  pthread_self                       
0000690f  pthread_setcancelstate             
0000109d  pvPortMalloc                       
000069c5  pvTaskGetThreadLocalStoragePointer 
00007531  pvTaskIncrementMutexHeldCount      
00006f0d  pvTimerGetTimerID                  
20008cd4  pxCurrentTCB                       
00005ae9  pxPortInitialiseStack              
00007725  resetISR                           
00005dcd  time_dev_init                      
2000838c  timer                              
20008218  timerMSP432Objects                 
000075fd  timer_dev_callback                 
20008da4  timer_millis                       
20008000  uartMSP432Objects                  
00007445  uart_dev_get_char                  
00004bc1  uart_dev_init                      
000072b5  uart_dev_print_char                
20008da8  uart_open                          
00007c34  ulMaxSyscallInterruptPriority      
00003015  ulPortGetIPSR                      
00006a01  usleep                             
000064a9  uxListRemove                       
000059c7  vApplicationMallocFailedHook       
000078d7  vApplicationStackOverflowHook      
00006e7d  vListInitialise                    
00007809  vListInitialiseItem                
000057d3  vListInsert                        
00006a3d  vListInsertEnd                     
000030d1  vPortEnableVFP                     
00006381  vPortEnterCritical                 
00006ead  vPortExitCritical                  
000041a5  vPortFree                          
0000308d  vPortSVCHandler                    
000052a1  vPortSetupTimerInterrupt           
000030ad  vPortStartFirstTask                
000078e1  vPortSuppressTicksAndSleep         
00005405  vPortValidateInterruptPriority     
000072d9  vQueueDelete                       
00005cbd  vQueueWaitForMessageRestricted     
00005d19  vTaskDelay                         
00002519  vTaskDelete                        
000072fd  vTaskInternalSetTimeOutState       
00007899  vTaskMissedYield                   
00006db9  vTaskPlaceOnEventList              
00006891  vTaskPlaceOnEventListRestricted    
00002315  vTaskPriorityDisinheritAfterTimeout
00006fed  vTaskSetApplicationTaskTag         
000063cd  vTaskSetThreadLocalStoragePointer  
000047dd  vTaskStartScheduler                
00002619  vTaskSuspend                       
00007819  vTaskSuspendAll                    
00002f29  vTaskSwitchContext                 
0000302d  xPortPendSVHandler                 
00003291  xPortStartScheduler                
00007019  xPortSysTickHandler                
00005e25  xQueueCreateCountingSemaphore      
00005b49  xQueueGenericCreate                
00003a1d  xQueueGenericReset                 
00000d61  xQueueGenericSend                  
00002105  xQueueGenericSendFromISR           
000028fd  xQueueGiveFromISR                  
00001221  xQueueReceive                      
000030df  xQueueReceiveFromISR               
00000b8d  xQueueSemaphoreTake                
00003da1  xTaskCheckForTimeOut               
000050bd  xTaskCreate                        
0000715d  xTaskGetApplicationTaskTag         
00007739  xTaskGetCurrentTaskHandle          
00006edd  xTaskGetSchedulerState             
0000774d  xTaskGetTickCount                  
000017b5  xTaskIncrementTick                 
00002c91  xTaskPriorityDisinherit            
000031b9  xTaskPriorityInherit               
0000424d  xTaskRemoveFromEventList           
00001fe9  xTaskResumeAll                     
00006a79  xTimerCreate                       
00006025  xTimerCreateTimerTask              
00004ccd  xTimerGenericCommand               


GLOBAL SYMBOLS: SORTED BY Symbol Address 

address   name                               
-------   ----                               
00000000  interruptVectors                   
00000145  Power_sleep                        
00000400  __STACK_SIZE                       
0000043d  UARTMSP432_open                    
00000995  I2CMSP432_open                     
00000b8d  xQueueSemaphoreTake                
00000d61  xQueueGenericSend                  
00000f19  I2CMSP432_hwiIntFxn                
0000109d  pvPortMalloc                       
00001221  xQueueReceive                      
000013a1  PrintFloat                         
00001669  TimerMSP432_open                   
000017b5  xTaskIncrementTick                 
000018f5  pthread_create                     
00001a2d  __aeabi_ddiv                       
00001c8d  BME280_coefficients                
00001db1  UART_initModule                    
00001fe9  xTaskResumeAll                     
00002105  xQueueGenericSendFromISR           
0000220f  Board_initHook                     
00002315  vTaskPriorityDisinheritAfterTimeout
00002419  AK8963_init                        
00002519  vTaskDelete                        
00002619  vTaskSuspend                       
00002715  CS_getDCOFrequency                 
0000280d  I2CMSP432_transfer                 
000028fd  xQueueGiveFromISR                  
000029ed  CS_startHFXTWithTimeout            
00002ad1  CS_startLFXTWithTimeout            
00002bb1  UARTDEBUG_printf                   
00002c91  xTaskPriorityDisinherit            
00002d71  UARTMSP432_readPolling             
00002f29  vTaskSwitchContext                 
00003015  ulPortGetIPSR                      
0000302d  xPortPendSVHandler                 
0000308d  vPortSVCHandler                    
000030ad  vPortStartFirstTask                
000030d1  vPortEnableVFP                     
000030df  xQueueReceiveFromISR               
000031b7  I2CMSP432_init                     
000031b9  xTaskPriorityInherit               
00003291  xPortStartScheduler                
00003361  UARTMSP432_hwiIntFxn               
0000342d  TimerMSP432_start                  
00003677  PowerMSP432_initPolicy             
00003679  TimerMSP432_setPeriod              
00003a1d  xQueueGenericReset                 
00003ad5  UARTMSP432_control                 
00003b89  UARTMSP432_writePolling            
00003c3d  mainThread                         
00003da1  xTaskCheckForTimeOut               
00003eff  I2CMSP432_cancel                   
00003fab  UARTMSP432_write                   
00004053  TimerMSP432_init                   
000041a5  vPortFree                          
0000424d  xTaskRemoveFromEventList           
00004399  ClockP_create                      
000044d9  Power_init                         
00004575  __aeabi_memcpy                     
00004575  __aeabi_memcpy4                    
00004575  __aeabi_memcpy8                    
00004575  memcpy                             
00004749  SysCtl_A_getTLVInfo                
000047dd  vTaskStartScheduler                
00004871  UARTMSP432_close                   
00004995  TimerMSP432_stop                   
00004aad  PrintInteger                       
00004b37  UARTMSP432_init                    
00004bc1  uart_dev_init                      
00004ccd  xTimerGenericCommand               
00004d51  Interrupt_disableInterrupt         
00004dd1  Interrupt_enableInterrupt          
00004f4d  i2c_dev_init                       
00005043  __aeabi_memclr                     
00005043  __aeabi_memclr4                    
00005043  __aeabi_memclr8                    
00005045  __aeabi_memset                     
00005045  __aeabi_memset4                    
00005045  __aeabi_memset8                    
0000504b  memset                             
000050bd  xTaskCreate                        
00005137  GPS_read                           
000051b1  TimerMSP432_allocateTimerResource  
000052a1  vPortSetupTimerInterrupt           
00005319  I2CMSP432_close                    
00005405  vPortValidateInterruptPriority     
00005479  UARTMSP432_writeCancel             
00005559  __aeabi_d2f                        
000055c9  I2C_masterSendMultiByteFinish      
00005635  PowerMSP432_getFreqs               
0000569d  __TI_decompress_lzss               
000057d3  vListInsert                        
00005839  ClockP_stop                        
0000589d  main                               
000059c7  vApplicationMallocFailedHook       
000059c9  BME280_init                        
00005a29  HwiP_create                        
00005a89  MPU9250_init                       
00005ae9  pxPortInitialiseStack              
00005b49  xQueueGenericCreate                
00005ba9  Interrupt_registerInterrupt        
00005c61  pthread_exit                       
00005cbd  vQueueWaitForMessageRestricted     
00005d19  vTaskDelay                         
00005dcd  time_dev_init                      
00005e25  xQueueCreateCountingSemaphore      
00005e7d  SemaphoreP_create                  
00005f29  ClockP_delete                      
00005f7d  Interrupt_setPriority              
00005fd1  TimerMSP432_freeTimerResource      
00006025  xTimerCreateTimerTask              
000060c9  i2c_dev_read                       
00006119  BME280_pressure_sampling           
00006167  BME280_temperature_sampling        
000061b5  TimerMSP432_close                  
00006203  BME280_humid_sampling              
00006251  i2c_dev_write                      
00006381  vPortEnterCritical                 
000063cd  vTaskSetThreadLocalStoragePointer  
00006419  HwiP_dispatch                      
00006461  Power_releaseConstraint            
000064a9  uxListRemove                       
000064f1  RingBuf_put                        
00006539  I2C_init                           
0000657d  Timer_init                         
000065c1  UART_init                          
00006605  __TI_auto_init_nobinit_nopinit     
000066d1  I2C_open                           
00006711  RingBuf_get                        
00006751  Timer_open                         
00006791  UARTMSP432_read                    
000067d1  UART_open                          
00006811  __aeabi_errno_addr                 
00006891  vTaskPlaceOnEventListRestricted    
000068d1  ClockP_callbackFxn                 
0000690f  pthread_setcancelstate             
000069c5  pvTaskGetThreadLocalStoragePointer 
00006a01  usleep                             
00006a3d  vListInsertEnd                     
00006a79  xTimerCreate                       
00006ab5  PowerMSP432_sleepPolicy            
00006aef  BME280_filter                      
00006b27  BME280_standby                     
00006b61  Power_setConstraint                
00006b99  TimerMSP432_getCount               
00006c79  __aeabi_f2d                        
00006cb1  BME280_mode                        
00006ce7  UARTMSP432_readCancel              
00006d1d  SemaphoreP_pend                    
00006d51  _c_int00_noargs                    
00006db9  vTaskPlaceOnEventList              
00006ded  CS_clearInterruptFlag              
00006e7d  vListInitialise                    
00006ead  vPortExitCritical                  
00006edd  xTaskGetSchedulerState             
00006f0d  pvTimerGetTimerID                  
00006f3b  BME280_read_int16                  
00006f67  BME280_read_uint16                 
00006f95  HwiP_disable                       
00006fed  vTaskSetApplicationTaskTag         
00007019  xPortSysTickHandler                
00007045  CS_getMCLK                         
0000706d  HwiP_inISR                         
00007095  Power_registerNotify               
00007135  pthread_attr_setschedparam         
0000715d  xTaskGetApplicationTaskTag         
00007185  AK8963_write_byte                  
000071ab  BME280_write_uint8                 
000071d1  List_put                           
000071f7  List_remove                        
0000721d  MPU9250_write_byte                 
00007243  _pthread_cleanup_pop               
000072b5  uart_dev_print_char                
000072d9  vQueueDelete                       
000072fd  vTaskInternalSetTimeOutState       
00007321  SemaphoreP_post                    
00007343  pthread_attr_setdetachstate        
00007365  CS_setExternalClockSourceFrequency 
00007385  HwiP_restore                       
000073a5  Power_unregisterNotify             
000073c5  PrintString                        
000073e5  RingBuf_peek                       
00007425  __aeabi_ui2d                       
00007445  uart_dev_get_char                  
00007465  ClockP_start                       
00007483  HwiP_Params_init                   
000074bf  BME280_read_uint8                  
000074db  ClockP_Params_init                 
000074f9  Interrupt_unregisterInterrupt      
00007515  pthread_attr_init                  
00007531  pvTaskIncrementMutexHeldCount      
0000754d  BME280_calibrating                 
00007567  PTLS_taskDeleteHook                
0000759b  I2C_transfer                       
000075b5  SysCtl_A_disableNMISource          
000075cd  SysCtl_A_enableNMISource           
000075e5  UART_Params_init                   
000075fd  timer_dev_callback                 
00007615  BME280_get_mode                    
0000762b  ClockP_setTimeout                  
00007641  PTLS_getBuf                        
00007657  PTLS_setBuf                        
0000766d  SemaphoreP_Params_init             
00007683  AK8963_who                         
00007699  GPS_init                           
000076ad  MPU9250_who                        
000076c1  Power_idleFunc                     
000076fd  pthread_attr_setstacksize          
00007711  pthread_self                       
00007725  resetISR                           
00007739  xTaskGetCurrentTaskHandle          
0000774d  xTaskGetTickCount                  
00007761  HwiP_delete                        
00007773  RingBuf_construct                  
00007785  UARTDEBUG_init                     
00007797  delay                              
000077a9  I2C_Params_init                    
000077b9  PowerMSP432_getNumPerfLevels       
000077c9  SysCtl_A_getNMISourceStatus        
000077d9  SysCtl_getNMISourceStatus          
000077e9  Timer_Params_init                  
00007809  vListInitialiseItem                
00007819  vTaskSuspendAll                    
00007829  __TI_decompress_none               
00007837  Board_init                         
00007843  CPU_cpsid                          
0000784f  CPU_cpsie                          
0000785d  Power_getConstraintMask            
00007869  Power_getPerformanceLevel          
00007875  SemaphoreP_delete                  
00007881  __TI_zero_init                     
0000788d  millis                             
00007899  vTaskMissedYield                   
000078a5  BME280_who                         
000078af  PowerMSP432_updateFreqs            
000078b9  Timer_start                        
000078c3  UART_read                          
000078cd  UART_write                         
000078d7  vApplicationStackOverflowHook      
000078e1  vPortSuppressTicksAndSleep         
0000790b  I2CMSP432_control                  
00007911  TimerMSP432_control                
00007917  _system_pre_init                   
0000791b  C$$EXIT                            
0000791b  abort                              
00007a98  PowerMSP432_config                 
00007ad0  UARTMSP432_fxnTable                
00007af8  UART_defaultParams                 
00007b1c  TimerMSP432_Timer32_fxnTable       
00007b94  I2CMSP432_fxnTable                 
00007bac  UART_config                        
00007bc4  i2cMSP432HWAttrs                   
00007bd8  I2C_defaultParams                  
00007be8  TimerMSP432HWAttrs                 
00007bf8  I2C_config                         
00007c04  Timer_config                       
00007c34  ulMaxSyscallInterruptPriority      
00007c51  I2C_count                          
00007c52  Timer_count                        
00007c53  UART_count                         
00007c60  __TI_static_base__                 
00007cf4  __TI_Handler_Table_Base            
00007d00  __TI_Handler_Table_Limit           
00007d10  __TI_CINIT_Base                    
00007d28  __TI_CINIT_Limit                   
20008000  uartMSP432Objects                  
200081c8  i2cMSP432Objects                   
20008218  timerMSP432Objects                 
20008378  UART_handles                       
20008388  MPU9250_handle                     
2000838c  timer                              
20008390  accel_res                          
20008391  gyro_res                           
20008392  mag_res                            
20008394  HwiP_dispatchTable                 
20008b94  PowerMSP432_perfLevels             
20008cd4  pxCurrentTCB                       
20008d08  PowerMSP432_module                 
20008da4  timer_millis                       
20008da8  uart_open                          
20008dad  i2c_initialized                    
20009000  g_pfnRAMVectors                    
2000fc00  __stack                            
20010000  __STACK_END                        
4000480c  WDTCTL_SYM                         
ffffffff  __TI_pprof_out_hndl                
ffffffff  __TI_prof_data_size                
ffffffff  __TI_prof_data_start               
ffffffff  __binit__                          
ffffffff  __c_args__                         
ffffffff  binit                              
UNDEFED   __mpu_init                         
UNDEFED   _system_post_cinit                 

[293 symbols]
