******************************************************************************
                  TI ARM Linker PC v18.12.4                    
******************************************************************************
>> Linked Thu Sep 10 21:29:51 2020

OUTPUT FILE NAME:   <HAL.out>
ENTRY POINT SYMBOL: "resetISR"  address: 000072ed


MEMORY CONFIGURATION

         name            origin    length      used     unused   attr    fill
----------------------  --------  ---------  --------  --------  ----  --------
  MAIN                  00000000   00040000  000078ec  00038714  R  X
  INFO                  00200000   00004000  00000000  00004000  R  X
  SRAM_CODE             01000000   00010000  00009261  00006d9f  RW X
  SRAM_DATA             20000000   00010000  00009261  00006d9f  RW  


SEGMENT ALLOCATION MAP

run origin  load origin   length   init length attrs members
----------  ----------- ---------- ----------- ----- -------
00000000    00000000    000078f0   000078f0    r-x
  00000000    00000000    00000144   00000144    r-- .intvecs
  00000144    00000144    000073a2   000073a2    r-x .text
  000074e8    000074e8    0000033e   0000033e    r-- .const
  00007828    00007828    000000c8   000000c8    r-- .cinit
20000000    20000000    00008d7a   00000000    rw-
  20000000    20000000    0000835f   00000000    rw- .bss
  20008360    20008360    00000a1a   00000000    rw- .data
20009000    20009000    000000e8   00000000    rw-
  20009000    20009000    000000e8   00000000    rw- .vtable
2000fc00    2000fc00    00000400   00000000    rw-
  2000fc00    2000fc00    00000400   00000000    rw- .stack


SECTION ALLOCATION MAP

 output                                  attributes/
section   page    origin      length       input sections
--------  ----  ----------  ----------   ----------------
.text      0    00000144    000073a2     
                  00000144    000002f8     drivers_msp432p401x.aem4f : PowerMSP432.oem4f (.text:Power_sleep)
                  0000043c    000002d0                               : UARTMSP432.oem4f (.text:UARTMSP432_open)
                  0000070c    00000288                               : PowerMSP432.oem4f (.text:initPerfControl)
                  00000994    000001f8                               : I2CMSP432.oem4f (.text:I2CMSP432_open)
                  00000b8c    000001d4     freertos_builds_MSP_EXP432P401R_release_ccs.lib : queue.obj (.text:xQueueSemaphoreTake)
                  00000d60    000001b8                                                     : queue.obj (.text:xQueueGenericSend)
                  00000f18    00000184     drivers_msp432p401x.aem4f : I2CMSP432.oem4f (.text:I2CMSP432_hwiIntFxn)
                  0000109c    00000184     freertos_builds_MSP_EXP432P401R_release_ccs.lib : heap_4.obj (.text:pvPortMalloc)
                  00001220    00000180                                                     : queue.obj (.text:xQueueReceive)
                  000013a0    00000164     UARTDEBUG.obj (.text:PrintFloat)
                  00001504    00000164     freertos_builds_MSP_EXP432P401R_release_ccs.lib : timers.obj (.text:prvProcessReceivedCommands)
                  00001668    0000014c     drivers_msp432p401x.aem4f : TimerMSP432.oem4f (.text:TimerMSP432_open)
                  000017b4    00000140     freertos_builds_MSP_EXP432P401R_release_ccs.lib : tasks.obj (.text:xTaskIncrementTick)
                  000018f4    00000138                                                     : pthread.obj (.text:pthread_create)
                  00001a2c    00000136     rtsv7M4_T_le_v4SPD16_eabi.lib : fd_div_t2.asm.obj (.text)
                  00001b62    0000012a     freertos_builds_MSP_EXP432P401R_release_ccs.lib : tasks.obj (.text:prvInitialiseNewTask)
                  00001c8c    0000011c     msp432p4xx_driverlib.lib : uart.o (.text:UART_initModule)
                  00001da8    0000011c     hal_main.obj (.text:mainThread)
                  00001ec4    0000011c     drivers_msp432p401x.aem4f : I2CMSP432.oem4f (.text:primeTransfer)
                  00001fe0    0000011c     freertos_builds_MSP_EXP432P401R_release_ccs.lib : tasks.obj (.text:xTaskResumeAll)
                  000020fc    0000010a                                                     : queue.obj (.text:xQueueGenericSendFromISR)
                  00002206    00000002     ti_drivers_config.obj (.text:Board_initHook)
                  00002208    00000104     msp432p4xx_driverlib.lib : cs.o (.text:_CSComputeCLKFrequency)
                  0000230c    00000104     freertos_builds_MSP_EXP432P401R_release_ccs.lib : tasks.obj (.text:vTaskPriorityDisinheritAfterTimeout)
                  00002410    00000100                                                     : tasks.obj (.text:vTaskDelete)
                  00002510    000000fc                                                     : tasks.obj (.text:vTaskSuspend)
                  0000260c    000000f8     msp432p4xx_driverlib.lib : cs.o (.text:CS_getDCOFrequency)
                  00002704    000000f0     drivers_msp432p401x.aem4f : I2CMSP432.oem4f (.text:I2CMSP432_transfer)
                  000027f4    000000f0     freertos_builds_MSP_EXP432P401R_release_ccs.lib : queue.obj (.text:xQueueGiveFromISR)
                  000028e4    000000e4     msp432p4xx_driverlib.lib : cs.o (.text:CS_startHFXTWithTimeout)
                  000029c8    000000e0                              : cs.o (.text:CS_startLFXTWithTimeout)
                  00002aa8    000000e0     UARTDEBUG.obj (.text:UARTDEBUG_printf)
                  00002b88    000000e0     freertos_builds_MSP_EXP432P401R_release_ccs.lib : tasks.obj (.text:xTaskPriorityDisinherit)
                  00002c68    000000dc     drivers_msp432p401x.aem4f : UARTMSP432.oem4f (.text:UARTMSP432_readPolling)
                  00002d44    000000dc     msp432p4xx_driverlib.lib : cs.o (.text:_CSGetHFXTFrequency)
                  00002e20    000000dc     freertos_builds_MSP_EXP432P401R_release_ccs.lib : tasks.obj (.text:vTaskSwitchContext)
                  00002efc    000000da                                                     : portasm.obj (.text)
                  00002fd6    000000d8                                                     : queue.obj (.text:xQueueReceiveFromISR)
                  000030ae    00000002     drivers_msp432p401x.aem4f : I2CMSP432.oem4f (.text:I2CMSP432_init)
                  000030b0    000000d8     freertos_builds_MSP_EXP432P401R_release_ccs.lib : tasks.obj (.text:xTaskPriorityInherit)
                  00003188    000000d0                                                     : port.obj (.text:xPortStartScheduler)
                  00003258    000000ca     drivers_msp432p401x.aem4f : UARTMSP432.oem4f (.text:UARTMSP432_hwiIntFxn)
                  00003322    00000002     msp432p4xx_driverlib.lib : interrupt.o (.text:IntDefaultHandler)
                  00003324    000000c8     drivers_msp432p401x.aem4f : TimerMSP432.oem4f (.text:TimerMSP432_start)
                  000033ec    000000c4     freertos_builds_MSP_EXP432P401R_release_ccs.lib : tasks.obj (.text:prvAddNewTaskToReadyList)
                  000034b0    000000be                                                     : queue.obj (.text:prvCopyDataToQueue)
                  0000356e    00000002                                                     : PowerMSP432_freertos.obj (.text:PowerMSP432_initPolicy)
                  00003570    000000bc     drivers_msp432p401x.aem4f : TimerMSP432.oem4f (.text:TimerMSP432_setPeriod)
                  0000362c    000000bc     freertos_builds_MSP_EXP432P401R_release_ccs.lib : heap_4.obj (.text:prvHeapInit)
                  000036e8    000000bc                                                     : timers.obj (.text:prvSwitchTimerLists)
                  000037a4    000000b8     drivers_msp432p401x.aem4f : UARTMSP432.oem4f (.text:initHw)
                  0000385c    000000b8                               : UARTMSP432.oem4f (.text:readTaskCallback)
                  00003914    000000b8     freertos_builds_MSP_EXP432P401R_release_ccs.lib : queue.obj (.text:xQueueGenericReset)
                  000039cc    000000b4     drivers_msp432p401x.aem4f : UARTMSP432.oem4f (.text:UARTMSP432_control)
                  00003a80    000000b4                               : UARTMSP432.oem4f (.text:UARTMSP432_writePolling)
                  00003b34    000000b0     freertos_builds_MSP_EXP432P401R_release_ccs.lib : tasks.obj (.text:prvAddCurrentTaskToDelayedList)
                  00003be4    000000b0                                                     : tasks.obj (.text:xTaskCheckForTimeOut)
                  00003c94    000000ae                                                     : queue.obj (.text:prvUnlockQueue)
                  00003d42    000000ac     drivers_msp432p401x.aem4f : I2CMSP432.oem4f (.text:I2CMSP432_cancel)
                  00003dee    000000a8                               : UARTMSP432.oem4f (.text:UARTMSP432_write)
                  00003e96    00000002                               : TimerMSP432.oem4f (.text:TimerMSP432_init)
                  00003e98    000000a8     freertos_builds_MSP_EXP432P401R_release_ccs.lib : heap_4.obj (.text:prvInsertBlockIntoFreeList)
                  00003f40    000000a8     drivers_msp432p401x.aem4f : UARTMSP432.oem4f (.text:readTaskBlocking)
                  00003fe8    000000a8     freertos_builds_MSP_EXP432P401R_release_ccs.lib : heap_4.obj (.text:vPortFree)
                  00004090    000000a8                                                     : tasks.obj (.text:xTaskRemoveFromEventList)
                  00004138    000000a4     drivers_msp432p401x.aem4f : TimerMSP432.oem4f (.text:initTimerHardware)
                  000041dc    000000a0     freertos_builds_MSP_EXP432P401R_release_ccs.lib : ClockP_freertos.obj (.text:ClockP_create)
                  0000427c    000000a0     drivers_msp432p401x.aem4f : UARTMSP432.oem4f (.text:readIsrTextCallback)
                  0000431c    0000009c                               : PowerMSP432.oem4f (.text:Power_init)
                  000043b8    0000009c     rtsv7M4_T_le_v4SPD16_eabi.lib : memcpy_t2.asm.obj (.text)
                  00004454    0000009c     drivers_msp432p401x.aem4f : TimerMSP432.oem4f (.text:setT32TickCount)
                  000044f0    0000009c                               : TimerMSP432.oem4f (.text:setTATickCount)
                  0000458c    00000094     msp432p4xx_driverlib.lib : sysctl_a.o (.text:SysCtl_A_getTLVInfo)
                  00004620    00000094     freertos_builds_MSP_EXP432P401R_release_ccs.lib : tasks.obj (.text:vTaskStartScheduler)
                  000046b4    00000092     drivers_msp432p401x.aem4f : UARTMSP432.oem4f (.text:UARTMSP432_close)
                  00004746    00000092                               : UARTMSP432.oem4f (.text:writeData)
                  000047d8    00000090     UARTDEBUG.obj (.text:PrintInteger)
                  00004868    0000008c     drivers_msp432p401x.aem4f : TimerMSP432.oem4f (.text:TimerMSP432_stop)
                  000048f4    0000008c                               : UARTMSP432.oem4f (.text:readIsrTextBlocking)
                  00004980    00000088     freertos_builds_MSP_EXP432P401R_release_ccs.lib : timers.obj (.text:prvProcessTimerOrBlockTask)
                  00004a08    00000088     uart_dev.obj (.text:uart_dev_init)
                  00004a90    00000084     drivers_msp432p401x.aem4f : PowerMSP432.oem4f (.text:restartHFXT)
                  00004b14    00000084     freertos_builds_MSP_EXP432P401R_release_ccs.lib : timers.obj (.text:xTimerGenericCommand)
                  00004b98    00000080     msp432p4xx_driverlib.lib : interrupt.o (.text:Interrupt_disableInterrupt)
                  00004c18    00000080                              : interrupt.o (.text:Interrupt_enableInterrupt)
                  00004c98    00000080     freertos_builds_MSP_EXP432P401R_release_ccs.lib : timers.obj (.text:prvProcessExpiredTimer)
                  00004d18    0000007c     msp432p4xx_driverlib.lib : cs.o (.text:_CSGetDOCFrequency)
                  00004d94    0000007c     i2c_dev.obj (.text:i2c_dev_init)
                  00004e10    0000007a     freertos_builds_MSP_EXP432P401R_release_ccs.lib : pthread.obj (.text:removeThreadKeys)
                  00004e8a    0000007a     rtsv7M4_T_le_v4SPD16_eabi.lib : memset_t2.asm.obj (.text)
                  00004f04    0000007a     freertos_builds_MSP_EXP432P401R_release_ccs.lib : tasks.obj (.text:xTaskCreate)
                  00004f7e    00000002     drivers_msp432p401x.aem4f : UARTMSP432.oem4f (.text:UARTMSP432_init)
                  00004f80    00000078     MPU9250.obj (.text:MPU9250_init)
                  00004ff8    00000078     drivers_msp432p401x.aem4f : TimerMSP432.oem4f (.text:TimerMSP432_allocateTimerResource)
                  00005070    00000078     freertos_builds_MSP_EXP432P401R_release_ccs.lib : timers.obj (.text:prvInsertTimerInActiveList)
                  000050e8    00000078                                                     : port.obj (.text:vPortSetupTimerInterrupt)
                  00005160    00000076     drivers_msp432p401x.aem4f : I2CMSP432.oem4f (.text:I2CMSP432_close)
                  000051d6    00000002     freertos_builds_MSP_EXP432P401R_release_ccs.lib : startup_msp432_ccs.obj (.text:defaultISR)
                  000051d8    00000074                                                     : tasks.obj (.text:prvInitialiseTaskLists)
                  0000524c    00000074                                                     : port.obj (.text:vPortValidateInterruptPriority)
                  000052c0    00000070     drivers_msp432p401x.aem4f : UARTMSP432.oem4f (.text:UARTMSP432_writeCancel)
                  00005330    00000070     freertos_builds_MSP_EXP432P401R_release_ccs.lib : ClockP_freertos.obj (.text:setClockObjTimeout)
                  000053a0    0000006e     rtsv7M4_T_le_v4SPD16_eabi.lib : fd_tos_t2.asm.obj (.text)
                  0000540e    00000002     freertos_builds_MSP_EXP432P401R_release_ccs.lib : startup_msp432_ccs.obj (.text:faultISR)
                  00005410    0000006c     msp432p4xx_driverlib.lib : i2c.o (.text:I2C_masterSendMultiByteFinish)
                  0000547c    00000068     drivers_msp432p401x.aem4f : PowerMSP432.oem4f (.text:PowerMSP432_getFreqs)
                  000054e4    00000068     rtsv7M4_T_le_v4SPD16_eabi.lib : copy_decompress_lzss.c.obj (.text:decompress:lzss:__TI_decompress_lzss)
                  0000554c    00000068     drivers_msp432p401x.aem4f : I2CMSP432.oem4f (.text:initHw)
                  000055b4    00000066     freertos_builds_MSP_EXP432P401R_release_ccs.lib : timers.obj (.text:prvInitialiseNewTimer)
                  0000561a    00000066                                                     : list.obj (.text:vListInsert)
                  00005680    00000064                                                     : ClockP_freertos.obj (.text:ClockP_stop)
                  000056e4    00000064     main.obj (.text:main)
                  00005748    00000064     freertos_builds_MSP_EXP432P401R_release_ccs.lib : tasks.obj (.text:prvGetExpectedIdleTime)
                  000057ac    00000062     msp432p4xx_driverlib.lib : cs.o (.text:_CSGetDividerValue)
                  0000580e    00000002     freertos_builds_MSP_EXP432P401R_release_ccs.lib : startup_msp432_ccs.obj (.text:nmiISR)
                  00005810    00000060                                                     : HwiPMSP432_freertos.obj (.text:HwiP_create)
                  00005870    00000060                                                     : port.obj (.text:pxPortInitialiseStack)
                  000058d0    00000060                                                     : queue.obj (.text:xQueueGenericCreate)
                  00005930    0000005c     msp432p4xx_driverlib.lib : interrupt.o (.text:Interrupt_registerInterrupt)
                  0000598c    0000005c     freertos_builds_MSP_EXP432P401R_release_ccs.lib : tasks.obj (.text:prvIdleTask)
                  000059e8    0000005c                                                     : pthread.obj (.text:pthread_exit)
                  00005a44    0000005c                                                     : queue.obj (.text:vQueueWaitForMessageRestricted)
                  00005aa0    0000005c                                                     : tasks.obj (.text:vTaskDelay)
                  00005afc    00000058     drivers_msp432p401x.aem4f : UARTMSP432.oem4f (.text:readIsrBinaryBlocking)
                  00005b54    00000058     time_dev.obj (.text:time_dev_init)
                  00005bac    00000058     freertos_builds_MSP_EXP432P401R_release_ccs.lib : queue.obj (.text:xQueueCreateCountingSemaphore)
                  00005c04    00000056                                                     : SemaphoreP_freertos.obj (.text:SemaphoreP_create)
                  00005c5a    00000056     drivers_msp432p401x.aem4f : I2CMSP432.oem4f (.text:completeTransfer)
                  00005cb0    00000054     freertos_builds_MSP_EXP432P401R_release_ccs.lib : ClockP_freertos.obj (.text:ClockP_delete)
                  00005d04    00000054     msp432p4xx_driverlib.lib : interrupt.o (.text:Interrupt_setPriority)
                  00005d58    00000054     drivers_msp432p401x.aem4f : TimerMSP432.oem4f (.text:TimerMSP432_freeTimerResource)
                  00005dac    00000054     freertos_builds_MSP_EXP432P401R_release_ccs.lib : timers.obj (.text:xTimerCreateTimerTask)
                  00005e00    00000050     drivers_msp432p401x.aem4f : TimerMSP432.oem4f (.text:TimerMSP432_hwiIntFunction)
                  00005e50    00000050     i2c_dev.obj (.text:i2c_dev_read)
                  00005ea0    0000004e     drivers_msp432p401x.aem4f : TimerMSP432.oem4f (.text:TimerMSP432_close)
                  00005eee    00000002     main.obj (.text:vApplicationMallocFailedHook)
                  00005ef0    0000004c     i2c_dev.obj (.text:i2c_dev_write)
                  00005f3c    0000004c     freertos_builds_MSP_EXP432P401R_release_ccs.lib : timers.obj (.text:prvCheckForValidListAndQueue)
                  00005f88    0000004c                                                     : tasks.obj (.text:prvCheckTasksWaitingTermination)
                  00005fd4    0000004c     drivers_msp432p401x.aem4f : UARTMSP432.oem4f (.text:readIsrBinaryCallback)
                  00006020    0000004c     freertos_builds_MSP_EXP432P401R_release_ccs.lib : port.obj (.text:vPortEnterCritical)
                  0000606c    0000004c                                                     : tasks.obj (.text:vTaskSetThreadLocalStoragePointer)
                  000060b8    0000004a     MPU9250.obj (.text:AK8963_raw_magnetometer)
                  00006102    00000002     --HOLE-- [fill = 0]
                  00006104    00000048     freertos_builds_MSP_EXP432P401R_release_ccs.lib : HwiPMSP432_freertos.obj (.text:HwiP_dispatch)
                  0000614c    00000048     drivers_msp432p401x.aem4f : PowerMSP432.oem4f (.text:Power_releaseConstraint)
                  00006194    00000048     freertos_builds_MSP_EXP432P401R_release_ccs.lib : list.obj (.text:uxListRemove)
                  000061dc    00000046     drivers_msp432p401x.aem4f : RingBuf.oem4f (.text:RingBuf_put)
                  00006222    00000002     --HOLE-- [fill = 0]
                  00006224    00000044                               : I2C.oem4f (.text:I2C_init)
                  00006268    00000044                               : Timer.oem4f (.text:Timer_init)
                  000062ac    00000044                               : UART.oem4f (.text:UART_init)
                  000062f0    00000044     rtsv7M4_T_le_v4SPD16_eabi.lib : autoinit.c.obj (.text:__TI_auto_init_nobinit_nopinit:__TI_auto_init_nobinit_nopinit)
                  00006334    00000044     drivers_msp432p401x.aem4f : I2CMSP432.oem4f (.text:perfChangeNotifyFxn)
                  00006378    00000044     freertos_builds_MSP_EXP432P401R_release_ccs.lib : queue.obj (.text:prvInitialiseNewQueue)
                  000063bc    00000042     MPU9250.obj (.text:MPU9250_raw_accelerometer)
                  000063fe    00000042     MPU9250.obj (.text:MPU9250_raw_gyroscope)
                  00006440    00000040     drivers_msp432p401x.aem4f : I2C.oem4f (.text:I2C_open)
                  00006480    00000040                               : RingBuf.oem4f (.text:RingBuf_get)
                  000064c0    00000040                               : Timer.oem4f (.text:Timer_open)
                  00006500    00000040                               : UARTMSP432.oem4f (.text:UARTMSP432_read)
                  00006540    00000040                               : UART.oem4f (.text:UART_open)
                  00006580    00000040     freertos_builds_MSP_EXP432P401R_release_ccs.lib : aeabi_portable.obj (.text:__aeabi_errno_addr)
                  000065c0    00000040     drivers_msp432p401x.aem4f : UARTMSP432.oem4f (.text:perfChangeNotifyFxn)
                  00006600    00000040     freertos_builds_MSP_EXP432P401R_release_ccs.lib : tasks.obj (.text:vTaskPlaceOnEventListRestricted)
                  00006640    0000003e                                                     : ClockP_freertos.obj (.text:ClockP_callbackFxn)
                  0000667e    0000003e                                                     : pthread.obj (.text:pthread_setcancelstate)
                  000066bc    0000003c                                                     : queue.obj (.text:prvCopyDataFromQueue)
                  000066f8    0000003c                                                     : tasks.obj (.text:prvResetNextTaskUnblockTime)
                  00006734    0000003c                                                     : tasks.obj (.text:pvTaskGetThreadLocalStoragePointer)
                  00006770    0000003c                                                     : sleep.obj (.text:usleep)
                  000067ac    0000003c                                                     : list.obj (.text:vListInsertEnd)
                  000067e8    0000003c                                                     : timers.obj (.text:xTimerCreate)
                  00006824    0000003a                                                     : PowerMSP432_freertos.obj (.text:PowerMSP432_sleepPolicy)
                  0000685e    00000002     --HOLE-- [fill = 0]
                  00006860    00000038     drivers_msp432p401x.aem4f : PowerMSP432.oem4f (.text:Power_setConstraint)
                  00006898    00000038                               : TimerMSP432.oem4f (.text:TimerMSP432_getCount)
                  000068d0    00000038                               : PowerMSP432.oem4f (.text:notify)
                  00006908    00000038     freertos_builds_MSP_EXP432P401R_release_ccs.lib : timers.obj (.text:prvGetNextExpireTime)
                  00006940    00000038                                                     : port.obj (.text:prvTaskExitError)
                  00006978    00000038     rtsv7M4_T_le_v4SPD16_eabi.lib : fs_tod_t2.asm.obj (.text)
                  000069b0    00000036     drivers_msp432p401x.aem4f : UARTMSP432.oem4f (.text:UARTMSP432_readCancel)
                  000069e6    00000034     freertos_builds_MSP_EXP432P401R_release_ccs.lib : SemaphoreP_freertos.obj (.text:SemaphoreP_pend)
                  00006a1a    00000002     --HOLE-- [fill = 0]
                  00006a1c    00000034     rtsv7M4_T_le_v4SPD16_eabi.lib : boot_cortex_m.c.obj (.text:_c_int00_noargs:_c_int00_noargs)
                  00006a50    00000034     freertos_builds_MSP_EXP432P401R_release_ccs.lib : timers.obj (.text:prvSampleTimeNow)
                  00006a84    00000034                                                     : tasks.obj (.text:vTaskPlaceOnEventList)
                  00006ab8    00000030     msp432p4xx_driverlib.lib : cs.o (.text:CS_clearInterruptFlag)
                  00006ae8    00000030     drivers_msp432p401x.aem4f : I2CMSP432.oem4f (.text:mapPin)
                  00006b18    00000030                               : UARTMSP432.oem4f (.text:mapPin)
                  00006b48    00000030     freertos_builds_MSP_EXP432P401R_release_ccs.lib : list.obj (.text:vListInitialise)
                  00006b78    00000030                                                     : port.obj (.text:vPortExitCritical)
                  00006ba8    00000030                                                     : tasks.obj (.text:xTaskGetSchedulerState)
                  00006bd8    0000002e                                                     : timers.obj (.text:pvTimerGetTimerID)
                  00006c06    00000002     --HOLE-- [fill = 0]
                  00006c08    0000002c                                                     : HwiPMSP432_freertos.obj (.text:HwiP_disable)
                  00006c34    0000002c     drivers_msp432p401x.aem4f : TimerMSP432.oem4f (.text:perfChangeNotifyFxn)
                  00006c60    0000002c     freertos_builds_MSP_EXP432P401R_release_ccs.lib : tasks.obj (.text:vTaskSetApplicationTaskTag)
                  00006c8c    0000002c                                                     : port.obj (.text:xPortSysTickHandler)
                  00006cb8    00000028     msp432p4xx_driverlib.lib : cs.o (.text:CS_getMCLK)
                  00006ce0    00000028     freertos_builds_MSP_EXP432P401R_release_ccs.lib : HwiPMSP432_freertos.obj (.text:HwiP_inISR)
                  00006d08    00000028     drivers_msp432p401x.aem4f : PowerMSP432.oem4f (.text:Power_registerNotify)
                  00006d30    00000028                               : PowerMSP432.oem4f (.text:disableFaultCounter)
                  00006d58    00000028                               : PowerMSP432.oem4f (.text:disableHFXT)
                  00006d80    00000028                               : UARTMSP432.oem4f (.text:findBaudDividerIndex)
                  00006da8    00000028     freertos_builds_MSP_EXP432P401R_release_ccs.lib : pthread.obj (.text:pthread_attr_setschedparam)
                  00006dd0    00000028                                                     : tasks.obj (.text:xTaskGetApplicationTaskTag)
                  00006df8    00000026     MPU9250.obj (.text:AK8963_write_byte)
                  00006e1e    00000026     drivers_msp432p401x.aem4f : List.oem4f (.text:List_put)
                  00006e44    00000026                               : List.oem4f (.text:List_remove)
                  00006e6a    00000026     MPU9250.obj (.text:MPU9250_write_byte)
                  00006e90    00000026     freertos_builds_MSP_EXP432P401R_release_ccs.lib : pthread.obj (.text:_pthread_cleanup_pop)
                  00006eb6    00000026                                                     : queue.obj (.text:prvIsQueueFull)
                  00006edc    00000024                                                     : queue.obj (.text:prvGetDisinheritPriorityAfterTimeout)
                  00006f00    00000024     uart_dev.obj (.text:uart_dev_print_char)
                  00006f24    00000024     freertos_builds_MSP_EXP432P401R_release_ccs.lib : queue.obj (.text:vQueueDelete)
                  00006f48    00000024                                                     : tasks.obj (.text:vTaskInternalSetTimeOutState)
                  00006f6c    00000022                                                     : SemaphoreP_freertos.obj (.text:SemaphoreP_post)
                  00006f8e    00000022                                                     : pthread.obj (.text:pthread_attr_setdetachstate)
                  00006fb0    00000020     msp432p4xx_driverlib.lib : cs.o (.text:CS_setExternalClockSourceFrequency)
                  00006fd0    00000020     freertos_builds_MSP_EXP432P401R_release_ccs.lib : HwiPMSP432_freertos.obj (.text:HwiP_restore)
                  00006ff0    00000020     drivers_msp432p401x.aem4f : PowerMSP432.oem4f (.text:Power_unregisterNotify)
                  00007010    00000020     UARTDEBUG.obj (.text:PrintString)
                  00007030    00000020     drivers_msp432p401x.aem4f : RingBuf.oem4f (.text:RingBuf_peek)
                  00007050    00000020     freertos_builds_MSP_EXP432P401R_release_ccs.lib : queue.obj (.text:prvIsQueueEmpty)
                  00007070    00000020     rtsv7M4_T_le_v4SPD16_eabi.lib : u_tofd_t2.asm.obj (.text)
                  00007090    0000001e     freertos_builds_MSP_EXP432P401R_release_ccs.lib : ClockP_freertos.obj (.text:ClockP_start)
                  000070ae    0000001e                                                     : HwiPMSP432_freertos.obj (.text:HwiP_Params_init)
                  000070cc    0000001e                                                     : pthread.obj (.text:_pthread_runStub)
                  000070ea    0000001c                                                     : ClockP_freertos.obj (.text:ClockP_Params_init)
                  00007106    00000002     --HOLE-- [fill = 0]
                  00007108    0000001c     msp432p4xx_driverlib.lib : interrupt.o (.text:Interrupt_unregisterInterrupt)
                  00007124    0000001c     freertos_builds_MSP_EXP432P401R_release_ccs.lib : pthread.obj (.text:pthread_attr_init)
                  00007140    0000001c                                                     : tasks.obj (.text:pvTaskIncrementMutexHeldCount)
                  0000715c    0000001a                                                     : PTLS.obj (.text:PTLS_taskDeleteHook)
                  00007176    0000001a                                                     : timers.obj (.text:prvTimerTask)
                  00007190    00000018     drivers_msp432p401x.aem4f : I2C.oem4f (.text:I2C_transfer)
                  000071a8    00000018     msp432p4xx_driverlib.lib : sysctl_a.o (.text:SysCtl_A_disableNMISource)
                  000071c0    00000018                              : sysctl_a.o (.text:SysCtl_A_enableNMISource)
                  000071d8    00000018     drivers_msp432p401x.aem4f : UART.oem4f (.text:UART_Params_init)
                  000071f0    00000018     time_dev.obj (.text:timer_dev_callback)
                  00007208    00000016     freertos_builds_MSP_EXP432P401R_release_ccs.lib : ClockP_freertos.obj (.text:ClockP_setTimeout)
                  0000721e    00000016                                                     : PTLS.obj (.text:PTLS_getBuf)
                  00007234    00000016                                                     : PTLS.obj (.text:PTLS_setBuf)
                  0000724a    00000016                                                     : SemaphoreP_freertos.obj (.text:SemaphoreP_Params_init)
                  00007260    00000014     MPU9250.obj (.text:AK8963_who)
                  00007274    00000014     MPU9250.obj (.text:MPU9250_who)
                  00007288    00000014     drivers_msp432p401x.aem4f : PowerMSP432.oem4f (.text:Power_idleFunc)
                  0000729c    00000014                               : UARTMSP432.oem4f (.text:clearTXCPTIFG)
                  000072b0    00000014     freertos_builds_MSP_EXP432P401R_release_ccs.lib : tasks.obj (.text:prvDeleteTCB)
                  000072c4    00000014                                                     : pthread.obj (.text:pthread_attr_setstacksize)
                  000072d8    00000014                                                     : pthread.obj (.text:pthread_self)
                  000072ec    00000014                                                     : startup_msp432_ccs.obj (.text:resetISR)
                  00007300    00000014                                                     : tasks.obj (.text:xTaskGetCurrentTaskHandle)
                  00007314    00000014                                                     : tasks.obj (.text:xTaskGetTickCount)
                  00007328    00000012     MPU9250.obj (.text:AK8963_init)
                  0000733a    00000012     freertos_builds_MSP_EXP432P401R_release_ccs.lib : HwiPMSP432_freertos.obj (.text:HwiP_delete)
                  0000734c    00000012     drivers_msp432p401x.aem4f : RingBuf.oem4f (.text:RingBuf_construct)
                  0000735e    00000012     UARTDEBUG.obj (.text:UARTDEBUG_init)
                  00007370    00000012     time_dev.obj (.text:delay)
                  00007382    00000002     --HOLE-- [fill = 0]
                  00007384    00000010     drivers_msp432p401x.aem4f : I2C.oem4f (.text:I2C_Params_init)
                  00007394    00000010                               : PowerMSP432.oem4f (.text:PowerMSP432_getNumPerfLevels)
                  000073a4    00000010     msp432p4xx_driverlib.lib : sysctl_a.o (.text:SysCtl_A_getNMISourceStatus)
                  000073b4    00000010                              : sysctl.o (.text:SysCtl_getNMISourceStatus)
                  000073c4    00000010     drivers_msp432p401x.aem4f : Timer.oem4f (.text:Timer_Params_init)
                  000073d4    00000010                               : UARTMSP432.oem4f (.text:readBlockingTimeout)
                  000073e4    00000010     freertos_builds_MSP_EXP432P401R_release_ccs.lib : list.obj (.text:vListInitialiseItem)
                  000073f4    00000010                                                     : tasks.obj (.text:vTaskSuspendAll)
                  00007404    0000000e     rtsv7M4_T_le_v4SPD16_eabi.lib : copy_decompress_none.c.obj (.text:decompress:none:__TI_decompress_none)
                  00007412    0000000c     ti_drivers_config.obj (.text:Board_init)
                  0000741e    0000000c     msp432p4xx_driverlib.lib : cpu.o (.text:CPU_cpsid)
                  0000742a    0000000c                              : cpu.o (.text:CPU_cpsie)
                  00007436    00000002     --HOLE-- [fill = 0]
                  00007438    0000000c     drivers_msp432p401x.aem4f : PowerMSP432.oem4f (.text:Power_getConstraintMask)
                  00007444    0000000c                               : PowerMSP432.oem4f (.text:Power_getPerformanceLevel)
                  00007450    0000000c     freertos_builds_MSP_EXP432P401R_release_ccs.lib : SemaphoreP_freertos.obj (.text:SemaphoreP_delete)
                  0000745c    0000000c     rtsv7M4_T_le_v4SPD16_eabi.lib : copy_zero_init.c.obj (.text:decompress:ZI:__TI_zero_init)
                  00007468    0000000c     time_dev.obj (.text:millis)
                  00007474    0000000c     freertos_builds_MSP_EXP432P401R_release_ccs.lib : tasks.obj (.text:vTaskMissedYield)
                  00007480    0000000a                                                     : PowerMSP432_freertos.obj (.text:PowerMSP432_updateFreqs)
                  0000748a    0000000a     drivers_msp432p401x.aem4f : Timer.oem4f (.text:Timer_start)
                  00007494    0000000a                               : UART.oem4f (.text:UART_write)
                  0000749e    0000000a     main.obj (.text:vApplicationStackOverflowHook)
                  000074a8    0000000a     freertos_builds_MSP_EXP432P401R_release_ccs.lib : PowerMSP432_freertos.obj (.text:vPortSuppressTicksAndSleep)
                  000074b2    00000008     drivers_msp432p401x.aem4f : I2CMSP432.oem4f (.text:blockingTransferCallback)
                  000074ba    00000008                               : UARTMSP432.oem4f (.text:readSemCallback)
                  000074c2    00000008                               : UARTMSP432.oem4f (.text:txcptEnabledStatus)
                  000074ca    00000008                               : UARTMSP432.oem4f (.text:writeSemCallback)
                  000074d2    00000006                               : I2CMSP432.oem4f (.text:I2CMSP432_control)
                  000074d8    00000006                               : TimerMSP432.oem4f (.text:TimerMSP432_control)
                  000074de    00000004     rtsv7M4_T_le_v4SPD16_eabi.lib : pre_init.c.obj (.text:_system_pre_init)
                  000074e2    00000004                                   : exit.c.obj (.text:abort:abort)

.const     0    000074e8    0000033e     
                  000074e8    00000080     ti_drivers_config.obj (.const:uartMSP432Baudrates)
                  00007568    00000058     ti_drivers_config.obj (.const:uartMSP432HWAttrs)
                  000075c0    00000050     msp432p4xx_driverlib.lib : interrupt.o (.const:g_pulRegs)
                  00007610    00000050     drivers_msp432p401x.aem4f : TimerMSP432.oem4f (.const:timerADividers)
                  00007660    00000038     ti_drivers_config.obj (.const:PowerMSP432_config)
                  00007698    00000028     drivers_msp432p401x.aem4f : UARTMSP432.oem4f (.const:UARTMSP432_fxnTable)
                  000076c0    00000024                               : UART.oem4f (.const:UART_defaultParams)
                  000076e4    00000020                               : TimerMSP432.oem4f (.const:TimerMSP432_Timer32_fxnTable)
                  00007704    00000020                               : UARTMSP432.oem4f (.const:staticFxnTable)
                  00007724    0000001c     i2c_dev.obj (.const:$P$T0$1)
                  00007740    0000001c     i2c_dev.obj (.const:$P$T1$2)
                  0000775c    00000018     drivers_msp432p401x.aem4f : I2CMSP432.oem4f (.const:I2CMSP432_fxnTable)
                  00007774    00000018     ti_drivers_config.obj (.const:UART_config)
                  0000778c    00000014     ti_drivers_config.obj (.const:i2cMSP432HWAttrs)
                  000077a0    00000010     drivers_msp432p401x.aem4f : I2C.oem4f (.const:I2C_defaultParams)
                  000077b0    00000010     ti_drivers_config.obj (.const:TimerMSP432HWAttrs)
                  000077c0    0000000c     ti_drivers_config.obj (.const:I2C_config)
                  000077cc    0000000c     ti_drivers_config.obj (.const:Timer_config)
                  000077d8    0000000c     drivers_msp432p401x.aem4f : I2CMSP432.oem4f (.const:bitRates)
                  000077e4    0000000c                               : Timer.oem4f (.const:defaultParams)
                  000077f0    0000000c                               : TimerMSP432.oem4f (.const:timer32Dividers)
                  000077fc    00000008     freertos_builds_MSP_EXP432P401R_release_ccs.lib : port.obj (.const)
                  00007804    00000008     msp432p4xx_driverlib.lib : interrupt.o (.const:g_pulDisRegs)
                  0000780c    00000008                              : interrupt.o (.const:g_pulEnRegs)
                  00007814    00000005     drivers_msp432p401x.aem4f : UARTMSP432.oem4f (.const:.string:parityTypes)
                  00007819    00000003     ti_drivers_config.obj (.const)
                  0000781c    00000004     freertos_builds_MSP_EXP432P401R_release_ccs.lib : pthread.obj (.const)
                  00007820    00000004     drivers_msp432p401x.aem4f : UARTMSP432.oem4f (.const:stopBits)
                  00007824    00000002     freertos_builds_MSP_EXP432P401R_release_ccs.lib : pthread.obj (.const:.string)

.cinit     0    00007828    000000c8     
                  00007828    00000093     (.cinit..data.load) [load image, compression = lzss]
                  000078bb    00000001     --HOLE-- [fill = 0]
                  000078bc    0000000c     (__TI_handler_table)
                  000078c8    00000008     (.cinit..bss.load) [load image, compression = zero_init]
                  000078d0    00000008     (.cinit..vtable.load) [load image, compression = zero_init]
                  000078d8    00000018     (__TI_cinit_table)

.init_array 
*          0    00000000    00000000     UNINITIALIZED

.intvecs   0    00000000    00000144     
                  00000000    00000144     freertos_builds_MSP_EXP432P401R_release_ccs.lib : startup_msp432_ccs.obj (.intvecs:retain)

.bss       0    20000000    0000835f     UNINITIALIZED
                  20000000    00008000     freertos_builds_MSP_EXP432P401R_release_ccs.lib : heap_4.obj (.bss:ucHeap)
                  20008000    00000100     (.common:uartMSP432Objects)
                  20008100    000000c8                                                     : tasks.obj (.bss:pxReadyTasksLists)
                  200081c8    00000050     (.common:i2cMSP432Objects)
                  20008218    00000034     (.common:timerMSP432Objects)
                  2000824c    00000020     ti_drivers_config.obj (.bss:uartMSP432RingBuffer0)
                  2000826c    00000020     ti_drivers_config.obj (.bss:uartMSP432RingBuffer1)
                  2000828c    00000014     freertos_builds_MSP_EXP432P401R_release_ccs.lib : timers.obj (.bss:xActiveTimerList1)
                  200082a0    00000014                                                     : timers.obj (.bss:xActiveTimerList2)
                  200082b4    00000014                                                     : tasks.obj (.bss:xDelayedTaskList1)
                  200082c8    00000014                                                     : tasks.obj (.bss:xDelayedTaskList2)
                  200082dc    00000014                                                     : tasks.obj (.bss:xPendingReadyList)
                  200082f0    00000014                                                     : tasks.obj (.bss:xSuspendedTaskList)
                  20008304    00000014                                                     : tasks.obj (.bss:xTasksWaitingTermination)
                  20008318    0000000c     MPU9250.obj (.bss)
                  20008324    00000008     freertos_builds_MSP_EXP432P401R_release_ccs.lib : tasks.obj (.bss)
                  2000832c    00000008                                                     : timers.obj (.bss)
                  20008334    00000008     msp432p4xx_driverlib.lib : cs.o (.bss)
                  2000833c    00000008     freertos_builds_MSP_EXP432P401R_release_ccs.lib : heap_4.obj (.bss:xStart)
                  20008344    00000008     (.common:UART_handles)
                  2000834c    00000004                                                     : aeabi_portable.obj (.bss:main_reent)
                  20008350    00000004     drivers_msp432p401x.aem4f : TimerMSP432.oem4f (.bss:timerState)
                  20008354    00000004     (.common:MPU9250_handle)
                  20008358    00000004     (.common:timer)
                  2000835c    00000001     (.common:accel_res)
                  2000835d    00000001     (.common:gyro_res)
                  2000835e    00000001     (.common:mag_res)

.data      0    20008360    00000a1a     UNINITIALIZED
                  20008360    00000800     freertos_builds_MSP_EXP432P401R_release_ccs.lib : HwiPMSP432_freertos.obj (.data:HwiP_dispatchTable)
                  20008b60    00000140     drivers_msp432p401x.aem4f : PowerMSP432.oem4f (.data:PowerMSP432_perfLevels)
                  20008ca0    00000034     freertos_builds_MSP_EXP432P401R_release_ccs.lib : tasks.obj (.data)
                  20008cd4    0000002c     drivers_msp432p401x.aem4f : PowerMSP432.oem4f (.data:PowerMSP432_module)
                  20008d00    00000018     freertos_builds_MSP_EXP432P401R_release_ccs.lib : heap_4.obj (.data)
                  20008d18    00000018                                                     : port.obj (.data)
                  20008d30    00000018     drivers_msp432p401x.aem4f : TimerMSP432.oem4f (.data:upConfig)
                  20008d48    00000014     freertos_builds_MSP_EXP432P401R_release_ccs.lib : pthread.obj (.data:defaultPthreadAttrs)
                  20008d5c    0000000c                                                     : timers.obj (.data)
                  20008d68    00000004                                                     : ClockP_freertos.obj (.data)
                  20008d6c    00000004                                                     : HwiPMSP432_freertos.obj (.data)
                  20008d70    00000004     time_dev.obj (.data)
                  20008d74    00000002     uart_dev.obj (.data:uart_open)
                  20008d76    00000001     drivers_msp432p401x.aem4f : I2C.oem4f (.data)
                  20008d77    00000001                               : Timer.oem4f (.data)
                  20008d78    00000001                               : UART.oem4f (.data)
                  20008d79    00000001     i2c_dev.obj (.data)

.vtable    0    20009000    000000e8     UNINITIALIZED
                  20009000    000000e8     msp432p4xx_driverlib.lib : interrupt.o (.vtable)

.stack     0    2000fc00    00000400     UNINITIALIZED
                  2000fc00    00000004     rtsv7M4_T_le_v4SPD16_eabi.lib : boot_cortex_m.c.obj (.stack)
                  2000fc04    000003fc     --HOLE--

.binit     0    00000000    00000000     

MODULE SUMMARY

       Module                       code    ro data   rw data
       ------                       ----    -------   -------
    .\
       UARTDEBUG.obj                774     0         0      
       MPU9250.obj                  460     0         30     
       hal_main.obj                 284     0         0      
       main.obj                     112     0         0      
    +--+----------------------------+-------+---------+---------+
       Total:                       1630    0         30     
                                                             
    .\peripheral\
       i2c_dev.obj                  280     56        10     
       uart_dev.obj                 172     0         20     
       time_dev.obj                 142     0         16     
    +--+----------------------------+-------+---------+---------+
       Total:                       594     56        46     
                                                             
    .\syscfg\
       ti_drivers_config.obj        14      359       904    
    +--+----------------------------+-------+---------+---------+
       Total:                       14      359       904    
                                                             
    C:/Users/amartinezacosta/workspace_v9/freertos_builds_MSP_EXP432P401R_release_ccs/Debug/freertos_builds_MSP_EXP432P401R_release_ccs.lib
       heap_4.obj                   912     0         65600  
       tasks.obj                    4388    0         720    
       HwiPMSP432_freertos.obj      332     0         4104   
       queue.obj                    3108    0         0      
       timers.obj                   1562    0         120    
       pthread.obj                  798     6         40     
       port.obj                     764     8         48     
       ClockP_freertos.obj          598     0         8      
       startup_msp432_ccs.obj       26      324       0      
       list.obj                     298     0         0      
       portasm.obj                  218     0         0      
       SemaphoreP_freertos.obj      206     0         0      
       PowerMSP432_freertos.obj     80      0         0      
       aeabi_portable.obj           64      0         8      
       PTLS.obj                     70      0         0      
       sleep.obj                    60      0         0      
    +--+----------------------------+-------+---------+---------+
       Total:                       13484   338       70648  
                                                             
    C:/ti/simplelink_msp432p4_sdk_3_40_01_02/source/ti/devices/msp432p4xx/driverlib/ccs/msp432p4xx_driverlib.lib
       cs.o                         1522    0         16     
       interrupt.o                  462     96        464    
       uart.o                       284     0         0      
       sysctl_a.o                   212     0         0      
       i2c.o                        108     0         0      
       cpu.o                        24      0         0      
       sysctl.o                     16      0         0      
    +--+----------------------------+-------+---------+---------+
       Total:                       2628    96        480    
                                                             
    C:/ti/simplelink_msp432p4_sdk_3_40_01_02/source/ti/drivers/lib/drivers_msp432p401x.aem4f
       UARTMSP432.oem4f             3406    81        0      
       PowerMSP432.oem4f            2196    0         728    
       I2CMSP432.oem4f              2028    36        0      
       TimerMSP432.oem4f            1806    124       56     
       UART.oem4f                   166     36        2      
       I2C.oem4f                    172     16        2      
       RingBuf.oem4f                184     0         0      
       Timer.oem4f                  158     12        2      
       List.oem4f                   76      0         0      
    +--+----------------------------+-------+---------+---------+
       Total:                       10192   305       790    
                                                             
    C:\ti\ccs930\ccs\tools\compiler\ti-cgt-arm_18.12.4.LTS\lib\rtsv7M4_T_le_v4SPD16_eabi.lib
       fd_div_t2.asm.obj            310     0         0      
       memcpy_t2.asm.obj            156     0         0      
       memset_t2.asm.obj            122     0         0      
       fd_tos_t2.asm.obj            110     0         0      
       copy_decompress_lzss.c.obj   104     0         0      
       autoinit.c.obj               68      0         0      
       fs_tod_t2.asm.obj            56      0         0      
       boot_cortex_m.c.obj          52      0         0      
       u_tofd_t2.asm.obj            32      0         0      
       copy_decompress_none.c.obj   14      0         0      
       copy_zero_init.c.obj         12      0         0      
       exit.c.obj                   4       0         0      
       pre_init.c.obj               4       0         0      
    +--+----------------------------+-------+---------+---------+
       Total:                       1044    0         0      
                                                             
       Stack:                       0       0         2048   
       Linker Generated:            0       199       0      
    +--+----------------------------+-------+---------+---------+
       Grand Total:                 29586   1353      74946  


LINKER GENERATED COPY TABLES

__TI_cinit_table @ 000078d8 records: 3, size/record: 8, table size: 24
	.data: load addr=00007828, load size=00000093 bytes, run addr=20008360, run size=00000a1a bytes, compression=lzss
	.bss: load addr=000078c8, load size=00000008 bytes, run addr=20000000, run size=0000835f bytes, compression=zero_init
	.vtable: load addr=000078d0, load size=00000008 bytes, run addr=20009000, run size=000000e8 bytes, compression=zero_init


LINKER GENERATED HANDLER TABLE

__TI_handler_table @ 000078bc records: 3, size/record: 4, table size: 12
	index: 0, handler: __TI_decompress_lzss
	index: 1, handler: __TI_decompress_none
	index: 2, handler: __TI_zero_init


GLOBAL SYMBOLS: SORTED ALPHABETICALLY BY Name 

address   name                               
-------   ----                               
00007329  AK8963_init                        
000060b9  AK8963_raw_magnetometer            
00007261  AK8963_who                         
00006df9  AK8963_write_byte                  
00007413  Board_init                         
00002207  Board_initHook                     
000074e3  C$$EXIT                            
0000741f  CPU_cpsid                          
0000742b  CPU_cpsie                          
00006ab9  CS_clearInterruptFlag              
0000260d  CS_getDCOFrequency                 
00006cb9  CS_getMCLK                         
00006fb1  CS_setExternalClockSourceFrequency 
000028e5  CS_startHFXTWithTimeout            
000029c9  CS_startLFXTWithTimeout            
000070eb  ClockP_Params_init                 
00006641  ClockP_callbackFxn                 
000041dd  ClockP_create                      
00005cb1  ClockP_delete                      
00007209  ClockP_setTimeout                  
00007091  ClockP_start                       
00005681  ClockP_stop                        
000070af  HwiP_Params_init                   
00005811  HwiP_create                        
0000733b  HwiP_delete                        
00006c09  HwiP_disable                       
00006105  HwiP_dispatch                      
20008360  HwiP_dispatchTable                 
00006ce1  HwiP_inISR                         
00006fd1  HwiP_restore                       
00003d43  I2CMSP432_cancel                   
00005161  I2CMSP432_close                    
000074d3  I2CMSP432_control                  
0000775c  I2CMSP432_fxnTable                 
00000f19  I2CMSP432_hwiIntFxn                
000030af  I2CMSP432_init                     
00000995  I2CMSP432_open                     
00002705  I2CMSP432_transfer                 
00007385  I2C_Params_init                    
000077c0  I2C_config                         
00007819  I2C_count                          
000077a0  I2C_defaultParams                  
00006225  I2C_init                           
00005411  I2C_masterSendMultiByteFinish      
00006441  I2C_open                           
00007191  I2C_transfer                       
00004b99  Interrupt_disableInterrupt         
00004c19  Interrupt_enableInterrupt          
00005931  Interrupt_registerInterrupt        
00005d05  Interrupt_setPriority              
00007109  Interrupt_unregisterInterrupt      
00006e1f  List_put                           
00006e45  List_remove                        
20008354  MPU9250_handle                     
00004f81  MPU9250_init                       
000063bd  MPU9250_raw_accelerometer          
000063ff  MPU9250_raw_gyroscope              
00007275  MPU9250_who                        
00006e6b  MPU9250_write_byte                 
0000721f  PTLS_getBuf                        
00007235  PTLS_setBuf                        
0000715d  PTLS_taskDeleteHook                
00007660  PowerMSP432_config                 
0000547d  PowerMSP432_getFreqs               
00007395  PowerMSP432_getNumPerfLevels       
0000356f  PowerMSP432_initPolicy             
20008cd4  PowerMSP432_module                 
20008b60  PowerMSP432_perfLevels             
00006825  PowerMSP432_sleepPolicy            
00007481  PowerMSP432_updateFreqs            
00007439  Power_getConstraintMask            
00007445  Power_getPerformanceLevel          
00007289  Power_idleFunc                     
0000431d  Power_init                         
00006d09  Power_registerNotify               
0000614d  Power_releaseConstraint            
00006861  Power_setConstraint                
00000145  Power_sleep                        
00006ff1  Power_unregisterNotify             
000013a1  PrintFloat                         
000047d9  PrintInteger                       
00007011  PrintString                        
0000734d  RingBuf_construct                  
00006481  RingBuf_get                        
00007031  RingBuf_peek                       
000061dd  RingBuf_put                        
0000724b  SemaphoreP_Params_init             
00005c05  SemaphoreP_create                  
00007451  SemaphoreP_delete                  
000069e7  SemaphoreP_pend                    
00006f6d  SemaphoreP_post                    
000071a9  SysCtl_A_disableNMISource          
000071c1  SysCtl_A_enableNMISource           
000073a5  SysCtl_A_getNMISourceStatus        
0000458d  SysCtl_A_getTLVInfo                
000073b5  SysCtl_getNMISourceStatus          
000077b0  TimerMSP432HWAttrs                 
000076e4  TimerMSP432_Timer32_fxnTable       
00004ff9  TimerMSP432_allocateTimerResource  
00005ea1  TimerMSP432_close                  
000074d9  TimerMSP432_control                
00005d59  TimerMSP432_freeTimerResource      
00006899  TimerMSP432_getCount               
00003e97  TimerMSP432_init                   
00001669  TimerMSP432_open                   
00003571  TimerMSP432_setPeriod              
00003325  TimerMSP432_start                  
00004869  TimerMSP432_stop                   
000073c5  Timer_Params_init                  
000077cc  Timer_config                       
0000781a  Timer_count                        
00006269  Timer_init                         
000064c1  Timer_open                         
0000748b  Timer_start                        
0000735f  UARTDEBUG_init                     
00002aa9  UARTDEBUG_printf                   
000046b5  UARTMSP432_close                   
000039cd  UARTMSP432_control                 
00007698  UARTMSP432_fxnTable                
00003259  UARTMSP432_hwiIntFxn               
00004f7f  UARTMSP432_init                    
0000043d  UARTMSP432_open                    
00006501  UARTMSP432_read                    
000069b1  UARTMSP432_readCancel              
00002c69  UARTMSP432_readPolling             
00003def  UARTMSP432_write                   
000052c1  UARTMSP432_writeCancel             
00003a81  UARTMSP432_writePolling            
000071d9  UART_Params_init                   
00007774  UART_config                        
0000781b  UART_count                         
000076c0  UART_defaultParams                 
20008344  UART_handles                       
000062ad  UART_init                          
00001c8d  UART_initModule                    
00006541  UART_open                          
00007495  UART_write                         
4000480c  WDTCTL_SYM                         
20010000  __STACK_END                        
00000400  __STACK_SIZE                       
000078d8  __TI_CINIT_Base                    
000078f0  __TI_CINIT_Limit                   
000078bc  __TI_Handler_Table_Base            
000078c8  __TI_Handler_Table_Limit           
000062f1  __TI_auto_init_nobinit_nopinit     
000054e5  __TI_decompress_lzss               
00007405  __TI_decompress_none               
ffffffff  __TI_pprof_out_hndl                
ffffffff  __TI_prof_data_size                
ffffffff  __TI_prof_data_start               
00007828  __TI_static_base__                 
0000745d  __TI_zero_init                     
000053a1  __aeabi_d2f                        
00001a2d  __aeabi_ddiv                       
00006581  __aeabi_errno_addr                 
00006979  __aeabi_f2d                        
00004e8b  __aeabi_memclr                     
00004e8b  __aeabi_memclr4                    
00004e8b  __aeabi_memclr8                    
000043b9  __aeabi_memcpy                     
000043b9  __aeabi_memcpy4                    
000043b9  __aeabi_memcpy8                    
00004e8d  __aeabi_memset                     
00004e8d  __aeabi_memset4                    
00004e8d  __aeabi_memset8                    
00007071  __aeabi_ui2d                       
ffffffff  __binit__                          
ffffffff  __c_args__                         
UNDEFED   __mpu_init                         
2000fc00  __stack                            
00006a1d  _c_int00_noargs                    
00006e91  _pthread_cleanup_pop               
UNDEFED   _system_post_cinit                 
000074df  _system_pre_init                   
000074e3  abort                              
2000835c  accel_res                          
ffffffff  binit                              
00007371  delay                              
20009000  g_pfnRAMVectors                    
2000835d  gyro_res                           
0000778c  i2cMSP432HWAttrs                   
200081c8  i2cMSP432Objects                   
00004d95  i2c_dev_init                       
00005e51  i2c_dev_read                       
00005ef1  i2c_dev_write                      
20008d79  i2c_initialized                    
00000000  interruptVectors                   
2000835e  mag_res                            
000056e5  main                               
00001da9  mainThread                         
000043b9  memcpy                             
00004e93  memset                             
00007469  millis                             
00007125  pthread_attr_init                  
00006f8f  pthread_attr_setdetachstate        
00006da9  pthread_attr_setschedparam         
000072c5  pthread_attr_setstacksize          
000018f5  pthread_create                     
000059e9  pthread_exit                       
000072d9  pthread_self                       
0000667f  pthread_setcancelstate             
0000109d  pvPortMalloc                       
00006735  pvTaskGetThreadLocalStoragePointer 
00007141  pvTaskIncrementMutexHeldCount      
00006bd9  pvTimerGetTimerID                  
20008ca0  pxCurrentTCB                       
00005871  pxPortInitialiseStack              
000072ed  resetISR                           
00005b55  time_dev_init                      
20008358  timer                              
20008218  timerMSP432Objects                 
000071f1  timer_dev_callback                 
20008d70  timer_millis                       
20008000  uartMSP432Objects                  
00004a09  uart_dev_init                      
00006f01  uart_dev_print_char                
20008d74  uart_open                          
000077fc  ulMaxSyscallInterruptPriority      
00002f0d  ulPortGetIPSR                      
00006771  usleep                             
00006195  uxListRemove                       
00005eef  vApplicationMallocFailedHook       
0000749f  vApplicationStackOverflowHook      
00006b49  vListInitialise                    
000073e5  vListInitialiseItem                
0000561b  vListInsert                        
000067ad  vListInsertEnd                     
00002fc9  vPortEnableVFP                     
00006021  vPortEnterCritical                 
00006b79  vPortExitCritical                  
00003fe9  vPortFree                          
00002f85  vPortSVCHandler                    
000050e9  vPortSetupTimerInterrupt           
00002fa5  vPortStartFirstTask                
000074a9  vPortSuppressTicksAndSleep         
0000524d  vPortValidateInterruptPriority     
00006f25  vQueueDelete                       
00005a45  vQueueWaitForMessageRestricted     
00005aa1  vTaskDelay                         
00002411  vTaskDelete                        
00006f49  vTaskInternalSetTimeOutState       
00007475  vTaskMissedYield                   
00006a85  vTaskPlaceOnEventList              
00006601  vTaskPlaceOnEventListRestricted    
0000230d  vTaskPriorityDisinheritAfterTimeout
00006c61  vTaskSetApplicationTaskTag         
0000606d  vTaskSetThreadLocalStoragePointer  
00004621  vTaskStartScheduler                
00002511  vTaskSuspend                       
000073f5  vTaskSuspendAll                    
00002e21  vTaskSwitchContext                 
00002f25  xPortPendSVHandler                 
00003189  xPortStartScheduler                
00006c8d  xPortSysTickHandler                
00005bad  xQueueCreateCountingSemaphore      
000058d1  xQueueGenericCreate                
00003915  xQueueGenericReset                 
00000d61  xQueueGenericSend                  
000020fd  xQueueGenericSendFromISR           
000027f5  xQueueGiveFromISR                  
00001221  xQueueReceive                      
00002fd7  xQueueReceiveFromISR               
00000b8d  xQueueSemaphoreTake                
00003be5  xTaskCheckForTimeOut               
00004f05  xTaskCreate                        
00006dd1  xTaskGetApplicationTaskTag         
00007301  xTaskGetCurrentTaskHandle          
00006ba9  xTaskGetSchedulerState             
00007315  xTaskGetTickCount                  
000017b5  xTaskIncrementTick                 
00002b89  xTaskPriorityDisinherit            
000030b1  xTaskPriorityInherit               
00004091  xTaskRemoveFromEventList           
00001fe1  xTaskResumeAll                     
000067e9  xTimerCreate                       
00005dad  xTimerCreateTimerTask              
00004b15  xTimerGenericCommand               


GLOBAL SYMBOLS: SORTED BY Symbol Address 

address   name                               
-------   ----                               
00000000  interruptVectors                   
00000145  Power_sleep                        
00000400  __STACK_SIZE                       
0000043d  UARTMSP432_open                    
00000995  I2CMSP432_open                     
00000b8d  xQueueSemaphoreTake                
00000d61  xQueueGenericSend                  
00000f19  I2CMSP432_hwiIntFxn                
0000109d  pvPortMalloc                       
00001221  xQueueReceive                      
000013a1  PrintFloat                         
00001669  TimerMSP432_open                   
000017b5  xTaskIncrementTick                 
000018f5  pthread_create                     
00001a2d  __aeabi_ddiv                       
00001c8d  UART_initModule                    
00001da9  mainThread                         
00001fe1  xTaskResumeAll                     
000020fd  xQueueGenericSendFromISR           
00002207  Board_initHook                     
0000230d  vTaskPriorityDisinheritAfterTimeout
00002411  vTaskDelete                        
00002511  vTaskSuspend                       
0000260d  CS_getDCOFrequency                 
00002705  I2CMSP432_transfer                 
000027f5  xQueueGiveFromISR                  
000028e5  CS_startHFXTWithTimeout            
000029c9  CS_startLFXTWithTimeout            
00002aa9  UARTDEBUG_printf                   
00002b89  xTaskPriorityDisinherit            
00002c69  UARTMSP432_readPolling             
00002e21  vTaskSwitchContext                 
00002f0d  ulPortGetIPSR                      
00002f25  xPortPendSVHandler                 
00002f85  vPortSVCHandler                    
00002fa5  vPortStartFirstTask                
00002fc9  vPortEnableVFP                     
00002fd7  xQueueReceiveFromISR               
000030af  I2CMSP432_init                     
000030b1  xTaskPriorityInherit               
00003189  xPortStartScheduler                
00003259  UARTMSP432_hwiIntFxn               
00003325  TimerMSP432_start                  
0000356f  PowerMSP432_initPolicy             
00003571  TimerMSP432_setPeriod              
00003915  xQueueGenericReset                 
000039cd  UARTMSP432_control                 
00003a81  UARTMSP432_writePolling            
00003be5  xTaskCheckForTimeOut               
00003d43  I2CMSP432_cancel                   
00003def  UARTMSP432_write                   
00003e97  TimerMSP432_init                   
00003fe9  vPortFree                          
00004091  xTaskRemoveFromEventList           
000041dd  ClockP_create                      
0000431d  Power_init                         
000043b9  __aeabi_memcpy                     
000043b9  __aeabi_memcpy4                    
000043b9  __aeabi_memcpy8                    
000043b9  memcpy                             
0000458d  SysCtl_A_getTLVInfo                
00004621  vTaskStartScheduler                
000046b5  UARTMSP432_close                   
000047d9  PrintInteger                       
00004869  TimerMSP432_stop                   
00004a09  uart_dev_init                      
00004b15  xTimerGenericCommand               
00004b99  Interrupt_disableInterrupt         
00004c19  Interrupt_enableInterrupt          
00004d95  i2c_dev_init                       
00004e8b  __aeabi_memclr                     
00004e8b  __aeabi_memclr4                    
00004e8b  __aeabi_memclr8                    
00004e8d  __aeabi_memset                     
00004e8d  __aeabi_memset4                    
00004e8d  __aeabi_memset8                    
00004e93  memset                             
00004f05  xTaskCreate                        
00004f7f  UARTMSP432_init                    
00004f81  MPU9250_init                       
00004ff9  TimerMSP432_allocateTimerResource  
000050e9  vPortSetupTimerInterrupt           
00005161  I2CMSP432_close                    
0000524d  vPortValidateInterruptPriority     
000052c1  UARTMSP432_writeCancel             
000053a1  __aeabi_d2f                        
00005411  I2C_masterSendMultiByteFinish      
0000547d  PowerMSP432_getFreqs               
000054e5  __TI_decompress_lzss               
0000561b  vListInsert                        
00005681  ClockP_stop                        
000056e5  main                               
00005811  HwiP_create                        
00005871  pxPortInitialiseStack              
000058d1  xQueueGenericCreate                
00005931  Interrupt_registerInterrupt        
000059e9  pthread_exit                       
00005a45  vQueueWaitForMessageRestricted     
00005aa1  vTaskDelay                         
00005b55  time_dev_init                      
00005bad  xQueueCreateCountingSemaphore      
00005c05  SemaphoreP_create                  
00005cb1  ClockP_delete                      
00005d05  Interrupt_setPriority              
00005d59  TimerMSP432_freeTimerResource      
00005dad  xTimerCreateTimerTask              
00005e51  i2c_dev_read                       
00005ea1  TimerMSP432_close                  
00005eef  vApplicationMallocFailedHook       
00005ef1  i2c_dev_write                      
00006021  vPortEnterCritical                 
0000606d  vTaskSetThreadLocalStoragePointer  
000060b9  AK8963_raw_magnetometer            
00006105  HwiP_dispatch                      
0000614d  Power_releaseConstraint            
00006195  uxListRemove                       
000061dd  RingBuf_put                        
00006225  I2C_init                           
00006269  Timer_init                         
000062ad  UART_init                          
000062f1  __TI_auto_init_nobinit_nopinit     
000063bd  MPU9250_raw_accelerometer          
000063ff  MPU9250_raw_gyroscope              
00006441  I2C_open                           
00006481  RingBuf_get                        
000064c1  Timer_open                         
00006501  UARTMSP432_read                    
00006541  UART_open                          
00006581  __aeabi_errno_addr                 
00006601  vTaskPlaceOnEventListRestricted    
00006641  ClockP_callbackFxn                 
0000667f  pthread_setcancelstate             
00006735  pvTaskGetThreadLocalStoragePointer 
00006771  usleep                             
000067ad  vListInsertEnd                     
000067e9  xTimerCreate                       
00006825  PowerMSP432_sleepPolicy            
00006861  Power_setConstraint                
00006899  TimerMSP432_getCount               
00006979  __aeabi_f2d                        
000069b1  UARTMSP432_readCancel              
000069e7  SemaphoreP_pend                    
00006a1d  _c_int00_noargs                    
00006a85  vTaskPlaceOnEventList              
00006ab9  CS_clearInterruptFlag              
00006b49  vListInitialise                    
00006b79  vPortExitCritical                  
00006ba9  xTaskGetSchedulerState             
00006bd9  pvTimerGetTimerID                  
00006c09  HwiP_disable                       
00006c61  vTaskSetApplicationTaskTag         
00006c8d  xPortSysTickHandler                
00006cb9  CS_getMCLK                         
00006ce1  HwiP_inISR                         
00006d09  Power_registerNotify               
00006da9  pthread_attr_setschedparam         
00006dd1  xTaskGetApplicationTaskTag         
00006df9  AK8963_write_byte                  
00006e1f  List_put                           
00006e45  List_remove                        
00006e6b  MPU9250_write_byte                 
00006e91  _pthread_cleanup_pop               
00006f01  uart_dev_print_char                
00006f25  vQueueDelete                       
00006f49  vTaskInternalSetTimeOutState       
00006f6d  SemaphoreP_post                    
00006f8f  pthread_attr_setdetachstate        
00006fb1  CS_setExternalClockSourceFrequency 
00006fd1  HwiP_restore                       
00006ff1  Power_unregisterNotify             
00007011  PrintString                        
00007031  RingBuf_peek                       
00007071  __aeabi_ui2d                       
00007091  ClockP_start                       
000070af  HwiP_Params_init                   
000070eb  ClockP_Params_init                 
00007109  Interrupt_unregisterInterrupt      
00007125  pthread_attr_init                  
00007141  pvTaskIncrementMutexHeldCount      
0000715d  PTLS_taskDeleteHook                
00007191  I2C_transfer                       
000071a9  SysCtl_A_disableNMISource          
000071c1  SysCtl_A_enableNMISource           
000071d9  UART_Params_init                   
000071f1  timer_dev_callback                 
00007209  ClockP_setTimeout                  
0000721f  PTLS_getBuf                        
00007235  PTLS_setBuf                        
0000724b  SemaphoreP_Params_init             
00007261  AK8963_who                         
00007275  MPU9250_who                        
00007289  Power_idleFunc                     
000072c5  pthread_attr_setstacksize          
000072d9  pthread_self                       
000072ed  resetISR                           
00007301  xTaskGetCurrentTaskHandle          
00007315  xTaskGetTickCount                  
00007329  AK8963_init                        
0000733b  HwiP_delete                        
0000734d  RingBuf_construct                  
0000735f  UARTDEBUG_init                     
00007371  delay                              
00007385  I2C_Params_init                    
00007395  PowerMSP432_getNumPerfLevels       
000073a5  SysCtl_A_getNMISourceStatus        
000073b5  SysCtl_getNMISourceStatus          
000073c5  Timer_Params_init                  
000073e5  vListInitialiseItem                
000073f5  vTaskSuspendAll                    
00007405  __TI_decompress_none               
00007413  Board_init                         
0000741f  CPU_cpsid                          
0000742b  CPU_cpsie                          
00007439  Power_getConstraintMask            
00007445  Power_getPerformanceLevel          
00007451  SemaphoreP_delete                  
0000745d  __TI_zero_init                     
00007469  millis                             
00007475  vTaskMissedYield                   
00007481  PowerMSP432_updateFreqs            
0000748b  Timer_start                        
00007495  UART_write                         
0000749f  vApplicationStackOverflowHook      
000074a9  vPortSuppressTicksAndSleep         
000074d3  I2CMSP432_control                  
000074d9  TimerMSP432_control                
000074df  _system_pre_init                   
000074e3  C$$EXIT                            
000074e3  abort                              
00007660  PowerMSP432_config                 
00007698  UARTMSP432_fxnTable                
000076c0  UART_defaultParams                 
000076e4  TimerMSP432_Timer32_fxnTable       
0000775c  I2CMSP432_fxnTable                 
00007774  UART_config                        
0000778c  i2cMSP432HWAttrs                   
000077a0  I2C_defaultParams                  
000077b0  TimerMSP432HWAttrs                 
000077c0  I2C_config                         
000077cc  Timer_config                       
000077fc  ulMaxSyscallInterruptPriority      
00007819  I2C_count                          
0000781a  Timer_count                        
0000781b  UART_count                         
00007828  __TI_static_base__                 
000078bc  __TI_Handler_Table_Base            
000078c8  __TI_Handler_Table_Limit           
000078d8  __TI_CINIT_Base                    
000078f0  __TI_CINIT_Limit                   
20008000  uartMSP432Objects                  
200081c8  i2cMSP432Objects                   
20008218  timerMSP432Objects                 
20008344  UART_handles                       
20008354  MPU9250_handle                     
20008358  timer                              
2000835c  accel_res                          
2000835d  gyro_res                           
2000835e  mag_res                            
20008360  HwiP_dispatchTable                 
20008b60  PowerMSP432_perfLevels             
20008ca0  pxCurrentTCB                       
20008cd4  PowerMSP432_module                 
20008d70  timer_millis                       
20008d74  uart_open                          
20008d79  i2c_initialized                    
20009000  g_pfnRAMVectors                    
2000fc00  __stack                            
20010000  __STACK_END                        
4000480c  WDTCTL_SYM                         
ffffffff  __TI_pprof_out_hndl                
ffffffff  __TI_prof_data_size                
ffffffff  __TI_prof_data_start               
ffffffff  __binit__                          
ffffffff  __c_args__                         
ffffffff  binit                              
UNDEFED   __mpu_init                         
UNDEFED   _system_post_cinit                 

[277 symbols]
