******************************************************************************
                  TI ARM Linker PC v18.12.4                    
******************************************************************************
>> Linked Tue Sep  8 22:56:23 2020

OUTPUT FILE NAME:   <HAL.out>
ENTRY POINT SYMBOL: "resetISR"  address: 0000a6d5


MEMORY CONFIGURATION

         name            origin    length      used     unused   attr    fill
----------------------  --------  ---------  --------  --------  ----  --------
  MAIN                  00000000   00040000  0000ad90  00035270  R  X
  INFO                  00200000   00004000  00000000  00004000  R  X
  SRAM_CODE             01000000   00010000  000092fe  00006d02  RW X
  SRAM_DATA             20000000   00010000  000092fe  00006d02  RW  


SEGMENT ALLOCATION MAP

run origin  load origin   length   init length attrs members
----------  ----------- ---------- ----------- ----- -------
00000000    00000000    0000ad98   0000ad98    r-x
  00000000    00000000    00000144   00000144    r-- .intvecs
  00000144    00000144    0000a75e   0000a75e    r-x .text
  0000a8a8    0000a8a8    0000042e   0000042e    r-- .const
  0000acd8    0000acd8    000000c0   000000c0    r-- .cinit
20000000    20000000    00008e19   00000000    rw-
  20000000    20000000    000083f5   00000000    rw- .bss
  200083f8    200083f8    00000a21   00000000    rw- .data
20009000    20009000    000000e8   00000000    rw-
  20009000    20009000    000000e8   00000000    rw- .vtable
2000fc00    2000fc00    00000400   00000000    rw-
  2000fc00    2000fc00    00000400   00000000    rw- .stack


SECTION ALLOCATION MAP

 output                                  attributes/
section   page    origin      length       input sections
--------  ----  ----------  ----------   ----------------
.text      0    00000144    0000a75e     
                  00000144    00000bfc     madgwick.obj (.text:Madgwick_quaternion_update)
                  00000d40    000009c0     rtsv7M4_T_le_v4SPD16_eabi.lib : e_pow.c.obj (.text:pow)
                  00001700    000002f8     drivers_msp432p401x.aem4f : PowerMSP432.oem4f (.text:Power_sleep)
                  000019f8    000002d0                               : UARTMSP432.oem4f (.text:UARTMSP432_open)
                  00001cc8    000002c4     GPS.obj (.text:term_complete)
                  00001f8c    00000288     drivers_msp432p401x.aem4f : PowerMSP432.oem4f (.text:initPerfControl)
                  00002214    00000258     MPU9250.obj (.text:AK8963_calibrate_magnetometer)
                  0000246c    00000250     BME280.obj (.text:BME280_pressure)
                  000026bc    00000200     madgwick.obj (.text:Madgwick_quaternion_angles)
                  000028bc    000001f8     drivers_msp432p401x.aem4f : I2CMSP432.oem4f (.text:I2CMSP432_open)
                  00002ab4    000001d4     freertos_builds_MSP_EXP432P401R_release_ccs.lib : queue.obj (.text:xQueueSemaphoreTake)
                  00002c88    000001b8                                                     : queue.obj (.text:xQueueGenericSend)
                  00002e40    000001b6     rtsv7M4_T_le_v4SPD16_eabi.lib : fd_add_t2.asm.obj (.text)
                  00002ff6    00000002     ti_drivers_config.obj (.text:Board_initHook)
                  00002ff8    000001a0     hal_main.obj (.text:mainThread)
                  00003198    00000184     drivers_msp432p401x.aem4f : I2CMSP432.oem4f (.text:I2CMSP432_hwiIntFxn)
                  0000331c    00000184     freertos_builds_MSP_EXP432P401R_release_ccs.lib : heap_4.obj (.text:pvPortMalloc)
                  000034a0    00000180                                                     : queue.obj (.text:xQueueReceive)
                  00003620    00000170     rtsv7M4_T_le_v4SPD16_eabi.lib : e_asinf.c.obj (.text:asinf)
                  00003790    00000164     UARTDEBUG.obj (.text:PrintFloat)
                  000038f4    00000164     freertos_builds_MSP_EXP432P401R_release_ccs.lib : timers.obj (.text:prvProcessReceivedCommands)
                  00003a58    00000158     rtsv7M4_T_le_v4SPD16_eabi.lib : e_atan2f.c.obj (.text:atan2f)
                  00003bb0    00000158                                   : e_sqrt.c.obj (.text:sqrt)
                  00003d08    00000150                                   : s_atanf.c.obj (.text:atanf)
                  00003e58    00000140     freertos_builds_MSP_EXP432P401R_release_ccs.lib : tasks.obj (.text:xTaskIncrementTick)
                  00003f98    00000138                                                     : pthread.obj (.text:pthread_create)
                  000040d0    00000136     rtsv7M4_T_le_v4SPD16_eabi.lib : fd_div_t2.asm.obj (.text)
                  00004206    0000012a     freertos_builds_MSP_EXP432P401R_release_ccs.lib : tasks.obj (.text:prvInitialiseNewTask)
                  00004330    00000124     BME280.obj (.text:BME280_coefficients)
                  00004454    0000011c     msp432p4xx_driverlib.lib : uart.o (.text:UART_initModule)
                  00004570    0000011c     drivers_msp432p401x.aem4f : I2CMSP432.oem4f (.text:primeTransfer)
                  0000468c    0000011c     freertos_builds_MSP_EXP432P401R_release_ccs.lib : tasks.obj (.text:xTaskResumeAll)
                  000047a8    00000110     rtsv7M4_T_le_v4SPD16_eabi.lib : s_scalbn.c.obj (.text:scalbn)
                  000048b8    0000010a     freertos_builds_MSP_EXP432P401R_release_ccs.lib : queue.obj (.text:xQueueGenericSendFromISR)
                  000049c2    00000002     drivers_msp432p401x.aem4f : I2CMSP432.oem4f (.text:I2CMSP432_init)
                  000049c4    00000104     msp432p4xx_driverlib.lib : cs.o (.text:_CSComputeCLKFrequency)
                  00004ac8    00000104     freertos_builds_MSP_EXP432P401R_release_ccs.lib : tasks.obj (.text:vTaskPriorityDisinheritAfterTimeout)
                  00004bcc    00000100     MPU9250.obj (.text:AK8963_init)
                  00004ccc    00000100     freertos_builds_MSP_EXP432P401R_release_ccs.lib : tasks.obj (.text:vTaskDelete)
                  00004dcc    000000fc     rtsv7M4_T_le_v4SPD16_eabi.lib : fd_mul_t2.asm.obj (.text)
                  00004ec8    000000fc     freertos_builds_MSP_EXP432P401R_release_ccs.lib : tasks.obj (.text:vTaskSuspend)
                  00004fc4    000000f8     msp432p4xx_driverlib.lib : cs.o (.text:CS_getDCOFrequency)
                  000050bc    000000f8     MPU9250.obj (.text:MPU9250_gyroscope)
                  000051b4    000000f4     MPU9250.obj (.text:AK8963_magnetometer)
                  000052a8    000000f0     drivers_msp432p401x.aem4f : I2CMSP432.oem4f (.text:I2CMSP432_transfer)
                  00005398    000000f0     freertos_builds_MSP_EXP432P401R_release_ccs.lib : queue.obj (.text:xQueueGiveFromISR)
                  00005488    000000ec     GPS.obj (.text:GPS_encode)
                  00005574    000000e4     msp432p4xx_driverlib.lib : cs.o (.text:CS_startHFXTWithTimeout)
                  00005658    000000e0                              : cs.o (.text:CS_startLFXTWithTimeout)
                  00005738    000000e0     UARTDEBUG.obj (.text:UARTDEBUG_printf)
                  00005818    000000e0     freertos_builds_MSP_EXP432P401R_release_ccs.lib : tasks.obj (.text:xTaskPriorityDisinherit)
                  000058f8    000000dc     drivers_msp432p401x.aem4f : UARTMSP432.oem4f (.text:UARTMSP432_readPolling)
                  000059d4    000000dc     msp432p4xx_driverlib.lib : cs.o (.text:_CSGetHFXTFrequency)
                  00005ab0    000000dc     freertos_builds_MSP_EXP432P401R_release_ccs.lib : tasks.obj (.text:vTaskSwitchContext)
                  00005b8c    000000da                                                     : portasm.obj (.text)
                  00005c66    000000d8                                                     : queue.obj (.text:xQueueReceiveFromISR)
                  00005d3e    00000002     msp432p4xx_driverlib.lib : interrupt.o (.text:IntDefaultHandler)
                  00005d40    000000d8     freertos_builds_MSP_EXP432P401R_release_ccs.lib : tasks.obj (.text:xTaskPriorityInherit)
                  00005e18    000000d4     GPS.obj (.text:GPS_init)
                  00005eec    000000d0     BME280.obj (.text:BME280_temperature)
                  00005fbc    000000d0     freertos_builds_MSP_EXP432P401R_release_ccs.lib : port.obj (.text:xPortStartScheduler)
                  0000608c    000000ca     drivers_msp432p401x.aem4f : UARTMSP432.oem4f (.text:UARTMSP432_hwiIntFxn)
                  00006156    00000002     freertos_builds_MSP_EXP432P401R_release_ccs.lib : PowerMSP432_freertos.obj (.text:PowerMSP432_initPolicy)
                  00006158    000000c4                                                     : tasks.obj (.text:prvAddNewTaskToReadyList)
                  0000621c    000000c0     MPU9250.obj (.text:MPU9250_calibrate_accelerometer)
                  000062dc    000000be     freertos_builds_MSP_EXP432P401R_release_ccs.lib : queue.obj (.text:prvCopyDataToQueue)
                  0000639a    00000002     drivers_msp432p401x.aem4f : UARTMSP432.oem4f (.text:UARTMSP432_init)
                  0000639c    000000bc     freertos_builds_MSP_EXP432P401R_release_ccs.lib : heap_4.obj (.text:prvHeapInit)
                  00006458    000000bc                                                     : timers.obj (.text:prvSwitchTimerLists)
                  00006514    000000b8     drivers_msp432p401x.aem4f : UARTMSP432.oem4f (.text:initHw)
                  000065cc    000000b8                               : UARTMSP432.oem4f (.text:readTaskCallback)
                  00006684    000000b8     freertos_builds_MSP_EXP432P401R_release_ccs.lib : queue.obj (.text:xQueueGenericReset)
                  0000673c    000000b4     drivers_msp432p401x.aem4f : UARTMSP432.oem4f (.text:UARTMSP432_control)
                  000067f0    000000b4                               : UARTMSP432.oem4f (.text:UARTMSP432_writePolling)
                  000068a4    000000b0     freertos_builds_MSP_EXP432P401R_release_ccs.lib : tasks.obj (.text:prvAddCurrentTaskToDelayedList)
                  00006954    000000b0                                                     : tasks.obj (.text:xTaskCheckForTimeOut)
                  00006a04    000000ae                                                     : queue.obj (.text:prvUnlockQueue)
                  00006ab2    000000ac     drivers_msp432p401x.aem4f : I2CMSP432.oem4f (.text:I2CMSP432_cancel)
                  00006b5e    00000002     freertos_builds_MSP_EXP432P401R_release_ccs.lib : startup_msp432_ccs.obj (.text:defaultISR)
                  00006b60    000000ac                                                     : clock.obj (.text:clock_gettime)
                  00006c0c    000000a8     drivers_msp432p401x.aem4f : UARTMSP432.oem4f (.text:UARTMSP432_write)
                  00006cb4    000000a8     freertos_builds_MSP_EXP432P401R_release_ccs.lib : heap_4.obj (.text:prvInsertBlockIntoFreeList)
                  00006d5c    000000a8     drivers_msp432p401x.aem4f : UARTMSP432.oem4f (.text:readTaskBlocking)
                  00006e04    000000a8     freertos_builds_MSP_EXP432P401R_release_ccs.lib : heap_4.obj (.text:vPortFree)
                  00006eac    000000a8                                                     : tasks.obj (.text:xTaskRemoveFromEventList)
                  00006f54    000000a0                                                     : ClockP_freertos.obj (.text:ClockP_create)
                  00006ff4    000000a0     drivers_msp432p401x.aem4f : UARTMSP432.oem4f (.text:readIsrTextCallback)
                  00007094    0000009c     MPU9250.obj (.text:MPU9250_accelerometer)
                  00007130    0000009c     drivers_msp432p401x.aem4f : PowerMSP432.oem4f (.text:Power_init)
                  000071cc    0000009c     GPS.obj (.text:parse_decimal)
                  00007268    0000009c     rtsv7M4_T_le_v4SPD16_eabi.lib : memcpy_t2.asm.obj (.text)
                  00007304    00000098     GPS.obj (.text:parse_degrees)
                  0000739c    00000096     rtsv7M4_T_le_v4SPD16_eabi.lib : ull_div_t2.asm.obj (.text)
                  00007432    00000002     freertos_builds_MSP_EXP432P401R_release_ccs.lib : startup_msp432_ccs.obj (.text:faultISR)
                  00007434    00000094     msp432p4xx_driverlib.lib : sysctl_a.o (.text:SysCtl_A_getTLVInfo)
                  000074c8    00000094     freertos_builds_MSP_EXP432P401R_release_ccs.lib : tasks.obj (.text:vTaskStartScheduler)
                  0000755c    00000092     drivers_msp432p401x.aem4f : UARTMSP432.oem4f (.text:UARTMSP432_close)
                  000075ee    00000092                               : UARTMSP432.oem4f (.text:writeData)
                  00007680    00000090     MPU9250.obj (.text:MPU9250_accelerometer_range)
                  00007710    0000008c     freertos_builds_MSP_EXP432P401R_release_ccs.lib : clock.obj (.text:_clock_gettimeMono)
                  0000779c    0000008c     drivers_msp432p401x.aem4f : UARTMSP432.oem4f (.text:readIsrTextBlocking)
                  00007828    0000008a     UARTDEBUG.obj (.text:PrintInteger)
                  000078b2    00000002     freertos_builds_MSP_EXP432P401R_release_ccs.lib : startup_msp432_ccs.obj (.text:nmiISR)
                  000078b4    00000088                                                     : timers.obj (.text:prvProcessTimerOrBlockTask)
                  0000793c    00000086     rtsv7M4_T_le_v4SPD16_eabi.lib : fd_cmp_t2.asm.obj (.text:__aeabi_cdcmple)
                  000079c2    00000086                                   : fd_cmp_t2.asm.obj (.text:__aeabi_cdrcmple)
                  00007a48    00000084     drivers_msp432p401x.aem4f : PowerMSP432.oem4f (.text:restartHFXT)
                  00007acc    00000084     freertos_builds_MSP_EXP432P401R_release_ccs.lib : timers.obj (.text:xTimerGenericCommand)
                  00007b50    00000080     msp432p4xx_driverlib.lib : interrupt.o (.text:Interrupt_disableInterrupt)
                  00007bd0    00000080                              : interrupt.o (.text:Interrupt_enableInterrupt)
                  00007c50    00000080     freertos_builds_MSP_EXP432P401R_release_ccs.lib : timers.obj (.text:prvProcessExpiredTimer)
                  00007cd0    00000080     uart_dev.obj (.text:uart_dev_init)
                  00007d50    0000007c     BME280.obj (.text:BME280_altitude)
                  00007dcc    0000007c     msp432p4xx_driverlib.lib : cs.o (.text:_CSGetDOCFrequency)
                  00007e48    0000007c     i2c_dev.obj (.text:i2c_dev_init)
                  00007ec4    0000007a     freertos_builds_MSP_EXP432P401R_release_ccs.lib : pthread.obj (.text:removeThreadKeys)
                  00007f3e    0000007a     rtsv7M4_T_le_v4SPD16_eabi.lib : memset_t2.asm.obj (.text)
                  00007fb8    0000007a     freertos_builds_MSP_EXP432P401R_release_ccs.lib : tasks.obj (.text:xTaskCreate)
                  00008032    00000002     rtsv7M4_T_le_v4SPD16_eabi.lib : div0.asm.obj (.text)
                  00008034    00000078     freertos_builds_MSP_EXP432P401R_release_ccs.lib : timers.obj (.text:prvInsertTimerInActiveList)
                  000080ac    00000078                                                     : port.obj (.text:vPortSetupTimerInterrupt)
                  00008124    00000076     drivers_msp432p401x.aem4f : I2CMSP432.oem4f (.text:I2CMSP432_close)
                  0000819a    00000002     main.obj (.text:vApplicationMallocFailedHook)
                  0000819c    00000074     MPU9250.obj (.text:MPU9250_calibrate_gyroscope)
                  00008210    00000074     freertos_builds_MSP_EXP432P401R_release_ccs.lib : tasks.obj (.text:prvInitialiseTaskLists)
                  00008284    00000074                                                     : port.obj (.text:vPortValidateInterruptPriority)
                  000082f8    00000070     drivers_msp432p401x.aem4f : UARTMSP432.oem4f (.text:UARTMSP432_writeCancel)
                  00008368    00000070     freertos_builds_MSP_EXP432P401R_release_ccs.lib : ClockP_freertos.obj (.text:setClockObjTimeout)
                  000083d8    0000006e     rtsv7M4_T_le_v4SPD16_eabi.lib : fd_tos_t2.asm.obj (.text)
                  00008446    0000006e                                   : ll_div_t2.asm.obj (.text)
                  000084b4    0000006c     msp432p4xx_driverlib.lib : i2c.o (.text:I2C_masterSendMultiByteFinish)
                  00008520    00000068     drivers_msp432p401x.aem4f : PowerMSP432.oem4f (.text:PowerMSP432_getFreqs)
                  00008588    00000068     rtsv7M4_T_le_v4SPD16_eabi.lib : copy_decompress_lzss.c.obj (.text:decompress:lzss:__TI_decompress_lzss)
                  000085f0    00000068     drivers_msp432p401x.aem4f : I2CMSP432.oem4f (.text:initHw)
                  00008658    00000066     freertos_builds_MSP_EXP432P401R_release_ccs.lib : timers.obj (.text:prvInitialiseNewTimer)
                  000086be    00000066                                                     : list.obj (.text:vListInsert)
                  00008724    00000064                                                     : ClockP_freertos.obj (.text:ClockP_stop)
                  00008788    00000064     main.obj (.text:main)
                  000087ec    00000064     freertos_builds_MSP_EXP432P401R_release_ccs.lib : tasks.obj (.text:prvGetExpectedIdleTime)
                  00008850    00000062     msp432p4xx_driverlib.lib : cs.o (.text:_CSGetDividerValue)
                  000088b2    00000002     --HOLE-- [fill = 0]
                  000088b4    00000060     BME280.obj (.text:BME280_init)
                  00008914    00000060     freertos_builds_MSP_EXP432P401R_release_ccs.lib : HwiPMSP432_freertos.obj (.text:HwiP_create)
                  00008974    00000060     MPU9250.obj (.text:MPU9250_init)
                  000089d4    00000060     freertos_builds_MSP_EXP432P401R_release_ccs.lib : port.obj (.text:pxPortInitialiseStack)
                  00008a34    00000060                                                     : queue.obj (.text:xQueueGenericCreate)
                  00008a94    0000005c     msp432p4xx_driverlib.lib : interrupt.o (.text:Interrupt_registerInterrupt)
                  00008af0    0000005c     freertos_builds_MSP_EXP432P401R_release_ccs.lib : tasks.obj (.text:prvIdleTask)
                  00008b4c    0000005c                                                     : pthread.obj (.text:pthread_exit)
                  00008ba8    0000005c                                                     : queue.obj (.text:vQueueWaitForMessageRestricted)
                  00008c04    0000005c                                                     : tasks.obj (.text:vTaskDelay)
                  00008c60    00000058     drivers_msp432p401x.aem4f : UARTMSP432.oem4f (.text:readIsrBinaryBlocking)
                  00008cb8    00000058     freertos_builds_MSP_EXP432P401R_release_ccs.lib : queue.obj (.text:xQueueCreateCountingSemaphore)
                  00008d10    00000056                                                     : SemaphoreP_freertos.obj (.text:SemaphoreP_create)
                  00008d66    00000056     drivers_msp432p401x.aem4f : I2CMSP432.oem4f (.text:completeTransfer)
                  00008dbc    00000054     freertos_builds_MSP_EXP432P401R_release_ccs.lib : ClockP_freertos.obj (.text:ClockP_delete)
                  00008e10    00000054     msp432p4xx_driverlib.lib : interrupt.o (.text:Interrupt_setPriority)
                  00008e64    00000054     freertos_builds_MSP_EXP432P401R_release_ccs.lib : timers.obj (.text:xTimerCreateTimerTask)
                  00008eb8    00000050     madgwick.obj (.text:Madgwick_init)
                  00008f08    00000050     i2c_dev.obj (.text:i2c_dev_read)
                  00008f58    0000004e     BME280.obj (.text:BME280_pressure_sampling)
                  00008fa6    0000004e     BME280.obj (.text:BME280_temperature_sampling)
                  00008ff4    0000004c     BME280.obj (.text:BME280_humid_sampling)
                  00009040    0000004c     rtsv7M4_T_le_v4SPD16_eabi.lib : atoi.c.obj (.text:atoi)
                  0000908c    0000004c     i2c_dev.obj (.text:i2c_dev_write)
                  000090d8    0000004c     freertos_builds_MSP_EXP432P401R_release_ccs.lib : timers.obj (.text:prvCheckForValidListAndQueue)
                  00009124    0000004c                                                     : tasks.obj (.text:prvCheckTasksWaitingTermination)
                  00009170    0000004c     drivers_msp432p401x.aem4f : UARTMSP432.oem4f (.text:readIsrBinaryCallback)
                  000091bc    0000004c     freertos_builds_MSP_EXP432P401R_release_ccs.lib : port.obj (.text:vPortEnterCritical)
                  00009208    0000004c                                                     : tasks.obj (.text:vTaskSetThreadLocalStoragePointer)
                  00009254    0000004a     MPU9250.obj (.text:AK8963_raw_magnetometer)
                  0000929e    00000002     --HOLE-- [fill = 0]
                  000092a0    00000048     GPS.obj (.text:GPS_read)
                  000092e8    00000048     freertos_builds_MSP_EXP432P401R_release_ccs.lib : HwiPMSP432_freertos.obj (.text:HwiP_dispatch)
                  00009330    00000048     drivers_msp432p401x.aem4f : PowerMSP432.oem4f (.text:Power_releaseConstraint)
                  00009378    00000048     rtsv7M4_T_le_v4SPD16_eabi.lib : ll_tofs_t2.asm.obj (.text)
                  000093c0    00000048     freertos_builds_MSP_EXP432P401R_release_ccs.lib : list.obj (.text:uxListRemove)
                  00009408    00000046     drivers_msp432p401x.aem4f : RingBuf.oem4f (.text:RingBuf_put)
                  0000944e    00000002     --HOLE-- [fill = 0]
                  00009450    00000044                               : I2C.oem4f (.text:I2C_init)
                  00009494    00000044                               : UART.oem4f (.text:UART_init)
                  000094d8    00000044     rtsv7M4_T_le_v4SPD16_eabi.lib : autoinit.c.obj (.text:__TI_auto_init_nobinit_nopinit:__TI_auto_init_nobinit_nopinit)
                  0000951c    00000044     drivers_msp432p401x.aem4f : I2CMSP432.oem4f (.text:perfChangeNotifyFxn)
                  00009560    00000044     freertos_builds_MSP_EXP432P401R_release_ccs.lib : queue.obj (.text:prvInitialiseNewQueue)
                  000095a4    00000042     MPU9250.obj (.text:MPU9250_raw_accelerometer)
                  000095e6    00000042     MPU9250.obj (.text:MPU9250_raw_gyroscope)
                  00009628    00000042     GPS.obj (.text:from_hex)
                  0000966a    00000002     --HOLE-- [fill = 0]
                  0000966c    00000040     drivers_msp432p401x.aem4f : I2C.oem4f (.text:I2C_open)
                  000096ac    00000040                               : RingBuf.oem4f (.text:RingBuf_get)
                  000096ec    00000040                               : UARTMSP432.oem4f (.text:UARTMSP432_read)
                  0000972c    00000040                               : UART.oem4f (.text:UART_open)
                  0000976c    00000040     freertos_builds_MSP_EXP432P401R_release_ccs.lib : aeabi_portable.obj (.text:__aeabi_errno_addr)
                  000097ac    00000040     drivers_msp432p401x.aem4f : UARTMSP432.oem4f (.text:perfChangeNotifyFxn)
                  000097ec    00000040     freertos_builds_MSP_EXP432P401R_release_ccs.lib : tasks.obj (.text:vTaskPlaceOnEventListRestricted)
                  0000982c    0000003e                                                     : ClockP_freertos.obj (.text:ClockP_callbackFxn)
                  0000986a    0000003e                                                     : pthread.obj (.text:pthread_setcancelstate)
                  000098a8    0000003c                                                     : queue.obj (.text:prvCopyDataFromQueue)
                  000098e4    0000003c                                                     : tasks.obj (.text:prvResetNextTaskUnblockTime)
                  00009920    0000003c                                                     : tasks.obj (.text:pvTaskGetThreadLocalStoragePointer)
                  0000995c    0000003c                                                     : sleep.obj (.text:usleep)
                  00009998    0000003c                                                     : list.obj (.text:vListInsertEnd)
                  000099d4    0000003c                                                     : timers.obj (.text:xTimerCreate)
                  00009a10    0000003a                                                     : PowerMSP432_freertos.obj (.text:PowerMSP432_sleepPolicy)
                  00009a4a    00000038     BME280.obj (.text:BME280_filter)
                  00009a82    00000038     BME280.obj (.text:BME280_standby)
                  00009aba    00000002     --HOLE-- [fill = 0]
                  00009abc    00000038     drivers_msp432p401x.aem4f : PowerMSP432.oem4f (.text:Power_setConstraint)
                  00009af4    00000038                               : PowerMSP432.oem4f (.text:notify)
                  00009b2c    00000038     freertos_builds_MSP_EXP432P401R_release_ccs.lib : timers.obj (.text:prvGetNextExpireTime)
                  00009b64    00000038                                                     : port.obj (.text:prvTaskExitError)
                  00009b9c    00000038     rtsv7M4_T_le_v4SPD16_eabi.lib : fs_tod_t2.asm.obj (.text)
                  00009bd4    00000036     BME280.obj (.text:BME280_mode)
                  00009c0a    00000036     drivers_msp432p401x.aem4f : UARTMSP432.oem4f (.text:UARTMSP432_readCancel)
                  00009c40    00000034     freertos_builds_MSP_EXP432P401R_release_ccs.lib : SemaphoreP_freertos.obj (.text:SemaphoreP_pend)
                  00009c74    00000034     rtsv7M4_T_le_v4SPD16_eabi.lib : boot_cortex_m.c.obj (.text:_c_int00_noargs:_c_int00_noargs)
                  00009ca8    00000034     freertos_builds_MSP_EXP432P401R_release_ccs.lib : timers.obj (.text:prvSampleTimeNow)
                  00009cdc    00000034                                                     : tasks.obj (.text:vTaskPlaceOnEventList)
                  00009d10    00000030     msp432p4xx_driverlib.lib : cs.o (.text:CS_clearInterruptFlag)
                  00009d40    00000030     GPS.obj (.text:gpsatol)
                  00009d70    00000030     GPS.obj (.text:gpsstrcmp)
                  00009da0    00000030     drivers_msp432p401x.aem4f : I2CMSP432.oem4f (.text:mapPin)
                  00009dd0    00000030                               : UARTMSP432.oem4f (.text:mapPin)
                  00009e00    00000030     freertos_builds_MSP_EXP432P401R_release_ccs.lib : list.obj (.text:vListInitialise)
                  00009e30    00000030                                                     : port.obj (.text:vPortExitCritical)
                  00009e60    00000030                                                     : tasks.obj (.text:xTaskGetSchedulerState)
                  00009e90    0000002e                                                     : timers.obj (.text:pvTimerGetTimerID)
                  00009ebe    0000002e     rtsv7M4_T_le_v4SPD16_eabi.lib : i_tofd_t2.asm.obj (.text)
                  00009eec    0000002c     BME280.obj (.text:BME280_read_int16)
                  00009f18    0000002c     BME280.obj (.text:BME280_read_uint16)
                  00009f44    0000002c     freertos_builds_MSP_EXP432P401R_release_ccs.lib : HwiPMSP432_freertos.obj (.text:HwiP_disable)
                  00009f70    0000002c                                                     : tasks.obj (.text:vTaskSetApplicationTaskTag)
                  00009f9c    0000002c                                                     : port.obj (.text:xPortSysTickHandler)
                  00009fc8    00000028     msp432p4xx_driverlib.lib : cs.o (.text:CS_getMCLK)
                  00009ff0    00000028     freertos_builds_MSP_EXP432P401R_release_ccs.lib : HwiPMSP432_freertos.obj (.text:HwiP_inISR)
                  0000a018    00000028     drivers_msp432p401x.aem4f : PowerMSP432.oem4f (.text:Power_registerNotify)
                  0000a040    00000028                               : PowerMSP432.oem4f (.text:disableFaultCounter)
                  0000a068    00000028                               : PowerMSP432.oem4f (.text:disableHFXT)
                  0000a090    00000028                               : UARTMSP432.oem4f (.text:findBaudDividerIndex)
                  0000a0b8    00000028     freertos_builds_MSP_EXP432P401R_release_ccs.lib : pthread.obj (.text:pthread_attr_setschedparam)
                  0000a0e0    00000028     rtsv7M4_T_le_v4SPD16_eabi.lib : e_sqrtf.c.obj (.text:sqrtf)
                  0000a108    00000028     freertos_builds_MSP_EXP432P401R_release_ccs.lib : tasks.obj (.text:xTaskGetApplicationTaskTag)
                  0000a130    00000026     MPU9250.obj (.text:AK8963_write_byte)
                  0000a156    00000026     BME280.obj (.text:BME280_write_uint8)
                  0000a17c    00000026     drivers_msp432p401x.aem4f : List.oem4f (.text:List_put)
                  0000a1a2    00000026                               : List.oem4f (.text:List_remove)
                  0000a1c8    00000026     MPU9250.obj (.text:MPU9250_write_byte)
                  0000a1ee    00000026     freertos_builds_MSP_EXP432P401R_release_ccs.lib : pthread.obj (.text:_pthread_cleanup_pop)
                  0000a214    00000026     GPS.obj (.text:gpsisdigit)
                  0000a23a    00000026     freertos_builds_MSP_EXP432P401R_release_ccs.lib : queue.obj (.text:prvIsQueueFull)
                  0000a260    00000024                                                     : queue.obj (.text:prvGetDisinheritPriorityAfterTimeout)
                  0000a284    00000024                                                     : queue.obj (.text:vQueueDelete)
                  0000a2a8    00000024                                                     : tasks.obj (.text:vTaskInternalSetTimeOutState)
                  0000a2cc    00000022                                                     : SemaphoreP_freertos.obj (.text:SemaphoreP_post)
                  0000a2ee    00000022                                                     : pthread.obj (.text:pthread_attr_setdetachstate)
                  0000a310    00000020     msp432p4xx_driverlib.lib : cs.o (.text:CS_setExternalClockSourceFrequency)
                  0000a330    00000020     freertos_builds_MSP_EXP432P401R_release_ccs.lib : HwiPMSP432_freertos.obj (.text:HwiP_restore)
                  0000a350    00000020     drivers_msp432p401x.aem4f : PowerMSP432.oem4f (.text:Power_unregisterNotify)
                  0000a370    00000020     UARTDEBUG.obj (.text:PrintString)
                  0000a390    00000020     drivers_msp432p401x.aem4f : RingBuf.oem4f (.text:RingBuf_peek)
                  0000a3b0    00000020     freertos_builds_MSP_EXP432P401R_release_ccs.lib : queue.obj (.text:prvIsQueueEmpty)
                  0000a3d0    00000020     uart_dev.obj (.text:uart_dev_get_char)
                  0000a3f0    00000020     uart_dev.obj (.text:uart_dev_print_char)
                  0000a410    0000001e     freertos_builds_MSP_EXP432P401R_release_ccs.lib : ClockP_freertos.obj (.text:ClockP_start)
                  0000a42e    0000001e                                                     : HwiPMSP432_freertos.obj (.text:HwiP_Params_init)
                  0000a44c    0000001e                                                     : pthread.obj (.text:_pthread_runStub)
                  0000a46a    0000001c     BME280.obj (.text:BME280_read_uint8)
                  0000a486    0000001c     freertos_builds_MSP_EXP432P401R_release_ccs.lib : ClockP_freertos.obj (.text:ClockP_Params_init)
                  0000a4a2    00000002     --HOLE-- [fill = 0]
                  0000a4a4    0000001c     msp432p4xx_driverlib.lib : interrupt.o (.text:Interrupt_unregisterInterrupt)
                  0000a4c0    0000001c     freertos_builds_MSP_EXP432P401R_release_ccs.lib : pthread.obj (.text:pthread_attr_init)
                  0000a4dc    0000001c                                                     : tasks.obj (.text:pvTaskIncrementMutexHeldCount)
                  0000a4f8    0000001a     BME280.obj (.text:BME280_calibrating)
                  0000a512    0000001a     freertos_builds_MSP_EXP432P401R_release_ccs.lib : PTLS.obj (.text:PTLS_taskDeleteHook)
                  0000a52c    0000001a     rtsv7M4_T_le_v4SPD16_eabi.lib : s_copysign.c.obj (.text:copysign)
                  0000a546    0000001a     freertos_builds_MSP_EXP432P401R_release_ccs.lib : timers.obj (.text:prvTimerTask)
                  0000a560    00000018     drivers_msp432p401x.aem4f : I2C.oem4f (.text:I2C_transfer)
                  0000a578    00000018     msp432p4xx_driverlib.lib : sysctl_a.o (.text:SysCtl_A_disableNMISource)
                  0000a590    00000018                              : sysctl_a.o (.text:SysCtl_A_enableNMISource)
                  0000a5a8    00000018     drivers_msp432p401x.aem4f : UART.oem4f (.text:UART_Params_init)
                  0000a5c0    00000018     rtsv7M4_T_le_v4SPD16_eabi.lib : ll_mul_t2.asm.obj (.text)
                  0000a5d8    00000016     BME280.obj (.text:BME280_get_mode)
                  0000a5ee    00000016     freertos_builds_MSP_EXP432P401R_release_ccs.lib : ClockP_freertos.obj (.text:ClockP_setTimeout)
                  0000a604    00000016                                                     : PTLS.obj (.text:PTLS_getBuf)
                  0000a61a    00000016                                                     : PTLS.obj (.text:PTLS_setBuf)
                  0000a630    00000016                                                     : SemaphoreP_freertos.obj (.text:SemaphoreP_Params_init)
                  0000a646    00000014     MPU9250.obj (.text:AK8963_who)
                  0000a65a    00000014     MPU9250.obj (.text:MPU9250_who)
                  0000a66e    00000002     --HOLE-- [fill = 0]
                  0000a670    00000014     drivers_msp432p401x.aem4f : PowerMSP432.oem4f (.text:Power_idleFunc)
                  0000a684    00000014                               : UARTMSP432.oem4f (.text:clearTXCPTIFG)
                  0000a698    00000014     freertos_builds_MSP_EXP432P401R_release_ccs.lib : tasks.obj (.text:prvDeleteTCB)
                  0000a6ac    00000014                                                     : pthread.obj (.text:pthread_attr_setstacksize)
                  0000a6c0    00000014                                                     : pthread.obj (.text:pthread_self)
                  0000a6d4    00000014                                                     : startup_msp432_ccs.obj (.text:resetISR)
                  0000a6e8    00000014                                                     : tasks.obj (.text:xTaskGetCurrentTaskHandle)
                  0000a6fc    00000014                                                     : tasks.obj (.text:xTaskGetTickCount)
                  0000a710    00000012                                                     : HwiPMSP432_freertos.obj (.text:HwiP_delete)
                  0000a722    00000012     drivers_msp432p401x.aem4f : RingBuf.oem4f (.text:RingBuf_construct)
                  0000a734    00000012     UARTDEBUG.obj (.text:UARTDEBUG_init)
                  0000a746    00000012     time_dev.obj (.text:delay)
                  0000a758    00000010     drivers_msp432p401x.aem4f : I2C.oem4f (.text:I2C_Params_init)
                  0000a768    00000010                               : PowerMSP432.oem4f (.text:PowerMSP432_getNumPerfLevels)
                  0000a778    00000010     msp432p4xx_driverlib.lib : sysctl_a.o (.text:SysCtl_A_getNMISourceStatus)
                  0000a788    00000010                              : sysctl.o (.text:SysCtl_getNMISourceStatus)
                  0000a798    00000010     drivers_msp432p401x.aem4f : UARTMSP432.oem4f (.text:readBlockingTimeout)
                  0000a7a8    00000010     freertos_builds_MSP_EXP432P401R_release_ccs.lib : list.obj (.text:vListInitialiseItem)
                  0000a7b8    00000010                                                     : tasks.obj (.text:vTaskSuspendAll)
                  0000a7c8    0000000e     rtsv7M4_T_le_v4SPD16_eabi.lib : copy_decompress_none.c.obj (.text:decompress:none:__TI_decompress_none)
                  0000a7d6    0000000c     ti_drivers_config.obj (.text:Board_init)
                  0000a7e2    0000000c     msp432p4xx_driverlib.lib : cpu.o (.text:CPU_cpsid)
                  0000a7ee    0000000c                              : cpu.o (.text:CPU_cpsie)
                  0000a7fa    00000002     --HOLE-- [fill = 0]
                  0000a7fc    0000000c     drivers_msp432p401x.aem4f : PowerMSP432.oem4f (.text:Power_getConstraintMask)
                  0000a808    0000000c                               : PowerMSP432.oem4f (.text:Power_getPerformanceLevel)
                  0000a814    0000000c     freertos_builds_MSP_EXP432P401R_release_ccs.lib : SemaphoreP_freertos.obj (.text:SemaphoreP_delete)
                  0000a820    0000000c     rtsv7M4_T_le_v4SPD16_eabi.lib : copy_zero_init.c.obj (.text:decompress:ZI:__TI_zero_init)
                  0000a82c    0000000c     freertos_builds_MSP_EXP432P401R_release_ccs.lib : tasks.obj (.text:vTaskMissedYield)
                  0000a838    0000000a     BME280.obj (.text:BME280_who)
                  0000a842    0000000a     freertos_builds_MSP_EXP432P401R_release_ccs.lib : PowerMSP432_freertos.obj (.text:PowerMSP432_updateFreqs)
                  0000a84c    0000000a     drivers_msp432p401x.aem4f : UART.oem4f (.text:UART_read)
                  0000a856    0000000a                               : UART.oem4f (.text:UART_write)
                  0000a860    0000000a     main.obj (.text:vApplicationStackOverflowHook)
                  0000a86a    0000000a     freertos_builds_MSP_EXP432P401R_release_ccs.lib : PowerMSP432_freertos.obj (.text:vPortSuppressTicksAndSleep)
                  0000a874    00000008     drivers_msp432p401x.aem4f : I2CMSP432.oem4f (.text:blockingTransferCallback)
                  0000a87c    00000008                               : UARTMSP432.oem4f (.text:readSemCallback)
                  0000a884    00000008                               : UARTMSP432.oem4f (.text:txcptEnabledStatus)
                  0000a88c    00000008                               : UARTMSP432.oem4f (.text:writeSemCallback)
                  0000a894    00000006                               : I2CMSP432.oem4f (.text:I2CMSP432_control)
                  0000a89a    00000004     rtsv7M4_T_le_v4SPD16_eabi.lib : pre_init.c.obj (.text:_system_pre_init)
                  0000a89e    00000004                                   : exit.c.obj (.text:abort:abort)

.const     0    0000a8a8    0000042e     
                  0000a8a8    00000101     rtsv7M4_T_le_v4SPD16_eabi.lib : ctype.c.obj (.const:.string:_ctypes_)
                  0000a9a9    00000002     ti_drivers_config.obj (.const)
                  0000a9ab    00000001     --HOLE-- [fill = 0]
                  0000a9ac    00000080     ti_drivers_config.obj (.const:uartMSP432Baudrates)
                  0000aa2c    00000058     ti_drivers_config.obj (.const:uartMSP432HWAttrs)
                  0000aa84    00000050     msp432p4xx_driverlib.lib : interrupt.o (.const:g_pulRegs)
                  0000aad4    00000038     ti_drivers_config.obj (.const:PowerMSP432_config)
                  0000ab0c    00000034     rtsv7M4_T_le_v4SPD16_eabi.lib : s_atanf.c.obj (.const:$O1$$)
                  0000ab40    00000030                                   : e_pow.c.obj (.const:$O1$$)
                  0000ab70    00000028     drivers_msp432p401x.aem4f : UARTMSP432.oem4f (.const:UARTMSP432_fxnTable)
                  0000ab98    00000024                               : UART.oem4f (.const:UART_defaultParams)
                  0000abbc    00000004     freertos_builds_MSP_EXP432P401R_release_ccs.lib : pthread.obj (.const)
                  0000abc0    00000020     rtsv7M4_T_le_v4SPD16_eabi.lib : e_asinf.c.obj (.const)
                  0000abe0    00000020     drivers_msp432p401x.aem4f : UARTMSP432.oem4f (.const:staticFxnTable)
                  0000ac00    0000001c     i2c_dev.obj (.const:$P$T0$1)
                  0000ac1c    0000001c     i2c_dev.obj (.const:$P$T1$2)
                  0000ac38    00000018     drivers_msp432p401x.aem4f : I2CMSP432.oem4f (.const:I2CMSP432_fxnTable)
                  0000ac50    00000018     ti_drivers_config.obj (.const:UART_config)
                  0000ac68    00000014     ti_drivers_config.obj (.const:i2cMSP432HWAttrs)
                  0000ac7c    00000010     drivers_msp432p401x.aem4f : I2C.oem4f (.const:I2C_defaultParams)
                  0000ac8c    0000000c     ti_drivers_config.obj (.const:I2C_config)
                  0000ac98    0000000c     drivers_msp432p401x.aem4f : I2CMSP432.oem4f (.const:bitRates)
                  0000aca4    00000008     freertos_builds_MSP_EXP432P401R_release_ccs.lib : port.obj (.const)
                  0000acac    00000008     msp432p4xx_driverlib.lib : interrupt.o (.const:g_pulDisRegs)
                  0000acb4    00000008                              : interrupt.o (.const:g_pulEnRegs)
                  0000acbc    00000006     MPU9250.obj (.const:$P$T0$1)
                  0000acc2    00000006     MPU9250.obj (.const:$P$T1$2)
                  0000acc8    00000005     drivers_msp432p401x.aem4f : UARTMSP432.oem4f (.const:.string:parityTypes)
                  0000accd    00000001     --HOLE-- [fill = 0]
                  0000acce    00000004                               : UARTMSP432.oem4f (.const:stopBits)
                  0000acd2    00000002     --HOLE-- [fill = 0]
                  0000acd4    00000002     freertos_builds_MSP_EXP432P401R_release_ccs.lib : pthread.obj (.const:.string)

.cinit     0    0000acd8    000000c0     
                  0000acd8    0000008a     (.cinit..data.load) [load image, compression = lzss]
                  0000ad62    00000002     --HOLE-- [fill = 0]
                  0000ad64    0000000c     (__TI_handler_table)
                  0000ad70    00000008     (.cinit..bss.load) [load image, compression = zero_init]
                  0000ad78    00000008     (.cinit..vtable.load) [load image, compression = zero_init]
                  0000ad80    00000018     (__TI_cinit_table)

.init_array 
*          0    00000000    00000000     UNINITIALIZED

.intvecs   0    00000000    00000144     
                  00000000    00000144     freertos_builds_MSP_EXP432P401R_release_ccs.lib : startup_msp432_ccs.obj (.intvecs:retain)

.bss       0    20000000    000083f5     UNINITIALIZED
                  20000000    00008000     freertos_builds_MSP_EXP432P401R_release_ccs.lib : heap_4.obj (.bss:ucHeap)
                  20008000    00000100     (.common:uartMSP432Objects)
                  20008100    000000c8                                                     : tasks.obj (.bss:pxReadyTasksLists)
                  200081c8    00000050     (.common:i2cMSP432Objects)
                  20008218    00000028     BME280.obj (.bss)
                  20008240    00000020     ti_drivers_config.obj (.bss:uartMSP432RingBuffer0)
                  20008260    00000020     ti_drivers_config.obj (.bss:uartMSP432RingBuffer1)
                  20008280    00000014     freertos_builds_MSP_EXP432P401R_release_ccs.lib : timers.obj (.bss:xActiveTimerList1)
                  20008294    00000014                                                     : timers.obj (.bss:xActiveTimerList2)
                  200082a8    00000014                                                     : tasks.obj (.bss:xDelayedTaskList1)
                  200082bc    00000014                                                     : tasks.obj (.bss:xDelayedTaskList2)
                  200082d0    00000014                                                     : tasks.obj (.bss:xPendingReadyList)
                  200082e4    00000014                                                     : tasks.obj (.bss:xSuspendedTaskList)
                  200082f8    00000014                                                     : tasks.obj (.bss:xTasksWaitingTermination)
                  2000830c    00000010     (.common:term)
                  2000831c    0000000c     MPU9250.obj (.bss)
                  20008328    0000000c     MPU9250.obj (.bss:accel_bias)
                  20008334    0000000c     MPU9250.obj (.bss:gyro_bias)
                  20008340    0000000c     MPU9250.obj (.bss:mag_bias)
                  2000834c    0000000c     MPU9250.obj (.bss:mag_cal)
                  20008358    0000000c     MPU9250.obj (.bss:mag_scales)
                  20008364    00000008     freertos_builds_MSP_EXP432P401R_release_ccs.lib : tasks.obj (.bss)
                  2000836c    00000008                                                     : timers.obj (.bss)
                  20008374    00000008     msp432p4xx_driverlib.lib : cs.o (.bss)
                  2000837c    00000008     freertos_builds_MSP_EXP432P401R_release_ccs.lib : heap_4.obj (.bss:xStart)
                  20008384    00000008     (.common:UART_handles)
                  2000838c    00000004                                                     : aeabi_portable.obj (.bss:main_reent)
                  20008390    00000004     (.common:MPU9250_handle)
                  20008394    00000004     (.common:altitude)
                  20008398    00000004     (.common:beta)
                  2000839c    00000004     (.common:course)
                  200083a0    00000004     (.common:date)
                  200083a4    00000004     (.common:hdop)
                  200083a8    00000004     (.common:last_position_fix)
                  200083ac    00000004     (.common:last_time_fix)
                  200083b0    00000004     (.common:latitude)
                  200083b4    00000004     (.common:longitude)
                  200083b8    00000004     (.common:new_altitude)
                  200083bc    00000004     (.common:new_course)
                  200083c0    00000004     (.common:new_date)
                  200083c4    00000004     (.common:new_hdop)
                  200083c8    00000004     (.common:new_latitude)
                  200083cc    00000004     (.common:new_longitude)
                  200083d0    00000004     (.common:new_position_fix)
                  200083d4    00000004     (.common:new_speed)
                  200083d8    00000004     (.common:new_time)
                  200083dc    00000004     (.common:new_time_fix)
                  200083e0    00000004     (.common:speed)
                  200083e4    00000004     (.common:time_gps)
                  200083e8    00000002     (.common:new_numsats)
                  200083ea    00000002     (.common:numsats)
                  200083ec    00000001     (.common:accel_res)
                  200083ed    00000001     (.common:gps_data_good)
                  200083ee    00000001     (.common:gyro_res)
                  200083ef    00000001     (.common:is_checksum_term)
                  200083f0    00000001     (.common:mag_res)
                  200083f1    00000001     (.common:parity)
                  200083f2    00000001     (.common:sentence_type)
                  200083f3    00000001     (.common:term_number)
                  200083f4    00000001     (.common:term_offset)

.data      0    200083f8    00000a21     UNINITIALIZED
                  200083f8    00000800     freertos_builds_MSP_EXP432P401R_release_ccs.lib : HwiPMSP432_freertos.obj (.data:HwiP_dispatchTable)
                  20008bf8    00000140     drivers_msp432p401x.aem4f : PowerMSP432.oem4f (.data:PowerMSP432_perfLevels)
                  20008d38    00000034     freertos_builds_MSP_EXP432P401R_release_ccs.lib : tasks.obj (.data)
                  20008d6c    0000002c     drivers_msp432p401x.aem4f : PowerMSP432.oem4f (.data:PowerMSP432_module)
                  20008d98    00000018     freertos_builds_MSP_EXP432P401R_release_ccs.lib : heap_4.obj (.data)
                  20008db0    00000018                                                     : port.obj (.data)
                  20008dc8    00000014                                                     : pthread.obj (.data:defaultPthreadAttrs)
                  20008ddc    00000010     madgwick.obj (.data:q)
                  20008dec    0000000c     freertos_builds_MSP_EXP432P401R_release_ccs.lib : timers.obj (.data)
                  20008df8    00000008                                                     : clock.obj (.data:refTS)
                  20008e00    00000008                                                     : clock.obj (.data:setTS)
                  20008e08    00000004     BME280.obj (.data)
                  20008e0c    00000004     freertos_builds_MSP_EXP432P401R_release_ccs.lib : ClockP_freertos.obj (.data)
                  20008e10    00000004                                                     : HwiPMSP432_freertos.obj (.data)
                  20008e14    00000002     uart_dev.obj (.data:uart_open)
                  20008e16    00000001     drivers_msp432p401x.aem4f : I2C.oem4f (.data)
                  20008e17    00000001                               : UART.oem4f (.data)
                  20008e18    00000001     i2c_dev.obj (.data)

.vtable    0    20009000    000000e8     UNINITIALIZED
                  20009000    000000e8     msp432p4xx_driverlib.lib : interrupt.o (.vtable)

.stack     0    2000fc00    00000400     UNINITIALIZED
                  2000fc00    00000004     rtsv7M4_T_le_v4SPD16_eabi.lib : boot_cortex_m.c.obj (.stack)
                  2000fc04    000003fc     --HOLE--

.binit     0    00000000    00000000     

MODULE SUMMARY

       Module                       code    ro data   rw data
       ------                       ----    -------   -------
    .\
       madgwick.obj                 3660    0         40     
       MPU9250.obj                  2374    12        150    
       BME280.obj                   1922    0         88     
       GPS.obj                      1736    0         212    
       UARTDEBUG.obj                768     0         0      
       hal_main.obj                 416     0         0      
       main.obj                     112     0         0      
    +--+----------------------------+-------+---------+---------+
       Total:                       10988   12        490    
                                                             
    .\peripheral\
       i2c_dev.obj                  280     56        10     
       uart_dev.obj                 192     0         20     
       time_dev.obj                 18      0         0      
    +--+----------------------------+-------+---------+---------+
       Total:                       490     56        30     
                                                             
    .\syscfg\
       ti_drivers_config.obj        14      330       800    
    +--+----------------------------+-------+---------+---------+
       Total:                       14      330       800    
                                                             
    C:/Users/amartinezacosta/workspace_v9/freertos_builds_MSP_EXP432P401R_release_ccs/Debug/freertos_builds_MSP_EXP432P401R_release_ccs.lib
       heap_4.obj                   912     0         65600  
       tasks.obj                    4388    0         720    
       HwiPMSP432_freertos.obj      332     0         4104   
       queue.obj                    3108    0         0      
       timers.obj                   1562    0         120    
       pthread.obj                  798     6         40     
       port.obj                     764     8         48     
       ClockP_freertos.obj          598     0         8      
       startup_msp432_ccs.obj       26      324       0      
       clock.obj                    312     0         32     
       list.obj                     298     0         0      
       portasm.obj                  218     0         0      
       SemaphoreP_freertos.obj      206     0         0      
       PowerMSP432_freertos.obj     80      0         0      
       aeabi_portable.obj           64      0         8      
       PTLS.obj                     70      0         0      
       sleep.obj                    60      0         0      
    +--+----------------------------+-------+---------+---------+
       Total:                       13796   338       70680  
                                                             
    C:/ti/simplelink_msp432p4_sdk_3_40_01_02/source/ti/devices/msp432p4xx/driverlib/ccs/msp432p4xx_driverlib.lib
       cs.o                         1522    0         16     
       interrupt.o                  462     96        464    
       uart.o                       284     0         0      
       sysctl_a.o                   212     0         0      
       i2c.o                        108     0         0      
       cpu.o                        24      0         0      
       sysctl.o                     16      0         0      
    +--+----------------------------+-------+---------+---------+
       Total:                       2628    96        480    
                                                             
    C:/ti/simplelink_msp432p4_sdk_3_40_01_02/source/ti/drivers/lib/drivers_msp432p401x.aem4f
       UARTMSP432.oem4f             3406    81        0      
       PowerMSP432.oem4f            2196    0         728    
       I2CMSP432.oem4f              2028    36        0      
       UART.oem4f                   176     36        2      
       I2C.oem4f                    172     16        2      
       RingBuf.oem4f                184     0         0      
       List.oem4f                   76      0         0      
    +--+----------------------------+-------+---------+---------+
       Total:                       8238    169       732    
                                                             
    C:\ti\ccs930\ccs\tools\compiler\ti-cgt-arm_18.12.4.LTS\lib\rtsv7M4_T_le_v4SPD16_eabi.lib
       e_pow.c.obj                  2496    48        0      
       fd_add_t2.asm.obj            438     0         0      
       e_asinf.c.obj                368     32        0      
       s_atanf.c.obj                336     52        0      
       e_atan2f.c.obj               344     0         0      
       e_sqrt.c.obj                 344     0         0      
       fd_div_t2.asm.obj            310     0         0      
       s_scalbn.c.obj               272     0         0      
       fd_cmp_t2.asm.obj            268     0         0      
       ctype.c.obj                  0       257       0      
       fd_mul_t2.asm.obj            252     0         0      
       memcpy_t2.asm.obj            156     0         0      
       ull_div_t2.asm.obj           150     0         0      
       memset_t2.asm.obj            122     0         0      
       fd_tos_t2.asm.obj            110     0         0      
       ll_div_t2.asm.obj            110     0         0      
       copy_decompress_lzss.c.obj   104     0         0      
       atoi.c.obj                   76      0         0      
       ll_tofs_t2.asm.obj           72      0         0      
       autoinit.c.obj               68      0         0      
       fs_tod_t2.asm.obj            56      0         0      
       boot_cortex_m.c.obj          52      0         0      
       i_tofd_t2.asm.obj            46      0         0      
       e_sqrtf.c.obj                40      0         0      
       s_copysign.c.obj             26      0         0      
       ll_mul_t2.asm.obj            24      0         0      
       copy_decompress_none.c.obj   14      0         0      
       copy_zero_init.c.obj         12      0         0      
       exit.c.obj                   4       0         0      
       pre_init.c.obj               4       0         0      
       div0.asm.obj                 2       0         0      
    +--+----------------------------+-------+---------+---------+
       Total:                       6676    389       0      
                                                             
       Stack:                       0       0         2048   
       Linker Generated:            0       190       0      
    +--+----------------------------+-------+---------+---------+
       Grand Total:                 42830   1580      75260  


LINKER GENERATED COPY TABLES

__TI_cinit_table @ 0000ad80 records: 3, size/record: 8, table size: 24
	.data: load addr=0000acd8, load size=0000008a bytes, run addr=200083f8, run size=00000a21 bytes, compression=lzss
	.bss: load addr=0000ad70, load size=00000008 bytes, run addr=20000000, run size=000083f5 bytes, compression=zero_init
	.vtable: load addr=0000ad78, load size=00000008 bytes, run addr=20009000, run size=000000e8 bytes, compression=zero_init


LINKER GENERATED HANDLER TABLE

__TI_handler_table @ 0000ad64 records: 3, size/record: 4, table size: 12
	index: 0, handler: __TI_decompress_lzss
	index: 1, handler: __TI_decompress_none
	index: 2, handler: __TI_zero_init


GLOBAL SYMBOLS: SORTED ALPHABETICALLY BY Name 

address   name                               
-------   ----                               
00002215  AK8963_calibrate_magnetometer      
00004bcd  AK8963_init                        
000051b5  AK8963_magnetometer                
00009255  AK8963_raw_magnetometer            
0000a647  AK8963_who                         
0000a131  AK8963_write_byte                  
00007d51  BME280_altitude                    
0000a4f9  BME280_calibrating                 
00004331  BME280_coefficients                
00009a4b  BME280_filter                      
0000a5d9  BME280_get_mode                    
00008ff5  BME280_humid_sampling              
000088b5  BME280_init                        
00009bd5  BME280_mode                        
0000246d  BME280_pressure                    
00008f59  BME280_pressure_sampling           
00009eed  BME280_read_int16                  
00009f19  BME280_read_uint16                 
0000a46b  BME280_read_uint8                  
00009a83  BME280_standby                     
00005eed  BME280_temperature                 
00008fa7  BME280_temperature_sampling        
0000a839  BME280_who                         
0000a157  BME280_write_uint8                 
0000a7d7  Board_init                         
00002ff7  Board_initHook                     
0000a89f  C$$EXIT                            
0000a7e3  CPU_cpsid                          
0000a7ef  CPU_cpsie                          
00009d11  CS_clearInterruptFlag              
00004fc5  CS_getDCOFrequency                 
00009fc9  CS_getMCLK                         
0000a311  CS_setExternalClockSourceFrequency 
00005575  CS_startHFXTWithTimeout            
00005659  CS_startLFXTWithTimeout            
0000a487  ClockP_Params_init                 
0000982d  ClockP_callbackFxn                 
00006f55  ClockP_create                      
00008dbd  ClockP_delete                      
0000a5ef  ClockP_setTimeout                  
0000a411  ClockP_start                       
00008725  ClockP_stop                        
00005489  GPS_encode                         
00005e19  GPS_init                           
000092a1  GPS_read                           
0000a42f  HwiP_Params_init                   
00008915  HwiP_create                        
0000a711  HwiP_delete                        
00009f45  HwiP_disable                       
000092e9  HwiP_dispatch                      
200083f8  HwiP_dispatchTable                 
00009ff1  HwiP_inISR                         
0000a331  HwiP_restore                       
00006ab3  I2CMSP432_cancel                   
00008125  I2CMSP432_close                    
0000a895  I2CMSP432_control                  
0000ac38  I2CMSP432_fxnTable                 
00003199  I2CMSP432_hwiIntFxn                
000049c3  I2CMSP432_init                     
000028bd  I2CMSP432_open                     
000052a9  I2CMSP432_transfer                 
0000a759  I2C_Params_init                    
0000ac8c  I2C_config                         
0000a9a9  I2C_count                          
0000ac7c  I2C_defaultParams                  
00009451  I2C_init                           
000084b5  I2C_masterSendMultiByteFinish      
0000966d  I2C_open                           
0000a561  I2C_transfer                       
00007b51  Interrupt_disableInterrupt         
00007bd1  Interrupt_enableInterrupt          
00008a95  Interrupt_registerInterrupt        
00008e11  Interrupt_setPriority              
0000a4a5  Interrupt_unregisterInterrupt      
0000a17d  List_put                           
0000a1a3  List_remove                        
00007095  MPU9250_accelerometer              
00007681  MPU9250_accelerometer_range        
0000621d  MPU9250_calibrate_accelerometer    
0000819d  MPU9250_calibrate_gyroscope        
000050bd  MPU9250_gyroscope                  
20008390  MPU9250_handle                     
00008975  MPU9250_init                       
000095a5  MPU9250_raw_accelerometer          
000095e7  MPU9250_raw_gyroscope              
0000a65b  MPU9250_who                        
0000a1c9  MPU9250_write_byte                 
00008eb9  Madgwick_init                      
000026bd  Madgwick_quaternion_angles         
00000145  Madgwick_quaternion_update         
0000a605  PTLS_getBuf                        
0000a61b  PTLS_setBuf                        
0000a513  PTLS_taskDeleteHook                
0000aad4  PowerMSP432_config                 
00008521  PowerMSP432_getFreqs               
0000a769  PowerMSP432_getNumPerfLevels       
00006157  PowerMSP432_initPolicy             
20008d6c  PowerMSP432_module                 
20008bf8  PowerMSP432_perfLevels             
00009a11  PowerMSP432_sleepPolicy            
0000a843  PowerMSP432_updateFreqs            
0000a7fd  Power_getConstraintMask            
0000a809  Power_getPerformanceLevel          
0000a671  Power_idleFunc                     
00007131  Power_init                         
0000a019  Power_registerNotify               
00009331  Power_releaseConstraint            
00009abd  Power_setConstraint                
00001701  Power_sleep                        
0000a351  Power_unregisterNotify             
00003791  PrintFloat                         
00007829  PrintInteger                       
0000a371  PrintString                        
0000a723  RingBuf_construct                  
000096ad  RingBuf_get                        
0000a391  RingBuf_peek                       
00009409  RingBuf_put                        
0000a631  SemaphoreP_Params_init             
00008d11  SemaphoreP_create                  
0000a815  SemaphoreP_delete                  
00009c41  SemaphoreP_pend                    
0000a2cd  SemaphoreP_post                    
0000a579  SysCtl_A_disableNMISource          
0000a591  SysCtl_A_enableNMISource           
0000a779  SysCtl_A_getNMISourceStatus        
00007435  SysCtl_A_getTLVInfo                
0000a789  SysCtl_getNMISourceStatus          
0000a735  UARTDEBUG_init                     
00005739  UARTDEBUG_printf                   
0000755d  UARTMSP432_close                   
0000673d  UARTMSP432_control                 
0000ab70  UARTMSP432_fxnTable                
0000608d  UARTMSP432_hwiIntFxn               
0000639b  UARTMSP432_init                    
000019f9  UARTMSP432_open                    
000096ed  UARTMSP432_read                    
00009c0b  UARTMSP432_readCancel              
000058f9  UARTMSP432_readPolling             
00006c0d  UARTMSP432_write                   
000082f9  UARTMSP432_writeCancel             
000067f1  UARTMSP432_writePolling            
0000a5a9  UART_Params_init                   
0000ac50  UART_config                        
0000a9aa  UART_count                         
0000ab98  UART_defaultParams                 
20008384  UART_handles                       
00009495  UART_init                          
00004455  UART_initModule                    
0000972d  UART_open                          
0000a84d  UART_read                          
0000a857  UART_write                         
4000480c  WDTCTL_SYM                         
20010000  __STACK_END                        
00000400  __STACK_SIZE                       
0000ad80  __TI_CINIT_Base                    
0000ad98  __TI_CINIT_Limit                   
0000ad64  __TI_Handler_Table_Base            
0000ad70  __TI_Handler_Table_Limit           
000094d9  __TI_auto_init_nobinit_nopinit     
00008589  __TI_decompress_lzss               
0000a7c9  __TI_decompress_none               
ffffffff  __TI_pprof_out_hndl                
ffffffff  __TI_prof_data_size                
ffffffff  __TI_prof_data_start               
0000acd8  __TI_static_base__                 
0000a821  __TI_zero_init                     
0000793d  __aeabi_cdcmpeq                    
0000793d  __aeabi_cdcmple                    
000079c3  __aeabi_cdrcmple                   
000083d9  __aeabi_d2f                        
00002e4b  __aeabi_dadd                       
000040d1  __aeabi_ddiv                       
00004dcd  __aeabi_dmul                       
00002e41  __aeabi_dsub                       
0000976d  __aeabi_errno_addr                 
00009b9d  __aeabi_f2d                        
00009ebf  __aeabi_i2d                        
00008033  __aeabi_idiv0                      
00009379  __aeabi_l2f                        
00008033  __aeabi_ldiv0                      
00008447  __aeabi_ldivmod                    
0000a5c1  __aeabi_lmul                       
00007f3f  __aeabi_memclr                     
00007f3f  __aeabi_memclr4                    
00007f3f  __aeabi_memclr8                    
00007269  __aeabi_memcpy                     
00007269  __aeabi_memcpy4                    
00007269  __aeabi_memcpy8                    
00007f41  __aeabi_memset                     
00007f41  __aeabi_memset4                    
00007f41  __aeabi_memset8                    
0000739d  __aeabi_uldivmod                   
ffffffff  __binit__                          
ffffffff  __c_args__                         
UNDEFED   __mpu_init                         
2000fc00  __stack                            
00009c75  _c_int00_noargs                    
0000a8a8  _ctypes_                           
0000a1ef  _pthread_cleanup_pop               
UNDEFED   _system_post_cinit                 
0000a89b  _system_pre_init                   
0000a89f  abort                              
200083ec  accel_res                          
20008394  altitude                           
00003621  asinf                              
00003a59  atan2f                             
00003d09  atanf                              
00009041  atoi                               
20008398  beta                               
ffffffff  binit                              
00006b61  clock_gettime                      
0000a52d  copysign                           
0000a52d  copysignl                          
2000839c  course                             
200083a0  date                               
0000a747  delay                              
00009629  from_hex                           
20009000  g_pfnRAMVectors                    
200083ed  gps_data_good                      
00009d41  gpsatol                            
0000a215  gpsisdigit                         
00009d71  gpsstrcmp                          
200083ee  gyro_res                           
200083a4  hdop                               
0000ac68  i2cMSP432HWAttrs                   
200081c8  i2cMSP432Objects                   
00007e49  i2c_dev_init                       
00008f09  i2c_dev_read                       
0000908d  i2c_dev_write                      
20008e18  i2c_initialized                    
00000000  interruptVectors                   
200083ef  is_checksum_term                   
200083a8  last_position_fix                  
200083ac  last_time_fix                      
200083b0  latitude                           
000047a9  ldexp                              
000047a9  ldexpl                             
200083b4  longitude                          
200083f0  mag_res                            
00008789  main                               
00002ff9  mainThread                         
00007269  memcpy                             
00007f47  memset                             
200083b8  new_altitude                       
200083bc  new_course                         
200083c0  new_date                           
200083c4  new_hdop                           
200083c8  new_latitude                       
200083cc  new_longitude                      
200083e8  new_numsats                        
200083d0  new_position_fix                   
200083d4  new_speed                          
200083d8  new_time                           
200083dc  new_time_fix                       
200083ea  numsats                            
200083f1  parity                             
000071cd  parse_decimal                      
00007305  parse_degrees                      
00000d41  pow                                
00000d41  powl                               
0000a4c1  pthread_attr_init                  
0000a2ef  pthread_attr_setdetachstate        
0000a0b9  pthread_attr_setschedparam         
0000a6ad  pthread_attr_setstacksize          
00003f99  pthread_create                     
00008b4d  pthread_exit                       
0000a6c1  pthread_self                       
0000986b  pthread_setcancelstate             
0000331d  pvPortMalloc                       
00009921  pvTaskGetThreadLocalStoragePointer 
0000a4dd  pvTaskIncrementMutexHeldCount      
00009e91  pvTimerGetTimerID                  
20008d38  pxCurrentTCB                       
000089d5  pxPortInitialiseStack              
20008ddc  q                                  
0000a6d5  resetISR                           
000047a9  scalbn                             
000047a9  scalbnl                            
200083f2  sentence_type                      
200083e0  speed                              
00003bb1  sqrt                               
0000a0e1  sqrtf                              
00003bb1  sqrtl                              
2000830c  term                               
00001cc9  term_complete                      
200083f3  term_number                        
200083f4  term_offset                        
200083e4  time_gps                           
20008000  uartMSP432Objects                  
0000a3d1  uart_dev_get_char                  
00007cd1  uart_dev_init                      
0000a3f1  uart_dev_print_char                
20008e14  uart_open                          
0000aca4  ulMaxSyscallInterruptPriority      
00005b9d  ulPortGetIPSR                      
0000995d  usleep                             
000093c1  uxListRemove                       
0000819b  vApplicationMallocFailedHook       
0000a861  vApplicationStackOverflowHook      
00009e01  vListInitialise                    
0000a7a9  vListInitialiseItem                
000086bf  vListInsert                        
00009999  vListInsertEnd                     
00005c59  vPortEnableVFP                     
000091bd  vPortEnterCritical                 
00009e31  vPortExitCritical                  
00006e05  vPortFree                          
00005c15  vPortSVCHandler                    
000080ad  vPortSetupTimerInterrupt           
00005c35  vPortStartFirstTask                
0000a86b  vPortSuppressTicksAndSleep         
00008285  vPortValidateInterruptPriority     
0000a285  vQueueDelete                       
00008ba9  vQueueWaitForMessageRestricted     
00008c05  vTaskDelay                         
00004ccd  vTaskDelete                        
0000a2a9  vTaskInternalSetTimeOutState       
0000a82d  vTaskMissedYield                   
00009cdd  vTaskPlaceOnEventList              
000097ed  vTaskPlaceOnEventListRestricted    
00004ac9  vTaskPriorityDisinheritAfterTimeout
00009f71  vTaskSetApplicationTaskTag         
00009209  vTaskSetThreadLocalStoragePointer  
000074c9  vTaskStartScheduler                
00004ec9  vTaskSuspend                       
0000a7b9  vTaskSuspendAll                    
00005ab1  vTaskSwitchContext                 
00005bb5  xPortPendSVHandler                 
00005fbd  xPortStartScheduler                
00009f9d  xPortSysTickHandler                
00008cb9  xQueueCreateCountingSemaphore      
00008a35  xQueueGenericCreate                
00006685  xQueueGenericReset                 
00002c89  xQueueGenericSend                  
000048b9  xQueueGenericSendFromISR           
00005399  xQueueGiveFromISR                  
000034a1  xQueueReceive                      
00005c67  xQueueReceiveFromISR               
00002ab5  xQueueSemaphoreTake                
00006955  xTaskCheckForTimeOut               
00007fb9  xTaskCreate                        
0000a109  xTaskGetApplicationTaskTag         
0000a6e9  xTaskGetCurrentTaskHandle          
00009e61  xTaskGetSchedulerState             
0000a6fd  xTaskGetTickCount                  
00003e59  xTaskIncrementTick                 
00005819  xTaskPriorityDisinherit            
00005d41  xTaskPriorityInherit               
00006ead  xTaskRemoveFromEventList           
0000468d  xTaskResumeAll                     
000099d5  xTimerCreate                       
00008e65  xTimerCreateTimerTask              
00007acd  xTimerGenericCommand               


GLOBAL SYMBOLS: SORTED BY Symbol Address 

address   name                               
-------   ----                               
00000000  interruptVectors                   
00000145  Madgwick_quaternion_update         
00000400  __STACK_SIZE                       
00000d41  pow                                
00000d41  powl                               
00001701  Power_sleep                        
000019f9  UARTMSP432_open                    
00001cc9  term_complete                      
00002215  AK8963_calibrate_magnetometer      
0000246d  BME280_pressure                    
000026bd  Madgwick_quaternion_angles         
000028bd  I2CMSP432_open                     
00002ab5  xQueueSemaphoreTake                
00002c89  xQueueGenericSend                  
00002e41  __aeabi_dsub                       
00002e4b  __aeabi_dadd                       
00002ff7  Board_initHook                     
00002ff9  mainThread                         
00003199  I2CMSP432_hwiIntFxn                
0000331d  pvPortMalloc                       
000034a1  xQueueReceive                      
00003621  asinf                              
00003791  PrintFloat                         
00003a59  atan2f                             
00003bb1  sqrt                               
00003bb1  sqrtl                              
00003d09  atanf                              
00003e59  xTaskIncrementTick                 
00003f99  pthread_create                     
000040d1  __aeabi_ddiv                       
00004331  BME280_coefficients                
00004455  UART_initModule                    
0000468d  xTaskResumeAll                     
000047a9  ldexp                              
000047a9  ldexpl                             
000047a9  scalbn                             
000047a9  scalbnl                            
000048b9  xQueueGenericSendFromISR           
000049c3  I2CMSP432_init                     
00004ac9  vTaskPriorityDisinheritAfterTimeout
00004bcd  AK8963_init                        
00004ccd  vTaskDelete                        
00004dcd  __aeabi_dmul                       
00004ec9  vTaskSuspend                       
00004fc5  CS_getDCOFrequency                 
000050bd  MPU9250_gyroscope                  
000051b5  AK8963_magnetometer                
000052a9  I2CMSP432_transfer                 
00005399  xQueueGiveFromISR                  
00005489  GPS_encode                         
00005575  CS_startHFXTWithTimeout            
00005659  CS_startLFXTWithTimeout            
00005739  UARTDEBUG_printf                   
00005819  xTaskPriorityDisinherit            
000058f9  UARTMSP432_readPolling             
00005ab1  vTaskSwitchContext                 
00005b9d  ulPortGetIPSR                      
00005bb5  xPortPendSVHandler                 
00005c15  vPortSVCHandler                    
00005c35  vPortStartFirstTask                
00005c59  vPortEnableVFP                     
00005c67  xQueueReceiveFromISR               
00005d41  xTaskPriorityInherit               
00005e19  GPS_init                           
00005eed  BME280_temperature                 
00005fbd  xPortStartScheduler                
0000608d  UARTMSP432_hwiIntFxn               
00006157  PowerMSP432_initPolicy             
0000621d  MPU9250_calibrate_accelerometer    
0000639b  UARTMSP432_init                    
00006685  xQueueGenericReset                 
0000673d  UARTMSP432_control                 
000067f1  UARTMSP432_writePolling            
00006955  xTaskCheckForTimeOut               
00006ab3  I2CMSP432_cancel                   
00006b61  clock_gettime                      
00006c0d  UARTMSP432_write                   
00006e05  vPortFree                          
00006ead  xTaskRemoveFromEventList           
00006f55  ClockP_create                      
00007095  MPU9250_accelerometer              
00007131  Power_init                         
000071cd  parse_decimal                      
00007269  __aeabi_memcpy                     
00007269  __aeabi_memcpy4                    
00007269  __aeabi_memcpy8                    
00007269  memcpy                             
00007305  parse_degrees                      
0000739d  __aeabi_uldivmod                   
00007435  SysCtl_A_getTLVInfo                
000074c9  vTaskStartScheduler                
0000755d  UARTMSP432_close                   
00007681  MPU9250_accelerometer_range        
00007829  PrintInteger                       
0000793d  __aeabi_cdcmpeq                    
0000793d  __aeabi_cdcmple                    
000079c3  __aeabi_cdrcmple                   
00007acd  xTimerGenericCommand               
00007b51  Interrupt_disableInterrupt         
00007bd1  Interrupt_enableInterrupt          
00007cd1  uart_dev_init                      
00007d51  BME280_altitude                    
00007e49  i2c_dev_init                       
00007f3f  __aeabi_memclr                     
00007f3f  __aeabi_memclr4                    
00007f3f  __aeabi_memclr8                    
00007f41  __aeabi_memset                     
00007f41  __aeabi_memset4                    
00007f41  __aeabi_memset8                    
00007f47  memset                             
00007fb9  xTaskCreate                        
00008033  __aeabi_idiv0                      
00008033  __aeabi_ldiv0                      
000080ad  vPortSetupTimerInterrupt           
00008125  I2CMSP432_close                    
0000819b  vApplicationMallocFailedHook       
0000819d  MPU9250_calibrate_gyroscope        
00008285  vPortValidateInterruptPriority     
000082f9  UARTMSP432_writeCancel             
000083d9  __aeabi_d2f                        
00008447  __aeabi_ldivmod                    
000084b5  I2C_masterSendMultiByteFinish      
00008521  PowerMSP432_getFreqs               
00008589  __TI_decompress_lzss               
000086bf  vListInsert                        
00008725  ClockP_stop                        
00008789  main                               
000088b5  BME280_init                        
00008915  HwiP_create                        
00008975  MPU9250_init                       
000089d5  pxPortInitialiseStack              
00008a35  xQueueGenericCreate                
00008a95  Interrupt_registerInterrupt        
00008b4d  pthread_exit                       
00008ba9  vQueueWaitForMessageRestricted     
00008c05  vTaskDelay                         
00008cb9  xQueueCreateCountingSemaphore      
00008d11  SemaphoreP_create                  
00008dbd  ClockP_delete                      
00008e11  Interrupt_setPriority              
00008e65  xTimerCreateTimerTask              
00008eb9  Madgwick_init                      
00008f09  i2c_dev_read                       
00008f59  BME280_pressure_sampling           
00008fa7  BME280_temperature_sampling        
00008ff5  BME280_humid_sampling              
00009041  atoi                               
0000908d  i2c_dev_write                      
000091bd  vPortEnterCritical                 
00009209  vTaskSetThreadLocalStoragePointer  
00009255  AK8963_raw_magnetometer            
000092a1  GPS_read                           
000092e9  HwiP_dispatch                      
00009331  Power_releaseConstraint            
00009379  __aeabi_l2f                        
000093c1  uxListRemove                       
00009409  RingBuf_put                        
00009451  I2C_init                           
00009495  UART_init                          
000094d9  __TI_auto_init_nobinit_nopinit     
000095a5  MPU9250_raw_accelerometer          
000095e7  MPU9250_raw_gyroscope              
00009629  from_hex                           
0000966d  I2C_open                           
000096ad  RingBuf_get                        
000096ed  UARTMSP432_read                    
0000972d  UART_open                          
0000976d  __aeabi_errno_addr                 
000097ed  vTaskPlaceOnEventListRestricted    
0000982d  ClockP_callbackFxn                 
0000986b  pthread_setcancelstate             
00009921  pvTaskGetThreadLocalStoragePointer 
0000995d  usleep                             
00009999  vListInsertEnd                     
000099d5  xTimerCreate                       
00009a11  PowerMSP432_sleepPolicy            
00009a4b  BME280_filter                      
00009a83  BME280_standby                     
00009abd  Power_setConstraint                
00009b9d  __aeabi_f2d                        
00009bd5  BME280_mode                        
00009c0b  UARTMSP432_readCancel              
00009c41  SemaphoreP_pend                    
00009c75  _c_int00_noargs                    
00009cdd  vTaskPlaceOnEventList              
00009d11  CS_clearInterruptFlag              
00009d41  gpsatol                            
00009d71  gpsstrcmp                          
00009e01  vListInitialise                    
00009e31  vPortExitCritical                  
00009e61  xTaskGetSchedulerState             
00009e91  pvTimerGetTimerID                  
00009ebf  __aeabi_i2d                        
00009eed  BME280_read_int16                  
00009f19  BME280_read_uint16                 
00009f45  HwiP_disable                       
00009f71  vTaskSetApplicationTaskTag         
00009f9d  xPortSysTickHandler                
00009fc9  CS_getMCLK                         
00009ff1  HwiP_inISR                         
0000a019  Power_registerNotify               
0000a0b9  pthread_attr_setschedparam         
0000a0e1  sqrtf                              
0000a109  xTaskGetApplicationTaskTag         
0000a131  AK8963_write_byte                  
0000a157  BME280_write_uint8                 
0000a17d  List_put                           
0000a1a3  List_remove                        
0000a1c9  MPU9250_write_byte                 
0000a1ef  _pthread_cleanup_pop               
0000a215  gpsisdigit                         
0000a285  vQueueDelete                       
0000a2a9  vTaskInternalSetTimeOutState       
0000a2cd  SemaphoreP_post                    
0000a2ef  pthread_attr_setdetachstate        
0000a311  CS_setExternalClockSourceFrequency 
0000a331  HwiP_restore                       
0000a351  Power_unregisterNotify             
0000a371  PrintString                        
0000a391  RingBuf_peek                       
0000a3d1  uart_dev_get_char                  
0000a3f1  uart_dev_print_char                
0000a411  ClockP_start                       
0000a42f  HwiP_Params_init                   
0000a46b  BME280_read_uint8                  
0000a487  ClockP_Params_init                 
0000a4a5  Interrupt_unregisterInterrupt      
0000a4c1  pthread_attr_init                  
0000a4dd  pvTaskIncrementMutexHeldCount      
0000a4f9  BME280_calibrating                 
0000a513  PTLS_taskDeleteHook                
0000a52d  copysign                           
0000a52d  copysignl                          
0000a561  I2C_transfer                       
0000a579  SysCtl_A_disableNMISource          
0000a591  SysCtl_A_enableNMISource           
0000a5a9  UART_Params_init                   
0000a5c1  __aeabi_lmul                       
0000a5d9  BME280_get_mode                    
0000a5ef  ClockP_setTimeout                  
0000a605  PTLS_getBuf                        
0000a61b  PTLS_setBuf                        
0000a631  SemaphoreP_Params_init             
0000a647  AK8963_who                         
0000a65b  MPU9250_who                        
0000a671  Power_idleFunc                     
0000a6ad  pthread_attr_setstacksize          
0000a6c1  pthread_self                       
0000a6d5  resetISR                           
0000a6e9  xTaskGetCurrentTaskHandle          
0000a6fd  xTaskGetTickCount                  
0000a711  HwiP_delete                        
0000a723  RingBuf_construct                  
0000a735  UARTDEBUG_init                     
0000a747  delay                              
0000a759  I2C_Params_init                    
0000a769  PowerMSP432_getNumPerfLevels       
0000a779  SysCtl_A_getNMISourceStatus        
0000a789  SysCtl_getNMISourceStatus          
0000a7a9  vListInitialiseItem                
0000a7b9  vTaskSuspendAll                    
0000a7c9  __TI_decompress_none               
0000a7d7  Board_init                         
0000a7e3  CPU_cpsid                          
0000a7ef  CPU_cpsie                          
0000a7fd  Power_getConstraintMask            
0000a809  Power_getPerformanceLevel          
0000a815  SemaphoreP_delete                  
0000a821  __TI_zero_init                     
0000a82d  vTaskMissedYield                   
0000a839  BME280_who                         
0000a843  PowerMSP432_updateFreqs            
0000a84d  UART_read                          
0000a857  UART_write                         
0000a861  vApplicationStackOverflowHook      
0000a86b  vPortSuppressTicksAndSleep         
0000a895  I2CMSP432_control                  
0000a89b  _system_pre_init                   
0000a89f  C$$EXIT                            
0000a89f  abort                              
0000a8a8  _ctypes_                           
0000a9a9  I2C_count                          
0000a9aa  UART_count                         
0000aad4  PowerMSP432_config                 
0000ab70  UARTMSP432_fxnTable                
0000ab98  UART_defaultParams                 
0000ac38  I2CMSP432_fxnTable                 
0000ac50  UART_config                        
0000ac68  i2cMSP432HWAttrs                   
0000ac7c  I2C_defaultParams                  
0000ac8c  I2C_config                         
0000aca4  ulMaxSyscallInterruptPriority      
0000acd8  __TI_static_base__                 
0000ad64  __TI_Handler_Table_Base            
0000ad70  __TI_Handler_Table_Limit           
0000ad80  __TI_CINIT_Base                    
0000ad98  __TI_CINIT_Limit                   
20008000  uartMSP432Objects                  
200081c8  i2cMSP432Objects                   
2000830c  term                               
20008384  UART_handles                       
20008390  MPU9250_handle                     
20008394  altitude                           
20008398  beta                               
2000839c  course                             
200083a0  date                               
200083a4  hdop                               
200083a8  last_position_fix                  
200083ac  last_time_fix                      
200083b0  latitude                           
200083b4  longitude                          
200083b8  new_altitude                       
200083bc  new_course                         
200083c0  new_date                           
200083c4  new_hdop                           
200083c8  new_latitude                       
200083cc  new_longitude                      
200083d0  new_position_fix                   
200083d4  new_speed                          
200083d8  new_time                           
200083dc  new_time_fix                       
200083e0  speed                              
200083e4  time_gps                           
200083e8  new_numsats                        
200083ea  numsats                            
200083ec  accel_res                          
200083ed  gps_data_good                      
200083ee  gyro_res                           
200083ef  is_checksum_term                   
200083f0  mag_res                            
200083f1  parity                             
200083f2  sentence_type                      
200083f3  term_number                        
200083f4  term_offset                        
200083f8  HwiP_dispatchTable                 
20008bf8  PowerMSP432_perfLevels             
20008d38  pxCurrentTCB                       
20008d6c  PowerMSP432_module                 
20008ddc  q                                  
20008e14  uart_open                          
20008e18  i2c_initialized                    
20009000  g_pfnRAMVectors                    
2000fc00  __stack                            
20010000  __STACK_END                        
4000480c  WDTCTL_SYM                         
ffffffff  __TI_pprof_out_hndl                
ffffffff  __TI_prof_data_size                
ffffffff  __TI_prof_data_start               
ffffffff  __binit__                          
ffffffff  __c_args__                         
ffffffff  binit                              
UNDEFED   __mpu_init                         
UNDEFED   _system_post_cinit                 

[353 symbols]
