******************************************************************************
                  TI ARM Linker PC v18.12.4                    
******************************************************************************
>> Linked Wed Sep  9 19:01:19 2020

OUTPUT FILE NAME:   <HAL.out>
ENTRY POINT SYMBOL: "resetISR"  address: 0000adb9


MEMORY CONFIGURATION

         name            origin    length      used     unused   attr    fill
----------------------  --------  ---------  --------  --------  ----  --------
  MAIN                  00000000   00040000  0000b544  00034abc  R  X
  INFO                  00200000   00004000  00000000  00004000  R  X
  SRAM_CODE             01000000   00010000  00009347  00006cb9  RW X
  SRAM_DATA             20000000   00010000  00009347  00006cb9  RW  


SEGMENT ALLOCATION MAP

run origin  load origin   length   init length attrs members
----------  ----------- ---------- ----------- ----- -------
00000000    00000000    0000b550   0000b550    r-x
  00000000    00000000    00000144   00000144    r-- .intvecs
  00000144    00000144    0000ae5e   0000ae5e    r-x .text
  0000afa8    0000afa8    000004d2   000004d2    r-- .const
  0000b480    0000b480    000000d0   000000d0    r-- .cinit
20000000    20000000    00008e62   00000000    rw-
  20000000    20000000    00008431   00000000    rw- .bss
  20008434    20008434    00000a2e   00000000    rw- .data
20009000    20009000    000000e8   00000000    rw-
  20009000    20009000    000000e8   00000000    rw- .vtable
2000fc00    2000fc00    00000400   00000000    rw-
  2000fc00    2000fc00    00000400   00000000    rw- .stack


SECTION ALLOCATION MAP

 output                                  attributes/
section   page    origin      length       input sections
--------  ----  ----------  ----------   ----------------
.text      0    00000144    0000ae5e     
                  00000144    00000bfc     madgwick.obj (.text:Madgwick_quaternion_update)
                  00000d40    000009c0     rtsv7M4_T_le_v4SPD16_eabi.lib : e_pow.c.obj (.text:pow)
                  00001700    000002f8     drivers_msp432p401x.aem4f : PowerMSP432.oem4f (.text:Power_sleep)
                  000019f8    000002d0                               : UARTMSP432.oem4f (.text:UARTMSP432_open)
                  00001cc8    000002c4     GPS.obj (.text:term_complete)
                  00001f8c    00000288     drivers_msp432p401x.aem4f : PowerMSP432.oem4f (.text:initPerfControl)
                  00002214    00000258     MPU9250.obj (.text:AK8963_calibrate_magnetometer)
                  0000246c    00000250     BME280.obj (.text:BME280_pressure)
                  000026bc    00000200     madgwick.obj (.text:Madgwick_quaternion_angles)
                  000028bc    000001f8     drivers_msp432p401x.aem4f : I2CMSP432.oem4f (.text:I2CMSP432_open)
                  00002ab4    000001d4     freertos_builds_MSP_EXP432P401R_release_ccs.lib : queue.obj (.text:xQueueSemaphoreTake)
                  00002c88    000001b8                                                     : queue.obj (.text:xQueueGenericSend)
                  00002e40    000001b6     rtsv7M4_T_le_v4SPD16_eabi.lib : fd_add_t2.asm.obj (.text)
                  00002ff6    00000184     drivers_msp432p401x.aem4f : I2CMSP432.oem4f (.text:I2CMSP432_hwiIntFxn)
                  0000317a    00000002     ti_drivers_config.obj (.text:Board_initHook)
                  0000317c    00000184     freertos_builds_MSP_EXP432P401R_release_ccs.lib : heap_4.obj (.text:pvPortMalloc)
                  00003300    00000180                                                     : queue.obj (.text:xQueueReceive)
                  00003480    0000017c     hal_main.obj (.text:mainThread)
                  000035fc    00000170     rtsv7M4_T_le_v4SPD16_eabi.lib : e_asinf.c.obj (.text:asinf)
                  0000376c    00000164     UARTDEBUG.obj (.text:PrintFloat)
                  000038d0    00000164     freertos_builds_MSP_EXP432P401R_release_ccs.lib : timers.obj (.text:prvProcessReceivedCommands)
                  00003a34    00000158     rtsv7M4_T_le_v4SPD16_eabi.lib : e_atan2f.c.obj (.text:atan2f)
                  00003b8c    00000158                                   : e_sqrt.c.obj (.text:sqrt)
                  00003ce4    00000150                                   : s_atanf.c.obj (.text:atanf)
                  00003e34    0000014c     drivers_msp432p401x.aem4f : TimerMSP432.oem4f (.text:TimerMSP432_open)
                  00003f80    00000140     freertos_builds_MSP_EXP432P401R_release_ccs.lib : tasks.obj (.text:xTaskIncrementTick)
                  000040c0    00000138                                                     : pthread.obj (.text:pthread_create)
                  000041f8    00000136     rtsv7M4_T_le_v4SPD16_eabi.lib : fd_div_t2.asm.obj (.text)
                  0000432e    0000012a     freertos_builds_MSP_EXP432P401R_release_ccs.lib : tasks.obj (.text:prvInitialiseNewTask)
                  00004458    00000124     BME280.obj (.text:BME280_coefficients)
                  0000457c    0000011c     msp432p4xx_driverlib.lib : uart.o (.text:UART_initModule)
                  00004698    0000011c     drivers_msp432p401x.aem4f : I2CMSP432.oem4f (.text:primeTransfer)
                  000047b4    0000011c     freertos_builds_MSP_EXP432P401R_release_ccs.lib : tasks.obj (.text:xTaskResumeAll)
                  000048d0    00000110     rtsv7M4_T_le_v4SPD16_eabi.lib : s_scalbn.c.obj (.text:scalbn)
                  000049e0    0000010a     freertos_builds_MSP_EXP432P401R_release_ccs.lib : queue.obj (.text:xQueueGenericSendFromISR)
                  00004aea    00000002     drivers_msp432p401x.aem4f : I2CMSP432.oem4f (.text:I2CMSP432_init)
                  00004aec    00000104     msp432p4xx_driverlib.lib : cs.o (.text:_CSComputeCLKFrequency)
                  00004bf0    00000104     freertos_builds_MSP_EXP432P401R_release_ccs.lib : tasks.obj (.text:vTaskPriorityDisinheritAfterTimeout)
                  00004cf4    00000100     MPU9250.obj (.text:AK8963_init)
                  00004df4    00000100     freertos_builds_MSP_EXP432P401R_release_ccs.lib : tasks.obj (.text:vTaskDelete)
                  00004ef4    000000fc     rtsv7M4_T_le_v4SPD16_eabi.lib : fd_mul_t2.asm.obj (.text)
                  00004ff0    000000fc     freertos_builds_MSP_EXP432P401R_release_ccs.lib : tasks.obj (.text:vTaskSuspend)
                  000050ec    000000f8     msp432p4xx_driverlib.lib : cs.o (.text:CS_getDCOFrequency)
                  000051e4    000000f8     MPU9250.obj (.text:MPU9250_gyroscope)
                  000052dc    000000f4     MPU9250.obj (.text:AK8963_magnetometer)
                  000053d0    000000f0     drivers_msp432p401x.aem4f : I2CMSP432.oem4f (.text:I2CMSP432_transfer)
                  000054c0    000000f0     freertos_builds_MSP_EXP432P401R_release_ccs.lib : queue.obj (.text:xQueueGiveFromISR)
                  000055b0    000000ec     GPS.obj (.text:GPS_encode)
                  0000569c    000000e4     msp432p4xx_driverlib.lib : cs.o (.text:CS_startHFXTWithTimeout)
                  00005780    000000e0                              : cs.o (.text:CS_startLFXTWithTimeout)
                  00005860    000000e0     UARTDEBUG.obj (.text:UARTDEBUG_printf)
                  00005940    000000e0     freertos_builds_MSP_EXP432P401R_release_ccs.lib : tasks.obj (.text:xTaskPriorityDisinherit)
                  00005a20    000000dc     drivers_msp432p401x.aem4f : UARTMSP432.oem4f (.text:UARTMSP432_readPolling)
                  00005afc    000000dc     msp432p4xx_driverlib.lib : cs.o (.text:_CSGetHFXTFrequency)
                  00005bd8    000000dc     freertos_builds_MSP_EXP432P401R_release_ccs.lib : tasks.obj (.text:vTaskSwitchContext)
                  00005cb4    000000da                                                     : portasm.obj (.text)
                  00005d8e    000000d8                                                     : queue.obj (.text:xQueueReceiveFromISR)
                  00005e66    00000002     msp432p4xx_driverlib.lib : interrupt.o (.text:IntDefaultHandler)
                  00005e68    000000d8     freertos_builds_MSP_EXP432P401R_release_ccs.lib : tasks.obj (.text:xTaskPriorityInherit)
                  00005f40    000000d4     GPS.obj (.text:GPS_init)
                  00006014    000000d0     BME280.obj (.text:BME280_temperature)
                  000060e4    000000d0     freertos_builds_MSP_EXP432P401R_release_ccs.lib : port.obj (.text:xPortStartScheduler)
                  000061b4    000000ca     drivers_msp432p401x.aem4f : UARTMSP432.oem4f (.text:UARTMSP432_hwiIntFxn)
                  0000627e    00000002     freertos_builds_MSP_EXP432P401R_release_ccs.lib : PowerMSP432_freertos.obj (.text:PowerMSP432_initPolicy)
                  00006280    000000c8     drivers_msp432p401x.aem4f : TimerMSP432.oem4f (.text:TimerMSP432_start)
                  00006348    000000c4     freertos_builds_MSP_EXP432P401R_release_ccs.lib : tasks.obj (.text:prvAddNewTaskToReadyList)
                  0000640c    000000c0     MPU9250.obj (.text:MPU9250_calibrate_accelerometer)
                  000064cc    000000be     freertos_builds_MSP_EXP432P401R_release_ccs.lib : queue.obj (.text:prvCopyDataToQueue)
                  0000658a    00000002     drivers_msp432p401x.aem4f : TimerMSP432.oem4f (.text:TimerMSP432_init)
                  0000658c    000000bc                               : TimerMSP432.oem4f (.text:TimerMSP432_setPeriod)
                  00006648    000000bc     freertos_builds_MSP_EXP432P401R_release_ccs.lib : heap_4.obj (.text:prvHeapInit)
                  00006704    000000bc                                                     : timers.obj (.text:prvSwitchTimerLists)
                  000067c0    000000b8     drivers_msp432p401x.aem4f : UARTMSP432.oem4f (.text:initHw)
                  00006878    000000b8                               : UARTMSP432.oem4f (.text:readTaskCallback)
                  00006930    000000b8     freertos_builds_MSP_EXP432P401R_release_ccs.lib : queue.obj (.text:xQueueGenericReset)
                  000069e8    000000b4     drivers_msp432p401x.aem4f : UARTMSP432.oem4f (.text:UARTMSP432_control)
                  00006a9c    000000b4                               : UARTMSP432.oem4f (.text:UARTMSP432_writePolling)
                  00006b50    000000b0     freertos_builds_MSP_EXP432P401R_release_ccs.lib : tasks.obj (.text:prvAddCurrentTaskToDelayedList)
                  00006c00    000000b0                                                     : tasks.obj (.text:xTaskCheckForTimeOut)
                  00006cb0    000000ae                                                     : queue.obj (.text:prvUnlockQueue)
                  00006d5e    000000ac     drivers_msp432p401x.aem4f : I2CMSP432.oem4f (.text:I2CMSP432_cancel)
                  00006e0a    000000a8                               : UARTMSP432.oem4f (.text:UARTMSP432_write)
                  00006eb2    00000002                               : UARTMSP432.oem4f (.text:UARTMSP432_init)
                  00006eb4    000000a8     freertos_builds_MSP_EXP432P401R_release_ccs.lib : heap_4.obj (.text:prvInsertBlockIntoFreeList)
                  00006f5c    000000a8     drivers_msp432p401x.aem4f : UARTMSP432.oem4f (.text:readTaskBlocking)
                  00007004    000000a8     freertos_builds_MSP_EXP432P401R_release_ccs.lib : heap_4.obj (.text:vPortFree)
                  000070ac    000000a8                                                     : tasks.obj (.text:xTaskRemoveFromEventList)
                  00007154    000000a4     drivers_msp432p401x.aem4f : TimerMSP432.oem4f (.text:initTimerHardware)
                  000071f8    000000a0     freertos_builds_MSP_EXP432P401R_release_ccs.lib : ClockP_freertos.obj (.text:ClockP_create)
                  00007298    000000a0     drivers_msp432p401x.aem4f : UARTMSP432.oem4f (.text:readIsrTextCallback)
                  00007338    0000009c     MPU9250.obj (.text:MPU9250_accelerometer)
                  000073d4    0000009c     drivers_msp432p401x.aem4f : PowerMSP432.oem4f (.text:Power_init)
                  00007470    0000009c     GPS.obj (.text:parse_decimal)
                  0000750c    0000009c     rtsv7M4_T_le_v4SPD16_eabi.lib : memcpy_t2.asm.obj (.text)
                  000075a8    0000009c     drivers_msp432p401x.aem4f : TimerMSP432.oem4f (.text:setT32TickCount)
                  00007644    0000009c                               : TimerMSP432.oem4f (.text:setTATickCount)
                  000076e0    00000098     GPS.obj (.text:parse_degrees)
                  00007778    00000096     rtsv7M4_T_le_v4SPD16_eabi.lib : ull_div_t2.asm.obj (.text)
                  0000780e    00000002     freertos_builds_MSP_EXP432P401R_release_ccs.lib : startup_msp432_ccs.obj (.text:defaultISR)
                  00007810    00000094     msp432p4xx_driverlib.lib : sysctl_a.o (.text:SysCtl_A_getTLVInfo)
                  000078a4    00000094     freertos_builds_MSP_EXP432P401R_release_ccs.lib : tasks.obj (.text:vTaskStartScheduler)
                  00007938    00000092     drivers_msp432p401x.aem4f : UARTMSP432.oem4f (.text:UARTMSP432_close)
                  000079ca    00000092                               : UARTMSP432.oem4f (.text:writeData)
                  00007a5c    00000090     MPU9250.obj (.text:MPU9250_accelerometer_range)
                  00007aec    0000008c     drivers_msp432p401x.aem4f : TimerMSP432.oem4f (.text:TimerMSP432_stop)
                  00007b78    0000008c                               : UARTMSP432.oem4f (.text:readIsrTextBlocking)
                  00007c04    0000008a     UARTDEBUG.obj (.text:PrintInteger)
                  00007c8e    00000002     freertos_builds_MSP_EXP432P401R_release_ccs.lib : startup_msp432_ccs.obj (.text:faultISR)
                  00007c90    00000088                                                     : timers.obj (.text:prvProcessTimerOrBlockTask)
                  00007d18    00000086     rtsv7M4_T_le_v4SPD16_eabi.lib : fd_cmp_t2.asm.obj (.text:__aeabi_cdcmple)
                  00007d9e    00000086                                   : fd_cmp_t2.asm.obj (.text:__aeabi_cdrcmple)
                  00007e24    00000084     drivers_msp432p401x.aem4f : PowerMSP432.oem4f (.text:restartHFXT)
                  00007ea8    00000084     freertos_builds_MSP_EXP432P401R_release_ccs.lib : timers.obj (.text:xTimerGenericCommand)
                  00007f2c    00000080     msp432p4xx_driverlib.lib : interrupt.o (.text:Interrupt_disableInterrupt)
                  00007fac    00000080                              : interrupt.o (.text:Interrupt_enableInterrupt)
                  0000802c    00000080     freertos_builds_MSP_EXP432P401R_release_ccs.lib : timers.obj (.text:prvProcessExpiredTimer)
                  000080ac    00000080     uart_dev.obj (.text:uart_dev_init)
                  0000812c    0000007c     BME280.obj (.text:BME280_altitude)
                  000081a8    0000007c     msp432p4xx_driverlib.lib : cs.o (.text:_CSGetDOCFrequency)
                  00008224    0000007c     i2c_dev.obj (.text:i2c_dev_init)
                  000082a0    0000007a     freertos_builds_MSP_EXP432P401R_release_ccs.lib : pthread.obj (.text:removeThreadKeys)
                  0000831a    0000007a     rtsv7M4_T_le_v4SPD16_eabi.lib : memset_t2.asm.obj (.text)
                  00008394    0000007a     freertos_builds_MSP_EXP432P401R_release_ccs.lib : tasks.obj (.text:xTaskCreate)
                  0000840e    00000002                                                     : startup_msp432_ccs.obj (.text:nmiISR)
                  00008410    00000078     drivers_msp432p401x.aem4f : TimerMSP432.oem4f (.text:TimerMSP432_allocateTimerResource)
                  00008488    00000078     freertos_builds_MSP_EXP432P401R_release_ccs.lib : timers.obj (.text:prvInsertTimerInActiveList)
                  00008500    00000078                                                     : port.obj (.text:vPortSetupTimerInterrupt)
                  00008578    00000076     drivers_msp432p401x.aem4f : I2CMSP432.oem4f (.text:I2CMSP432_close)
                  000085ee    00000002     rtsv7M4_T_le_v4SPD16_eabi.lib : div0.asm.obj (.text)
                  000085f0    00000074     MPU9250.obj (.text:MPU9250_calibrate_gyroscope)
                  00008664    00000074     freertos_builds_MSP_EXP432P401R_release_ccs.lib : tasks.obj (.text:prvInitialiseTaskLists)
                  000086d8    00000074                                                     : port.obj (.text:vPortValidateInterruptPriority)
                  0000874c    00000070     drivers_msp432p401x.aem4f : UARTMSP432.oem4f (.text:UARTMSP432_writeCancel)
                  000087bc    00000070     freertos_builds_MSP_EXP432P401R_release_ccs.lib : ClockP_freertos.obj (.text:setClockObjTimeout)
                  0000882c    0000006e     rtsv7M4_T_le_v4SPD16_eabi.lib : fd_tos_t2.asm.obj (.text)
                  0000889a    0000006e                                   : ll_div_t2.asm.obj (.text)
                  00008908    0000006c     msp432p4xx_driverlib.lib : i2c.o (.text:I2C_masterSendMultiByteFinish)
                  00008974    00000068     drivers_msp432p401x.aem4f : PowerMSP432.oem4f (.text:PowerMSP432_getFreqs)
                  000089dc    00000068     rtsv7M4_T_le_v4SPD16_eabi.lib : copy_decompress_lzss.c.obj (.text:decompress:lzss:__TI_decompress_lzss)
                  00008a44    00000068     drivers_msp432p401x.aem4f : I2CMSP432.oem4f (.text:initHw)
                  00008aac    00000066     freertos_builds_MSP_EXP432P401R_release_ccs.lib : timers.obj (.text:prvInitialiseNewTimer)
                  00008b12    00000066                                                     : list.obj (.text:vListInsert)
                  00008b78    00000064                                                     : ClockP_freertos.obj (.text:ClockP_stop)
                  00008bdc    00000064     main.obj (.text:main)
                  00008c40    00000064     freertos_builds_MSP_EXP432P401R_release_ccs.lib : tasks.obj (.text:prvGetExpectedIdleTime)
                  00008ca4    00000062     msp432p4xx_driverlib.lib : cs.o (.text:_CSGetDividerValue)
                  00008d06    00000002     main.obj (.text:vApplicationMallocFailedHook)
                  00008d08    00000060     BME280.obj (.text:BME280_init)
                  00008d68    00000060     freertos_builds_MSP_EXP432P401R_release_ccs.lib : HwiPMSP432_freertos.obj (.text:HwiP_create)
                  00008dc8    00000060     MPU9250.obj (.text:MPU9250_init)
                  00008e28    00000060     freertos_builds_MSP_EXP432P401R_release_ccs.lib : port.obj (.text:pxPortInitialiseStack)
                  00008e88    00000060                                                     : queue.obj (.text:xQueueGenericCreate)
                  00008ee8    0000005c     msp432p4xx_driverlib.lib : interrupt.o (.text:Interrupt_registerInterrupt)
                  00008f44    0000005c     freertos_builds_MSP_EXP432P401R_release_ccs.lib : tasks.obj (.text:prvIdleTask)
                  00008fa0    0000005c                                                     : pthread.obj (.text:pthread_exit)
                  00008ffc    0000005c                                                     : queue.obj (.text:vQueueWaitForMessageRestricted)
                  00009058    0000005c                                                     : tasks.obj (.text:vTaskDelay)
                  000090b4    00000058     drivers_msp432p401x.aem4f : UARTMSP432.oem4f (.text:readIsrBinaryBlocking)
                  0000910c    00000058     time_dev.obj (.text:time_dev_init)
                  00009164    00000058     freertos_builds_MSP_EXP432P401R_release_ccs.lib : queue.obj (.text:xQueueCreateCountingSemaphore)
                  000091bc    00000056                                                     : SemaphoreP_freertos.obj (.text:SemaphoreP_create)
                  00009212    00000056     drivers_msp432p401x.aem4f : I2CMSP432.oem4f (.text:completeTransfer)
                  00009268    00000054     freertos_builds_MSP_EXP432P401R_release_ccs.lib : ClockP_freertos.obj (.text:ClockP_delete)
                  000092bc    00000054     msp432p4xx_driverlib.lib : interrupt.o (.text:Interrupt_setPriority)
                  00009310    00000054     drivers_msp432p401x.aem4f : TimerMSP432.oem4f (.text:TimerMSP432_freeTimerResource)
                  00009364    00000054     freertos_builds_MSP_EXP432P401R_release_ccs.lib : timers.obj (.text:xTimerCreateTimerTask)
                  000093b8    00000050     madgwick.obj (.text:Madgwick_init)
                  00009408    00000050     drivers_msp432p401x.aem4f : TimerMSP432.oem4f (.text:TimerMSP432_hwiIntFunction)
                  00009458    00000050     i2c_dev.obj (.text:i2c_dev_read)
                  000094a8    0000004e     BME280.obj (.text:BME280_pressure_sampling)
                  000094f6    0000004e     BME280.obj (.text:BME280_temperature_sampling)
                  00009544    0000004e     drivers_msp432p401x.aem4f : TimerMSP432.oem4f (.text:TimerMSP432_close)
                  00009592    0000004c     BME280.obj (.text:BME280_humid_sampling)
                  000095de    00000002     --HOLE-- [fill = 0]
                  000095e0    0000004c     rtsv7M4_T_le_v4SPD16_eabi.lib : atoi.c.obj (.text:atoi)
                  0000962c    0000004c     i2c_dev.obj (.text:i2c_dev_write)
                  00009678    0000004c     freertos_builds_MSP_EXP432P401R_release_ccs.lib : timers.obj (.text:prvCheckForValidListAndQueue)
                  000096c4    0000004c                                                     : tasks.obj (.text:prvCheckTasksWaitingTermination)
                  00009710    0000004c     drivers_msp432p401x.aem4f : UARTMSP432.oem4f (.text:readIsrBinaryCallback)
                  0000975c    0000004c     freertos_builds_MSP_EXP432P401R_release_ccs.lib : port.obj (.text:vPortEnterCritical)
                  000097a8    0000004c                                                     : tasks.obj (.text:vTaskSetThreadLocalStoragePointer)
                  000097f4    0000004a     MPU9250.obj (.text:AK8963_raw_magnetometer)
                  0000983e    00000002     --HOLE-- [fill = 0]
                  00009840    00000048     GPS.obj (.text:GPS_read)
                  00009888    00000048     freertos_builds_MSP_EXP432P401R_release_ccs.lib : HwiPMSP432_freertos.obj (.text:HwiP_dispatch)
                  000098d0    00000048     drivers_msp432p401x.aem4f : PowerMSP432.oem4f (.text:Power_releaseConstraint)
                  00009918    00000048     rtsv7M4_T_le_v4SPD16_eabi.lib : ll_tofs_t2.asm.obj (.text)
                  00009960    00000048     freertos_builds_MSP_EXP432P401R_release_ccs.lib : list.obj (.text:uxListRemove)
                  000099a8    00000046     drivers_msp432p401x.aem4f : RingBuf.oem4f (.text:RingBuf_put)
                  000099ee    00000002     --HOLE-- [fill = 0]
                  000099f0    00000044                               : I2C.oem4f (.text:I2C_init)
                  00009a34    00000044                               : Timer.oem4f (.text:Timer_init)
                  00009a78    00000044                               : UART.oem4f (.text:UART_init)
                  00009abc    00000044     rtsv7M4_T_le_v4SPD16_eabi.lib : autoinit.c.obj (.text:__TI_auto_init_nobinit_nopinit:__TI_auto_init_nobinit_nopinit)
                  00009b00    00000044     drivers_msp432p401x.aem4f : I2CMSP432.oem4f (.text:perfChangeNotifyFxn)
                  00009b44    00000044     freertos_builds_MSP_EXP432P401R_release_ccs.lib : queue.obj (.text:prvInitialiseNewQueue)
                  00009b88    00000042     MPU9250.obj (.text:MPU9250_raw_accelerometer)
                  00009bca    00000042     MPU9250.obj (.text:MPU9250_raw_gyroscope)
                  00009c0c    00000042     GPS.obj (.text:from_hex)
                  00009c4e    00000002     --HOLE-- [fill = 0]
                  00009c50    00000040     drivers_msp432p401x.aem4f : I2C.oem4f (.text:I2C_open)
                  00009c90    00000040                               : RingBuf.oem4f (.text:RingBuf_get)
                  00009cd0    00000040                               : Timer.oem4f (.text:Timer_open)
                  00009d10    00000040                               : UARTMSP432.oem4f (.text:UARTMSP432_read)
                  00009d50    00000040                               : UART.oem4f (.text:UART_open)
                  00009d90    00000040     freertos_builds_MSP_EXP432P401R_release_ccs.lib : aeabi_portable.obj (.text:__aeabi_errno_addr)
                  00009dd0    00000040     drivers_msp432p401x.aem4f : UARTMSP432.oem4f (.text:perfChangeNotifyFxn)
                  00009e10    00000040     freertos_builds_MSP_EXP432P401R_release_ccs.lib : tasks.obj (.text:vTaskPlaceOnEventListRestricted)
                  00009e50    0000003e                                                     : ClockP_freertos.obj (.text:ClockP_callbackFxn)
                  00009e8e    0000003e                                                     : pthread.obj (.text:pthread_setcancelstate)
                  00009ecc    0000003c                                                     : queue.obj (.text:prvCopyDataFromQueue)
                  00009f08    0000003c                                                     : tasks.obj (.text:prvResetNextTaskUnblockTime)
                  00009f44    0000003c                                                     : tasks.obj (.text:pvTaskGetThreadLocalStoragePointer)
                  00009f80    0000003c                                                     : sleep.obj (.text:usleep)
                  00009fbc    0000003c                                                     : list.obj (.text:vListInsertEnd)
                  00009ff8    0000003c                                                     : timers.obj (.text:xTimerCreate)
                  0000a034    0000003a                                                     : PowerMSP432_freertos.obj (.text:PowerMSP432_sleepPolicy)
                  0000a06e    00000038     BME280.obj (.text:BME280_filter)
                  0000a0a6    00000038     BME280.obj (.text:BME280_standby)
                  0000a0de    00000002     --HOLE-- [fill = 0]
                  0000a0e0    00000038     drivers_msp432p401x.aem4f : PowerMSP432.oem4f (.text:Power_setConstraint)
                  0000a118    00000038                               : TimerMSP432.oem4f (.text:TimerMSP432_getCount)
                  0000a150    00000038                               : PowerMSP432.oem4f (.text:notify)
                  0000a188    00000038     freertos_builds_MSP_EXP432P401R_release_ccs.lib : timers.obj (.text:prvGetNextExpireTime)
                  0000a1c0    00000038                                                     : port.obj (.text:prvTaskExitError)
                  0000a1f8    00000038     rtsv7M4_T_le_v4SPD16_eabi.lib : fs_tod_t2.asm.obj (.text)
                  0000a230    00000036     BME280.obj (.text:BME280_mode)
                  0000a266    00000036     drivers_msp432p401x.aem4f : UARTMSP432.oem4f (.text:UARTMSP432_readCancel)
                  0000a29c    00000034     freertos_builds_MSP_EXP432P401R_release_ccs.lib : SemaphoreP_freertos.obj (.text:SemaphoreP_pend)
                  0000a2d0    00000034     rtsv7M4_T_le_v4SPD16_eabi.lib : boot_cortex_m.c.obj (.text:_c_int00_noargs:_c_int00_noargs)
                  0000a304    00000034     freertos_builds_MSP_EXP432P401R_release_ccs.lib : timers.obj (.text:prvSampleTimeNow)
                  0000a338    00000034                                                     : tasks.obj (.text:vTaskPlaceOnEventList)
                  0000a36c    00000030     msp432p4xx_driverlib.lib : cs.o (.text:CS_clearInterruptFlag)
                  0000a39c    00000030     GPS.obj (.text:gpsatol)
                  0000a3cc    00000030     GPS.obj (.text:gpsstrcmp)
                  0000a3fc    00000030     drivers_msp432p401x.aem4f : I2CMSP432.oem4f (.text:mapPin)
                  0000a42c    00000030                               : UARTMSP432.oem4f (.text:mapPin)
                  0000a45c    00000030     freertos_builds_MSP_EXP432P401R_release_ccs.lib : list.obj (.text:vListInitialise)
                  0000a48c    00000030                                                     : port.obj (.text:vPortExitCritical)
                  0000a4bc    00000030                                                     : tasks.obj (.text:xTaskGetSchedulerState)
                  0000a4ec    0000002e                                                     : timers.obj (.text:pvTimerGetTimerID)
                  0000a51a    0000002e     rtsv7M4_T_le_v4SPD16_eabi.lib : i_tofd_t2.asm.obj (.text)
                  0000a548    0000002c     BME280.obj (.text:BME280_read_int16)
                  0000a574    0000002c     BME280.obj (.text:BME280_read_uint16)
                  0000a5a0    0000002c     freertos_builds_MSP_EXP432P401R_release_ccs.lib : HwiPMSP432_freertos.obj (.text:HwiP_disable)
                  0000a5cc    0000002c     drivers_msp432p401x.aem4f : TimerMSP432.oem4f (.text:perfChangeNotifyFxn)
                  0000a5f8    0000002c     freertos_builds_MSP_EXP432P401R_release_ccs.lib : tasks.obj (.text:vTaskSetApplicationTaskTag)
                  0000a624    0000002c                                                     : port.obj (.text:xPortSysTickHandler)
                  0000a650    00000028     msp432p4xx_driverlib.lib : cs.o (.text:CS_getMCLK)
                  0000a678    00000028     freertos_builds_MSP_EXP432P401R_release_ccs.lib : HwiPMSP432_freertos.obj (.text:HwiP_inISR)
                  0000a6a0    00000028     drivers_msp432p401x.aem4f : PowerMSP432.oem4f (.text:Power_registerNotify)
                  0000a6c8    00000028                               : PowerMSP432.oem4f (.text:disableFaultCounter)
                  0000a6f0    00000028                               : PowerMSP432.oem4f (.text:disableHFXT)
                  0000a718    00000028                               : UARTMSP432.oem4f (.text:findBaudDividerIndex)
                  0000a740    00000028     freertos_builds_MSP_EXP432P401R_release_ccs.lib : pthread.obj (.text:pthread_attr_setschedparam)
                  0000a768    00000028     rtsv7M4_T_le_v4SPD16_eabi.lib : e_sqrtf.c.obj (.text:sqrtf)
                  0000a790    00000028     freertos_builds_MSP_EXP432P401R_release_ccs.lib : tasks.obj (.text:xTaskGetApplicationTaskTag)
                  0000a7b8    00000026     MPU9250.obj (.text:AK8963_write_byte)
                  0000a7de    00000026     BME280.obj (.text:BME280_write_uint8)
                  0000a804    00000026     drivers_msp432p401x.aem4f : List.oem4f (.text:List_put)
                  0000a82a    00000026                               : List.oem4f (.text:List_remove)
                  0000a850    00000026     MPU9250.obj (.text:MPU9250_write_byte)
                  0000a876    00000026     freertos_builds_MSP_EXP432P401R_release_ccs.lib : pthread.obj (.text:_pthread_cleanup_pop)
                  0000a89c    00000026     GPS.obj (.text:gpsisdigit)
                  0000a8c2    00000026     freertos_builds_MSP_EXP432P401R_release_ccs.lib : queue.obj (.text:prvIsQueueFull)
                  0000a8e8    00000024     time_dev.obj (.text:delay)
                  0000a90c    00000024     freertos_builds_MSP_EXP432P401R_release_ccs.lib : queue.obj (.text:prvGetDisinheritPriorityAfterTimeout)
                  0000a930    00000024                                                     : queue.obj (.text:vQueueDelete)
                  0000a954    00000024                                                     : tasks.obj (.text:vTaskInternalSetTimeOutState)
                  0000a978    00000022                                                     : SemaphoreP_freertos.obj (.text:SemaphoreP_post)
                  0000a99a    00000022                                                     : pthread.obj (.text:pthread_attr_setdetachstate)
                  0000a9bc    00000020     msp432p4xx_driverlib.lib : cs.o (.text:CS_setExternalClockSourceFrequency)
                  0000a9dc    00000020     freertos_builds_MSP_EXP432P401R_release_ccs.lib : HwiPMSP432_freertos.obj (.text:HwiP_restore)
                  0000a9fc    00000020     drivers_msp432p401x.aem4f : PowerMSP432.oem4f (.text:Power_unregisterNotify)
                  0000aa1c    00000020     UARTDEBUG.obj (.text:PrintString)
                  0000aa3c    00000020     drivers_msp432p401x.aem4f : RingBuf.oem4f (.text:RingBuf_peek)
                  0000aa5c    00000020     freertos_builds_MSP_EXP432P401R_release_ccs.lib : queue.obj (.text:prvIsQueueEmpty)
                  0000aa7c    00000020     rtsv7M4_T_le_v4SPD16_eabi.lib : u_tofd_t2.asm.obj (.text)
                  0000aa9c    00000020     uart_dev.obj (.text:uart_dev_get_char)
                  0000aabc    00000020     uart_dev.obj (.text:uart_dev_print_char)
                  0000aadc    0000001e     freertos_builds_MSP_EXP432P401R_release_ccs.lib : ClockP_freertos.obj (.text:ClockP_start)
                  0000aafa    0000001e                                                     : HwiPMSP432_freertos.obj (.text:HwiP_Params_init)
                  0000ab18    0000001e                                                     : pthread.obj (.text:_pthread_runStub)
                  0000ab36    0000001c     BME280.obj (.text:BME280_read_uint8)
                  0000ab52    0000001c     freertos_builds_MSP_EXP432P401R_release_ccs.lib : ClockP_freertos.obj (.text:ClockP_Params_init)
                  0000ab6e    00000002     --HOLE-- [fill = 0]
                  0000ab70    0000001c     msp432p4xx_driverlib.lib : interrupt.o (.text:Interrupt_unregisterInterrupt)
                  0000ab8c    0000001c     freertos_builds_MSP_EXP432P401R_release_ccs.lib : pthread.obj (.text:pthread_attr_init)
                  0000aba8    0000001c                                                     : tasks.obj (.text:pvTaskIncrementMutexHeldCount)
                  0000abc4    0000001a     BME280.obj (.text:BME280_calibrating)
                  0000abde    0000001a     freertos_builds_MSP_EXP432P401R_release_ccs.lib : PTLS.obj (.text:PTLS_taskDeleteHook)
                  0000abf8    0000001a     rtsv7M4_T_le_v4SPD16_eabi.lib : s_copysign.c.obj (.text:copysign)
                  0000ac12    0000001a     freertos_builds_MSP_EXP432P401R_release_ccs.lib : timers.obj (.text:prvTimerTask)
                  0000ac2c    00000018     drivers_msp432p401x.aem4f : I2C.oem4f (.text:I2C_transfer)
                  0000ac44    00000018     msp432p4xx_driverlib.lib : sysctl_a.o (.text:SysCtl_A_disableNMISource)
                  0000ac5c    00000018                              : sysctl_a.o (.text:SysCtl_A_enableNMISource)
                  0000ac74    00000018     drivers_msp432p401x.aem4f : UART.oem4f (.text:UART_Params_init)
                  0000ac8c    00000018     rtsv7M4_T_le_v4SPD16_eabi.lib : ll_mul_t2.asm.obj (.text)
                  0000aca4    00000018     time_dev.obj (.text:timer_dev_callback)
                  0000acbc    00000016     BME280.obj (.text:BME280_get_mode)
                  0000acd2    00000016     freertos_builds_MSP_EXP432P401R_release_ccs.lib : ClockP_freertos.obj (.text:ClockP_setTimeout)
                  0000ace8    00000016                                                     : PTLS.obj (.text:PTLS_getBuf)
                  0000acfe    00000016                                                     : PTLS.obj (.text:PTLS_setBuf)
                  0000ad14    00000016                                                     : SemaphoreP_freertos.obj (.text:SemaphoreP_Params_init)
                  0000ad2a    00000014     MPU9250.obj (.text:AK8963_who)
                  0000ad3e    00000014     MPU9250.obj (.text:MPU9250_who)
                  0000ad52    00000002     --HOLE-- [fill = 0]
                  0000ad54    00000014     drivers_msp432p401x.aem4f : PowerMSP432.oem4f (.text:Power_idleFunc)
                  0000ad68    00000014                               : UARTMSP432.oem4f (.text:clearTXCPTIFG)
                  0000ad7c    00000014     freertos_builds_MSP_EXP432P401R_release_ccs.lib : tasks.obj (.text:prvDeleteTCB)
                  0000ad90    00000014                                                     : pthread.obj (.text:pthread_attr_setstacksize)
                  0000ada4    00000014                                                     : pthread.obj (.text:pthread_self)
                  0000adb8    00000014                                                     : startup_msp432_ccs.obj (.text:resetISR)
                  0000adcc    00000014                                                     : tasks.obj (.text:xTaskGetCurrentTaskHandle)
                  0000ade0    00000014                                                     : tasks.obj (.text:xTaskGetTickCount)
                  0000adf4    00000012                                                     : HwiPMSP432_freertos.obj (.text:HwiP_delete)
                  0000ae06    00000012     drivers_msp432p401x.aem4f : RingBuf.oem4f (.text:RingBuf_construct)
                  0000ae18    00000012     UARTDEBUG.obj (.text:UARTDEBUG_init)
                  0000ae2a    00000002     --HOLE-- [fill = 0]
                  0000ae2c    00000010     drivers_msp432p401x.aem4f : I2C.oem4f (.text:I2C_Params_init)
                  0000ae3c    00000010                               : PowerMSP432.oem4f (.text:PowerMSP432_getNumPerfLevels)
                  0000ae4c    00000010     msp432p4xx_driverlib.lib : sysctl_a.o (.text:SysCtl_A_getNMISourceStatus)
                  0000ae5c    00000010                              : sysctl.o (.text:SysCtl_getNMISourceStatus)
                  0000ae6c    00000010     drivers_msp432p401x.aem4f : Timer.oem4f (.text:Timer_Params_init)
                  0000ae7c    00000010                               : UARTMSP432.oem4f (.text:readBlockingTimeout)
                  0000ae8c    00000010     freertos_builds_MSP_EXP432P401R_release_ccs.lib : list.obj (.text:vListInitialiseItem)
                  0000ae9c    00000010                                                     : tasks.obj (.text:vTaskSuspendAll)
                  0000aeac    0000000e     rtsv7M4_T_le_v4SPD16_eabi.lib : copy_decompress_none.c.obj (.text:decompress:none:__TI_decompress_none)
                  0000aeba    0000000c     ti_drivers_config.obj (.text:Board_init)
                  0000aec6    0000000c     msp432p4xx_driverlib.lib : cpu.o (.text:CPU_cpsid)
                  0000aed2    0000000c                              : cpu.o (.text:CPU_cpsie)
                  0000aede    00000002     --HOLE-- [fill = 0]
                  0000aee0    0000000c     drivers_msp432p401x.aem4f : PowerMSP432.oem4f (.text:Power_getConstraintMask)
                  0000aeec    0000000c                               : PowerMSP432.oem4f (.text:Power_getPerformanceLevel)
                  0000aef8    0000000c     freertos_builds_MSP_EXP432P401R_release_ccs.lib : SemaphoreP_freertos.obj (.text:SemaphoreP_delete)
                  0000af04    0000000c     rtsv7M4_T_le_v4SPD16_eabi.lib : copy_zero_init.c.obj (.text:decompress:ZI:__TI_zero_init)
                  0000af10    0000000c     time_dev.obj (.text:millis)
                  0000af1c    0000000c     freertos_builds_MSP_EXP432P401R_release_ccs.lib : tasks.obj (.text:vTaskMissedYield)
                  0000af28    0000000a     BME280.obj (.text:BME280_who)
                  0000af32    0000000a     freertos_builds_MSP_EXP432P401R_release_ccs.lib : PowerMSP432_freertos.obj (.text:PowerMSP432_updateFreqs)
                  0000af3c    0000000a     drivers_msp432p401x.aem4f : Timer.oem4f (.text:Timer_start)
                  0000af46    0000000a                               : UART.oem4f (.text:UART_read)
                  0000af50    0000000a                               : UART.oem4f (.text:UART_write)
                  0000af5a    0000000a     main.obj (.text:vApplicationStackOverflowHook)
                  0000af64    0000000a     freertos_builds_MSP_EXP432P401R_release_ccs.lib : PowerMSP432_freertos.obj (.text:vPortSuppressTicksAndSleep)
                  0000af6e    00000008     drivers_msp432p401x.aem4f : I2CMSP432.oem4f (.text:blockingTransferCallback)
                  0000af76    00000008                               : UARTMSP432.oem4f (.text:readSemCallback)
                  0000af7e    00000008                               : UARTMSP432.oem4f (.text:txcptEnabledStatus)
                  0000af86    00000008                               : UARTMSP432.oem4f (.text:writeSemCallback)
                  0000af8e    00000006                               : I2CMSP432.oem4f (.text:I2CMSP432_control)
                  0000af94    00000006                               : TimerMSP432.oem4f (.text:TimerMSP432_control)
                  0000af9a    00000004     rtsv7M4_T_le_v4SPD16_eabi.lib : pre_init.c.obj (.text:_system_pre_init)
                  0000af9e    00000004                                   : exit.c.obj (.text:abort:abort)

.const     0    0000afa8    000004d2     
                  0000afa8    00000101     rtsv7M4_T_le_v4SPD16_eabi.lib : ctype.c.obj (.const:.string:_ctypes_)
                  0000b0a9    00000003     ti_drivers_config.obj (.const)
                  0000b0ac    00000080     ti_drivers_config.obj (.const:uartMSP432Baudrates)
                  0000b12c    00000058     ti_drivers_config.obj (.const:uartMSP432HWAttrs)
                  0000b184    00000050     msp432p4xx_driverlib.lib : interrupt.o (.const:g_pulRegs)
                  0000b1d4    00000050     drivers_msp432p401x.aem4f : TimerMSP432.oem4f (.const:timerADividers)
                  0000b224    00000038     ti_drivers_config.obj (.const:PowerMSP432_config)
                  0000b25c    00000034     rtsv7M4_T_le_v4SPD16_eabi.lib : s_atanf.c.obj (.const:$O1$$)
                  0000b290    00000030                                   : e_pow.c.obj (.const:$O1$$)
                  0000b2c0    00000028     drivers_msp432p401x.aem4f : UARTMSP432.oem4f (.const:UARTMSP432_fxnTable)
                  0000b2e8    00000024                               : UART.oem4f (.const:UART_defaultParams)
                  0000b30c    00000020                               : TimerMSP432.oem4f (.const:TimerMSP432_Timer32_fxnTable)
                  0000b32c    00000004     freertos_builds_MSP_EXP432P401R_release_ccs.lib : pthread.obj (.const)
                  0000b330    00000020     rtsv7M4_T_le_v4SPD16_eabi.lib : e_asinf.c.obj (.const)
                  0000b350    00000020     drivers_msp432p401x.aem4f : UARTMSP432.oem4f (.const:staticFxnTable)
                  0000b370    0000001c     i2c_dev.obj (.const:$P$T0$1)
                  0000b38c    0000001c     i2c_dev.obj (.const:$P$T1$2)
                  0000b3a8    00000018     drivers_msp432p401x.aem4f : I2CMSP432.oem4f (.const:I2CMSP432_fxnTable)
                  0000b3c0    00000018     ti_drivers_config.obj (.const:UART_config)
                  0000b3d8    00000014     ti_drivers_config.obj (.const:i2cMSP432HWAttrs)
                  0000b3ec    00000010     drivers_msp432p401x.aem4f : I2C.oem4f (.const:I2C_defaultParams)
                  0000b3fc    00000010     ti_drivers_config.obj (.const:TimerMSP432HWAttrs)
                  0000b40c    0000000c     ti_drivers_config.obj (.const:I2C_config)
                  0000b418    0000000c     ti_drivers_config.obj (.const:Timer_config)
                  0000b424    0000000c     drivers_msp432p401x.aem4f : I2CMSP432.oem4f (.const:bitRates)
                  0000b430    0000000c                               : Timer.oem4f (.const:defaultParams)
                  0000b43c    0000000c                               : TimerMSP432.oem4f (.const:timer32Dividers)
                  0000b448    00000008     freertos_builds_MSP_EXP432P401R_release_ccs.lib : port.obj (.const)
                  0000b450    00000008     msp432p4xx_driverlib.lib : interrupt.o (.const:g_pulDisRegs)
                  0000b458    00000008                              : interrupt.o (.const:g_pulEnRegs)
                  0000b460    00000006     MPU9250.obj (.const:$P$T0$1)
                  0000b466    00000006     MPU9250.obj (.const:$P$T1$2)
                  0000b46c    00000005     drivers_msp432p401x.aem4f : UARTMSP432.oem4f (.const:.string:parityTypes)
                  0000b471    00000001     --HOLE-- [fill = 0]
                  0000b472    00000004                               : UARTMSP432.oem4f (.const:stopBits)
                  0000b476    00000002     --HOLE-- [fill = 0]
                  0000b478    00000002     freertos_builds_MSP_EXP432P401R_release_ccs.lib : pthread.obj (.const:.string)

.cinit     0    0000b480    000000d0     
                  0000b480    00000097     (.cinit..data.load) [load image, compression = lzss]
                  0000b517    00000001     --HOLE-- [fill = 0]
                  0000b518    0000000c     (__TI_handler_table)
                  0000b524    00000004     --HOLE-- [fill = 0]
                  0000b528    00000008     (.cinit..bss.load) [load image, compression = zero_init]
                  0000b530    00000008     (.cinit..vtable.load) [load image, compression = zero_init]
                  0000b538    00000018     (__TI_cinit_table)

.init_array 
*          0    00000000    00000000     UNINITIALIZED

.intvecs   0    00000000    00000144     
                  00000000    00000144     freertos_builds_MSP_EXP432P401R_release_ccs.lib : startup_msp432_ccs.obj (.intvecs:retain)

.bss       0    20000000    00008431     UNINITIALIZED
                  20000000    00008000     freertos_builds_MSP_EXP432P401R_release_ccs.lib : heap_4.obj (.bss:ucHeap)
                  20008000    00000100     (.common:uartMSP432Objects)
                  20008100    000000c8                                                     : tasks.obj (.bss:pxReadyTasksLists)
                  200081c8    00000050     (.common:i2cMSP432Objects)
                  20008218    00000034     (.common:timerMSP432Objects)
                  2000824c    00000028     BME280.obj (.bss)
                  20008274    00000020     ti_drivers_config.obj (.bss:uartMSP432RingBuffer0)
                  20008294    00000020     ti_drivers_config.obj (.bss:uartMSP432RingBuffer1)
                  200082b4    00000014     freertos_builds_MSP_EXP432P401R_release_ccs.lib : timers.obj (.bss:xActiveTimerList1)
                  200082c8    00000014                                                     : timers.obj (.bss:xActiveTimerList2)
                  200082dc    00000014                                                     : tasks.obj (.bss:xDelayedTaskList1)
                  200082f0    00000014                                                     : tasks.obj (.bss:xDelayedTaskList2)
                  20008304    00000014                                                     : tasks.obj (.bss:xPendingReadyList)
                  20008318    00000014                                                     : tasks.obj (.bss:xSuspendedTaskList)
                  2000832c    00000014                                                     : tasks.obj (.bss:xTasksWaitingTermination)
                  20008340    00000010     (.common:term)
                  20008350    0000000c     MPU9250.obj (.bss)
                  2000835c    0000000c     MPU9250.obj (.bss:accel_bias)
                  20008368    0000000c     MPU9250.obj (.bss:gyro_bias)
                  20008374    0000000c     MPU9250.obj (.bss:mag_bias)
                  20008380    0000000c     MPU9250.obj (.bss:mag_cal)
                  2000838c    0000000c     MPU9250.obj (.bss:mag_scales)
                  20008398    00000008     freertos_builds_MSP_EXP432P401R_release_ccs.lib : tasks.obj (.bss)
                  200083a0    00000008                                                     : timers.obj (.bss)
                  200083a8    00000008     msp432p4xx_driverlib.lib : cs.o (.bss)
                  200083b0    00000008     freertos_builds_MSP_EXP432P401R_release_ccs.lib : heap_4.obj (.bss:xStart)
                  200083b8    00000008     (.common:UART_handles)
                  200083c0    00000004                                                     : aeabi_portable.obj (.bss:main_reent)
                  200083c4    00000004     drivers_msp432p401x.aem4f : TimerMSP432.oem4f (.bss:timerState)
                  200083c8    00000004     (.common:MPU9250_handle)
                  200083cc    00000004     (.common:altitude)
                  200083d0    00000004     (.common:beta)
                  200083d4    00000004     (.common:course)
                  200083d8    00000004     (.common:date)
                  200083dc    00000004     (.common:hdop)
                  200083e0    00000004     (.common:last_position_fix)
                  200083e4    00000004     (.common:last_time_fix)
                  200083e8    00000004     (.common:latitude)
                  200083ec    00000004     (.common:longitude)
                  200083f0    00000004     (.common:new_altitude)
                  200083f4    00000004     (.common:new_course)
                  200083f8    00000004     (.common:new_date)
                  200083fc    00000004     (.common:new_hdop)
                  20008400    00000004     (.common:new_latitude)
                  20008404    00000004     (.common:new_longitude)
                  20008408    00000004     (.common:new_position_fix)
                  2000840c    00000004     (.common:new_speed)
                  20008410    00000004     (.common:new_time)
                  20008414    00000004     (.common:new_time_fix)
                  20008418    00000004     (.common:speed)
                  2000841c    00000004     (.common:time_gps)
                  20008420    00000004     (.common:timer)
                  20008424    00000002     (.common:new_numsats)
                  20008426    00000002     (.common:numsats)
                  20008428    00000001     (.common:accel_res)
                  20008429    00000001     (.common:gps_data_good)
                  2000842a    00000001     (.common:gyro_res)
                  2000842b    00000001     (.common:is_checksum_term)
                  2000842c    00000001     (.common:mag_res)
                  2000842d    00000001     (.common:parity)
                  2000842e    00000001     (.common:sentence_type)
                  2000842f    00000001     (.common:term_number)
                  20008430    00000001     (.common:term_offset)

.data      0    20008434    00000a2e     UNINITIALIZED
                  20008434    00000800     freertos_builds_MSP_EXP432P401R_release_ccs.lib : HwiPMSP432_freertos.obj (.data:HwiP_dispatchTable)
                  20008c34    00000140     drivers_msp432p401x.aem4f : PowerMSP432.oem4f (.data:PowerMSP432_perfLevels)
                  20008d74    00000034     freertos_builds_MSP_EXP432P401R_release_ccs.lib : tasks.obj (.data)
                  20008da8    0000002c     drivers_msp432p401x.aem4f : PowerMSP432.oem4f (.data:PowerMSP432_module)
                  20008dd4    00000018     freertos_builds_MSP_EXP432P401R_release_ccs.lib : heap_4.obj (.data)
                  20008dec    00000018                                                     : port.obj (.data)
                  20008e04    00000018     drivers_msp432p401x.aem4f : TimerMSP432.oem4f (.data:upConfig)
                  20008e1c    00000014     freertos_builds_MSP_EXP432P401R_release_ccs.lib : pthread.obj (.data:defaultPthreadAttrs)
                  20008e30    00000010     madgwick.obj (.data:q)
                  20008e40    0000000c     freertos_builds_MSP_EXP432P401R_release_ccs.lib : timers.obj (.data)
                  20008e4c    00000004     BME280.obj (.data)
                  20008e50    00000004     freertos_builds_MSP_EXP432P401R_release_ccs.lib : ClockP_freertos.obj (.data)
                  20008e54    00000004                                                     : HwiPMSP432_freertos.obj (.data)
                  20008e58    00000004     time_dev.obj (.data)
                  20008e5c    00000002     uart_dev.obj (.data:uart_open)
                  20008e5e    00000001     drivers_msp432p401x.aem4f : I2C.oem4f (.data)
                  20008e5f    00000001                               : Timer.oem4f (.data)
                  20008e60    00000001                               : UART.oem4f (.data)
                  20008e61    00000001     i2c_dev.obj (.data)

.vtable    0    20009000    000000e8     UNINITIALIZED
                  20009000    000000e8     msp432p4xx_driverlib.lib : interrupt.o (.vtable)

.stack     0    2000fc00    00000400     UNINITIALIZED
                  2000fc00    00000004     rtsv7M4_T_le_v4SPD16_eabi.lib : boot_cortex_m.c.obj (.stack)
                  2000fc04    000003fc     --HOLE--

.binit     0    00000000    00000000     

MODULE SUMMARY

       Module                       code    ro data   rw data
       ------                       ----    -------   -------
    .\
       madgwick.obj                 3660    0         40     
       MPU9250.obj                  2374    12        150    
       BME280.obj                   1922    0         88     
       GPS.obj                      1736    0         212    
       UARTDEBUG.obj                768     0         0      
       hal_main.obj                 380     0         0      
       main.obj                     112     0         0      
    +--+----------------------------+-------+---------+---------+
       Total:                       10952   12        490    
                                                             
    .\peripheral\
       i2c_dev.obj                  280     56        10     
       uart_dev.obj                 192     0         20     
       time_dev.obj                 160     0         16     
    +--+----------------------------+-------+---------+---------+
       Total:                       632     56        46     
                                                             
    .\syscfg\
       ti_drivers_config.obj        14      359       904    
    +--+----------------------------+-------+---------+---------+
       Total:                       14      359       904    
                                                             
    C:/Users/amartinezacosta/workspace_v9/freertos_builds_MSP_EXP432P401R_release_ccs/Debug/freertos_builds_MSP_EXP432P401R_release_ccs.lib
       heap_4.obj                   912     0         65600  
       tasks.obj                    4388    0         720    
       HwiPMSP432_freertos.obj      332     0         4104   
       queue.obj                    3108    0         0      
       timers.obj                   1562    0         120    
       pthread.obj                  798     6         40     
       port.obj                     764     8         48     
       ClockP_freertos.obj          598     0         8      
       startup_msp432_ccs.obj       26      324       0      
       list.obj                     298     0         0      
       portasm.obj                  218     0         0      
       SemaphoreP_freertos.obj      206     0         0      
       PowerMSP432_freertos.obj     80      0         0      
       aeabi_portable.obj           64      0         8      
       PTLS.obj                     70      0         0      
       sleep.obj                    60      0         0      
    +--+----------------------------+-------+---------+---------+
       Total:                       13484   338       70648  
                                                             
    C:/ti/simplelink_msp432p4_sdk_3_40_01_02/source/ti/devices/msp432p4xx/driverlib/ccs/msp432p4xx_driverlib.lib
       cs.o                         1522    0         16     
       interrupt.o                  462     96        464    
       uart.o                       284     0         0      
       sysctl_a.o                   212     0         0      
       i2c.o                        108     0         0      
       cpu.o                        24      0         0      
       sysctl.o                     16      0         0      
    +--+----------------------------+-------+---------+---------+
       Total:                       2628    96        480    
                                                             
    C:/ti/simplelink_msp432p4_sdk_3_40_01_02/source/ti/drivers/lib/drivers_msp432p401x.aem4f
       UARTMSP432.oem4f             3406    81        0      
       PowerMSP432.oem4f            2196    0         728    
       I2CMSP432.oem4f              2028    36        0      
       TimerMSP432.oem4f            1806    124       56     
       UART.oem4f                   176     36        2      
       I2C.oem4f                    172     16        2      
       RingBuf.oem4f                184     0         0      
       Timer.oem4f                  158     12        2      
       List.oem4f                   76      0         0      
    +--+----------------------------+-------+---------+---------+
       Total:                       10202   305       790    
                                                             
    C:\ti\ccs930\ccs\tools\compiler\ti-cgt-arm_18.12.4.LTS\lib\rtsv7M4_T_le_v4SPD16_eabi.lib
       e_pow.c.obj                  2496    48        0      
       fd_add_t2.asm.obj            438     0         0      
       e_asinf.c.obj                368     32        0      
       s_atanf.c.obj                336     52        0      
       e_atan2f.c.obj               344     0         0      
       e_sqrt.c.obj                 344     0         0      
       fd_div_t2.asm.obj            310     0         0      
       s_scalbn.c.obj               272     0         0      
       fd_cmp_t2.asm.obj            268     0         0      
       ctype.c.obj                  0       257       0      
       fd_mul_t2.asm.obj            252     0         0      
       memcpy_t2.asm.obj            156     0         0      
       ull_div_t2.asm.obj           150     0         0      
       memset_t2.asm.obj            122     0         0      
       fd_tos_t2.asm.obj            110     0         0      
       ll_div_t2.asm.obj            110     0         0      
       copy_decompress_lzss.c.obj   104     0         0      
       atoi.c.obj                   76      0         0      
       ll_tofs_t2.asm.obj           72      0         0      
       autoinit.c.obj               68      0         0      
       fs_tod_t2.asm.obj            56      0         0      
       boot_cortex_m.c.obj          52      0         0      
       i_tofd_t2.asm.obj            46      0         0      
       e_sqrtf.c.obj                40      0         0      
       u_tofd_t2.asm.obj            32      0         0      
       s_copysign.c.obj             26      0         0      
       ll_mul_t2.asm.obj            24      0         0      
       copy_decompress_none.c.obj   14      0         0      
       copy_zero_init.c.obj         12      0         0      
       exit.c.obj                   4       0         0      
       pre_init.c.obj               4       0         0      
       div0.asm.obj                 2       0         0      
    +--+----------------------------+-------+---------+---------+
       Total:                       6708    389       0      
                                                             
       Stack:                       0       0         2048   
       Linker Generated:            0       203       0      
    +--+----------------------------+-------+---------+---------+
       Grand Total:                 44620   1758      75406  


LINKER GENERATED COPY TABLES

__TI_cinit_table @ 0000b538 records: 3, size/record: 8, table size: 24
	.data: load addr=0000b480, load size=00000097 bytes, run addr=20008434, run size=00000a2e bytes, compression=lzss
	.bss: load addr=0000b528, load size=00000008 bytes, run addr=20000000, run size=00008431 bytes, compression=zero_init
	.vtable: load addr=0000b530, load size=00000008 bytes, run addr=20009000, run size=000000e8 bytes, compression=zero_init


LINKER GENERATED HANDLER TABLE

__TI_handler_table @ 0000b518 records: 3, size/record: 4, table size: 12
	index: 0, handler: __TI_decompress_lzss
	index: 1, handler: __TI_decompress_none
	index: 2, handler: __TI_zero_init


GLOBAL SYMBOLS: SORTED ALPHABETICALLY BY Name 

address   name                               
-------   ----                               
00002215  AK8963_calibrate_magnetometer      
00004cf5  AK8963_init                        
000052dd  AK8963_magnetometer                
000097f5  AK8963_raw_magnetometer            
0000ad2b  AK8963_who                         
0000a7b9  AK8963_write_byte                  
0000812d  BME280_altitude                    
0000abc5  BME280_calibrating                 
00004459  BME280_coefficients                
0000a06f  BME280_filter                      
0000acbd  BME280_get_mode                    
00009593  BME280_humid_sampling              
00008d09  BME280_init                        
0000a231  BME280_mode                        
0000246d  BME280_pressure                    
000094a9  BME280_pressure_sampling           
0000a549  BME280_read_int16                  
0000a575  BME280_read_uint16                 
0000ab37  BME280_read_uint8                  
0000a0a7  BME280_standby                     
00006015  BME280_temperature                 
000094f7  BME280_temperature_sampling        
0000af29  BME280_who                         
0000a7df  BME280_write_uint8                 
0000aebb  Board_init                         
0000317b  Board_initHook                     
0000af9f  C$$EXIT                            
0000aec7  CPU_cpsid                          
0000aed3  CPU_cpsie                          
0000a36d  CS_clearInterruptFlag              
000050ed  CS_getDCOFrequency                 
0000a651  CS_getMCLK                         
0000a9bd  CS_setExternalClockSourceFrequency 
0000569d  CS_startHFXTWithTimeout            
00005781  CS_startLFXTWithTimeout            
0000ab53  ClockP_Params_init                 
00009e51  ClockP_callbackFxn                 
000071f9  ClockP_create                      
00009269  ClockP_delete                      
0000acd3  ClockP_setTimeout                  
0000aadd  ClockP_start                       
00008b79  ClockP_stop                        
000055b1  GPS_encode                         
00005f41  GPS_init                           
00009841  GPS_read                           
0000aafb  HwiP_Params_init                   
00008d69  HwiP_create                        
0000adf5  HwiP_delete                        
0000a5a1  HwiP_disable                       
00009889  HwiP_dispatch                      
20008434  HwiP_dispatchTable                 
0000a679  HwiP_inISR                         
0000a9dd  HwiP_restore                       
00006d5f  I2CMSP432_cancel                   
00008579  I2CMSP432_close                    
0000af8f  I2CMSP432_control                  
0000b3a8  I2CMSP432_fxnTable                 
00002ff7  I2CMSP432_hwiIntFxn                
00004aeb  I2CMSP432_init                     
000028bd  I2CMSP432_open                     
000053d1  I2CMSP432_transfer                 
0000ae2d  I2C_Params_init                    
0000b40c  I2C_config                         
0000b0a9  I2C_count                          
0000b3ec  I2C_defaultParams                  
000099f1  I2C_init                           
00008909  I2C_masterSendMultiByteFinish      
00009c51  I2C_open                           
0000ac2d  I2C_transfer                       
00007f2d  Interrupt_disableInterrupt         
00007fad  Interrupt_enableInterrupt          
00008ee9  Interrupt_registerInterrupt        
000092bd  Interrupt_setPriority              
0000ab71  Interrupt_unregisterInterrupt      
0000a805  List_put                           
0000a82b  List_remove                        
00007339  MPU9250_accelerometer              
00007a5d  MPU9250_accelerometer_range        
0000640d  MPU9250_calibrate_accelerometer    
000085f1  MPU9250_calibrate_gyroscope        
000051e5  MPU9250_gyroscope                  
200083c8  MPU9250_handle                     
00008dc9  MPU9250_init                       
00009b89  MPU9250_raw_accelerometer          
00009bcb  MPU9250_raw_gyroscope              
0000ad3f  MPU9250_who                        
0000a851  MPU9250_write_byte                 
000093b9  Madgwick_init                      
000026bd  Madgwick_quaternion_angles         
00000145  Madgwick_quaternion_update         
0000ace9  PTLS_getBuf                        
0000acff  PTLS_setBuf                        
0000abdf  PTLS_taskDeleteHook                
0000b224  PowerMSP432_config                 
00008975  PowerMSP432_getFreqs               
0000ae3d  PowerMSP432_getNumPerfLevels       
0000627f  PowerMSP432_initPolicy             
20008da8  PowerMSP432_module                 
20008c34  PowerMSP432_perfLevels             
0000a035  PowerMSP432_sleepPolicy            
0000af33  PowerMSP432_updateFreqs            
0000aee1  Power_getConstraintMask            
0000aeed  Power_getPerformanceLevel          
0000ad55  Power_idleFunc                     
000073d5  Power_init                         
0000a6a1  Power_registerNotify               
000098d1  Power_releaseConstraint            
0000a0e1  Power_setConstraint                
00001701  Power_sleep                        
0000a9fd  Power_unregisterNotify             
0000376d  PrintFloat                         
00007c05  PrintInteger                       
0000aa1d  PrintString                        
0000ae07  RingBuf_construct                  
00009c91  RingBuf_get                        
0000aa3d  RingBuf_peek                       
000099a9  RingBuf_put                        
0000ad15  SemaphoreP_Params_init             
000091bd  SemaphoreP_create                  
0000aef9  SemaphoreP_delete                  
0000a29d  SemaphoreP_pend                    
0000a979  SemaphoreP_post                    
0000ac45  SysCtl_A_disableNMISource          
0000ac5d  SysCtl_A_enableNMISource           
0000ae4d  SysCtl_A_getNMISourceStatus        
00007811  SysCtl_A_getTLVInfo                
0000ae5d  SysCtl_getNMISourceStatus          
0000b3fc  TimerMSP432HWAttrs                 
0000b30c  TimerMSP432_Timer32_fxnTable       
00008411  TimerMSP432_allocateTimerResource  
00009545  TimerMSP432_close                  
0000af95  TimerMSP432_control                
00009311  TimerMSP432_freeTimerResource      
0000a119  TimerMSP432_getCount               
0000658b  TimerMSP432_init                   
00003e35  TimerMSP432_open                   
0000658d  TimerMSP432_setPeriod              
00006281  TimerMSP432_start                  
00007aed  TimerMSP432_stop                   
0000ae6d  Timer_Params_init                  
0000b418  Timer_config                       
0000b0aa  Timer_count                        
00009a35  Timer_init                         
00009cd1  Timer_open                         
0000af3d  Timer_start                        
0000ae19  UARTDEBUG_init                     
00005861  UARTDEBUG_printf                   
00007939  UARTMSP432_close                   
000069e9  UARTMSP432_control                 
0000b2c0  UARTMSP432_fxnTable                
000061b5  UARTMSP432_hwiIntFxn               
00006eb3  UARTMSP432_init                    
000019f9  UARTMSP432_open                    
00009d11  UARTMSP432_read                    
0000a267  UARTMSP432_readCancel              
00005a21  UARTMSP432_readPolling             
00006e0b  UARTMSP432_write                   
0000874d  UARTMSP432_writeCancel             
00006a9d  UARTMSP432_writePolling            
0000ac75  UART_Params_init                   
0000b3c0  UART_config                        
0000b0ab  UART_count                         
0000b2e8  UART_defaultParams                 
200083b8  UART_handles                       
00009a79  UART_init                          
0000457d  UART_initModule                    
00009d51  UART_open                          
0000af47  UART_read                          
0000af51  UART_write                         
4000480c  WDTCTL_SYM                         
20010000  __STACK_END                        
00000400  __STACK_SIZE                       
0000b538  __TI_CINIT_Base                    
0000b550  __TI_CINIT_Limit                   
0000b518  __TI_Handler_Table_Base            
0000b524  __TI_Handler_Table_Limit           
00009abd  __TI_auto_init_nobinit_nopinit     
000089dd  __TI_decompress_lzss               
0000aead  __TI_decompress_none               
ffffffff  __TI_pprof_out_hndl                
ffffffff  __TI_prof_data_size                
ffffffff  __TI_prof_data_start               
0000b480  __TI_static_base__                 
0000af05  __TI_zero_init                     
00007d19  __aeabi_cdcmpeq                    
00007d19  __aeabi_cdcmple                    
00007d9f  __aeabi_cdrcmple                   
0000882d  __aeabi_d2f                        
00002e4b  __aeabi_dadd                       
000041f9  __aeabi_ddiv                       
00004ef5  __aeabi_dmul                       
00002e41  __aeabi_dsub                       
00009d91  __aeabi_errno_addr                 
0000a1f9  __aeabi_f2d                        
0000a51b  __aeabi_i2d                        
000085ef  __aeabi_idiv0                      
00009919  __aeabi_l2f                        
000085ef  __aeabi_ldiv0                      
0000889b  __aeabi_ldivmod                    
0000ac8d  __aeabi_lmul                       
0000831b  __aeabi_memclr                     
0000831b  __aeabi_memclr4                    
0000831b  __aeabi_memclr8                    
0000750d  __aeabi_memcpy                     
0000750d  __aeabi_memcpy4                    
0000750d  __aeabi_memcpy8                    
0000831d  __aeabi_memset                     
0000831d  __aeabi_memset4                    
0000831d  __aeabi_memset8                    
0000aa7d  __aeabi_ui2d                       
00007779  __aeabi_uldivmod                   
ffffffff  __binit__                          
ffffffff  __c_args__                         
UNDEFED   __mpu_init                         
2000fc00  __stack                            
0000a2d1  _c_int00_noargs                    
0000afa8  _ctypes_                           
0000a877  _pthread_cleanup_pop               
UNDEFED   _system_post_cinit                 
0000af9b  _system_pre_init                   
0000af9f  abort                              
20008428  accel_res                          
200083cc  altitude                           
000035fd  asinf                              
00003a35  atan2f                             
00003ce5  atanf                              
000095e1  atoi                               
200083d0  beta                               
ffffffff  binit                              
0000abf9  copysign                           
0000abf9  copysignl                          
200083d4  course                             
200083d8  date                               
0000a8e9  delay                              
00009c0d  from_hex                           
20009000  g_pfnRAMVectors                    
20008429  gps_data_good                      
0000a39d  gpsatol                            
0000a89d  gpsisdigit                         
0000a3cd  gpsstrcmp                          
2000842a  gyro_res                           
200083dc  hdop                               
0000b3d8  i2cMSP432HWAttrs                   
200081c8  i2cMSP432Objects                   
00008225  i2c_dev_init                       
00009459  i2c_dev_read                       
0000962d  i2c_dev_write                      
20008e61  i2c_initialized                    
00000000  interruptVectors                   
2000842b  is_checksum_term                   
200083e0  last_position_fix                  
200083e4  last_time_fix                      
200083e8  latitude                           
000048d1  ldexp                              
000048d1  ldexpl                             
200083ec  longitude                          
2000842c  mag_res                            
00008bdd  main                               
00003481  mainThread                         
0000750d  memcpy                             
00008323  memset                             
0000af11  millis                             
200083f0  new_altitude                       
200083f4  new_course                         
200083f8  new_date                           
200083fc  new_hdop                           
20008400  new_latitude                       
20008404  new_longitude                      
20008424  new_numsats                        
20008408  new_position_fix                   
2000840c  new_speed                          
20008410  new_time                           
20008414  new_time_fix                       
20008426  numsats                            
2000842d  parity                             
00007471  parse_decimal                      
000076e1  parse_degrees                      
00000d41  pow                                
00000d41  powl                               
0000ab8d  pthread_attr_init                  
0000a99b  pthread_attr_setdetachstate        
0000a741  pthread_attr_setschedparam         
0000ad91  pthread_attr_setstacksize          
000040c1  pthread_create                     
00008fa1  pthread_exit                       
0000ada5  pthread_self                       
00009e8f  pthread_setcancelstate             
0000317d  pvPortMalloc                       
00009f45  pvTaskGetThreadLocalStoragePointer 
0000aba9  pvTaskIncrementMutexHeldCount      
0000a4ed  pvTimerGetTimerID                  
20008d74  pxCurrentTCB                       
00008e29  pxPortInitialiseStack              
20008e30  q                                  
0000adb9  resetISR                           
000048d1  scalbn                             
000048d1  scalbnl                            
2000842e  sentence_type                      
20008418  speed                              
00003b8d  sqrt                               
0000a769  sqrtf                              
00003b8d  sqrtl                              
20008340  term                               
00001cc9  term_complete                      
2000842f  term_number                        
20008430  term_offset                        
0000910d  time_dev_init                      
2000841c  time_gps                           
20008420  timer                              
20008218  timerMSP432Objects                 
0000aca5  timer_dev_callback                 
20008e58  timer_millis                       
20008000  uartMSP432Objects                  
0000aa9d  uart_dev_get_char                  
000080ad  uart_dev_init                      
0000aabd  uart_dev_print_char                
20008e5c  uart_open                          
0000b448  ulMaxSyscallInterruptPriority      
00005cc5  ulPortGetIPSR                      
00009f81  usleep                             
00009961  uxListRemove                       
00008d07  vApplicationMallocFailedHook       
0000af5b  vApplicationStackOverflowHook      
0000a45d  vListInitialise                    
0000ae8d  vListInitialiseItem                
00008b13  vListInsert                        
00009fbd  vListInsertEnd                     
00005d81  vPortEnableVFP                     
0000975d  vPortEnterCritical                 
0000a48d  vPortExitCritical                  
00007005  vPortFree                          
00005d3d  vPortSVCHandler                    
00008501  vPortSetupTimerInterrupt           
00005d5d  vPortStartFirstTask                
0000af65  vPortSuppressTicksAndSleep         
000086d9  vPortValidateInterruptPriority     
0000a931  vQueueDelete                       
00008ffd  vQueueWaitForMessageRestricted     
00009059  vTaskDelay                         
00004df5  vTaskDelete                        
0000a955  vTaskInternalSetTimeOutState       
0000af1d  vTaskMissedYield                   
0000a339  vTaskPlaceOnEventList              
00009e11  vTaskPlaceOnEventListRestricted    
00004bf1  vTaskPriorityDisinheritAfterTimeout
0000a5f9  vTaskSetApplicationTaskTag         
000097a9  vTaskSetThreadLocalStoragePointer  
000078a5  vTaskStartScheduler                
00004ff1  vTaskSuspend                       
0000ae9d  vTaskSuspendAll                    
00005bd9  vTaskSwitchContext                 
00005cdd  xPortPendSVHandler                 
000060e5  xPortStartScheduler                
0000a625  xPortSysTickHandler                
00009165  xQueueCreateCountingSemaphore      
00008e89  xQueueGenericCreate                
00006931  xQueueGenericReset                 
00002c89  xQueueGenericSend                  
000049e1  xQueueGenericSendFromISR           
000054c1  xQueueGiveFromISR                  
00003301  xQueueReceive                      
00005d8f  xQueueReceiveFromISR               
00002ab5  xQueueSemaphoreTake                
00006c01  xTaskCheckForTimeOut               
00008395  xTaskCreate                        
0000a791  xTaskGetApplicationTaskTag         
0000adcd  xTaskGetCurrentTaskHandle          
0000a4bd  xTaskGetSchedulerState             
0000ade1  xTaskGetTickCount                  
00003f81  xTaskIncrementTick                 
00005941  xTaskPriorityDisinherit            
00005e69  xTaskPriorityInherit               
000070ad  xTaskRemoveFromEventList           
000047b5  xTaskResumeAll                     
00009ff9  xTimerCreate                       
00009365  xTimerCreateTimerTask              
00007ea9  xTimerGenericCommand               


GLOBAL SYMBOLS: SORTED BY Symbol Address 

address   name                               
-------   ----                               
00000000  interruptVectors                   
00000145  Madgwick_quaternion_update         
00000400  __STACK_SIZE                       
00000d41  pow                                
00000d41  powl                               
00001701  Power_sleep                        
000019f9  UARTMSP432_open                    
00001cc9  term_complete                      
00002215  AK8963_calibrate_magnetometer      
0000246d  BME280_pressure                    
000026bd  Madgwick_quaternion_angles         
000028bd  I2CMSP432_open                     
00002ab5  xQueueSemaphoreTake                
00002c89  xQueueGenericSend                  
00002e41  __aeabi_dsub                       
00002e4b  __aeabi_dadd                       
00002ff7  I2CMSP432_hwiIntFxn                
0000317b  Board_initHook                     
0000317d  pvPortMalloc                       
00003301  xQueueReceive                      
00003481  mainThread                         
000035fd  asinf                              
0000376d  PrintFloat                         
00003a35  atan2f                             
00003b8d  sqrt                               
00003b8d  sqrtl                              
00003ce5  atanf                              
00003e35  TimerMSP432_open                   
00003f81  xTaskIncrementTick                 
000040c1  pthread_create                     
000041f9  __aeabi_ddiv                       
00004459  BME280_coefficients                
0000457d  UART_initModule                    
000047b5  xTaskResumeAll                     
000048d1  ldexp                              
000048d1  ldexpl                             
000048d1  scalbn                             
000048d1  scalbnl                            
000049e1  xQueueGenericSendFromISR           
00004aeb  I2CMSP432_init                     
00004bf1  vTaskPriorityDisinheritAfterTimeout
00004cf5  AK8963_init                        
00004df5  vTaskDelete                        
00004ef5  __aeabi_dmul                       
00004ff1  vTaskSuspend                       
000050ed  CS_getDCOFrequency                 
000051e5  MPU9250_gyroscope                  
000052dd  AK8963_magnetometer                
000053d1  I2CMSP432_transfer                 
000054c1  xQueueGiveFromISR                  
000055b1  GPS_encode                         
0000569d  CS_startHFXTWithTimeout            
00005781  CS_startLFXTWithTimeout            
00005861  UARTDEBUG_printf                   
00005941  xTaskPriorityDisinherit            
00005a21  UARTMSP432_readPolling             
00005bd9  vTaskSwitchContext                 
00005cc5  ulPortGetIPSR                      
00005cdd  xPortPendSVHandler                 
00005d3d  vPortSVCHandler                    
00005d5d  vPortStartFirstTask                
00005d81  vPortEnableVFP                     
00005d8f  xQueueReceiveFromISR               
00005e69  xTaskPriorityInherit               
00005f41  GPS_init                           
00006015  BME280_temperature                 
000060e5  xPortStartScheduler                
000061b5  UARTMSP432_hwiIntFxn               
0000627f  PowerMSP432_initPolicy             
00006281  TimerMSP432_start                  
0000640d  MPU9250_calibrate_accelerometer    
0000658b  TimerMSP432_init                   
0000658d  TimerMSP432_setPeriod              
00006931  xQueueGenericReset                 
000069e9  UARTMSP432_control                 
00006a9d  UARTMSP432_writePolling            
00006c01  xTaskCheckForTimeOut               
00006d5f  I2CMSP432_cancel                   
00006e0b  UARTMSP432_write                   
00006eb3  UARTMSP432_init                    
00007005  vPortFree                          
000070ad  xTaskRemoveFromEventList           
000071f9  ClockP_create                      
00007339  MPU9250_accelerometer              
000073d5  Power_init                         
00007471  parse_decimal                      
0000750d  __aeabi_memcpy                     
0000750d  __aeabi_memcpy4                    
0000750d  __aeabi_memcpy8                    
0000750d  memcpy                             
000076e1  parse_degrees                      
00007779  __aeabi_uldivmod                   
00007811  SysCtl_A_getTLVInfo                
000078a5  vTaskStartScheduler                
00007939  UARTMSP432_close                   
00007a5d  MPU9250_accelerometer_range        
00007aed  TimerMSP432_stop                   
00007c05  PrintInteger                       
00007d19  __aeabi_cdcmpeq                    
00007d19  __aeabi_cdcmple                    
00007d9f  __aeabi_cdrcmple                   
00007ea9  xTimerGenericCommand               
00007f2d  Interrupt_disableInterrupt         
00007fad  Interrupt_enableInterrupt          
000080ad  uart_dev_init                      
0000812d  BME280_altitude                    
00008225  i2c_dev_init                       
0000831b  __aeabi_memclr                     
0000831b  __aeabi_memclr4                    
0000831b  __aeabi_memclr8                    
0000831d  __aeabi_memset                     
0000831d  __aeabi_memset4                    
0000831d  __aeabi_memset8                    
00008323  memset                             
00008395  xTaskCreate                        
00008411  TimerMSP432_allocateTimerResource  
00008501  vPortSetupTimerInterrupt           
00008579  I2CMSP432_close                    
000085ef  __aeabi_idiv0                      
000085ef  __aeabi_ldiv0                      
000085f1  MPU9250_calibrate_gyroscope        
000086d9  vPortValidateInterruptPriority     
0000874d  UARTMSP432_writeCancel             
0000882d  __aeabi_d2f                        
0000889b  __aeabi_ldivmod                    
00008909  I2C_masterSendMultiByteFinish      
00008975  PowerMSP432_getFreqs               
000089dd  __TI_decompress_lzss               
00008b13  vListInsert                        
00008b79  ClockP_stop                        
00008bdd  main                               
00008d07  vApplicationMallocFailedHook       
00008d09  BME280_init                        
00008d69  HwiP_create                        
00008dc9  MPU9250_init                       
00008e29  pxPortInitialiseStack              
00008e89  xQueueGenericCreate                
00008ee9  Interrupt_registerInterrupt        
00008fa1  pthread_exit                       
00008ffd  vQueueWaitForMessageRestricted     
00009059  vTaskDelay                         
0000910d  time_dev_init                      
00009165  xQueueCreateCountingSemaphore      
000091bd  SemaphoreP_create                  
00009269  ClockP_delete                      
000092bd  Interrupt_setPriority              
00009311  TimerMSP432_freeTimerResource      
00009365  xTimerCreateTimerTask              
000093b9  Madgwick_init                      
00009459  i2c_dev_read                       
000094a9  BME280_pressure_sampling           
000094f7  BME280_temperature_sampling        
00009545  TimerMSP432_close                  
00009593  BME280_humid_sampling              
000095e1  atoi                               
0000962d  i2c_dev_write                      
0000975d  vPortEnterCritical                 
000097a9  vTaskSetThreadLocalStoragePointer  
000097f5  AK8963_raw_magnetometer            
00009841  GPS_read                           
00009889  HwiP_dispatch                      
000098d1  Power_releaseConstraint            
00009919  __aeabi_l2f                        
00009961  uxListRemove                       
000099a9  RingBuf_put                        
000099f1  I2C_init                           
00009a35  Timer_init                         
00009a79  UART_init                          
00009abd  __TI_auto_init_nobinit_nopinit     
00009b89  MPU9250_raw_accelerometer          
00009bcb  MPU9250_raw_gyroscope              
00009c0d  from_hex                           
00009c51  I2C_open                           
00009c91  RingBuf_get                        
00009cd1  Timer_open                         
00009d11  UARTMSP432_read                    
00009d51  UART_open                          
00009d91  __aeabi_errno_addr                 
00009e11  vTaskPlaceOnEventListRestricted    
00009e51  ClockP_callbackFxn                 
00009e8f  pthread_setcancelstate             
00009f45  pvTaskGetThreadLocalStoragePointer 
00009f81  usleep                             
00009fbd  vListInsertEnd                     
00009ff9  xTimerCreate                       
0000a035  PowerMSP432_sleepPolicy            
0000a06f  BME280_filter                      
0000a0a7  BME280_standby                     
0000a0e1  Power_setConstraint                
0000a119  TimerMSP432_getCount               
0000a1f9  __aeabi_f2d                        
0000a231  BME280_mode                        
0000a267  UARTMSP432_readCancel              
0000a29d  SemaphoreP_pend                    
0000a2d1  _c_int00_noargs                    
0000a339  vTaskPlaceOnEventList              
0000a36d  CS_clearInterruptFlag              
0000a39d  gpsatol                            
0000a3cd  gpsstrcmp                          
0000a45d  vListInitialise                    
0000a48d  vPortExitCritical                  
0000a4bd  xTaskGetSchedulerState             
0000a4ed  pvTimerGetTimerID                  
0000a51b  __aeabi_i2d                        
0000a549  BME280_read_int16                  
0000a575  BME280_read_uint16                 
0000a5a1  HwiP_disable                       
0000a5f9  vTaskSetApplicationTaskTag         
0000a625  xPortSysTickHandler                
0000a651  CS_getMCLK                         
0000a679  HwiP_inISR                         
0000a6a1  Power_registerNotify               
0000a741  pthread_attr_setschedparam         
0000a769  sqrtf                              
0000a791  xTaskGetApplicationTaskTag         
0000a7b9  AK8963_write_byte                  
0000a7df  BME280_write_uint8                 
0000a805  List_put                           
0000a82b  List_remove                        
0000a851  MPU9250_write_byte                 
0000a877  _pthread_cleanup_pop               
0000a89d  gpsisdigit                         
0000a8e9  delay                              
0000a931  vQueueDelete                       
0000a955  vTaskInternalSetTimeOutState       
0000a979  SemaphoreP_post                    
0000a99b  pthread_attr_setdetachstate        
0000a9bd  CS_setExternalClockSourceFrequency 
0000a9dd  HwiP_restore                       
0000a9fd  Power_unregisterNotify             
0000aa1d  PrintString                        
0000aa3d  RingBuf_peek                       
0000aa7d  __aeabi_ui2d                       
0000aa9d  uart_dev_get_char                  
0000aabd  uart_dev_print_char                
0000aadd  ClockP_start                       
0000aafb  HwiP_Params_init                   
0000ab37  BME280_read_uint8                  
0000ab53  ClockP_Params_init                 
0000ab71  Interrupt_unregisterInterrupt      
0000ab8d  pthread_attr_init                  
0000aba9  pvTaskIncrementMutexHeldCount      
0000abc5  BME280_calibrating                 
0000abdf  PTLS_taskDeleteHook                
0000abf9  copysign                           
0000abf9  copysignl                          
0000ac2d  I2C_transfer                       
0000ac45  SysCtl_A_disableNMISource          
0000ac5d  SysCtl_A_enableNMISource           
0000ac75  UART_Params_init                   
0000ac8d  __aeabi_lmul                       
0000aca5  timer_dev_callback                 
0000acbd  BME280_get_mode                    
0000acd3  ClockP_setTimeout                  
0000ace9  PTLS_getBuf                        
0000acff  PTLS_setBuf                        
0000ad15  SemaphoreP_Params_init             
0000ad2b  AK8963_who                         
0000ad3f  MPU9250_who                        
0000ad55  Power_idleFunc                     
0000ad91  pthread_attr_setstacksize          
0000ada5  pthread_self                       
0000adb9  resetISR                           
0000adcd  xTaskGetCurrentTaskHandle          
0000ade1  xTaskGetTickCount                  
0000adf5  HwiP_delete                        
0000ae07  RingBuf_construct                  
0000ae19  UARTDEBUG_init                     
0000ae2d  I2C_Params_init                    
0000ae3d  PowerMSP432_getNumPerfLevels       
0000ae4d  SysCtl_A_getNMISourceStatus        
0000ae5d  SysCtl_getNMISourceStatus          
0000ae6d  Timer_Params_init                  
0000ae8d  vListInitialiseItem                
0000ae9d  vTaskSuspendAll                    
0000aead  __TI_decompress_none               
0000aebb  Board_init                         
0000aec7  CPU_cpsid                          
0000aed3  CPU_cpsie                          
0000aee1  Power_getConstraintMask            
0000aeed  Power_getPerformanceLevel          
0000aef9  SemaphoreP_delete                  
0000af05  __TI_zero_init                     
0000af11  millis                             
0000af1d  vTaskMissedYield                   
0000af29  BME280_who                         
0000af33  PowerMSP432_updateFreqs            
0000af3d  Timer_start                        
0000af47  UART_read                          
0000af51  UART_write                         
0000af5b  vApplicationStackOverflowHook      
0000af65  vPortSuppressTicksAndSleep         
0000af8f  I2CMSP432_control                  
0000af95  TimerMSP432_control                
0000af9b  _system_pre_init                   
0000af9f  C$$EXIT                            
0000af9f  abort                              
0000afa8  _ctypes_                           
0000b0a9  I2C_count                          
0000b0aa  Timer_count                        
0000b0ab  UART_count                         
0000b224  PowerMSP432_config                 
0000b2c0  UARTMSP432_fxnTable                
0000b2e8  UART_defaultParams                 
0000b30c  TimerMSP432_Timer32_fxnTable       
0000b3a8  I2CMSP432_fxnTable                 
0000b3c0  UART_config                        
0000b3d8  i2cMSP432HWAttrs                   
0000b3ec  I2C_defaultParams                  
0000b3fc  TimerMSP432HWAttrs                 
0000b40c  I2C_config                         
0000b418  Timer_config                       
0000b448  ulMaxSyscallInterruptPriority      
0000b480  __TI_static_base__                 
0000b518  __TI_Handler_Table_Base            
0000b524  __TI_Handler_Table_Limit           
0000b538  __TI_CINIT_Base                    
0000b550  __TI_CINIT_Limit                   
20008000  uartMSP432Objects                  
200081c8  i2cMSP432Objects                   
20008218  timerMSP432Objects                 
20008340  term                               
200083b8  UART_handles                       
200083c8  MPU9250_handle                     
200083cc  altitude                           
200083d0  beta                               
200083d4  course                             
200083d8  date                               
200083dc  hdop                               
200083e0  last_position_fix                  
200083e4  last_time_fix                      
200083e8  latitude                           
200083ec  longitude                          
200083f0  new_altitude                       
200083f4  new_course                         
200083f8  new_date                           
200083fc  new_hdop                           
20008400  new_latitude                       
20008404  new_longitude                      
20008408  new_position_fix                   
2000840c  new_speed                          
20008410  new_time                           
20008414  new_time_fix                       
20008418  speed                              
2000841c  time_gps                           
20008420  timer                              
20008424  new_numsats                        
20008426  numsats                            
20008428  accel_res                          
20008429  gps_data_good                      
2000842a  gyro_res                           
2000842b  is_checksum_term                   
2000842c  mag_res                            
2000842d  parity                             
2000842e  sentence_type                      
2000842f  term_number                        
20008430  term_offset                        
20008434  HwiP_dispatchTable                 
20008c34  PowerMSP432_perfLevels             
20008d74  pxCurrentTCB                       
20008da8  PowerMSP432_module                 
20008e30  q                                  
20008e58  timer_millis                       
20008e5c  uart_open                          
20008e61  i2c_initialized                    
20009000  g_pfnRAMVectors                    
2000fc00  __stack                            
20010000  __STACK_END                        
4000480c  WDTCTL_SYM                         
ffffffff  __TI_pprof_out_hndl                
ffffffff  __TI_prof_data_size                
ffffffff  __TI_prof_data_start               
ffffffff  __binit__                          
ffffffff  __c_args__                         
ffffffff  binit                              
UNDEFED   __mpu_init                         
UNDEFED   _system_post_cinit                 

[377 symbols]
