******************************************************************************
                  TI ARM Linker PC v18.12.4                    
******************************************************************************
>> Linked Tue Sep  8 10:52:52 2020

OUTPUT FILE NAME:   <HAL.out>
ENTRY POINT SYMBOL: "resetISR"  address: 00007d2d


MEMORY CONFIGURATION

         name            origin    length      used     unused   attr    fill
----------------------  --------  ---------  --------  --------  ----  --------
  MAIN                  00000000   00040000  0000803a  00037fc6  R  X
  INFO                  00200000   00004000  00000000  00004000  R  X
  SRAM_CODE             01000000   00010000  000090f0  00006f10  RW X
  SRAM_DATA             20000000   00010000  000090f0  00006f10  RW  


SEGMENT ALLOCATION MAP

run origin  load origin   length   init length attrs members
----------  ----------- ---------- ----------- ----- -------
00000000    00000000    00008040   00008040    r-x
  00000000    00000000    00000144   00000144    r-- .intvecs
  00000144    00000144    00007d10   00007d10    r-x .text
  00007e58    00007e58    0000012e   0000012e    r-- .const
  00007f88    00007f88    000000b8   000000b8    r-- .cinit
20000000    20000000    00008c09   00000000    rw-
  20000000    20000000    000081ef   00000000    rw- .bss
  200081f0    200081f0    00000a19   00000000    rw- .data
20009000    20009000    000000e8   00000000    rw-
  20009000    20009000    000000e8   00000000    rw- .vtable
2000fc00    2000fc00    00000400   00000000    rw-
  2000fc00    2000fc00    00000400   00000000    rw- .stack


SECTION ALLOCATION MAP

 output                                  attributes/
section   page    origin      length       input sections
--------  ----  ----------  ----------   ----------------
.text      0    00000144    00007d10     
                  00000144    00000bfc     madgwick.obj (.text:Madgwick_quaternion_update)
                  00000d40    000009c0     rtsv7M4_T_le_v4SPD16_eabi.lib : e_pow.c.obj (.text:pow)
                  00001700    000002f8     drivers_msp432p401x.aem4f : PowerMSP432.oem4f (.text:Power_sleep)
                  000019f8    00000288                               : PowerMSP432.oem4f (.text:initPerfControl)
                  00001c80    00000258     MPU9250.obj (.text:AK8963_calibrate_magnetometer)
                  00001ed8    00000250     BME280.obj (.text:BME280_pressure)
                  00002128    00000200     madgwick.obj (.text:Madgwick_quaternion_angles)
                  00002328    000001b8     freertos_builds_MSP_EXP432P401R_release_ccs.lib : queue.obj (.text:xQueueGenericSend)
                  000024e0    000001b6     rtsv7M4_T_le_v4SPD16_eabi.lib : fd_add_t2.asm.obj (.text)
                  00002696    00000002     ti_drivers_config.obj (.text:Board_initHook)
                  00002698    000001b0     hal_main.obj (.text:mainThread)
                  00002848    00000184     freertos_builds_MSP_EXP432P401R_release_ccs.lib : heap_4.obj (.text:pvPortMalloc)
                  000029cc    00000180                                                     : queue.obj (.text:xQueueReceive)
                  00002b4c    00000170     rtsv7M4_T_le_v4SPD16_eabi.lib : e_asinf.c.obj (.text:asinf)
                  00002cbc    00000164     freertos_builds_MSP_EXP432P401R_release_ccs.lib : timers.obj (.text:prvProcessReceivedCommands)
                  00002e20    00000160     UARTDEBUG.obj (.text:PrintFloat)
                  00002f80    00000158     rtsv7M4_T_le_v4SPD16_eabi.lib : e_atan2f.c.obj (.text:atan2f)
                  000030d8    00000158                                   : e_sqrt.c.obj (.text:sqrt)
                  00003230    00000150                                   : s_atanf.c.obj (.text:atanf)
                  00003380    00000140     freertos_builds_MSP_EXP432P401R_release_ccs.lib : tasks.obj (.text:xTaskIncrementTick)
                  000034c0    00000138                                                     : pthread.obj (.text:pthread_create)
                  000035f8    00000136     rtsv7M4_T_le_v4SPD16_eabi.lib : fd_div_t2.asm.obj (.text)
                  0000372e    0000012a     freertos_builds_MSP_EXP432P401R_release_ccs.lib : tasks.obj (.text:prvInitialiseNewTask)
                  00003858    00000124     BME280.obj (.text:BME280_coefficients)
                  0000397c    0000011c     freertos_builds_MSP_EXP432P401R_release_ccs.lib : tasks.obj (.text:xTaskResumeAll)
                  00003a98    00000118     BME280.obj (.text:BME280_humidity)
                  00003bb0    00000110     rtsv7M4_T_le_v4SPD16_eabi.lib : s_scalbn.c.obj (.text:scalbn)
                  00003cc0    0000010a     freertos_builds_MSP_EXP432P401R_release_ccs.lib : queue.obj (.text:xQueueGenericSendFromISR)
                  00003dca    00000002                                                     : PowerMSP432_freertos.obj (.text:PowerMSP432_initPolicy)
                  00003dcc    00000104     msp432p4xx_driverlib.lib : cs.o (.text:_CSComputeCLKFrequency)
                  00003ed0    00000100     MPU9250.obj (.text:AK8963_init)
                  00003fd0    00000100     freertos_builds_MSP_EXP432P401R_release_ccs.lib : tasks.obj (.text:vTaskDelete)
                  000040d0    000000fc     rtsv7M4_T_le_v4SPD16_eabi.lib : fd_mul_t2.asm.obj (.text)
                  000041cc    000000fc     freertos_builds_MSP_EXP432P401R_release_ccs.lib : tasks.obj (.text:vTaskSuspend)
                  000042c8    000000f8     msp432p4xx_driverlib.lib : cs.o (.text:CS_getDCOFrequency)
                  000043c0    000000f8     MPU9250.obj (.text:MPU9250_gyroscope)
                  000044b8    000000f4     MPU9250.obj (.text:AK8963_magnetometer)
                  000045ac    000000e4     msp432p4xx_driverlib.lib : cs.o (.text:CS_startHFXTWithTimeout)
                  00004690    000000e0                              : cs.o (.text:CS_startLFXTWithTimeout)
                  00004770    000000e0     freertos_builds_MSP_EXP432P401R_release_ccs.lib : tasks.obj (.text:xTaskPriorityDisinherit)
                  00004850    000000dc     UARTDEBUG.obj (.text:UARTDEBUG_printf)
                  0000492c    000000dc     msp432p4xx_driverlib.lib : cs.o (.text:_CSGetHFXTFrequency)
                  00004a08    000000dc     freertos_builds_MSP_EXP432P401R_release_ccs.lib : tasks.obj (.text:vTaskSwitchContext)
                  00004ae4    000000da                                                     : portasm.obj (.text)
                  00004bbe    00000002                                                     : startup_msp432_ccs.obj (.text:defaultISR)
                  00004bc0    000000d0     BME280.obj (.text:BME280_temperature)
                  00004c90    000000d0     freertos_builds_MSP_EXP432P401R_release_ccs.lib : port.obj (.text:xPortStartScheduler)
                  00004d60    000000cc     i2c_dev.obj (.text:i2c_dev_read)
                  00004e2c    000000c4     freertos_builds_MSP_EXP432P401R_release_ccs.lib : tasks.obj (.text:prvAddNewTaskToReadyList)
                  00004ef0    000000c0     MPU9250.obj (.text:MPU9250_calibrate_accelerometer)
                  00004fb0    000000be     freertos_builds_MSP_EXP432P401R_release_ccs.lib : queue.obj (.text:prvCopyDataToQueue)
                  0000506e    00000002                                                     : startup_msp432_ccs.obj (.text:faultISR)
                  00005070    000000bc                                                     : heap_4.obj (.text:prvHeapInit)
                  0000512c    000000bc                                                     : timers.obj (.text:prvSwitchTimerLists)
                  000051e8    000000b8     uart_dev.obj (.text:uart_dev_init)
                  000052a0    000000b8     freertos_builds_MSP_EXP432P401R_release_ccs.lib : queue.obj (.text:xQueueGenericReset)
                  00005358    000000b0                                                     : tasks.obj (.text:prvAddCurrentTaskToDelayedList)
                  00005408    000000b0                                                     : tasks.obj (.text:xTaskCheckForTimeOut)
                  000054b8    000000ae                                                     : queue.obj (.text:prvUnlockQueue)
                  00005566    00000002                                                     : startup_msp432_ccs.obj (.text:nmiISR)
                  00005568    000000ac                                                     : clock.obj (.text:clock_gettime)
                  00005614    000000a8                                                     : heap_4.obj (.text:prvInsertBlockIntoFreeList)
                  000056bc    000000a8                                                     : heap_4.obj (.text:vPortFree)
                  00005764    000000a8                                                     : tasks.obj (.text:xTaskRemoveFromEventList)
                  0000580c    0000009c     MPU9250.obj (.text:MPU9250_accelerometer)
                  000058a8    0000009c     drivers_msp432p401x.aem4f : PowerMSP432.oem4f (.text:Power_init)
                  00005944    0000009c     rtsv7M4_T_le_v4SPD16_eabi.lib : memcpy_t2.asm.obj (.text)
                  000059e0    00000096                                   : ull_div_t2.asm.obj (.text)
                  00005a76    00000002                                   : div0.asm.obj (.text)
                  00005a78    00000094     msp432p4xx_driverlib.lib : sysctl_a.o (.text:SysCtl_A_getTLVInfo)
                  00005b0c    00000094     i2c_dev.obj (.text:i2c_dev_write)
                  00005ba0    00000094     freertos_builds_MSP_EXP432P401R_release_ccs.lib : tasks.obj (.text:vTaskStartScheduler)
                  00005c34    00000090     MPU9250.obj (.text:MPU9250_accelerometer_range)
                  00005cc4    0000008c     freertos_builds_MSP_EXP432P401R_release_ccs.lib : clock.obj (.text:_clock_gettimeMono)
                  00005d50    00000088                                                     : timers.obj (.text:prvProcessTimerOrBlockTask)
                  00005dd8    00000086     rtsv7M4_T_le_v4SPD16_eabi.lib : fd_cmp_t2.asm.obj (.text:__aeabi_cdcmple)
                  00005e5e    00000086                                   : fd_cmp_t2.asm.obj (.text:__aeabi_cdrcmple)
                  00005ee4    00000084     UARTDEBUG.obj (.text:PrintInteger)
                  00005f68    00000084     drivers_msp432p401x.aem4f : PowerMSP432.oem4f (.text:restartHFXT)
                  00005fec    00000084     freertos_builds_MSP_EXP432P401R_release_ccs.lib : timers.obj (.text:xTimerGenericCommand)
                  00006070    00000080     msp432p4xx_driverlib.lib : interrupt.o (.text:Interrupt_enableInterrupt)
                  000060f0    00000080     freertos_builds_MSP_EXP432P401R_release_ccs.lib : timers.obj (.text:prvProcessExpiredTimer)
                  00006170    0000007c     BME280.obj (.text:BME280_altitude)
                  000061ec    0000007c     msp432p4xx_driverlib.lib : cs.o (.text:_CSGetDOCFrequency)
                  00006268    0000007a     freertos_builds_MSP_EXP432P401R_release_ccs.lib : pthread.obj (.text:removeThreadKeys)
                  000062e2    0000007a     rtsv7M4_T_le_v4SPD16_eabi.lib : memset_t2.asm.obj (.text)
                  0000635c    0000007a     freertos_builds_MSP_EXP432P401R_release_ccs.lib : tasks.obj (.text:xTaskCreate)
                  000063d6    00000002     main.obj (.text:vApplicationMallocFailedHook)
                  000063d8    00000078     freertos_builds_MSP_EXP432P401R_release_ccs.lib : timers.obj (.text:prvInsertTimerInActiveList)
                  00006450    00000078                                                     : port.obj (.text:vPortSetupTimerInterrupt)
                  000064c8    00000074     MPU9250.obj (.text:MPU9250_calibrate_gyroscope)
                  0000653c    00000074     freertos_builds_MSP_EXP432P401R_release_ccs.lib : tasks.obj (.text:prvInitialiseTaskLists)
                  000065b0    00000074                                                     : port.obj (.text:vPortValidateInterruptPriority)
                  00006624    0000006e     rtsv7M4_T_le_v4SPD16_eabi.lib : fd_tos_t2.asm.obj (.text)
                  00006692    0000006e                                   : ll_div_t2.asm.obj (.text)
                  00006700    0000006c     i2c_dev.obj (.text:i2c_dev_init)
                  0000676c    00000068     rtsv7M4_T_le_v4SPD16_eabi.lib : copy_decompress_lzss.c.obj (.text:decompress:lzss:__TI_decompress_lzss)
                  000067d4    00000066     freertos_builds_MSP_EXP432P401R_release_ccs.lib : list.obj (.text:vListInsert)
                  0000683a    00000002     --HOLE-- [fill = 0]
                  0000683c    00000064     main.obj (.text:main)
                  000068a0    00000064     freertos_builds_MSP_EXP432P401R_release_ccs.lib : tasks.obj (.text:prvGetExpectedIdleTime)
                  00006904    00000062     msp432p4xx_driverlib.lib : cs.o (.text:_CSGetDividerValue)
                  00006966    00000002     --HOLE-- [fill = 0]
                  00006968    00000060     BME280.obj (.text:BME280_init)
                  000069c8    00000060     freertos_builds_MSP_EXP432P401R_release_ccs.lib : HwiPMSP432_freertos.obj (.text:HwiP_create)
                  00006a28    00000060     MPU9250.obj (.text:MPU9250_init)
                  00006a88    00000060     freertos_builds_MSP_EXP432P401R_release_ccs.lib : port.obj (.text:pxPortInitialiseStack)
                  00006ae8    00000060                                                     : queue.obj (.text:xQueueGenericCreate)
                  00006b48    0000005c     msp432p4xx_driverlib.lib : interrupt.o (.text:Interrupt_registerInterrupt)
                  00006ba4    0000005c     freertos_builds_MSP_EXP432P401R_release_ccs.lib : tasks.obj (.text:prvIdleTask)
                  00006c00    0000005c                                                     : pthread.obj (.text:pthread_exit)
                  00006c5c    0000005c                                                     : queue.obj (.text:vQueueWaitForMessageRestricted)
                  00006cb8    0000005c                                                     : tasks.obj (.text:vTaskDelay)
                  00006d14    00000054     msp432p4xx_driverlib.lib : interrupt.o (.text:Interrupt_setPriority)
                  00006d68    00000054     freertos_builds_MSP_EXP432P401R_release_ccs.lib : timers.obj (.text:xTimerCreateTimerTask)
                  00006dbc    00000050     madgwick.obj (.text:Madgwick_init)
                  00006e0c    0000004e     BME280.obj (.text:BME280_pressure_sampling)
                  00006e5a    0000004e     BME280.obj (.text:BME280_temperature_sampling)
                  00006ea8    0000004c     BME280.obj (.text:BME280_humid_sampling)
                  00006ef4    0000004c     freertos_builds_MSP_EXP432P401R_release_ccs.lib : timers.obj (.text:prvCheckForValidListAndQueue)
                  00006f40    0000004c                                                     : tasks.obj (.text:prvCheckTasksWaitingTermination)
                  00006f8c    0000004c                                                     : port.obj (.text:vPortEnterCritical)
                  00006fd8    0000004c                                                     : tasks.obj (.text:vTaskSetThreadLocalStoragePointer)
                  00007024    0000004a     MPU9250.obj (.text:AK8963_raw_magnetometer)
                  0000706e    00000002     --HOLE-- [fill = 0]
                  00007070    00000048     freertos_builds_MSP_EXP432P401R_release_ccs.lib : HwiPMSP432_freertos.obj (.text:HwiP_dispatch)
                  000070b8    00000048     rtsv7M4_T_le_v4SPD16_eabi.lib : ll_tofs_t2.asm.obj (.text)
                  00007100    00000048     freertos_builds_MSP_EXP432P401R_release_ccs.lib : list.obj (.text:uxListRemove)
                  00007148    00000044     rtsv7M4_T_le_v4SPD16_eabi.lib : autoinit.c.obj (.text:__TI_auto_init_nobinit_nopinit:__TI_auto_init_nobinit_nopinit)
                  0000718c    00000044     freertos_builds_MSP_EXP432P401R_release_ccs.lib : queue.obj (.text:prvInitialiseNewQueue)
                  000071d0    00000042     MPU9250.obj (.text:MPU9250_raw_accelerometer)
                  00007212    00000042     MPU9250.obj (.text:MPU9250_raw_gyroscope)
                  00007254    00000040     freertos_builds_MSP_EXP432P401R_release_ccs.lib : aeabi_portable.obj (.text:__aeabi_errno_addr)
                  00007294    00000040                                                     : tasks.obj (.text:vTaskPlaceOnEventListRestricted)
                  000072d4    0000003e                                                     : pthread.obj (.text:pthread_setcancelstate)
                  00007312    0000003c                                                     : queue.obj (.text:prvCopyDataFromQueue)
                  0000734e    00000002     --HOLE-- [fill = 0]
                  00007350    0000003c                                                     : tasks.obj (.text:prvResetNextTaskUnblockTime)
                  0000738c    0000003c                                                     : tasks.obj (.text:pvTaskGetThreadLocalStoragePointer)
                  000073c8    0000003c                                                     : sleep.obj (.text:usleep)
                  00007404    0000003c                                                     : list.obj (.text:vListInsertEnd)
                  00007440    0000003a                                                     : PowerMSP432_freertos.obj (.text:PowerMSP432_sleepPolicy)
                  0000747a    00000038     BME280.obj (.text:BME280_filter)
                  000074b2    00000038     BME280.obj (.text:BME280_standby)
                  000074ea    00000002     --HOLE-- [fill = 0]
                  000074ec    00000038     drivers_msp432p401x.aem4f : PowerMSP432.oem4f (.text:notify)
                  00007524    00000038     freertos_builds_MSP_EXP432P401R_release_ccs.lib : timers.obj (.text:prvGetNextExpireTime)
                  0000755c    00000038                                                     : port.obj (.text:prvTaskExitError)
                  00007594    00000038     rtsv7M4_T_le_v4SPD16_eabi.lib : fs_tod_t2.asm.obj (.text)
                  000075cc    00000036     BME280.obj (.text:BME280_mode)
                  00007602    00000002     --HOLE-- [fill = 0]
                  00007604    00000034     rtsv7M4_T_le_v4SPD16_eabi.lib : boot_cortex_m.c.obj (.text:_c_int00_noargs:_c_int00_noargs)
                  00007638    00000034     freertos_builds_MSP_EXP432P401R_release_ccs.lib : timers.obj (.text:prvSampleTimeNow)
                  0000766c    00000034                                                     : tasks.obj (.text:vTaskPlaceOnEventList)
                  000076a0    00000030     msp432p4xx_driverlib.lib : cs.o (.text:CS_clearInterruptFlag)
                  000076d0    00000030     freertos_builds_MSP_EXP432P401R_release_ccs.lib : list.obj (.text:vListInitialise)
                  00007700    00000030                                                     : port.obj (.text:vPortExitCritical)
                  00007730    00000030                                                     : tasks.obj (.text:xTaskGetSchedulerState)
                  00007760    0000002e     rtsv7M4_T_le_v4SPD16_eabi.lib : i_tofd_t2.asm.obj (.text)
                  0000778e    0000002c     BME280.obj (.text:BME280_read_int16)
                  000077ba    0000002c     BME280.obj (.text:BME280_read_uint16)
                  000077e6    00000002     --HOLE-- [fill = 0]
                  000077e8    0000002c     freertos_builds_MSP_EXP432P401R_release_ccs.lib : HwiPMSP432_freertos.obj (.text:HwiP_disable)
                  00007814    0000002c                                                     : tasks.obj (.text:vTaskSetApplicationTaskTag)
                  00007840    0000002c                                                     : port.obj (.text:xPortSysTickHandler)
                  0000786c    00000028     msp432p4xx_driverlib.lib : cs.o (.text:CS_getMCLK)
                  00007894    00000028     drivers_msp432p401x.aem4f : PowerMSP432.oem4f (.text:disableFaultCounter)
                  000078bc    00000028                               : PowerMSP432.oem4f (.text:disableHFXT)
                  000078e4    00000028     freertos_builds_MSP_EXP432P401R_release_ccs.lib : pthread.obj (.text:pthread_attr_setschedparam)
                  0000790c    00000028     rtsv7M4_T_le_v4SPD16_eabi.lib : e_sqrtf.c.obj (.text:sqrtf)
                  00007934    00000028     freertos_builds_MSP_EXP432P401R_release_ccs.lib : tasks.obj (.text:xTaskGetApplicationTaskTag)
                  0000795c    00000026     MPU9250.obj (.text:AK8963_write_byte)
                  00007982    00000026     BME280.obj (.text:BME280_write_uint8)
                  000079a8    00000026     MPU9250.obj (.text:MPU9250_write_byte)
                  000079ce    00000026     freertos_builds_MSP_EXP432P401R_release_ccs.lib : pthread.obj (.text:_pthread_cleanup_pop)
                  000079f4    00000026                                                     : queue.obj (.text:prvIsQueueFull)
                  00007a1a    00000002     --HOLE-- [fill = 0]
                  00007a1c    00000024     uart_dev.obj (.text:print_char)
                  00007a40    00000024     freertos_builds_MSP_EXP432P401R_release_ccs.lib : queue.obj (.text:vQueueDelete)
                  00007a64    00000024                                                     : tasks.obj (.text:vTaskInternalSetTimeOutState)
                  00007a88    00000022                                                     : pthread.obj (.text:pthread_attr_setdetachstate)
                  00007aaa    00000002     --HOLE-- [fill = 0]
                  00007aac    00000020     msp432p4xx_driverlib.lib : cs.o (.text:CS_setExternalClockSourceFrequency)
                  00007acc    00000020     freertos_builds_MSP_EXP432P401R_release_ccs.lib : HwiPMSP432_freertos.obj (.text:HwiP_restore)
                  00007aec    00000020                                                     : queue.obj (.text:prvIsQueueEmpty)
                  00007b0c    00000020     rtsv7M4_T_le_v4SPD16_eabi.lib : u_tofd_t2.asm.obj (.text)
                  00007b2c    0000001e     freertos_builds_MSP_EXP432P401R_release_ccs.lib : HwiPMSP432_freertos.obj (.text:HwiP_Params_init)
                  00007b4a    0000001e     UARTDEBUG.obj (.text:PrintString)
                  00007b68    0000001e     freertos_builds_MSP_EXP432P401R_release_ccs.lib : pthread.obj (.text:_pthread_runStub)
                  00007b86    0000001c     BME280.obj (.text:BME280_read_uint8)
                  00007ba2    00000002     --HOLE-- [fill = 0]
                  00007ba4    0000001c     freertos_builds_MSP_EXP432P401R_release_ccs.lib : pthread.obj (.text:pthread_attr_init)
                  00007bc0    0000001a     BME280.obj (.text:BME280_calibrating)
                  00007bda    0000001a     freertos_builds_MSP_EXP432P401R_release_ccs.lib : PTLS.obj (.text:PTLS_taskDeleteHook)
                  00007bf4    0000001a     rtsv7M4_T_le_v4SPD16_eabi.lib : s_copysign.c.obj (.text:copysign)
                  00007c0e    0000001a     freertos_builds_MSP_EXP432P401R_release_ccs.lib : timers.obj (.text:prvTimerTask)
                  00007c28    00000018     msp432p4xx_driverlib.lib : sysctl_a.o (.text:SysCtl_A_disableNMISource)
                  00007c40    00000018                              : sysctl_a.o (.text:SysCtl_A_enableNMISource)
                  00007c58    00000018     rtsv7M4_T_le_v4SPD16_eabi.lib : ll_mul_t2.asm.obj (.text)
                  00007c70    00000016     BME280.obj (.text:BME280_get_mode)
                  00007c86    00000016     freertos_builds_MSP_EXP432P401R_release_ccs.lib : PTLS.obj (.text:PTLS_getBuf)
                  00007c9c    00000016                                                     : PTLS.obj (.text:PTLS_setBuf)
                  00007cb2    00000014     MPU9250.obj (.text:AK8963_who)
                  00007cc6    00000014     MPU9250.obj (.text:MPU9250_who)
                  00007cda    00000002     --HOLE-- [fill = 0]
                  00007cdc    00000014     drivers_msp432p401x.aem4f : PowerMSP432.oem4f (.text:Power_idleFunc)
                  00007cf0    00000014     freertos_builds_MSP_EXP432P401R_release_ccs.lib : tasks.obj (.text:prvDeleteTCB)
                  00007d04    00000014                                                     : pthread.obj (.text:pthread_attr_setstacksize)
                  00007d18    00000014                                                     : pthread.obj (.text:pthread_self)
                  00007d2c    00000014                                                     : startup_msp432_ccs.obj (.text:resetISR)
                  00007d40    00000014                                                     : tasks.obj (.text:xTaskGetCurrentTaskHandle)
                  00007d54    00000014                                                     : tasks.obj (.text:xTaskGetTickCount)
                  00007d68    00000012     time_dev.obj (.text:delay)
                  00007d7a    00000002     --HOLE-- [fill = 0]
                  00007d7c    00000010     msp432p4xx_driverlib.lib : sysctl_a.o (.text:SysCtl_A_getNMISourceStatus)
                  00007d8c    00000010                              : sysctl.o (.text:SysCtl_getNMISourceStatus)
                  00007d9c    00000010     UARTDEBUG.obj (.text:UARTDEBUG_init)
                  00007dac    00000010     freertos_builds_MSP_EXP432P401R_release_ccs.lib : list.obj (.text:vListInitialiseItem)
                  00007dbc    00000010                                                     : tasks.obj (.text:vTaskSuspendAll)
                  00007dcc    0000000e     rtsv7M4_T_le_v4SPD16_eabi.lib : copy_decompress_none.c.obj (.text:decompress:none:__TI_decompress_none)
                  00007dda    0000000c     ti_drivers_config.obj (.text:Board_init)
                  00007de6    0000000c     msp432p4xx_driverlib.lib : cpu.o (.text:CPU_cpsid)
                  00007df2    0000000c                              : cpu.o (.text:CPU_cpsie)
                  00007dfe    00000002     --HOLE-- [fill = 0]
                  00007e00    0000000c     drivers_msp432p401x.aem4f : PowerMSP432.oem4f (.text:Power_getConstraintMask)
                  00007e0c    0000000c     rtsv7M4_T_le_v4SPD16_eabi.lib : copy_zero_init.c.obj (.text:decompress:ZI:__TI_zero_init)
                  00007e18    0000000c     freertos_builds_MSP_EXP432P401R_release_ccs.lib : tasks.obj (.text:vTaskMissedYield)
                  00007e24    0000000a     BME280.obj (.text:BME280_who)
                  00007e2e    0000000a     freertos_builds_MSP_EXP432P401R_release_ccs.lib : PowerMSP432_freertos.obj (.text:PowerMSP432_updateFreqs)
                  00007e38    0000000a     main.obj (.text:vApplicationStackOverflowHook)
                  00007e42    0000000a     freertos_builds_MSP_EXP432P401R_release_ccs.lib : PowerMSP432_freertos.obj (.text:vPortSuppressTicksAndSleep)
                  00007e4c    00000004     rtsv7M4_T_le_v4SPD16_eabi.lib : pre_init.c.obj (.text:_system_pre_init)
                  00007e50    00000004                                   : exit.c.obj (.text:abort:abort)

.const     0    00007e58    0000012e     
                  00007e58    00000050     msp432p4xx_driverlib.lib : interrupt.o (.const:g_pulRegs)
                  00007ea8    00000038     ti_drivers_config.obj (.const:PowerMSP432_config)
                  00007ee0    00000034     rtsv7M4_T_le_v4SPD16_eabi.lib : s_atanf.c.obj (.const:$O1$$)
                  00007f14    00000004     freertos_builds_MSP_EXP432P401R_release_ccs.lib : pthread.obj (.const)
                  00007f18    00000030     rtsv7M4_T_le_v4SPD16_eabi.lib : e_pow.c.obj (.const:$O1$$)
                  00007f48    00000020                                   : e_asinf.c.obj (.const)
                  00007f68    00000008     freertos_builds_MSP_EXP432P401R_release_ccs.lib : port.obj (.const)
                  00007f70    00000008     msp432p4xx_driverlib.lib : interrupt.o (.const:g_pulEnRegs)
                  00007f78    00000006     MPU9250.obj (.const:$P$T0$1)
                  00007f7e    00000006     MPU9250.obj (.const:$P$T1$2)
                  00007f84    00000002     freertos_builds_MSP_EXP432P401R_release_ccs.lib : pthread.obj (.const:.string)

.cinit     0    00007f88    000000b8     
                  00007f88    00000084     (.cinit..data.load) [load image, compression = lzss]
                  0000800c    0000000c     (__TI_handler_table)
                  00008018    00000008     (.cinit..bss.load) [load image, compression = zero_init]
                  00008020    00000008     (.cinit..vtable.load) [load image, compression = zero_init]
                  00008028    00000018     (__TI_cinit_table)

.init_array 
*          0    00000000    00000000     UNINITIALIZED

.intvecs   0    00000000    00000144     
                  00000000    00000144     freertos_builds_MSP_EXP432P401R_release_ccs.lib : startup_msp432_ccs.obj (.intvecs:retain)

.bss       0    20000000    000081ef     UNINITIALIZED
                  20000000    00008000     freertos_builds_MSP_EXP432P401R_release_ccs.lib : heap_4.obj (.bss:ucHeap)
                  20008000    000000c8                                                     : tasks.obj (.bss:pxReadyTasksLists)
                  200080c8    00000028     BME280.obj (.bss)
                  200080f0    00000014     freertos_builds_MSP_EXP432P401R_release_ccs.lib : timers.obj (.bss:xActiveTimerList1)
                  20008104    00000014                                                     : timers.obj (.bss:xActiveTimerList2)
                  20008118    00000014                                                     : tasks.obj (.bss:xDelayedTaskList1)
                  2000812c    00000014                                                     : tasks.obj (.bss:xDelayedTaskList2)
                  20008140    00000014                                                     : tasks.obj (.bss:xPendingReadyList)
                  20008154    00000014                                                     : tasks.obj (.bss:xSuspendedTaskList)
                  20008168    00000014                                                     : tasks.obj (.bss:xTasksWaitingTermination)
                  2000817c    0000000c     MPU9250.obj (.bss)
                  20008188    0000000c     MPU9250.obj (.bss:accel_bias)
                  20008194    0000000c     MPU9250.obj (.bss:gyro_bias)
                  200081a0    0000000c     MPU9250.obj (.bss:mag_bias)
                  200081ac    0000000c     MPU9250.obj (.bss:mag_cal)
                  200081b8    0000000c     MPU9250.obj (.bss:mag_scales)
                  200081c4    00000008     freertos_builds_MSP_EXP432P401R_release_ccs.lib : tasks.obj (.bss)
                  200081cc    00000008                                                     : timers.obj (.bss)
                  200081d4    00000008     msp432p4xx_driverlib.lib : cs.o (.bss)
                  200081dc    00000008     freertos_builds_MSP_EXP432P401R_release_ccs.lib : heap_4.obj (.bss:xStart)
                  200081e4    00000004                                                     : aeabi_portable.obj (.bss:main_reent)
                  200081e8    00000004     (.common:beta)
                  200081ec    00000001     (.common:accel_res)
                  200081ed    00000001     (.common:gyro_res)
                  200081ee    00000001     (.common:mag_res)

.data      0    200081f0    00000a19     UNINITIALIZED
                  200081f0    00000800     freertos_builds_MSP_EXP432P401R_release_ccs.lib : HwiPMSP432_freertos.obj (.data:HwiP_dispatchTable)
                  200089f0    00000140     drivers_msp432p401x.aem4f : PowerMSP432.oem4f (.data:PowerMSP432_perfLevels)
                  20008b30    00000034     freertos_builds_MSP_EXP432P401R_release_ccs.lib : tasks.obj (.data)
                  20008b64    0000002c     drivers_msp432p401x.aem4f : PowerMSP432.oem4f (.data:PowerMSP432_module)
                  20008b90    00000018     freertos_builds_MSP_EXP432P401R_release_ccs.lib : heap_4.obj (.data)
                  20008ba8    00000018                                                     : port.obj (.data)
                  20008bc0    00000014                                                     : pthread.obj (.data:defaultPthreadAttrs)
                  20008bd4    00000010     madgwick.obj (.data:q)
                  20008be4    0000000c     freertos_builds_MSP_EXP432P401R_release_ccs.lib : timers.obj (.data)
                  20008bf0    00000008                                                     : clock.obj (.data:refTS)
                  20008bf8    00000008                                                     : clock.obj (.data:setTS)
                  20008c00    00000004     BME280.obj (.data)
                  20008c04    00000004     freertos_builds_MSP_EXP432P401R_release_ccs.lib : HwiPMSP432_freertos.obj (.data)
                  20008c08    00000001     i2c_dev.obj (.data)

.vtable    0    20009000    000000e8     UNINITIALIZED
                  20009000    000000e8     msp432p4xx_driverlib.lib : interrupt.o (.vtable)

.stack     0    2000fc00    00000400     UNINITIALIZED
                  2000fc00    00000004     rtsv7M4_T_le_v4SPD16_eabi.lib : boot_cortex_m.c.obj (.stack)
                  2000fc04    000003fc     --HOLE--

.binit     0    00000000    00000000     

MODULE SUMMARY

       Module                       code    ro data   rw data
       ------                       ----    -------   -------
    .\
       madgwick.obj                 3660    0         40     
       MPU9250.obj                  2374    12        150    
       BME280.obj                   2202    0         88     
       UARTDEBUG.obj                750     0         0      
       hal_main.obj                 432     0         0      
       main.obj                     112     0         0      
    +--+----------------------------+-------+---------+---------+
       Total:                       9530    12        278    
                                                             
    .\peripheral\
       i2c_dev.obj                  460     0         2      
       uart_dev.obj                 220     0         0      
       time_dev.obj                 18      0         0      
    +--+----------------------------+-------+---------+---------+
       Total:                       698     0         2      
                                                             
    .\syscfg\
       ti_drivers_config.obj        14      56        0      
    +--+----------------------------+-------+---------+---------+
       Total:                       14      56        0      
                                                             
    C:/Users/amartinezacosta/workspace_v9/freertos_builds_MSP_EXP432P401R_release_ccs/Debug/freertos_builds_MSP_EXP432P401R_release_ccs.lib
       heap_4.obj                   912     0         65600  
       tasks.obj                    3884    0         720    
       HwiPMSP432_freertos.obj      274     0         4104   
       queue.obj                    2060    0         0      
       timers.obj                   1354    0         120    
       pthread.obj                  798     6         40     
       port.obj                     764     8         48     
       startup_msp432_ccs.obj       26      324       0      
       clock.obj                    312     0         32     
       list.obj                     298     0         0      
       portasm.obj                  218     0         0      
       PowerMSP432_freertos.obj     80      0         0      
       aeabi_portable.obj           64      0         8      
       PTLS.obj                     70      0         0      
       sleep.obj                    60      0         0      
    +--+----------------------------+-------+---------+---------+
       Total:                       11174   338       70672  
                                                             
    C:/ti/simplelink_msp432p4_sdk_3_40_01_02/source/ti/devices/msp432p4xx/driverlib/ccs/msp432p4xx_driverlib.lib
       cs.o                         1522    0         16     
       interrupt.o                  304     88        464    
       sysctl_a.o                   212     0         0      
       cpu.o                        24      0         0      
       sysctl.o                     16      0         0      
    +--+----------------------------+-------+---------+---------+
       Total:                       2078    88        480    
                                                             
    C:/ti/simplelink_msp432p4_sdk_3_40_01_02/source/ti/drivers/lib/drivers_msp432p401x.aem4f
       PowerMSP432.oem4f            1864    0         728    
    +--+----------------------------+-------+---------+---------+
       Total:                       1864    0         728    
                                                             
    C:\ti\ccs930\ccs\tools\compiler\ti-cgt-arm_18.12.4.LTS\lib\rtsv7M4_T_le_v4SPD16_eabi.lib
       e_pow.c.obj                  2496    48        0      
       fd_add_t2.asm.obj            438     0         0      
       e_asinf.c.obj                368     32        0      
       s_atanf.c.obj                336     52        0      
       e_atan2f.c.obj               344     0         0      
       e_sqrt.c.obj                 344     0         0      
       fd_div_t2.asm.obj            310     0         0      
       s_scalbn.c.obj               272     0         0      
       fd_cmp_t2.asm.obj            268     0         0      
       fd_mul_t2.asm.obj            252     0         0      
       memcpy_t2.asm.obj            156     0         0      
       ull_div_t2.asm.obj           150     0         0      
       memset_t2.asm.obj            122     0         0      
       fd_tos_t2.asm.obj            110     0         0      
       ll_div_t2.asm.obj            110     0         0      
       copy_decompress_lzss.c.obj   104     0         0      
       ll_tofs_t2.asm.obj           72      0         0      
       autoinit.c.obj               68      0         0      
       fs_tod_t2.asm.obj            56      0         0      
       boot_cortex_m.c.obj          52      0         0      
       i_tofd_t2.asm.obj            46      0         0      
       e_sqrtf.c.obj                40      0         0      
       u_tofd_t2.asm.obj            32      0         0      
       s_copysign.c.obj             26      0         0      
       ll_mul_t2.asm.obj            24      0         0      
       copy_decompress_none.c.obj   14      0         0      
       copy_zero_init.c.obj         12      0         0      
       exit.c.obj                   4       0         0      
       pre_init.c.obj               4       0         0      
       div0.asm.obj                 2       0         0      
    +--+----------------------------+-------+---------+---------+
       Total:                       6632    132       0      
                                                             
       Stack:                       0       0         2048   
       Linker Generated:            0       184       0      
    +--+----------------------------+-------+---------+---------+
       Grand Total:                 31990   810       74208  


LINKER GENERATED COPY TABLES

__TI_cinit_table @ 00008028 records: 3, size/record: 8, table size: 24
	.data: load addr=00007f88, load size=00000084 bytes, run addr=200081f0, run size=00000a19 bytes, compression=lzss
	.bss: load addr=00008018, load size=00000008 bytes, run addr=20000000, run size=000081ef bytes, compression=zero_init
	.vtable: load addr=00008020, load size=00000008 bytes, run addr=20009000, run size=000000e8 bytes, compression=zero_init


LINKER GENERATED HANDLER TABLE

__TI_handler_table @ 0000800c records: 3, size/record: 4, table size: 12
	index: 0, handler: __TI_decompress_lzss
	index: 1, handler: __TI_decompress_none
	index: 2, handler: __TI_zero_init


GLOBAL SYMBOLS: SORTED ALPHABETICALLY BY Name 

address   name                              
-------   ----                              
00001c81  AK8963_calibrate_magnetometer     
00003ed1  AK8963_init                       
000044b9  AK8963_magnetometer               
00007025  AK8963_raw_magnetometer           
00007cb3  AK8963_who                        
0000795d  AK8963_write_byte                 
00006171  BME280_altitude                   
00007bc1  BME280_calibrating                
00003859  BME280_coefficients               
0000747b  BME280_filter                     
00007c71  BME280_get_mode                   
00006ea9  BME280_humid_sampling             
00003a99  BME280_humidity                   
00006969  BME280_init                       
000075cd  BME280_mode                       
00001ed9  BME280_pressure                   
00006e0d  BME280_pressure_sampling          
0000778f  BME280_read_int16                 
000077bb  BME280_read_uint16                
00007b87  BME280_read_uint8                 
000074b3  BME280_standby                    
00004bc1  BME280_temperature                
00006e5b  BME280_temperature_sampling       
00007e25  BME280_who                        
00007983  BME280_write_uint8                
00007ddb  Board_init                        
00002697  Board_initHook                    
00007e51  C$$EXIT                           
00007de7  CPU_cpsid                         
00007df3  CPU_cpsie                         
000076a1  CS_clearInterruptFlag             
000042c9  CS_getDCOFrequency                
0000786d  CS_getMCLK                        
00007aad  CS_setExternalClockSourceFrequency
000045ad  CS_startHFXTWithTimeout           
00004691  CS_startLFXTWithTimeout           
00007b2d  HwiP_Params_init                  
000069c9  HwiP_create                       
000077e9  HwiP_disable                      
00007071  HwiP_dispatch                     
200081f0  HwiP_dispatchTable                
00007acd  HwiP_restore                      
00006071  Interrupt_enableInterrupt         
00006b49  Interrupt_registerInterrupt       
00006d15  Interrupt_setPriority             
0000580d  MPU9250_accelerometer             
00005c35  MPU9250_accelerometer_range       
00004ef1  MPU9250_calibrate_accelerometer   
000064c9  MPU9250_calibrate_gyroscope       
000043c1  MPU9250_gyroscope                 
00006a29  MPU9250_init                      
000071d1  MPU9250_raw_accelerometer         
00007213  MPU9250_raw_gyroscope             
00007cc7  MPU9250_who                       
000079a9  MPU9250_write_byte                
00006dbd  Madgwick_init                     
00002129  Madgwick_quaternion_angles        
00000145  Madgwick_quaternion_update        
00007c87  PTLS_getBuf                       
00007c9d  PTLS_setBuf                       
00007bdb  PTLS_taskDeleteHook               
00007ea8  PowerMSP432_config                
00003dcb  PowerMSP432_initPolicy            
20008b64  PowerMSP432_module                
200089f0  PowerMSP432_perfLevels            
00007441  PowerMSP432_sleepPolicy           
00007e2f  PowerMSP432_updateFreqs           
00007e01  Power_getConstraintMask           
00007cdd  Power_idleFunc                    
000058a9  Power_init                        
00001701  Power_sleep                       
00002e21  PrintFloat                        
00005ee5  PrintInteger                      
00007b4b  PrintString                       
00007c29  SysCtl_A_disableNMISource         
00007c41  SysCtl_A_enableNMISource          
00007d7d  SysCtl_A_getNMISourceStatus       
00005a79  SysCtl_A_getTLVInfo               
00007d8d  SysCtl_getNMISourceStatus         
00007d9d  UARTDEBUG_init                    
00004851  UARTDEBUG_printf                  
4000480c  WDTCTL_SYM                        
20010000  __STACK_END                       
00000400  __STACK_SIZE                      
00008028  __TI_CINIT_Base                   
00008040  __TI_CINIT_Limit                  
0000800c  __TI_Handler_Table_Base           
00008018  __TI_Handler_Table_Limit          
00007149  __TI_auto_init_nobinit_nopinit    
0000676d  __TI_decompress_lzss              
00007dcd  __TI_decompress_none              
ffffffff  __TI_pprof_out_hndl               
ffffffff  __TI_prof_data_size               
ffffffff  __TI_prof_data_start              
00007f88  __TI_static_base__                
00007e0d  __TI_zero_init                    
00005dd9  __aeabi_cdcmpeq                   
00005dd9  __aeabi_cdcmple                   
00005e5f  __aeabi_cdrcmple                  
00006625  __aeabi_d2f                       
000024eb  __aeabi_dadd                      
000035f9  __aeabi_ddiv                      
000040d1  __aeabi_dmul                      
000024e1  __aeabi_dsub                      
00007255  __aeabi_errno_addr                
00007595  __aeabi_f2d                       
00007761  __aeabi_i2d                       
00005a77  __aeabi_idiv0                     
000070b9  __aeabi_l2f                       
00005a77  __aeabi_ldiv0                     
00006693  __aeabi_ldivmod                   
00007c59  __aeabi_lmul                      
000062e3  __aeabi_memclr                    
000062e3  __aeabi_memclr4                   
000062e3  __aeabi_memclr8                   
00005945  __aeabi_memcpy                    
00005945  __aeabi_memcpy4                   
00005945  __aeabi_memcpy8                   
000062e5  __aeabi_memset                    
000062e5  __aeabi_memset4                   
000062e5  __aeabi_memset8                   
00007b0d  __aeabi_ui2d                      
000059e1  __aeabi_uldivmod                  
ffffffff  __binit__                         
ffffffff  __c_args__                        
UNDEFED   __mpu_init                        
2000fc00  __stack                           
00007605  _c_int00_noargs                   
000079cf  _pthread_cleanup_pop              
UNDEFED   _system_post_cinit                
00007e4d  _system_pre_init                  
00007e51  abort                             
200081ec  accel_res                         
00002b4d  asinf                             
00002f81  atan2f                            
00003231  atanf                             
200081e8  beta                              
ffffffff  binit                             
00005569  clock_gettime                     
00007bf5  copysign                          
00007bf5  copysignl                         
00007d69  delay                             
20009000  g_pfnRAMVectors                   
200081ed  gyro_res                          
00006701  i2c_dev_init                      
00004d61  i2c_dev_read                      
00005b0d  i2c_dev_write                     
20008c08  i2c_initialized                   
00000000  interruptVectors                  
00003bb1  ldexp                             
00003bb1  ldexpl                            
200081ee  mag_res                           
0000683d  main                              
00002699  mainThread                        
00005945  memcpy                            
000062eb  memset                            
00000d41  pow                               
00000d41  powl                              
00007a1d  print_char                        
00007ba5  pthread_attr_init                 
00007a89  pthread_attr_setdetachstate       
000078e5  pthread_attr_setschedparam        
00007d05  pthread_attr_setstacksize         
000034c1  pthread_create                    
00006c01  pthread_exit                      
00007d19  pthread_self                      
000072d5  pthread_setcancelstate            
00002849  pvPortMalloc                      
0000738d  pvTaskGetThreadLocalStoragePointer
20008b30  pxCurrentTCB                      
00006a89  pxPortInitialiseStack             
20008bd4  q                                 
00007d2d  resetISR                          
00003bb1  scalbn                            
00003bb1  scalbnl                           
000030d9  sqrt                              
0000790d  sqrtf                             
000030d9  sqrtl                             
000051e9  uart_dev_init                     
00007f68  ulMaxSyscallInterruptPriority     
00004af5  ulPortGetIPSR                     
000073c9  usleep                            
00007101  uxListRemove                      
000063d7  vApplicationMallocFailedHook      
00007e39  vApplicationStackOverflowHook     
000076d1  vListInitialise                   
00007dad  vListInitialiseItem               
000067d5  vListInsert                       
00007405  vListInsertEnd                    
00004bb1  vPortEnableVFP                    
00006f8d  vPortEnterCritical                
00007701  vPortExitCritical                 
000056bd  vPortFree                         
00004b6d  vPortSVCHandler                   
00006451  vPortSetupTimerInterrupt          
00004b8d  vPortStartFirstTask               
00007e43  vPortSuppressTicksAndSleep        
000065b1  vPortValidateInterruptPriority    
00007a41  vQueueDelete                      
00006c5d  vQueueWaitForMessageRestricted    
00006cb9  vTaskDelay                        
00003fd1  vTaskDelete                       
00007a65  vTaskInternalSetTimeOutState      
00007e19  vTaskMissedYield                  
0000766d  vTaskPlaceOnEventList             
00007295  vTaskPlaceOnEventListRestricted   
00007815  vTaskSetApplicationTaskTag        
00006fd9  vTaskSetThreadLocalStoragePointer 
00005ba1  vTaskStartScheduler               
000041cd  vTaskSuspend                      
00007dbd  vTaskSuspendAll                   
00004a09  vTaskSwitchContext                
00004b0d  xPortPendSVHandler                
00004c91  xPortStartScheduler               
00007841  xPortSysTickHandler               
00006ae9  xQueueGenericCreate               
000052a1  xQueueGenericReset                
00002329  xQueueGenericSend                 
00003cc1  xQueueGenericSendFromISR          
000029cd  xQueueReceive                     
00005409  xTaskCheckForTimeOut              
0000635d  xTaskCreate                       
00007935  xTaskGetApplicationTaskTag        
00007d41  xTaskGetCurrentTaskHandle         
00007731  xTaskGetSchedulerState            
00007d55  xTaskGetTickCount                 
00003381  xTaskIncrementTick                
00004771  xTaskPriorityDisinherit           
00005765  xTaskRemoveFromEventList          
0000397d  xTaskResumeAll                    
00006d69  xTimerCreateTimerTask             
00005fed  xTimerGenericCommand              


GLOBAL SYMBOLS: SORTED BY Symbol Address 

address   name                              
-------   ----                              
00000000  interruptVectors                  
00000145  Madgwick_quaternion_update        
00000400  __STACK_SIZE                      
00000d41  pow                               
00000d41  powl                              
00001701  Power_sleep                       
00001c81  AK8963_calibrate_magnetometer     
00001ed9  BME280_pressure                   
00002129  Madgwick_quaternion_angles        
00002329  xQueueGenericSend                 
000024e1  __aeabi_dsub                      
000024eb  __aeabi_dadd                      
00002697  Board_initHook                    
00002699  mainThread                        
00002849  pvPortMalloc                      
000029cd  xQueueReceive                     
00002b4d  asinf                             
00002e21  PrintFloat                        
00002f81  atan2f                            
000030d9  sqrt                              
000030d9  sqrtl                             
00003231  atanf                             
00003381  xTaskIncrementTick                
000034c1  pthread_create                    
000035f9  __aeabi_ddiv                      
00003859  BME280_coefficients               
0000397d  xTaskResumeAll                    
00003a99  BME280_humidity                   
00003bb1  ldexp                             
00003bb1  ldexpl                            
00003bb1  scalbn                            
00003bb1  scalbnl                           
00003cc1  xQueueGenericSendFromISR          
00003dcb  PowerMSP432_initPolicy            
00003ed1  AK8963_init                       
00003fd1  vTaskDelete                       
000040d1  __aeabi_dmul                      
000041cd  vTaskSuspend                      
000042c9  CS_getDCOFrequency                
000043c1  MPU9250_gyroscope                 
000044b9  AK8963_magnetometer               
000045ad  CS_startHFXTWithTimeout           
00004691  CS_startLFXTWithTimeout           
00004771  xTaskPriorityDisinherit           
00004851  UARTDEBUG_printf                  
00004a09  vTaskSwitchContext                
00004af5  ulPortGetIPSR                     
00004b0d  xPortPendSVHandler                
00004b6d  vPortSVCHandler                   
00004b8d  vPortStartFirstTask               
00004bb1  vPortEnableVFP                    
00004bc1  BME280_temperature                
00004c91  xPortStartScheduler               
00004d61  i2c_dev_read                      
00004ef1  MPU9250_calibrate_accelerometer   
000051e9  uart_dev_init                     
000052a1  xQueueGenericReset                
00005409  xTaskCheckForTimeOut              
00005569  clock_gettime                     
000056bd  vPortFree                         
00005765  xTaskRemoveFromEventList          
0000580d  MPU9250_accelerometer             
000058a9  Power_init                        
00005945  __aeabi_memcpy                    
00005945  __aeabi_memcpy4                   
00005945  __aeabi_memcpy8                   
00005945  memcpy                            
000059e1  __aeabi_uldivmod                  
00005a77  __aeabi_idiv0                     
00005a77  __aeabi_ldiv0                     
00005a79  SysCtl_A_getTLVInfo               
00005b0d  i2c_dev_write                     
00005ba1  vTaskStartScheduler               
00005c35  MPU9250_accelerometer_range       
00005dd9  __aeabi_cdcmpeq                   
00005dd9  __aeabi_cdcmple                   
00005e5f  __aeabi_cdrcmple                  
00005ee5  PrintInteger                      
00005fed  xTimerGenericCommand              
00006071  Interrupt_enableInterrupt         
00006171  BME280_altitude                   
000062e3  __aeabi_memclr                    
000062e3  __aeabi_memclr4                   
000062e3  __aeabi_memclr8                   
000062e5  __aeabi_memset                    
000062e5  __aeabi_memset4                   
000062e5  __aeabi_memset8                   
000062eb  memset                            
0000635d  xTaskCreate                       
000063d7  vApplicationMallocFailedHook      
00006451  vPortSetupTimerInterrupt          
000064c9  MPU9250_calibrate_gyroscope       
000065b1  vPortValidateInterruptPriority    
00006625  __aeabi_d2f                       
00006693  __aeabi_ldivmod                   
00006701  i2c_dev_init                      
0000676d  __TI_decompress_lzss              
000067d5  vListInsert                       
0000683d  main                              
00006969  BME280_init                       
000069c9  HwiP_create                       
00006a29  MPU9250_init                      
00006a89  pxPortInitialiseStack             
00006ae9  xQueueGenericCreate               
00006b49  Interrupt_registerInterrupt       
00006c01  pthread_exit                      
00006c5d  vQueueWaitForMessageRestricted    
00006cb9  vTaskDelay                        
00006d15  Interrupt_setPriority             
00006d69  xTimerCreateTimerTask             
00006dbd  Madgwick_init                     
00006e0d  BME280_pressure_sampling          
00006e5b  BME280_temperature_sampling       
00006ea9  BME280_humid_sampling             
00006f8d  vPortEnterCritical                
00006fd9  vTaskSetThreadLocalStoragePointer 
00007025  AK8963_raw_magnetometer           
00007071  HwiP_dispatch                     
000070b9  __aeabi_l2f                       
00007101  uxListRemove                      
00007149  __TI_auto_init_nobinit_nopinit    
000071d1  MPU9250_raw_accelerometer         
00007213  MPU9250_raw_gyroscope             
00007255  __aeabi_errno_addr                
00007295  vTaskPlaceOnEventListRestricted   
000072d5  pthread_setcancelstate            
0000738d  pvTaskGetThreadLocalStoragePointer
000073c9  usleep                            
00007405  vListInsertEnd                    
00007441  PowerMSP432_sleepPolicy           
0000747b  BME280_filter                     
000074b3  BME280_standby                    
00007595  __aeabi_f2d                       
000075cd  BME280_mode                       
00007605  _c_int00_noargs                   
0000766d  vTaskPlaceOnEventList             
000076a1  CS_clearInterruptFlag             
000076d1  vListInitialise                   
00007701  vPortExitCritical                 
00007731  xTaskGetSchedulerState            
00007761  __aeabi_i2d                       
0000778f  BME280_read_int16                 
000077bb  BME280_read_uint16                
000077e9  HwiP_disable                      
00007815  vTaskSetApplicationTaskTag        
00007841  xPortSysTickHandler               
0000786d  CS_getMCLK                        
000078e5  pthread_attr_setschedparam        
0000790d  sqrtf                             
00007935  xTaskGetApplicationTaskTag        
0000795d  AK8963_write_byte                 
00007983  BME280_write_uint8                
000079a9  MPU9250_write_byte                
000079cf  _pthread_cleanup_pop              
00007a1d  print_char                        
00007a41  vQueueDelete                      
00007a65  vTaskInternalSetTimeOutState      
00007a89  pthread_attr_setdetachstate       
00007aad  CS_setExternalClockSourceFrequency
00007acd  HwiP_restore                      
00007b0d  __aeabi_ui2d                      
00007b2d  HwiP_Params_init                  
00007b4b  PrintString                       
00007b87  BME280_read_uint8                 
00007ba5  pthread_attr_init                 
00007bc1  BME280_calibrating                
00007bdb  PTLS_taskDeleteHook               
00007bf5  copysign                          
00007bf5  copysignl                         
00007c29  SysCtl_A_disableNMISource         
00007c41  SysCtl_A_enableNMISource          
00007c59  __aeabi_lmul                      
00007c71  BME280_get_mode                   
00007c87  PTLS_getBuf                       
00007c9d  PTLS_setBuf                       
00007cb3  AK8963_who                        
00007cc7  MPU9250_who                       
00007cdd  Power_idleFunc                    
00007d05  pthread_attr_setstacksize         
00007d19  pthread_self                      
00007d2d  resetISR                          
00007d41  xTaskGetCurrentTaskHandle         
00007d55  xTaskGetTickCount                 
00007d69  delay                             
00007d7d  SysCtl_A_getNMISourceStatus       
00007d8d  SysCtl_getNMISourceStatus         
00007d9d  UARTDEBUG_init                    
00007dad  vListInitialiseItem               
00007dbd  vTaskSuspendAll                   
00007dcd  __TI_decompress_none              
00007ddb  Board_init                        
00007de7  CPU_cpsid                         
00007df3  CPU_cpsie                         
00007e01  Power_getConstraintMask           
00007e0d  __TI_zero_init                    
00007e19  vTaskMissedYield                  
00007e25  BME280_who                        
00007e2f  PowerMSP432_updateFreqs           
00007e39  vApplicationStackOverflowHook     
00007e43  vPortSuppressTicksAndSleep        
00007e4d  _system_pre_init                  
00007e51  C$$EXIT                           
00007e51  abort                             
00007ea8  PowerMSP432_config                
00007f68  ulMaxSyscallInterruptPriority     
00007f88  __TI_static_base__                
0000800c  __TI_Handler_Table_Base           
00008018  __TI_Handler_Table_Limit          
00008028  __TI_CINIT_Base                   
00008040  __TI_CINIT_Limit                  
200081e8  beta                              
200081ec  accel_res                         
200081ed  gyro_res                          
200081ee  mag_res                           
200081f0  HwiP_dispatchTable                
200089f0  PowerMSP432_perfLevels            
20008b30  pxCurrentTCB                      
20008b64  PowerMSP432_module                
20008bd4  q                                 
20008c08  i2c_initialized                   
20009000  g_pfnRAMVectors                   
2000fc00  __stack                           
20010000  __STACK_END                       
4000480c  WDTCTL_SYM                        
ffffffff  __TI_pprof_out_hndl               
ffffffff  __TI_prof_data_size               
ffffffff  __TI_prof_data_start              
ffffffff  __binit__                         
ffffffff  __c_args__                        
ffffffff  binit                             
UNDEFED   __mpu_init                        
UNDEFED   _system_post_cinit                

[232 symbols]
