<?xml version="1.0" encoding="ISO-8859-1" ?>
<link_info>
   <banner>TI ARM Linker PC v18.12.4.LTS</banner>
   <copyright>Copyright (c) 1996-2018 Texas Instruments Incorporated</copyright>
   <link_time>0x5f5705d1</link_time>
   <link_errors>0x0</link_errors>
   <output_file>HAL.out</output_file>
   <entry_point>
      <name>resetISR</name>
      <address>0x8065</address>
   </entry_point>
   <input_file_list>
      <input_file id="fl-2">
         <path>.\</path>
         <kind>object</kind>
         <file>BME280.obj</file>
         <name>BME280.obj</name>
      </input_file>
      <input_file id="fl-3">
         <path>.\</path>
         <kind>object</kind>
         <file>GPS.obj</file>
         <name>GPS.obj</name>
      </input_file>
      <input_file id="fl-4">
         <path>.\</path>
         <kind>object</kind>
         <file>MPU9250.obj</file>
         <name>MPU9250.obj</name>
      </input_file>
      <input_file id="fl-5">
         <path>.\</path>
         <kind>object</kind>
         <file>UARTDEBUG.obj</file>
         <name>UARTDEBUG.obj</name>
      </input_file>
      <input_file id="fl-6">
         <path>.\syscfg\</path>
         <kind>object</kind>
         <file>ti_drivers_config.obj</file>
         <name>ti_drivers_config.obj</name>
      </input_file>
      <input_file id="fl-7">
         <path>.\</path>
         <kind>object</kind>
         <file>hal_main.obj</file>
         <name>hal_main.obj</name>
      </input_file>
      <input_file id="fl-8">
         <path>.\</path>
         <kind>object</kind>
         <file>madgwick.obj</file>
         <name>madgwick.obj</name>
      </input_file>
      <input_file id="fl-9">
         <path>.\</path>
         <kind>object</kind>
         <file>main.obj</file>
         <name>main.obj</name>
      </input_file>
      <input_file id="fl-a">
         <path>.\</path>
         <kind>object</kind>
         <file>servo.obj</file>
         <name>servo.obj</name>
      </input_file>
      <input_file id="fl-b">
         <path>.\core\</path>
         <kind>object</kind>
         <file>i2c_dev.obj</file>
         <name>i2c_dev.obj</name>
      </input_file>
      <input_file id="fl-c">
         <path>.\core\</path>
         <kind>object</kind>
         <file>uart_dev.obj</file>
         <name>uart_dev.obj</name>
      </input_file>
      <input_file id="fl-17">
         <kind>object</kind>
         <file>&lt;internal&gt;</file>
         <name>&lt;internal&gt;</name>
      </input_file>
      <input_file id="fl-18">
         <path>C:\ti\simplelink_msp432p4_sdk_3_40_01_02\source\ti\drivers\lib\</path>
         <kind>archive</kind>
         <file>drivers_msp432p401x.aem4f</file>
         <name>I2CMSP432.oem4f</name>
      </input_file>
      <input_file id="fl-19">
         <path>C:\ti\simplelink_msp432p4_sdk_3_40_01_02\source\ti\drivers\lib\</path>
         <kind>archive</kind>
         <file>drivers_msp432p401x.aem4f</file>
         <name>PowerMSP432.oem4f</name>
      </input_file>
      <input_file id="fl-1a">
         <path>C:\ti\simplelink_msp432p4_sdk_3_40_01_02\source\ti\drivers\lib\</path>
         <kind>archive</kind>
         <file>drivers_msp432p401x.aem4f</file>
         <name>UARTMSP432.oem4f</name>
      </input_file>
      <input_file id="fl-1b">
         <path>C:\ti\simplelink_msp432p4_sdk_3_40_01_02\source\ti\drivers\lib\</path>
         <kind>archive</kind>
         <file>drivers_msp432p401x.aem4f</file>
         <name>List.oem4f</name>
      </input_file>
      <input_file id="fl-1c">
         <path>C:\ti\simplelink_msp432p4_sdk_3_40_01_02\source\ti\drivers\lib\</path>
         <kind>archive</kind>
         <file>drivers_msp432p401x.aem4f</file>
         <name>RingBuf.oem4f</name>
      </input_file>
      <input_file id="fl-1d">
         <path>C:\Users\amartinezacosta\workspace_v9\freertos_builds_MSP_EXP432P401R_release_ccs\Debug\</path>
         <kind>archive</kind>
         <file>freertos_builds_MSP_EXP432P401R_release_ccs.lib</file>
         <name>ClockP_freertos.obj</name>
      </input_file>
      <input_file id="fl-1e">
         <path>C:\Users\amartinezacosta\workspace_v9\freertos_builds_MSP_EXP432P401R_release_ccs\Debug\</path>
         <kind>archive</kind>
         <file>freertos_builds_MSP_EXP432P401R_release_ccs.lib</file>
         <name>HwiPMSP432_freertos.obj</name>
      </input_file>
      <input_file id="fl-1f">
         <path>C:\Users\amartinezacosta\workspace_v9\freertos_builds_MSP_EXP432P401R_release_ccs\Debug\</path>
         <kind>archive</kind>
         <file>freertos_builds_MSP_EXP432P401R_release_ccs.lib</file>
         <name>PowerMSP432_freertos.obj</name>
      </input_file>
      <input_file id="fl-20">
         <path>C:\Users\amartinezacosta\workspace_v9\freertos_builds_MSP_EXP432P401R_release_ccs\Debug\</path>
         <kind>archive</kind>
         <file>freertos_builds_MSP_EXP432P401R_release_ccs.lib</file>
         <name>SemaphoreP_freertos.obj</name>
      </input_file>
      <input_file id="fl-21">
         <path>C:\Users\amartinezacosta\workspace_v9\freertos_builds_MSP_EXP432P401R_release_ccs\Debug\</path>
         <kind>archive</kind>
         <file>freertos_builds_MSP_EXP432P401R_release_ccs.lib</file>
         <name>heap_4.obj</name>
      </input_file>
      <input_file id="fl-22">
         <path>C:\Users\amartinezacosta\workspace_v9\freertos_builds_MSP_EXP432P401R_release_ccs\Debug\</path>
         <kind>archive</kind>
         <file>freertos_builds_MSP_EXP432P401R_release_ccs.lib</file>
         <name>queue.obj</name>
      </input_file>
      <input_file id="fl-23">
         <path>C:\Users\amartinezacosta\workspace_v9\freertos_builds_MSP_EXP432P401R_release_ccs\Debug\</path>
         <kind>archive</kind>
         <file>freertos_builds_MSP_EXP432P401R_release_ccs.lib</file>
         <name>tasks.obj</name>
      </input_file>
      <input_file id="fl-24">
         <path>C:\Users\amartinezacosta\workspace_v9\freertos_builds_MSP_EXP432P401R_release_ccs\Debug\</path>
         <kind>archive</kind>
         <file>freertos_builds_MSP_EXP432P401R_release_ccs.lib</file>
         <name>timers.obj</name>
      </input_file>
      <input_file id="fl-25">
         <path>C:\Users\amartinezacosta\workspace_v9\freertos_builds_MSP_EXP432P401R_release_ccs\Debug\</path>
         <kind>archive</kind>
         <file>freertos_builds_MSP_EXP432P401R_release_ccs.lib</file>
         <name>port.obj</name>
      </input_file>
      <input_file id="fl-26">
         <path>C:\Users\amartinezacosta\workspace_v9\freertos_builds_MSP_EXP432P401R_release_ccs\Debug\</path>
         <kind>archive</kind>
         <file>freertos_builds_MSP_EXP432P401R_release_ccs.lib</file>
         <name>portasm.obj</name>
      </input_file>
      <input_file id="fl-27">
         <path>C:\Users\amartinezacosta\workspace_v9\freertos_builds_MSP_EXP432P401R_release_ccs\Debug\</path>
         <kind>archive</kind>
         <file>freertos_builds_MSP_EXP432P401R_release_ccs.lib</file>
         <name>startup_msp432_ccs.obj</name>
      </input_file>
      <input_file id="fl-28">
         <path>C:\Users\amartinezacosta\workspace_v9\freertos_builds_MSP_EXP432P401R_release_ccs\Debug\</path>
         <kind>archive</kind>
         <file>freertos_builds_MSP_EXP432P401R_release_ccs.lib</file>
         <name>PTLS.obj</name>
      </input_file>
      <input_file id="fl-29">
         <path>C:\Users\amartinezacosta\workspace_v9\freertos_builds_MSP_EXP432P401R_release_ccs\Debug\</path>
         <kind>archive</kind>
         <file>freertos_builds_MSP_EXP432P401R_release_ccs.lib</file>
         <name>clock.obj</name>
      </input_file>
      <input_file id="fl-2a">
         <path>C:\Users\amartinezacosta\workspace_v9\freertos_builds_MSP_EXP432P401R_release_ccs\Debug\</path>
         <kind>archive</kind>
         <file>freertos_builds_MSP_EXP432P401R_release_ccs.lib</file>
         <name>pthread.obj</name>
      </input_file>
      <input_file id="fl-2b">
         <path>C:\Users\amartinezacosta\workspace_v9\freertos_builds_MSP_EXP432P401R_release_ccs\Debug\</path>
         <kind>archive</kind>
         <file>freertos_builds_MSP_EXP432P401R_release_ccs.lib</file>
         <name>sleep.obj</name>
      </input_file>
      <input_file id="fl-2c">
         <path>C:\Users\amartinezacosta\workspace_v9\freertos_builds_MSP_EXP432P401R_release_ccs\Debug\</path>
         <kind>archive</kind>
         <file>freertos_builds_MSP_EXP432P401R_release_ccs.lib</file>
         <name>list.obj</name>
      </input_file>
      <input_file id="fl-2d">
         <path>C:\Users\amartinezacosta\workspace_v9\freertos_builds_MSP_EXP432P401R_release_ccs\Debug\</path>
         <kind>archive</kind>
         <file>freertos_builds_MSP_EXP432P401R_release_ccs.lib</file>
         <name>aeabi_portable.obj</name>
      </input_file>
      <input_file id="fl-2e">
         <path>C:\ti\simplelink_msp432p4_sdk_3_40_01_02\source\ti\devices\msp432p4xx\driverlib\ccs\</path>
         <kind>archive</kind>
         <file>msp432p4xx_driverlib.lib</file>
         <name>cpu.o</name>
      </input_file>
      <input_file id="fl-2f">
         <path>C:\ti\simplelink_msp432p4_sdk_3_40_01_02\source\ti\devices\msp432p4xx\driverlib\ccs\</path>
         <kind>archive</kind>
         <file>msp432p4xx_driverlib.lib</file>
         <name>cs.o</name>
      </input_file>
      <input_file id="fl-30">
         <path>C:\ti\simplelink_msp432p4_sdk_3_40_01_02\source\ti\devices\msp432p4xx\driverlib\ccs\</path>
         <kind>archive</kind>
         <file>msp432p4xx_driverlib.lib</file>
         <name>gpio.o</name>
      </input_file>
      <input_file id="fl-31">
         <path>C:\ti\simplelink_msp432p4_sdk_3_40_01_02\source\ti\devices\msp432p4xx\driverlib\ccs\</path>
         <kind>archive</kind>
         <file>msp432p4xx_driverlib.lib</file>
         <name>i2c.o</name>
      </input_file>
      <input_file id="fl-32">
         <path>C:\ti\simplelink_msp432p4_sdk_3_40_01_02\source\ti\devices\msp432p4xx\driverlib\ccs\</path>
         <kind>archive</kind>
         <file>msp432p4xx_driverlib.lib</file>
         <name>interrupt.o</name>
      </input_file>
      <input_file id="fl-33">
         <path>C:\ti\simplelink_msp432p4_sdk_3_40_01_02\source\ti\devices\msp432p4xx\driverlib\ccs\</path>
         <kind>archive</kind>
         <file>msp432p4xx_driverlib.lib</file>
         <name>sysctl.o</name>
      </input_file>
      <input_file id="fl-34">
         <path>C:\ti\simplelink_msp432p4_sdk_3_40_01_02\source\ti\devices\msp432p4xx\driverlib\ccs\</path>
         <kind>archive</kind>
         <file>msp432p4xx_driverlib.lib</file>
         <name>sysctl_a.o</name>
      </input_file>
      <input_file id="fl-35">
         <path>C:\ti\simplelink_msp432p4_sdk_3_40_01_02\source\ti\devices\msp432p4xx\driverlib\ccs\</path>
         <kind>archive</kind>
         <file>msp432p4xx_driverlib.lib</file>
         <name>uart.o</name>
      </input_file>
      <input_file id="fl-eb">
         <path>C:\ti\ccs930\ccs\tools\compiler\ti-cgt-arm_18.12.4.LTS\lib\</path>
         <kind>archive</kind>
         <file>rtsv7M4_T_le_v4SPD16_eabi.lib</file>
         <name>e_asinf.c.obj</name>
      </input_file>
      <input_file id="fl-ec">
         <path>C:\ti\ccs930\ccs\tools\compiler\ti-cgt-arm_18.12.4.LTS\lib\</path>
         <kind>archive</kind>
         <file>rtsv7M4_T_le_v4SPD16_eabi.lib</file>
         <name>e_atan2f.c.obj</name>
      </input_file>
      <input_file id="fl-ed">
         <path>C:\ti\ccs930\ccs\tools\compiler\ti-cgt-arm_18.12.4.LTS\lib\</path>
         <kind>archive</kind>
         <file>rtsv7M4_T_le_v4SPD16_eabi.lib</file>
         <name>e_sqrtf.c.obj</name>
      </input_file>
      <input_file id="fl-ee">
         <path>C:\ti\ccs930\ccs\tools\compiler\ti-cgt-arm_18.12.4.LTS\lib\</path>
         <kind>archive</kind>
         <file>rtsv7M4_T_le_v4SPD16_eabi.lib</file>
         <name>s_atanf.c.obj</name>
      </input_file>
      <input_file id="fl-ef">
         <path>C:\ti\ccs930\ccs\tools\compiler\ti-cgt-arm_18.12.4.LTS\lib\</path>
         <kind>archive</kind>
         <file>rtsv7M4_T_le_v4SPD16_eabi.lib</file>
         <name>e_pow.c.obj</name>
      </input_file>
      <input_file id="fl-f0">
         <path>C:\ti\ccs930\ccs\tools\compiler\ti-cgt-arm_18.12.4.LTS\lib\</path>
         <kind>archive</kind>
         <file>rtsv7M4_T_le_v4SPD16_eabi.lib</file>
         <name>e_sqrt.c.obj</name>
      </input_file>
      <input_file id="fl-f1">
         <path>C:\ti\ccs930\ccs\tools\compiler\ti-cgt-arm_18.12.4.LTS\lib\</path>
         <kind>archive</kind>
         <file>rtsv7M4_T_le_v4SPD16_eabi.lib</file>
         <name>s_scalbn.c.obj</name>
      </input_file>
      <input_file id="fl-f2">
         <path>C:\ti\ccs930\ccs\tools\compiler\ti-cgt-arm_18.12.4.LTS\lib\</path>
         <kind>archive</kind>
         <file>rtsv7M4_T_le_v4SPD16_eabi.lib</file>
         <name>fd_add_t2.asm.obj</name>
      </input_file>
      <input_file id="fl-f3">
         <path>C:\ti\ccs930\ccs\tools\compiler\ti-cgt-arm_18.12.4.LTS\lib\</path>
         <kind>archive</kind>
         <file>rtsv7M4_T_le_v4SPD16_eabi.lib</file>
         <name>fd_cmp_t2.asm.obj</name>
      </input_file>
      <input_file id="fl-f4">
         <path>C:\ti\ccs930\ccs\tools\compiler\ti-cgt-arm_18.12.4.LTS\lib\</path>
         <kind>archive</kind>
         <file>rtsv7M4_T_le_v4SPD16_eabi.lib</file>
         <name>fd_div_t2.asm.obj</name>
      </input_file>
      <input_file id="fl-f5">
         <path>C:\ti\ccs930\ccs\tools\compiler\ti-cgt-arm_18.12.4.LTS\lib\</path>
         <kind>archive</kind>
         <file>rtsv7M4_T_le_v4SPD16_eabi.lib</file>
         <name>fd_mul_t2.asm.obj</name>
      </input_file>
      <input_file id="fl-f6">
         <path>C:\ti\ccs930\ccs\tools\compiler\ti-cgt-arm_18.12.4.LTS\lib\</path>
         <kind>archive</kind>
         <file>rtsv7M4_T_le_v4SPD16_eabi.lib</file>
         <name>fd_tos_t2.asm.obj</name>
      </input_file>
      <input_file id="fl-f7">
         <path>C:\ti\ccs930\ccs\tools\compiler\ti-cgt-arm_18.12.4.LTS\lib\</path>
         <kind>archive</kind>
         <file>rtsv7M4_T_le_v4SPD16_eabi.lib</file>
         <name>fs_tod_t2.asm.obj</name>
      </input_file>
      <input_file id="fl-f8">
         <path>C:\ti\ccs930\ccs\tools\compiler\ti-cgt-arm_18.12.4.LTS\lib\</path>
         <kind>archive</kind>
         <file>rtsv7M4_T_le_v4SPD16_eabi.lib</file>
         <name>i_tofd_t2.asm.obj</name>
      </input_file>
      <input_file id="fl-f9">
         <path>C:\ti\ccs930\ccs\tools\compiler\ti-cgt-arm_18.12.4.LTS\lib\</path>
         <kind>archive</kind>
         <file>rtsv7M4_T_le_v4SPD16_eabi.lib</file>
         <name>ll_mul_t2.asm.obj</name>
      </input_file>
      <input_file id="fl-fa">
         <path>C:\ti\ccs930\ccs\tools\compiler\ti-cgt-arm_18.12.4.LTS\lib\</path>
         <kind>archive</kind>
         <file>rtsv7M4_T_le_v4SPD16_eabi.lib</file>
         <name>ll_tofs_t2.asm.obj</name>
      </input_file>
      <input_file id="fl-fb">
         <path>C:\ti\ccs930\ccs\tools\compiler\ti-cgt-arm_18.12.4.LTS\lib\</path>
         <kind>archive</kind>
         <file>rtsv7M4_T_le_v4SPD16_eabi.lib</file>
         <name>memcpy_t2.asm.obj</name>
      </input_file>
      <input_file id="fl-fc">
         <path>C:\ti\ccs930\ccs\tools\compiler\ti-cgt-arm_18.12.4.LTS\lib\</path>
         <kind>archive</kind>
         <file>rtsv7M4_T_le_v4SPD16_eabi.lib</file>
         <name>u_tofd_t2.asm.obj</name>
      </input_file>
      <input_file id="fl-fd">
         <path>C:\ti\ccs930\ccs\tools\compiler\ti-cgt-arm_18.12.4.LTS\lib\</path>
         <kind>archive</kind>
         <file>rtsv7M4_T_le_v4SPD16_eabi.lib</file>
         <name>ll_div_t2.asm.obj</name>
      </input_file>
      <input_file id="fl-fe">
         <path>C:\ti\ccs930\ccs\tools\compiler\ti-cgt-arm_18.12.4.LTS\lib\</path>
         <kind>archive</kind>
         <file>rtsv7M4_T_le_v4SPD16_eabi.lib</file>
         <name>ull_div_t2.asm.obj</name>
      </input_file>
      <input_file id="fl-ff">
         <path>C:\ti\ccs930\ccs\tools\compiler\ti-cgt-arm_18.12.4.LTS\lib\</path>
         <kind>archive</kind>
         <file>rtsv7M4_T_le_v4SPD16_eabi.lib</file>
         <name>memset_t2.asm.obj</name>
      </input_file>
      <input_file id="fl-100">
         <path>C:\ti\ccs930\ccs\tools\compiler\ti-cgt-arm_18.12.4.LTS\lib\</path>
         <kind>archive</kind>
         <file>rtsv7M4_T_le_v4SPD16_eabi.lib</file>
         <name>copy_zero_init.c.obj</name>
      </input_file>
      <input_file id="fl-101">
         <path>C:\ti\ccs930\ccs\tools\compiler\ti-cgt-arm_18.12.4.LTS\lib\</path>
         <kind>archive</kind>
         <file>rtsv7M4_T_le_v4SPD16_eabi.lib</file>
         <name>copy_decompress_none.c.obj</name>
      </input_file>
      <input_file id="fl-102">
         <path>C:\ti\ccs930\ccs\tools\compiler\ti-cgt-arm_18.12.4.LTS\lib\</path>
         <kind>archive</kind>
         <file>rtsv7M4_T_le_v4SPD16_eabi.lib</file>
         <name>copy_decompress_lzss.c.obj</name>
      </input_file>
      <input_file id="fl-103">
         <path>C:\ti\ccs930\ccs\tools\compiler\ti-cgt-arm_18.12.4.LTS\lib\</path>
         <kind>archive</kind>
         <file>rtsv7M4_T_le_v4SPD16_eabi.lib</file>
         <name>boot_cortex_m.c.obj</name>
      </input_file>
      <input_file id="fl-104">
         <path>C:\ti\ccs930\ccs\tools\compiler\ti-cgt-arm_18.12.4.LTS\lib\</path>
         <kind>archive</kind>
         <file>rtsv7M4_T_le_v4SPD16_eabi.lib</file>
         <name>s_copysign.c.obj</name>
      </input_file>
      <input_file id="fl-105">
         <path>C:\ti\ccs930\ccs\tools\compiler\ti-cgt-arm_18.12.4.LTS\lib\</path>
         <kind>archive</kind>
         <file>rtsv7M4_T_le_v4SPD16_eabi.lib</file>
         <name>div0.asm.obj</name>
      </input_file>
      <input_file id="fl-106">
         <path>C:\ti\ccs930\ccs\tools\compiler\ti-cgt-arm_18.12.4.LTS\lib\</path>
         <kind>archive</kind>
         <file>rtsv7M4_T_le_v4SPD16_eabi.lib</file>
         <name>autoinit.c.obj</name>
      </input_file>
      <input_file id="fl-107">
         <path>C:\ti\ccs930\ccs\tools\compiler\ti-cgt-arm_18.12.4.LTS\lib\</path>
         <kind>archive</kind>
         <file>rtsv7M4_T_le_v4SPD16_eabi.lib</file>
         <name>pre_init.c.obj</name>
      </input_file>
      <input_file id="fl-108">
         <path>C:\ti\ccs930\ccs\tools\compiler\ti-cgt-arm_18.12.4.LTS\lib\</path>
         <kind>archive</kind>
         <file>rtsv7M4_T_le_v4SPD16_eabi.lib</file>
         <name>cpy_tbl.c.obj</name>
      </input_file>
      <input_file id="fl-109">
         <path>C:\ti\ccs930\ccs\tools\compiler\ti-cgt-arm_18.12.4.LTS\lib\</path>
         <kind>archive</kind>
         <file>rtsv7M4_T_le_v4SPD16_eabi.lib</file>
         <name>exit.c.obj</name>
      </input_file>
      <input_file id="fl-10a">
         <path>C:\ti\ccs930\ccs\tools\compiler\ti-cgt-arm_18.12.4.LTS\lib\</path>
         <kind>archive</kind>
         <file>rtsv7M4_T_le_v4SPD16_eabi.lib</file>
         <name>_lock.c.obj</name>
      </input_file>
      <input_file id="fl-10b">
         <path>C:\ti\ccs930\ccs\tools\compiler\ti-cgt-arm_18.12.4.LTS\lib\</path>
         <kind>archive</kind>
         <file>rtsv7M4_T_le_v4SPD16_eabi.lib</file>
         <name>args_main.c.obj</name>
      </input_file>
   </input_file_list>
   <object_component_list>
      <object_component id="oc-2e6">
         <name>.text:Madgwick_quaternion_update</name>
         <load_address>0x144</load_address>
         <run_address>0x144</run_address>
         <size>0xbfc</size>
         <input_file_ref idref="fl-8"/>
      </object_component>
      <object_component id="oc-50f">
         <name>.text:pow</name>
         <load_address>0xd40</load_address>
         <run_address>0xd40</run_address>
         <size>0x9c0</size>
         <input_file_ref idref="fl-ef"/>
      </object_component>
      <object_component id="oc-7e0">
         <name>.text:Power_sleep</name>
         <load_address>0x1700</load_address>
         <run_address>0x1700</run_address>
         <size>0x2f8</size>
         <input_file_ref idref="fl-19"/>
      </object_component>
      <object_component id="oc-36a">
         <name>.text:initPerfControl</name>
         <load_address>0x19f8</load_address>
         <run_address>0x19f8</run_address>
         <size>0x288</size>
         <input_file_ref idref="fl-19"/>
      </object_component>
      <object_component id="oc-2b9">
         <name>.text:AK8963_calibrate_magnetometer</name>
         <load_address>0x1c80</load_address>
         <run_address>0x1c80</run_address>
         <size>0x258</size>
         <input_file_ref idref="fl-4"/>
      </object_component>
      <object_component id="oc-2f8">
         <name>.text:BME280_pressure</name>
         <load_address>0x1ed8</load_address>
         <run_address>0x1ed8</run_address>
         <size>0x250</size>
         <input_file_ref idref="fl-2"/>
      </object_component>
      <object_component id="oc-2ec">
         <name>.text:Madgwick_quaternion_angles</name>
         <load_address>0x2128</load_address>
         <run_address>0x2128</run_address>
         <size>0x200</size>
         <input_file_ref idref="fl-8"/>
      </object_component>
      <object_component id="oc-15f">
         <name>.text:mainThread</name>
         <load_address>0x2328</load_address>
         <run_address>0x2328</run_address>
         <size>0x1cc</size>
         <input_file_ref idref="fl-7"/>
      </object_component>
      <object_component id="oc-61c">
         <name>.text:xQueueGenericSend</name>
         <load_address>0x24f4</load_address>
         <run_address>0x24f4</run_address>
         <size>0x1b8</size>
         <input_file_ref idref="fl-22"/>
      </object_component>
      <object_component id="oc-515">
         <name>.text</name>
         <load_address>0x26ac</load_address>
         <run_address>0x26ac</run_address>
         <size>0x1b6</size>
         <input_file_ref idref="fl-f2"/>
      </object_component>
      <object_component id="oc-21b">
         <name>.text:Board_initHook</name>
         <load_address>0x2862</load_address>
         <run_address>0x2862</run_address>
         <size>0x2</size>
         <input_file_ref idref="fl-6"/>
      </object_component>
      <object_component id="oc-22a">
         <name>.text:pvPortMalloc</name>
         <load_address>0x2864</load_address>
         <run_address>0x2864</run_address>
         <size>0x184</size>
         <input_file_ref idref="fl-21"/>
      </object_component>
      <object_component id="oc-870">
         <name>.text:xQueueReceive</name>
         <load_address>0x29e8</load_address>
         <run_address>0x29e8</run_address>
         <size>0x180</size>
         <input_file_ref idref="fl-22"/>
      </object_component>
      <object_component id="oc-4ea">
         <name>.text:asinf</name>
         <load_address>0x2b68</load_address>
         <run_address>0x2b68</run_address>
         <size>0x170</size>
         <input_file_ref idref="fl-eb"/>
      </object_component>
      <object_component id="oc-650">
         <name>.text:prvProcessReceivedCommands</name>
         <load_address>0x2cd8</load_address>
         <run_address>0x2cd8</run_address>
         <size>0x164</size>
         <input_file_ref idref="fl-24"/>
      </object_component>
      <object_component id="oc-52e">
         <name>.text:PrintFloat</name>
         <load_address>0x2e3c</load_address>
         <run_address>0x2e3c</run_address>
         <size>0x160</size>
         <input_file_ref idref="fl-5"/>
      </object_component>
      <object_component id="oc-4f0">
         <name>.text:atan2f</name>
         <load_address>0x2f9c</load_address>
         <run_address>0x2f9c</run_address>
         <size>0x158</size>
         <input_file_ref idref="fl-ec"/>
      </object_component>
      <object_component id="oc-47d">
         <name>.text:sqrt</name>
         <load_address>0x30f4</load_address>
         <run_address>0x30f4</run_address>
         <size>0x158</size>
         <input_file_ref idref="fl-f0"/>
      </object_component>
      <object_component id="oc-73d">
         <name>.text:atanf</name>
         <load_address>0x324c</load_address>
         <run_address>0x324c</run_address>
         <size>0x150</size>
         <input_file_ref idref="fl-ee"/>
      </object_component>
      <object_component id="oc-b3">
         <name>.text:xTaskIncrementTick</name>
         <load_address>0x339c</load_address>
         <run_address>0x339c</run_address>
         <size>0x140</size>
         <input_file_ref idref="fl-23"/>
      </object_component>
      <object_component id="oc-153">
         <name>.text:pthread_create</name>
         <load_address>0x34dc</load_address>
         <run_address>0x34dc</run_address>
         <size>0x138</size>
         <input_file_ref idref="fl-2a"/>
      </object_component>
      <object_component id="oc-2ca">
         <name>.text</name>
         <load_address>0x3614</load_address>
         <run_address>0x3614</run_address>
         <size>0x136</size>
         <input_file_ref idref="fl-f4"/>
      </object_component>
      <object_component id="oc-3c6">
         <name>.text:prvInitialiseNewTask</name>
         <load_address>0x374a</load_address>
         <run_address>0x374a</run_address>
         <size>0x12a</size>
         <input_file_ref idref="fl-23"/>
      </object_component>
      <object_component id="oc-452">
         <name>.text:BME280_coefficients</name>
         <load_address>0x3874</load_address>
         <run_address>0x3874</run_address>
         <size>0x124</size>
         <input_file_ref idref="fl-2"/>
      </object_component>
      <object_component id="oc-67d">
         <name>.text:UART_initModule</name>
         <load_address>0x3998</load_address>
         <run_address>0x3998</run_address>
         <size>0x11c</size>
         <input_file_ref idref="fl-35"/>
      </object_component>
      <object_component id="oc-25a">
         <name>.text:xTaskResumeAll</name>
         <load_address>0x3ab4</load_address>
         <run_address>0x3ab4</run_address>
         <size>0x11c</size>
         <input_file_ref idref="fl-23"/>
      </object_component>
      <object_component id="oc-2fe">
         <name>.text:BME280_humidity</name>
         <load_address>0x3bd0</load_address>
         <run_address>0x3bd0</run_address>
         <size>0x118</size>
         <input_file_ref idref="fl-2"/>
      </object_component>
      <object_component id="oc-763">
         <name>.text:scalbn</name>
         <load_address>0x3ce8</load_address>
         <run_address>0x3ce8</run_address>
         <size>0x110</size>
         <input_file_ref idref="fl-f1"/>
      </object_component>
      <object_component id="oc-962">
         <name>.text:xQueueGenericSendFromISR</name>
         <load_address>0x3df8</load_address>
         <run_address>0x3df8</run_address>
         <size>0x10a</size>
         <input_file_ref idref="fl-22"/>
      </object_component>
      <object_component id="oc-5b4">
         <name>.text:PowerMSP432_initPolicy</name>
         <load_address>0x3f02</load_address>
         <run_address>0x3f02</run_address>
         <size>0x2</size>
         <input_file_ref idref="fl-1f"/>
      </object_component>
      <object_component id="oc-877">
         <name>.text:_CSComputeCLKFrequency</name>
         <load_address>0x3f04</load_address>
         <run_address>0x3f04</run_address>
         <size>0x104</size>
         <input_file_ref idref="fl-2f"/>
      </object_component>
      <object_component id="oc-438">
         <name>.text:AK8963_init</name>
         <load_address>0x4008</load_address>
         <run_address>0x4008</run_address>
         <size>0x100</size>
         <input_file_ref idref="fl-4"/>
      </object_component>
      <object_component id="oc-628">
         <name>.text:vTaskDelete</name>
         <load_address>0x4108</load_address>
         <run_address>0x4108</run_address>
         <size>0x100</size>
         <input_file_ref idref="fl-23"/>
      </object_component>
      <object_component id="oc-483">
         <name>.text</name>
         <load_address>0x4208</load_address>
         <run_address>0x4208</run_address>
         <size>0xfc</size>
         <input_file_ref idref="fl-f5"/>
      </object_component>
      <object_component id="oc-622">
         <name>.text:vTaskSuspend</name>
         <load_address>0x4304</load_address>
         <run_address>0x4304</run_address>
         <size>0xfc</size>
         <input_file_ref idref="fl-23"/>
      </object_component>
      <object_component id="oc-982">
         <name>.text:CS_getDCOFrequency</name>
         <load_address>0x4400</load_address>
         <run_address>0x4400</run_address>
         <size>0xf8</size>
         <input_file_ref idref="fl-2f"/>
      </object_component>
      <object_component id="oc-2da">
         <name>.text:MPU9250_gyroscope</name>
         <load_address>0x44f8</load_address>
         <run_address>0x44f8</run_address>
         <size>0xf8</size>
         <input_file_ref idref="fl-4"/>
      </object_component>
      <object_component id="oc-2e0">
         <name>.text:AK8963_magnetometer</name>
         <load_address>0x45f0</load_address>
         <run_address>0x45f0</run_address>
         <size>0xf4</size>
         <input_file_ref idref="fl-4"/>
      </object_component>
      <object_component id="oc-57d">
         <name>.text:CS_startHFXTWithTimeout</name>
         <load_address>0x46e4</load_address>
         <run_address>0x46e4</run_address>
         <size>0xe4</size>
         <input_file_ref idref="fl-2f"/>
      </object_component>
      <object_component id="oc-583">
         <name>.text:CS_startLFXTWithTimeout</name>
         <load_address>0x47c8</load_address>
         <run_address>0x47c8</run_address>
         <size>0xe0</size>
         <input_file_ref idref="fl-2f"/>
      </object_component>
      <object_component id="oc-93b">
         <name>.text:xTaskPriorityDisinherit</name>
         <load_address>0x48a8</load_address>
         <run_address>0x48a8</run_address>
         <size>0xe0</size>
         <input_file_ref idref="fl-23"/>
      </object_component>
      <object_component id="oc-30f">
         <name>.text:UARTDEBUG_printf</name>
         <load_address>0x4988</load_address>
         <run_address>0x4988</run_address>
         <size>0xdc</size>
         <input_file_ref idref="fl-5"/>
      </object_component>
      <object_component id="oc-7a0">
         <name>.text:_CSGetHFXTFrequency</name>
         <load_address>0x4a64</load_address>
         <run_address>0x4a64</run_address>
         <size>0xdc</size>
         <input_file_ref idref="fl-2f"/>
      </object_component>
      <object_component id="oc-ac">
         <name>.text:vTaskSwitchContext</name>
         <load_address>0x4b40</load_address>
         <run_address>0x4b40</run_address>
         <size>0xdc</size>
         <input_file_ref idref="fl-23"/>
      </object_component>
      <object_component id="oc-60">
         <name>.text</name>
         <load_address>0x4c1c</load_address>
         <run_address>0x4c1c</run_address>
         <size>0xda</size>
         <input_file_ref idref="fl-26"/>
      </object_component>
      <object_component id="oc-5a">
         <name>.text:defaultISR</name>
         <load_address>0x4cf6</load_address>
         <run_address>0x4cf6</run_address>
         <size>0x2</size>
         <input_file_ref idref="fl-27"/>
      </object_component>
      <object_component id="oc-2f2">
         <name>.text:BME280_temperature</name>
         <load_address>0x4cf8</load_address>
         <run_address>0x4cf8</run_address>
         <size>0xd0</size>
         <input_file_ref idref="fl-2"/>
      </object_component>
      <object_component id="oc-270">
         <name>.text:xPortStartScheduler</name>
         <load_address>0x4dc8</load_address>
         <run_address>0x4dc8</run_address>
         <size>0xd0</size>
         <input_file_ref idref="fl-25"/>
      </object_component>
      <object_component id="oc-3cc">
         <name>.text:prvAddNewTaskToReadyList</name>
         <load_address>0x4e98</load_address>
         <run_address>0x4e98</run_address>
         <size>0xc4</size>
         <input_file_ref idref="fl-23"/>
      </object_component>
      <object_component id="oc-2ad">
         <name>.text:MPU9250_calibrate_accelerometer</name>
         <load_address>0x4f5c</load_address>
         <run_address>0x4f5c</run_address>
         <size>0xc0</size>
         <input_file_ref idref="fl-4"/>
      </object_component>
      <object_component id="oc-81a">
         <name>.text:prvCopyDataToQueue</name>
         <load_address>0x501c</load_address>
         <run_address>0x501c</run_address>
         <size>0xbe</size>
         <input_file_ref idref="fl-22"/>
      </object_component>
      <object_component id="oc-54">
         <name>.text:faultISR</name>
         <load_address>0x50da</load_address>
         <run_address>0x50da</run_address>
         <size>0x2</size>
         <input_file_ref idref="fl-27"/>
      </object_component>
      <object_component id="oc-39c">
         <name>.text:prvHeapInit</name>
         <load_address>0x50dc</load_address>
         <run_address>0x50dc</run_address>
         <size>0xbc</size>
         <input_file_ref idref="fl-21"/>
      </object_component>
      <object_component id="oc-953">
         <name>.text:prvSwitchTimerLists</name>
         <load_address>0x5198</load_address>
         <run_address>0x5198</run_address>
         <size>0xbc</size>
         <input_file_ref idref="fl-24"/>
      </object_component>
      <object_component id="oc-5de">
         <name>.text:xQueueGenericReset</name>
         <load_address>0x5254</load_address>
         <run_address>0x5254</run_address>
         <size>0xb8</size>
         <input_file_ref idref="fl-22"/>
      </object_component>
      <object_component id="oc-779">
         <name>.text:prvAddCurrentTaskToDelayedList</name>
         <load_address>0x530c</load_address>
         <run_address>0x530c</run_address>
         <size>0xb0</size>
         <input_file_ref idref="fl-23"/>
      </object_component>
      <object_component id="oc-820">
         <name>.text:xTaskCheckForTimeOut</name>
         <load_address>0x53bc</load_address>
         <run_address>0x53bc</run_address>
         <size>0xb0</size>
         <input_file_ref idref="fl-23"/>
      </object_component>
      <object_component id="oc-832">
         <name>.text:prvUnlockQueue</name>
         <load_address>0x546c</load_address>
         <run_address>0x546c</run_address>
         <size>0xae</size>
         <input_file_ref idref="fl-22"/>
      </object_component>
      <object_component id="oc-4e">
         <name>.text:nmiISR</name>
         <load_address>0x551a</load_address>
         <run_address>0x551a</run_address>
         <size>0x2</size>
         <input_file_ref idref="fl-27"/>
      </object_component>
      <object_component id="oc-2bf">
         <name>.text:clock_gettime</name>
         <load_address>0x551c</load_address>
         <run_address>0x551c</run_address>
         <size>0xac</size>
         <input_file_ref idref="fl-29"/>
      </object_component>
      <object_component id="oc-3a2">
         <name>.text:prvInsertBlockIntoFreeList</name>
         <load_address>0x55c8</load_address>
         <run_address>0x55c8</run_address>
         <size>0xa8</size>
         <input_file_ref idref="fl-21"/>
      </object_component>
      <object_component id="oc-236">
         <name>.text:vPortFree</name>
         <load_address>0x5670</load_address>
         <run_address>0x5670</run_address>
         <size>0xa8</size>
         <input_file_ref idref="fl-21"/>
      </object_component>
      <object_component id="oc-7f1">
         <name>.text:xTaskRemoveFromEventList</name>
         <load_address>0x5718</load_address>
         <run_address>0x5718</run_address>
         <size>0xa8</size>
         <input_file_ref idref="fl-23"/>
      </object_component>
      <object_component id="oc-2d4">
         <name>.text:MPU9250_accelerometer</name>
         <load_address>0x57c0</load_address>
         <run_address>0x57c0</run_address>
         <size>0x9c</size>
         <input_file_ref idref="fl-4"/>
      </object_component>
      <object_component id="oc-215">
         <name>.text:Power_init</name>
         <load_address>0x585c</load_address>
         <run_address>0x585c</run_address>
         <size>0x9c</size>
         <input_file_ref idref="fl-19"/>
      </object_component>
      <object_component id="oc-34">
         <name>.text</name>
         <load_address>0x58f8</load_address>
         <run_address>0x58f8</run_address>
         <size>0x9c</size>
         <input_file_ref idref="fl-fb"/>
      </object_component>
      <object_component id="oc-41f">
         <name>.text:uartdev_init</name>
         <load_address>0x5994</load_address>
         <run_address>0x5994</run_address>
         <size>0x9c</size>
         <input_file_ref idref="fl-c"/>
      </object_component>
      <object_component id="oc-74f">
         <name>.text</name>
         <load_address>0x5a30</load_address>
         <run_address>0x5a30</run_address>
         <size>0x96</size>
         <input_file_ref idref="fl-fe"/>
      </object_component>
      <object_component id="oc-74a">
         <name>.text</name>
         <load_address>0x5ac6</load_address>
         <run_address>0x5ac6</run_address>
         <size>0x2</size>
         <input_file_ref idref="fl-105"/>
      </object_component>
      <object_component id="oc-9b7">
         <name>.text:SysCtl_A_getTLVInfo</name>
         <load_address>0x5ac8</load_address>
         <run_address>0x5ac8</run_address>
         <size>0x94</size>
         <input_file_ref idref="fl-34"/>
      </object_component>
      <object_component id="oc-159">
         <name>.text:vTaskStartScheduler</name>
         <load_address>0x5b5c</load_address>
         <run_address>0x5b5c</run_address>
         <size>0x94</size>
         <input_file_ref idref="fl-23"/>
      </object_component>
      <object_component id="oc-295">
         <name>.text:MPU9250_accelerometer_range</name>
         <load_address>0x5bf0</load_address>
         <run_address>0x5bf0</run_address>
         <size>0x90</size>
         <input_file_ref idref="fl-4"/>
      </object_component>
      <object_component id="oc-4c6">
         <name>.text:_clock_gettimeMono</name>
         <load_address>0x5c80</load_address>
         <run_address>0x5c80</run_address>
         <size>0x8c</size>
         <input_file_ref idref="fl-29"/>
      </object_component>
      <object_component id="oc-677">
         <name>.text:GPIO_setAsPeripheralModuleFunctionInputPin</name>
         <load_address>0x5d0c</load_address>
         <run_address>0x5d0c</run_address>
         <size>0x88</size>
         <input_file_ref idref="fl-30"/>
      </object_component>
      <object_component id="oc-64a">
         <name>.text:prvProcessTimerOrBlockTask</name>
         <load_address>0x5d94</load_address>
         <run_address>0x5d94</run_address>
         <size>0x88</size>
         <input_file_ref idref="fl-24"/>
      </object_component>
      <object_component id="oc-759">
         <name>.text:__aeabi_cdcmple</name>
         <load_address>0x5e1c</load_address>
         <run_address>0x5e1c</run_address>
         <size>0x86</size>
         <input_file_ref idref="fl-f3"/>
      </object_component>
      <object_component id="oc-75e">
         <name>.text:__aeabi_cdrcmple</name>
         <load_address>0x5ea2</load_address>
         <run_address>0x5ea2</run_address>
         <size>0x86</size>
         <input_file_ref idref="fl-f3"/>
      </object_component>
      <object_component id="oc-528">
         <name>.text:PrintInteger</name>
         <load_address>0x5f28</load_address>
         <run_address>0x5f28</run_address>
         <size>0x84</size>
         <input_file_ref idref="fl-5"/>
      </object_component>
      <object_component id="oc-929">
         <name>.text:restartHFXT</name>
         <load_address>0x5fac</load_address>
         <run_address>0x5fac</run_address>
         <size>0x84</size>
         <input_file_ref idref="fl-19"/>
      </object_component>
      <object_component id="oc-86a">
         <name>.text:xTimerGenericCommand</name>
         <load_address>0x6030</load_address>
         <run_address>0x6030</run_address>
         <size>0x84</size>
         <input_file_ref idref="fl-24"/>
      </object_component>
      <object_component id="oc-5a2">
         <name>.text:Interrupt_enableInterrupt</name>
         <load_address>0x60b4</load_address>
         <run_address>0x60b4</run_address>
         <size>0x80</size>
         <input_file_ref idref="fl-32"/>
      </object_component>
      <object_component id="oc-857">
         <name>.text:prvProcessExpiredTimer</name>
         <load_address>0x6134</load_address>
         <run_address>0x6134</run_address>
         <size>0x80</size>
         <input_file_ref idref="fl-24"/>
      </object_component>
      <object_component id="oc-304">
         <name>.text:BME280_altitude</name>
         <load_address>0x61b4</load_address>
         <run_address>0x61b4</run_address>
         <size>0x7c</size>
         <input_file_ref idref="fl-2"/>
      </object_component>
      <object_component id="oc-9bd">
         <name>.text:_CSGetDOCFrequency</name>
         <load_address>0x6230</load_address>
         <run_address>0x6230</run_address>
         <size>0x7c</size>
         <input_file_ref idref="fl-2f"/>
      </object_component>
      <object_component id="oc-48d">
         <name>.text:i2c_read</name>
         <load_address>0x62ac</load_address>
         <run_address>0x62ac</run_address>
         <size>0x7c</size>
         <input_file_ref idref="fl-b"/>
      </object_component>
      <object_component id="oc-616">
         <name>.text:removeThreadKeys</name>
         <load_address>0x6328</load_address>
         <run_address>0x6328</run_address>
         <size>0x7a</size>
         <input_file_ref idref="fl-2a"/>
      </object_component>
      <object_component id="oc-85">
         <name>.text</name>
         <load_address>0x63a2</load_address>
         <run_address>0x63a2</run_address>
         <size>0x7a</size>
         <input_file_ref idref="fl-ff"/>
      </object_component>
      <object_component id="oc-248">
         <name>.text:xTaskCreate</name>
         <load_address>0x641c</load_address>
         <run_address>0x641c</run_address>
         <size>0x7a</size>
         <input_file_ref idref="fl-23"/>
      </object_component>
      <object_component id="oc-3a8">
         <name>.text:vApplicationMallocFailedHook</name>
         <load_address>0x6496</load_address>
         <run_address>0x6496</run_address>
         <size>0x2</size>
         <input_file_ref idref="fl-9"/>
      </object_component>
      <object_component id="oc-864">
         <name>.text:prvInsertTimerInActiveList</name>
         <load_address>0x6498</load_address>
         <run_address>0x6498</run_address>
         <size>0x78</size>
         <input_file_ref idref="fl-24"/>
      </object_component>
      <object_component id="oc-402">
         <name>.text:vPortSetupTimerInterrupt</name>
         <load_address>0x6510</load_address>
         <run_address>0x6510</run_address>
         <size>0x78</size>
         <input_file_ref idref="fl-25"/>
      </object_component>
      <object_component id="oc-2b3">
         <name>.text:MPU9250_calibrate_gyroscope</name>
         <load_address>0x6588</load_address>
         <run_address>0x6588</run_address>
         <size>0x74</size>
         <input_file_ref idref="fl-4"/>
      </object_component>
      <object_component id="oc-5f9">
         <name>.text:prvInitialiseTaskLists</name>
         <load_address>0x65fc</load_address>
         <run_address>0x65fc</run_address>
         <size>0x74</size>
         <input_file_ref idref="fl-23"/>
      </object_component>
      <object_component id="oc-9ac">
         <name>.text:vPortValidateInterruptPriority</name>
         <load_address>0x6670</load_address>
         <run_address>0x6670</run_address>
         <size>0x74</size>
         <input_file_ref idref="fl-25"/>
      </object_component>
      <object_component id="oc-2cf">
         <name>.text</name>
         <load_address>0x66e4</load_address>
         <run_address>0x66e4</run_address>
         <size>0x6e</size>
         <input_file_ref idref="fl-f6"/>
      </object_component>
      <object_component id="oc-503">
         <name>.text</name>
         <load_address>0x6752</load_address>
         <run_address>0x6752</run_address>
         <size>0x6e</size>
         <input_file_ref idref="fl-fd"/>
      </object_component>
      <object_component id="oc-8a1">
         <name>.text:I2C_masterSendMultiByteFinish</name>
         <load_address>0x67c0</load_address>
         <run_address>0x67c0</run_address>
         <size>0x6c</size>
         <input_file_ref idref="fl-31"/>
      </object_component>
      <object_component id="oc-6d3">
         <name>.text:I2C_masterSendMultiByteStart</name>
         <load_address>0x682c</load_address>
         <run_address>0x682c</run_address>
         <size>0x68</size>
         <input_file_ref idref="fl-31"/>
      </object_component>
      <object_component id="oc-f">
         <name>.text:decompress:lzss:__TI_decompress_lzss</name>
         <load_address>0x6894</load_address>
         <run_address>0x6894</run_address>
         <size>0x68</size>
         <input_file_ref idref="fl-102"/>
      </object_component>
      <object_component id="oc-8fd">
         <name>.text:vListInsert</name>
         <load_address>0x68fc</load_address>
         <run_address>0x68fc</run_address>
         <size>0x66</size>
         <input_file_ref idref="fl-2c"/>
      </object_component>
      <object_component id="oc-694">
         <name>.text:i2c_write</name>
         <load_address>0x6964</load_address>
         <run_address>0x6964</run_address>
         <size>0x64</size>
         <input_file_ref idref="fl-b"/>
      </object_component>
      <object_component id="oc-e5">
         <name>.text:main</name>
         <load_address>0x69c8</load_address>
         <run_address>0x69c8</run_address>
         <size>0x64</size>
         <input_file_ref idref="fl-9"/>
      </object_component>
      <object_component id="oc-412">
         <name>.text:prvGetExpectedIdleTime</name>
         <load_address>0x6a2c</load_address>
         <run_address>0x6a2c</run_address>
         <size>0x64</size>
         <input_file_ref idref="fl-23"/>
      </object_component>
      <object_component id="oc-976">
         <name>.text:_CSGetDividerValue</name>
         <load_address>0x6a90</load_address>
         <run_address>0x6a90</run_address>
         <size>0x62</size>
         <input_file_ref idref="fl-2f"/>
      </object_component>
      <object_component id="oc-376">
         <name>.text:HwiP_create</name>
         <load_address>0x6af4</load_address>
         <run_address>0x6af4</run_address>
         <size>0x60</size>
         <input_file_ref idref="fl-1e"/>
      </object_component>
      <object_component id="oc-5f2">
         <name>.text:pxPortInitialiseStack</name>
         <load_address>0x6b54</load_address>
         <run_address>0x6b54</run_address>
         <size>0x60</size>
         <input_file_ref idref="fl-25"/>
      </object_component>
      <object_component id="oc-230">
         <name>.text:xQueueGenericCreate</name>
         <load_address>0x6bb4</load_address>
         <run_address>0x6bb4</run_address>
         <size>0x60</size>
         <input_file_ref idref="fl-22"/>
      </object_component>
      <object_component id="oc-596">
         <name>.text:Interrupt_registerInterrupt</name>
         <load_address>0x6c14</load_address>
         <run_address>0x6c14</run_address>
         <size>0x5c</size>
         <input_file_ref idref="fl-32"/>
      </object_component>
      <object_component id="oc-276">
         <name>.text:prvIdleTask</name>
         <load_address>0x6c70</load_address>
         <run_address>0x6c70</run_address>
         <size>0x5c</size>
         <input_file_ref idref="fl-23"/>
      </object_component>
      <object_component id="oc-3e8">
         <name>.text:pthread_exit</name>
         <load_address>0x6ccc</load_address>
         <run_address>0x6ccc</run_address>
         <size>0x5c</size>
         <input_file_ref idref="fl-2a"/>
      </object_component>
      <object_component id="oc-85d">
         <name>.text:vQueueWaitForMessageRestricted</name>
         <load_address>0x6d28</load_address>
         <run_address>0x6d28</run_address>
         <size>0x5c</size>
         <input_file_ref idref="fl-22"/>
      </object_component>
      <object_component id="oc-53b">
         <name>.text:vTaskDelay</name>
         <load_address>0x6d84</load_address>
         <run_address>0x6d84</run_address>
         <size>0x5c</size>
         <input_file_ref idref="fl-23"/>
      </object_component>
      <object_component id="oc-289">
         <name>.text:BME280_init</name>
         <load_address>0x6de0</load_address>
         <run_address>0x6de0</run_address>
         <size>0x54</size>
         <input_file_ref idref="fl-2"/>
      </object_component>
      <object_component id="oc-59c">
         <name>.text:Interrupt_setPriority</name>
         <load_address>0x6e34</load_address>
         <run_address>0x6e34</run_address>
         <size>0x54</size>
         <input_file_ref idref="fl-32"/>
      </object_component>
      <object_component id="oc-283">
         <name>.text:MPU9250_init</name>
         <load_address>0x6e88</load_address>
         <run_address>0x6e88</run_address>
         <size>0x54</size>
         <input_file_ref idref="fl-4"/>
      </object_component>
      <object_component id="oc-26a">
         <name>.text:xTimerCreateTimerTask</name>
         <load_address>0x6edc</load_address>
         <run_address>0x6edc</run_address>
         <size>0x54</size>
         <input_file_ref idref="fl-24"/>
      </object_component>
      <object_component id="oc-28f">
         <name>.text:Madgwick_init</name>
         <load_address>0x6f30</load_address>
         <run_address>0x6f30</run_address>
         <size>0x50</size>
         <input_file_ref idref="fl-8"/>
      </object_component>
      <object_component id="oc-426">
         <name>.text:i2c_init</name>
         <load_address>0x6f80</load_address>
         <run_address>0x6f80</run_address>
         <size>0x50</size>
         <input_file_ref idref="fl-b"/>
      </object_component>
      <object_component id="oc-46a">
         <name>.text:BME280_pressure_sampling</name>
         <load_address>0x6fd0</load_address>
         <run_address>0x6fd0</run_address>
         <size>0x4e</size>
         <input_file_ref idref="fl-2"/>
      </object_component>
      <object_component id="oc-464">
         <name>.text:BME280_temperature_sampling</name>
         <load_address>0x701e</load_address>
         <run_address>0x701e</run_address>
         <size>0x4e</size>
         <input_file_ref idref="fl-2"/>
      </object_component>
      <object_component id="oc-470">
         <name>.text:BME280_humid_sampling</name>
         <load_address>0x706c</load_address>
         <run_address>0x706c</run_address>
         <size>0x4c</size>
         <input_file_ref idref="fl-2"/>
      </object_component>
      <object_component id="oc-3ef">
         <name>.text:prvCheckForValidListAndQueue</name>
         <load_address>0x70b8</load_address>
         <run_address>0x70b8</run_address>
         <size>0x4c</size>
         <input_file_ref idref="fl-24"/>
      </object_component>
      <object_component id="oc-40c">
         <name>.text:prvCheckTasksWaitingTermination</name>
         <load_address>0x7104</load_address>
         <run_address>0x7104</run_address>
         <size>0x4c</size>
         <input_file_ref idref="fl-23"/>
      </object_component>
      <object_component id="oc-3d3">
         <name>.text:vPortEnterCritical</name>
         <load_address>0x7150</load_address>
         <run_address>0x7150</run_address>
         <size>0x4c</size>
         <input_file_ref idref="fl-25"/>
      </object_component>
      <object_component id="oc-8cb">
         <name>.text:vTaskSetThreadLocalStoragePointer</name>
         <load_address>0x719c</load_address>
         <run_address>0x719c</run_address>
         <size>0x4c</size>
         <input_file_ref idref="fl-23"/>
      </object_component>
      <object_component id="oc-4b0">
         <name>.text:AK8963_raw_magnetometer</name>
         <load_address>0x71e8</load_address>
         <run_address>0x71e8</run_address>
         <size>0x4a</size>
         <input_file_ref idref="fl-4"/>
      </object_component>
      <object_component id="oc-5ab">
         <name>.text:HwiP_dispatch</name>
         <load_address>0x7234</load_address>
         <run_address>0x7234</run_address>
         <size>0x48</size>
         <input_file_ref idref="fl-1e"/>
      </object_component>
      <object_component id="oc-508">
         <name>.text</name>
         <load_address>0x727c</load_address>
         <run_address>0x727c</run_address>
         <size>0x48</size>
         <input_file_ref idref="fl-fa"/>
      </object_component>
      <object_component id="oc-117">
         <name>.text:uxListRemove</name>
         <load_address>0x72c4</load_address>
         <run_address>0x72c4</run_address>
         <size>0x48</size>
         <input_file_ref idref="fl-2c"/>
      </object_component>
      <object_component id="oc-17c">
         <name>.text:__TI_auto_init_nobinit_nopinit:__TI_auto_init_nobinit_nopinit</name>
         <load_address>0x730c</load_address>
         <run_address>0x730c</run_address>
         <size>0x44</size>
         <input_file_ref idref="fl-106"/>
      </object_component>
      <object_component id="oc-3b6">
         <name>.text:prvInitialiseNewQueue</name>
         <load_address>0x7350</load_address>
         <run_address>0x7350</run_address>
         <size>0x44</size>
         <input_file_ref idref="fl-22"/>
      </object_component>
      <object_component id="oc-49c">
         <name>.text:MPU9250_raw_accelerometer</name>
         <load_address>0x7394</load_address>
         <run_address>0x7394</run_address>
         <size>0x42</size>
         <input_file_ref idref="fl-4"/>
      </object_component>
      <object_component id="oc-4a6">
         <name>.text:MPU9250_raw_gyroscope</name>
         <load_address>0x73d6</load_address>
         <run_address>0x73d6</run_address>
         <size>0x42</size>
         <input_file_ref idref="fl-4"/>
      </object_component>
      <object_component id="oc-6eb">
         <name>.text:I2C_masterReceiveMultiByteFinish</name>
         <load_address>0x7418</load_address>
         <run_address>0x7418</run_address>
         <size>0x40</size>
         <input_file_ref idref="fl-31"/>
      </object_component>
      <object_component id="oc-4cc">
         <name>.text:__aeabi_errno_addr</name>
         <load_address>0x7458</load_address>
         <run_address>0x7458</run_address>
         <size>0x40</size>
         <input_file_ref idref="fl-2d"/>
      </object_component>
      <object_component id="oc-95a">
         <name>.text:vTaskPlaceOnEventListRestricted</name>
         <load_address>0x7498</load_address>
         <run_address>0x7498</run_address>
         <size>0x40</size>
         <input_file_ref idref="fl-23"/>
      </object_component>
      <object_component id="oc-60a">
         <name>.text:pthread_setcancelstate</name>
         <load_address>0x74d8</load_address>
         <run_address>0x74d8</run_address>
         <size>0x3e</size>
         <input_file_ref idref="fl-2a"/>
      </object_component>
      <object_component id="oc-969">
         <name>.text:prvCopyDataFromQueue</name>
         <load_address>0x7516</load_address>
         <run_address>0x7516</run_address>
         <size>0x3c</size>
         <input_file_ref idref="fl-22"/>
      </object_component>
      <object_component id="oc-111">
         <name>.text:prvResetNextTaskUnblockTime</name>
         <load_address>0x7554</load_address>
         <run_address>0x7554</run_address>
         <size>0x3c</size>
         <input_file_ref idref="fl-23"/>
      </object_component>
      <object_component id="oc-8c3">
         <name>.text:pvTaskGetThreadLocalStoragePointer</name>
         <load_address>0x7590</load_address>
         <run_address>0x7590</run_address>
         <size>0x3c</size>
         <input_file_ref idref="fl-23"/>
      </object_component>
      <object_component id="oc-315">
         <name>.text:usleep</name>
         <load_address>0x75cc</load_address>
         <run_address>0x75cc</run_address>
         <size>0x3c</size>
         <input_file_ref idref="fl-2b"/>
      </object_component>
      <object_component id="oc-11d">
         <name>.text:vListInsertEnd</name>
         <load_address>0x7608</load_address>
         <run_address>0x7608</run_address>
         <size>0x3c</size>
         <input_file_ref idref="fl-2c"/>
      </object_component>
      <object_component id="oc-5ba">
         <name>.text:PowerMSP432_sleepPolicy</name>
         <load_address>0x7644</load_address>
         <run_address>0x7644</run_address>
         <size>0x3a</size>
         <input_file_ref idref="fl-1f"/>
      </object_component>
      <object_component id="oc-45e">
         <name>.text:BME280_filter</name>
         <load_address>0x767e</load_address>
         <run_address>0x767e</run_address>
         <size>0x38</size>
         <input_file_ref idref="fl-2"/>
      </object_component>
      <object_component id="oc-458">
         <name>.text:BME280_standby</name>
         <load_address>0x76b6</load_address>
         <run_address>0x76b6</run_address>
         <size>0x38</size>
         <input_file_ref idref="fl-2"/>
      </object_component>
      <object_component id="oc-91d">
         <name>.text:notify</name>
         <load_address>0x76f0</load_address>
         <run_address>0x76f0</run_address>
         <size>0x38</size>
         <input_file_ref idref="fl-19"/>
      </object_component>
      <object_component id="oc-644">
         <name>.text:prvGetNextExpireTime</name>
         <load_address>0x7728</load_address>
         <run_address>0x7728</run_address>
         <size>0x38</size>
         <input_file_ref idref="fl-24"/>
      </object_component>
      <object_component id="oc-7f9">
         <name>.text:prvTaskExitError</name>
         <load_address>0x7760</load_address>
         <run_address>0x7760</run_address>
         <size>0x38</size>
         <input_file_ref idref="fl-25"/>
      </object_component>
      <object_component id="oc-30a">
         <name>.text</name>
         <load_address>0x7798</load_address>
         <run_address>0x7798</run_address>
         <size>0x38</size>
         <input_file_ref idref="fl-f7"/>
      </object_component>
      <object_component id="oc-476">
         <name>.text:BME280_mode</name>
         <load_address>0x77d0</load_address>
         <run_address>0x77d0</run_address>
         <size>0x36</size>
         <input_file_ref idref="fl-2"/>
      </object_component>
      <object_component id="oc-6e5">
         <name>.text:I2C_masterReceiveSingle</name>
         <load_address>0x7808</load_address>
         <run_address>0x7808</run_address>
         <size>0x34</size>
         <input_file_ref idref="fl-31"/>
      </object_component>
      <object_component id="oc-89b">
         <name>.text:I2C_masterSendMultiByteNext</name>
         <load_address>0x783c</load_address>
         <run_address>0x783c</run_address>
         <size>0x34</size>
         <input_file_ref idref="fl-31"/>
      </object_component>
      <object_component id="oc-76d">
         <name>.text:UART_transmitData</name>
         <load_address>0x7870</load_address>
         <run_address>0x7870</run_address>
         <size>0x34</size>
         <input_file_ref idref="fl-35"/>
      </object_component>
      <object_component id="oc-91">
         <name>.text:_c_int00_noargs:_c_int00_noargs</name>
         <load_address>0x78a4</load_address>
         <run_address>0x78a4</run_address>
         <size>0x34</size>
         <input_file_ref idref="fl-103"/>
      </object_component>
      <object_component id="oc-855">
         <name>.text:prvSampleTimeNow</name>
         <load_address>0x78d8</load_address>
         <run_address>0x78d8</run_address>
         <size>0x34</size>
         <input_file_ref idref="fl-24"/>
      </object_component>
      <object_component id="oc-82c">
         <name>.text:vTaskPlaceOnEventList</name>
         <load_address>0x790c</load_address>
         <run_address>0x790c</run_address>
         <size>0x34</size>
         <input_file_ref idref="fl-23"/>
      </object_component>
      <object_component id="oc-97c">
         <name>.text:CS_clearInterruptFlag</name>
         <load_address>0x7940</load_address>
         <run_address>0x7940</run_address>
         <size>0x30</size>
         <input_file_ref idref="fl-2f"/>
      </object_component>
      <object_component id="oc-62f">
         <name>.text:vListInitialise</name>
         <load_address>0x7970</load_address>
         <run_address>0x7970</run_address>
         <size>0x30</size>
         <input_file_ref idref="fl-2c"/>
      </object_component>
      <object_component id="oc-3d9">
         <name>.text:vPortExitCritical</name>
         <load_address>0x79a0</load_address>
         <run_address>0x79a0</run_address>
         <size>0x30</size>
         <input_file_ref idref="fl-25"/>
      </object_component>
      <object_component id="oc-23c">
         <name>.text:xTaskGetSchedulerState</name>
         <load_address>0x79d0</load_address>
         <run_address>0x79d0</run_address>
         <size>0x30</size>
         <input_file_ref idref="fl-23"/>
      </object_component>
      <object_component id="oc-2c5">
         <name>.text</name>
         <load_address>0x7a00</load_address>
         <run_address>0x7a00</run_address>
         <size>0x2e</size>
         <input_file_ref idref="fl-f8"/>
      </object_component>
      <object_component id="oc-6b0">
         <name>.text:BME280_read_int16</name>
         <load_address>0x7a2e</load_address>
         <run_address>0x7a2e</run_address>
         <size>0x2c</size>
         <input_file_ref idref="fl-2"/>
      </object_component>
      <object_component id="oc-6aa">
         <name>.text:BME280_read_uint16</name>
         <load_address>0x7a5a</load_address>
         <run_address>0x7a5a</run_address>
         <size>0x2c</size>
         <input_file_ref idref="fl-2"/>
      </object_component>
      <object_component id="oc-705">
         <name>.text:HwiP_disable</name>
         <load_address>0x7a88</load_address>
         <run_address>0x7a88</run_address>
         <size>0x2c</size>
         <input_file_ref idref="fl-1e"/>
      </object_component>
      <object_component id="oc-24e">
         <name>.text:vTaskSetApplicationTaskTag</name>
         <load_address>0x7ab4</load_address>
         <run_address>0x7ab4</run_address>
         <size>0x2c</size>
         <input_file_ref idref="fl-23"/>
      </object_component>
      <object_component id="oc-65">
         <name>.text:xPortSysTickHandler</name>
         <load_address>0x7ae0</load_address>
         <run_address>0x7ae0</run_address>
         <size>0x2c</size>
         <input_file_ref idref="fl-25"/>
      </object_component>
      <object_component id="oc-432">
         <name>.text:delay</name>
         <load_address>0x7b0c</load_address>
         <run_address>0x7b0c</run_address>
         <size>0x2a</size>
         <input_file_ref idref="fl-b"/>
      </object_component>
      <object_component id="oc-657">
         <name>.text:CS_getMCLK</name>
         <load_address>0x7b38</load_address>
         <run_address>0x7b38</run_address>
         <size>0x28</size>
         <input_file_ref idref="fl-2f"/>
      </object_component>
      <object_component id="oc-577">
         <name>.text:disableFaultCounter</name>
         <load_address>0x7b60</load_address>
         <run_address>0x7b60</run_address>
         <size>0x28</size>
         <input_file_ref idref="fl-19"/>
      </object_component>
      <object_component id="oc-923">
         <name>.text:disableHFXT</name>
         <load_address>0x7b88</load_address>
         <run_address>0x7b88</run_address>
         <size>0x28</size>
         <input_file_ref idref="fl-19"/>
      </object_component>
      <object_component id="oc-141">
         <name>.text:pthread_attr_setschedparam</name>
         <load_address>0x7bb0</load_address>
         <run_address>0x7bb0</run_address>
         <size>0x28</size>
         <input_file_ref idref="fl-2a"/>
      </object_component>
      <object_component id="oc-4e0">
         <name>.text:sqrtf</name>
         <load_address>0x7bd8</load_address>
         <run_address>0x7bd8</run_address>
         <size>0x28</size>
         <input_file_ref idref="fl-ed"/>
      </object_component>
      <object_component id="oc-810">
         <name>.text:xTaskGetApplicationTaskTag</name>
         <load_address>0x7c00</load_address>
         <run_address>0x7c00</run_address>
         <size>0x28</size>
         <input_file_ref idref="fl-23"/>
      </object_component>
      <object_component id="oc-69c">
         <name>.text:AK8963_write_byte</name>
         <load_address>0x7c28</load_address>
         <run_address>0x7c28</run_address>
         <size>0x26</size>
         <input_file_ref idref="fl-4"/>
      </object_component>
      <object_component id="oc-446">
         <name>.text:BME280_write_uint8</name>
         <load_address>0x7c4e</load_address>
         <run_address>0x7c4e</run_address>
         <size>0x26</size>
         <input_file_ref idref="fl-2"/>
      </object_component>
      <object_component id="oc-42c">
         <name>.text:MPU9250_write_byte</name>
         <load_address>0x7c74</load_address>
         <run_address>0x7c74</run_address>
         <size>0x26</size>
         <input_file_ref idref="fl-4"/>
      </object_component>
      <object_component id="oc-610">
         <name>.text:_pthread_cleanup_pop</name>
         <load_address>0x7c9a</load_address>
         <run_address>0x7c9a</run_address>
         <size>0x26</size>
         <input_file_ref idref="fl-2a"/>
      </object_component>
      <object_component id="oc-826">
         <name>.text:prvIsQueueFull</name>
         <load_address>0x7cc0</load_address>
         <run_address>0x7cc0</run_address>
         <size>0x26</size>
         <input_file_ref idref="fl-22"/>
      </object_component>
      <object_component id="oc-254">
         <name>.text:vQueueDelete</name>
         <load_address>0x7ce6</load_address>
         <run_address>0x7ce6</run_address>
         <size>0x24</size>
         <input_file_ref idref="fl-22"/>
      </object_component>
      <object_component id="oc-70b">
         <name>.text:vTaskInternalSetTimeOutState</name>
         <load_address>0x7d0c</load_address>
         <run_address>0x7d0c</run_address>
         <size>0x24</size>
         <input_file_ref idref="fl-23"/>
      </object_component>
      <object_component id="oc-147">
         <name>.text:pthread_attr_setdetachstate</name>
         <load_address>0x7d30</load_address>
         <run_address>0x7d30</run_address>
         <size>0x22</size>
         <input_file_ref idref="fl-2a"/>
      </object_component>
      <object_component id="oc-571">
         <name>.text:CS_setExternalClockSourceFrequency</name>
         <load_address>0x7d54</load_address>
         <run_address>0x7d54</run_address>
         <size>0x20</size>
         <input_file_ref idref="fl-2f"/>
      </object_component>
      <object_component id="oc-711">
         <name>.text:HwiP_restore</name>
         <load_address>0x7d74</load_address>
         <run_address>0x7d74</run_address>
         <size>0x20</size>
         <input_file_ref idref="fl-1e"/>
      </object_component>
      <object_component id="oc-96f">
         <name>.text:prvIsQueueEmpty</name>
         <load_address>0x7d94</load_address>
         <run_address>0x7d94</run_address>
         <size>0x20</size>
         <input_file_ref idref="fl-22"/>
      </object_component>
      <object_component id="oc-672">
         <name>.text</name>
         <load_address>0x7db4</load_address>
         <run_address>0x7db4</run_address>
         <size>0x20</size>
         <input_file_ref idref="fl-fc"/>
      </object_component>
      <object_component id="oc-370">
         <name>.text:HwiP_Params_init</name>
         <load_address>0x7dd4</load_address>
         <run_address>0x7dd4</run_address>
         <size>0x1e</size>
         <input_file_ref idref="fl-1e"/>
      </object_component>
      <object_component id="oc-522">
         <name>.text:PrintString</name>
         <load_address>0x7df2</load_address>
         <run_address>0x7df2</run_address>
         <size>0x1e</size>
         <input_file_ref idref="fl-5"/>
      </object_component>
      <object_component id="oc-263">
         <name>.text:_pthread_runStub</name>
         <load_address>0x7e10</load_address>
         <run_address>0x7e10</run_address>
         <size>0x1e</size>
         <input_file_ref idref="fl-2a"/>
      </object_component>
      <object_component id="oc-495">
         <name>.text:BME280_read_uint8</name>
         <load_address>0x7e2e</load_address>
         <run_address>0x7e2e</run_address>
         <size>0x1c</size>
         <input_file_ref idref="fl-2"/>
      </object_component>
      <object_component id="oc-6df">
         <name>.text:I2C_masterIsStartSent</name>
         <load_address>0x7e4c</load_address>
         <run_address>0x7e4c</run_address>
         <size>0x1c</size>
         <input_file_ref idref="fl-31"/>
      </object_component>
      <object_component id="oc-13b">
         <name>.text:pthread_attr_init</name>
         <load_address>0x7e68</load_address>
         <run_address>0x7e68</run_address>
         <size>0x1c</size>
         <input_file_ref idref="fl-2a"/>
      </object_component>
      <object_component id="oc-44c">
         <name>.text:BME280_calibrating</name>
         <load_address>0x7e84</load_address>
         <run_address>0x7e84</run_address>
         <size>0x1a</size>
         <input_file_ref idref="fl-2"/>
      </object_component>
      <object_component id="oc-6d9">
         <name>.text:I2C_masterReceiveStart</name>
         <load_address>0x7e9e</load_address>
         <run_address>0x7e9e</run_address>
         <size>0x1a</size>
         <input_file_ref idref="fl-31"/>
      </object_component>
      <object_component id="oc-83a">
         <name>.text:PTLS_taskDeleteHook</name>
         <load_address>0x7eb8</load_address>
         <run_address>0x7eb8</run_address>
         <size>0x1a</size>
         <input_file_ref idref="fl-28"/>
      </object_component>
      <object_component id="oc-8f2">
         <name>.text:copysign</name>
         <load_address>0x7ed2</load_address>
         <run_address>0x7ed2</run_address>
         <size>0x1a</size>
         <input_file_ref idref="fl-104"/>
      </object_component>
      <object_component id="oc-3fb">
         <name>.text:prvTimerTask</name>
         <load_address>0x7eec</load_address>
         <run_address>0x7eec</run_address>
         <size>0x1a</size>
         <input_file_ref idref="fl-24"/>
      </object_component>
      <object_component id="oc-895">
         <name>.text:I2C_masterIsStopSent</name>
         <load_address>0x7f08</load_address>
         <run_address>0x7f08</run_address>
         <size>0x18</size>
         <input_file_ref idref="fl-31"/>
      </object_component>
      <object_component id="oc-79a">
         <name>.text:SysCtl_A_disableNMISource</name>
         <load_address>0x7f20</load_address>
         <run_address>0x7f20</run_address>
         <size>0x18</size>
         <input_file_ref idref="fl-34"/>
      </object_component>
      <object_component id="oc-7a6">
         <name>.text:SysCtl_A_enableNMISource</name>
         <load_address>0x7f38</load_address>
         <run_address>0x7f38</run_address>
         <size>0x18</size>
         <input_file_ref idref="fl-34"/>
      </object_component>
      <object_component id="oc-51c">
         <name>.text:print_char</name>
         <load_address>0x7f50</load_address>
         <run_address>0x7f50</run_address>
         <size>0x18</size>
         <input_file_ref idref="fl-c"/>
      </object_component>
      <object_component id="oc-4fe">
         <name>.text</name>
         <load_address>0x7f68</load_address>
         <run_address>0x7f68</run_address>
         <size>0x18</size>
         <input_file_ref idref="fl-f9"/>
      </object_component>
      <object_component id="oc-6b9">
         <name>.text:BME280_get_mode</name>
         <load_address>0x7f80</load_address>
         <run_address>0x7f80</run_address>
         <size>0x16</size>
         <input_file_ref idref="fl-2"/>
      </object_component>
      <object_component id="oc-718">
         <name>.text:PTLS_getBuf</name>
         <load_address>0x7f96</load_address>
         <run_address>0x7f96</run_address>
         <size>0x16</size>
         <input_file_ref idref="fl-28"/>
      </object_component>
      <object_component id="oc-71e">
         <name>.text:PTLS_setBuf</name>
         <load_address>0x7fac</load_address>
         <run_address>0x7fac</run_address>
         <size>0x16</size>
         <input_file_ref idref="fl-28"/>
      </object_component>
      <object_component id="oc-683">
         <name>.text:UART_enableModule</name>
         <load_address>0x7fc2</load_address>
         <run_address>0x7fc2</run_address>
         <size>0x16</size>
         <input_file_ref idref="fl-35"/>
      </object_component>
      <object_component id="oc-2a1">
         <name>.text:AK8963_who</name>
         <load_address>0x7fd8</load_address>
         <run_address>0x7fd8</run_address>
         <size>0x14</size>
         <input_file_ref idref="fl-4"/>
      </object_component>
      <object_component id="oc-6cd">
         <name>.text:I2C_setSlaveAddress</name>
         <load_address>0x7fec</load_address>
         <run_address>0x7fec</run_address>
         <size>0x14</size>
         <input_file_ref idref="fl-31"/>
      </object_component>
      <object_component id="oc-29b">
         <name>.text:MPU9250_who</name>
         <load_address>0x8000</load_address>
         <run_address>0x8000</run_address>
         <size>0x14</size>
         <input_file_ref idref="fl-4"/>
      </object_component>
      <object_component id="oc-66b">
         <name>.text:Power_idleFunc</name>
         <load_address>0x8014</load_address>
         <run_address>0x8014</run_address>
         <size>0x14</size>
         <input_file_ref idref="fl-19"/>
      </object_component>
      <object_component id="oc-660">
         <name>.text:prvDeleteTCB</name>
         <load_address>0x8028</load_address>
         <run_address>0x8028</run_address>
         <size>0x14</size>
         <input_file_ref idref="fl-23"/>
      </object_component>
      <object_component id="oc-14d">
         <name>.text:pthread_attr_setstacksize</name>
         <load_address>0x803c</load_address>
         <run_address>0x803c</run_address>
         <size>0x14</size>
         <input_file_ref idref="fl-2a"/>
      </object_component>
      <object_component id="oc-604">
         <name>.text:pthread_self</name>
         <load_address>0x8050</load_address>
         <run_address>0x8050</run_address>
         <size>0x14</size>
         <input_file_ref idref="fl-2a"/>
      </object_component>
      <object_component id="oc-1c">
         <name>.text:resetISR</name>
         <load_address>0x8064</load_address>
         <run_address>0x8064</run_address>
         <size>0x14</size>
         <input_file_ref idref="fl-27"/>
      </object_component>
      <object_component id="oc-80a">
         <name>.text:xTaskGetCurrentTaskHandle</name>
         <load_address>0x8078</load_address>
         <run_address>0x8078</run_address>
         <size>0x14</size>
         <input_file_ref idref="fl-23"/>
      </object_component>
      <object_component id="oc-94d">
         <name>.text:xTaskGetTickCount</name>
         <load_address>0x808c</load_address>
         <run_address>0x808c</run_address>
         <size>0x14</size>
         <input_file_ref idref="fl-23"/>
      </object_component>
      <object_component id="oc-794">
         <name>.text:SysCtl_A_getNMISourceStatus</name>
         <load_address>0x80a0</load_address>
         <run_address>0x80a0</run_address>
         <size>0x10</size>
         <input_file_ref idref="fl-34"/>
      </object_component>
      <object_component id="oc-9a0">
         <name>.text:SysCtl_getNMISourceStatus</name>
         <load_address>0x80b0</load_address>
         <run_address>0x80b0</run_address>
         <size>0x10</size>
         <input_file_ref idref="fl-33"/>
      </object_component>
      <object_component id="oc-27d">
         <name>.text:UARTDEBUG_init</name>
         <load_address>0x80c0</load_address>
         <run_address>0x80c0</run_address>
         <size>0x10</size>
         <input_file_ref idref="fl-5"/>
      </object_component>
      <object_component id="oc-5ec">
         <name>.text:vListInitialiseItem</name>
         <load_address>0x80d0</load_address>
         <run_address>0x80d0</run_address>
         <size>0x10</size>
         <input_file_ref idref="fl-2c"/>
      </object_component>
      <object_component id="oc-242">
         <name>.text:vTaskSuspendAll</name>
         <load_address>0x80e0</load_address>
         <run_address>0x80e0</run_address>
         <size>0x10</size>
         <input_file_ref idref="fl-23"/>
      </object_component>
      <object_component id="oc-15">
         <name>.text:decompress:none:__TI_decompress_none</name>
         <load_address>0x80f0</load_address>
         <run_address>0x80f0</run_address>
         <size>0xe</size>
         <input_file_ref idref="fl-101"/>
      </object_component>
      <object_component id="oc-135">
         <name>.text:Board_init</name>
         <load_address>0x80fe</load_address>
         <run_address>0x80fe</run_address>
         <size>0xc</size>
         <input_file_ref idref="fl-6"/>
      </object_component>
      <object_component id="oc-7d4">
         <name>.text:CPU_cpsid</name>
         <load_address>0x810a</load_address>
         <run_address>0x810a</run_address>
         <size>0xc</size>
         <input_file_ref idref="fl-2e"/>
      </object_component>
      <object_component id="oc-7e6">
         <name>.text:CPU_cpsie</name>
         <load_address>0x8116</load_address>
         <run_address>0x8116</run_address>
         <size>0xc</size>
         <input_file_ref idref="fl-2e"/>
      </object_component>
      <object_component id="oc-7da">
         <name>.text:Power_getConstraintMask</name>
         <load_address>0x8124</load_address>
         <run_address>0x8124</run_address>
         <size>0xc</size>
         <input_file_ref idref="fl-19"/>
      </object_component>
      <object_component id="oc-46">
         <name>.text:decompress:ZI:__TI_zero_init</name>
         <load_address>0x8130</load_address>
         <run_address>0x8130</run_address>
         <size>0xc</size>
         <input_file_ref idref="fl-100"/>
      </object_component>
      <object_component id="oc-945">
         <name>.text:vTaskMissedYield</name>
         <load_address>0x813c</load_address>
         <run_address>0x813c</run_address>
         <size>0xc</size>
         <input_file_ref idref="fl-23"/>
      </object_component>
      <object_component id="oc-2a7">
         <name>.text:BME280_who</name>
         <load_address>0x8148</load_address>
         <run_address>0x8148</run_address>
         <size>0xa</size>
         <input_file_ref idref="fl-2"/>
      </object_component>
      <object_component id="oc-589">
         <name>.text:PowerMSP432_updateFreqs</name>
         <load_address>0x8152</load_address>
         <run_address>0x8152</run_address>
         <size>0xa</size>
         <input_file_ref idref="fl-1f"/>
      </object_component>
      <object_component id="oc-107">
[...]
         <object_component_ref idref="oc-ac"/>
      </symbol>
      <symbol id="sm-9f4">
         <name>xTaskGetSchedulerState</name>
         <value>0x79d1</value>
         <object_component_ref idref="oc-23c"/>
      </symbol>
      <symbol id="sm-9f5">
         <name>xTaskGetCurrentTaskHandle</name>
         <value>0x8079</value>
         <object_component_ref idref="oc-80a"/>
      </symbol>
      <symbol id="sm-9f6">
         <name>xTaskRemoveFromEventList</name>
         <value>0x5719</value>
         <object_component_ref idref="oc-7f1"/>
      </symbol>
      <symbol id="sm-ada">
         <name>xTimerCreateTimerTask</name>
         <value>0x6edd</value>
         <object_component_ref idref="oc-26a"/>
      </symbol>
      <symbol id="sm-adb">
         <name>xTimerGenericCommand</name>
         <value>0x6031</value>
         <object_component_ref idref="oc-86a"/>
      </symbol>
      <symbol id="sm-b6e">
         <name>ulMaxSyscallInterruptPriority</name>
         <value>0x82cc</value>
         <object_component_ref idref="oc-a9"/>
      </symbol>
      <symbol id="sm-b6f">
         <name>vPortSetupTimerInterrupt</name>
         <value>0x6511</value>
         <object_component_ref idref="oc-402"/>
      </symbol>
      <symbol id="sm-b70">
         <name>xPortSysTickHandler</name>
         <value>0x7ae1</value>
         <object_component_ref idref="oc-65"/>
      </symbol>
      <symbol id="sm-b71">
         <name>vPortValidateInterruptPriority</name>
         <value>0x6671</value>
         <object_component_ref idref="oc-9ac"/>
      </symbol>
      <symbol id="sm-b72">
         <name>pxPortInitialiseStack</name>
         <value>0x6b55</value>
         <object_component_ref idref="oc-5f2"/>
      </symbol>
      <symbol id="sm-b73">
         <name>vPortExitCritical</name>
         <value>0x79a1</value>
         <object_component_ref idref="oc-3d9"/>
      </symbol>
      <symbol id="sm-b74">
         <name>xPortStartScheduler</name>
         <value>0x4dc9</value>
         <object_component_ref idref="oc-270"/>
      </symbol>
      <symbol id="sm-b75">
         <name>vPortEnterCritical</name>
         <value>0x7151</value>
         <object_component_ref idref="oc-3d3"/>
      </symbol>
      <symbol id="sm-b84">
         <name>vPortStartFirstTask</name>
         <value>0x4cc5</value>
         <object_component_ref idref="oc-60"/>
      </symbol>
      <symbol id="sm-b85">
         <name>ulPortGetIPSR</name>
         <value>0x4c2d</value>
         <object_component_ref idref="oc-60"/>
      </symbol>
      <symbol id="sm-b86">
         <name>vPortEnableVFP</name>
         <value>0x4ce9</value>
         <object_component_ref idref="oc-60"/>
      </symbol>
      <symbol id="sm-b87">
         <name>xPortPendSVHandler</name>
         <value>0x4c45</value>
         <object_component_ref idref="oc-60"/>
      </symbol>
      <symbol id="sm-b88">
         <name>vPortSVCHandler</name>
         <value>0x4ca5</value>
         <object_component_ref idref="oc-60"/>
      </symbol>
      <symbol id="sm-bbb">
         <name>resetISR</name>
         <value>0x8065</value>
         <object_component_ref idref="oc-1c"/>
      </symbol>
      <symbol id="sm-bbc">
         <name>interruptVectors</name>
         <value>0x0</value>
         <object_component_ref idref="oc-23"/>
      </symbol>
      <symbol id="sm-bda">
         <name>PTLS_getBuf</name>
         <value>0x7f97</value>
         <object_component_ref idref="oc-718"/>
      </symbol>
      <symbol id="sm-bdb">
         <name>PTLS_setBuf</name>
         <value>0x7fad</value>
         <object_component_ref idref="oc-71e"/>
      </symbol>
      <symbol id="sm-bdc">
         <name>PTLS_taskDeleteHook</name>
         <value>0x7eb9</value>
         <object_component_ref idref="oc-83a"/>
      </symbol>
      <symbol id="sm-c0e">
         <name>clock_gettime</name>
         <value>0x551d</value>
         <object_component_ref idref="oc-2bf"/>
      </symbol>
      <symbol id="sm-cb5">
         <name>pthread_create</name>
         <value>0x34dd</value>
         <object_component_ref idref="oc-153"/>
      </symbol>
      <symbol id="sm-cb6">
         <name>pthread_attr_init</name>
         <value>0x7e69</value>
         <object_component_ref idref="oc-13b"/>
      </symbol>
      <symbol id="sm-cb7">
         <name>pthread_self</name>
         <value>0x8051</value>
         <object_component_ref idref="oc-604"/>
      </symbol>
      <symbol id="sm-cb8">
         <name>pthread_attr_setschedparam</name>
         <value>0x7bb1</value>
         <object_component_ref idref="oc-141"/>
      </symbol>
      <symbol id="sm-cb9">
         <name>pthread_attr_setdetachstate</name>
         <value>0x7d31</value>
         <object_component_ref idref="oc-147"/>
      </symbol>
      <symbol id="sm-cba">
         <name>pthread_attr_setstacksize</name>
         <value>0x803d</value>
         <object_component_ref idref="oc-14d"/>
      </symbol>
      <symbol id="sm-cbb">
         <name>pthread_setcancelstate</name>
         <value>0x74d9</value>
         <object_component_ref idref="oc-60a"/>
      </symbol>
      <symbol id="sm-cbc">
         <name>_pthread_cleanup_pop</name>
         <value>0x7c9b</value>
         <object_component_ref idref="oc-610"/>
      </symbol>
      <symbol id="sm-cbd">
         <name>pthread_exit</name>
         <value>0x6ccd</value>
         <object_component_ref idref="oc-3e8"/>
      </symbol>
      <symbol id="sm-ccb">
         <name>usleep</name>
         <value>0x75cd</value>
         <object_component_ref idref="oc-315"/>
      </symbol>
      <symbol id="sm-cfd">
         <name>uxListRemove</name>
         <value>0x72c5</value>
         <object_component_ref idref="oc-117"/>
      </symbol>
      <symbol id="sm-cfe">
         <name>vListInsert</name>
         <value>0x68fd</value>
         <object_component_ref idref="oc-8fd"/>
      </symbol>
      <symbol id="sm-cff">
         <name>vListInitialiseItem</name>
         <value>0x80d1</value>
         <object_component_ref idref="oc-5ec"/>
      </symbol>
      <symbol id="sm-d00">
         <name>vListInsertEnd</name>
         <value>0x7609</value>
         <object_component_ref idref="oc-11d"/>
      </symbol>
      <symbol id="sm-d01">
         <name>vListInitialise</name>
         <value>0x7971</value>
         <object_component_ref idref="oc-62f"/>
      </symbol>
      <symbol id="sm-d1e">
         <name>__aeabi_errno_addr</name>
         <value>0x7459</value>
         <object_component_ref idref="oc-4cc"/>
      </symbol>
      <symbol id="sm-d38">
         <name>CPU_cpsie</name>
         <value>0x8117</value>
         <object_component_ref idref="oc-7e6"/>
      </symbol>
      <symbol id="sm-d39">
         <name>CPU_cpsid</name>
         <value>0x810b</value>
         <object_component_ref idref="oc-7d4"/>
      </symbol>
      <symbol id="sm-e23">
         <name>CS_getMCLK</name>
         <value>0x7b39</value>
         <object_component_ref idref="oc-657"/>
      </symbol>
      <symbol id="sm-e24">
         <name>CS_clearInterruptFlag</name>
         <value>0x7941</value>
         <object_component_ref idref="oc-97c"/>
      </symbol>
      <symbol id="sm-e25">
         <name>CS_getDCOFrequency</name>
         <value>0x4401</value>
         <object_component_ref idref="oc-982"/>
      </symbol>
      <symbol id="sm-e26">
         <name>CS_setExternalClockSourceFrequency</name>
         <value>0x7d55</value>
         <object_component_ref idref="oc-571"/>
      </symbol>
      <symbol id="sm-e27">
         <name>CS_startHFXTWithTimeout</name>
         <value>0x46e5</value>
         <object_component_ref idref="oc-57d"/>
      </symbol>
      <symbol id="sm-e28">
         <name>CS_startLFXTWithTimeout</name>
         <value>0x47c9</value>
         <object_component_ref idref="oc-583"/>
      </symbol>
      <symbol id="sm-e43">
         <name>GPIO_setAsPeripheralModuleFunctionInputPin</name>
         <value>0x5d0d</value>
         <object_component_ref idref="oc-677"/>
      </symbol>
      <symbol id="sm-eb1">
         <name>I2C_masterSendMultiByteFinish</name>
         <value>0x67c1</value>
         <object_component_ref idref="oc-8a1"/>
      </symbol>
      <symbol id="sm-eb2">
         <name>I2C_masterSendMultiByteNext</name>
         <value>0x783d</value>
         <object_component_ref idref="oc-89b"/>
      </symbol>
      <symbol id="sm-eb3">
         <name>I2C_masterSendMultiByteStart</name>
         <value>0x682d</value>
         <object_component_ref idref="oc-6d3"/>
      </symbol>
      <symbol id="sm-eb4">
         <name>I2C_masterIsStartSent</name>
         <value>0x7e4d</value>
         <object_component_ref idref="oc-6df"/>
      </symbol>
      <symbol id="sm-eb5">
         <name>I2C_masterReceiveMultiByteFinish</name>
         <value>0x7419</value>
         <object_component_ref idref="oc-6eb"/>
      </symbol>
      <symbol id="sm-eb6">
         <name>I2C_masterReceiveStart</name>
         <value>0x7e9f</value>
         <object_component_ref idref="oc-6d9"/>
      </symbol>
      <symbol id="sm-eb7">
         <name>I2C_masterIsStopSent</name>
         <value>0x7f09</value>
         <object_component_ref idref="oc-895"/>
      </symbol>
      <symbol id="sm-eb8">
         <name>I2C_masterReceiveSingle</name>
         <value>0x7809</value>
         <object_component_ref idref="oc-6e5"/>
      </symbol>
      <symbol id="sm-eb9">
         <name>I2C_setSlaveAddress</name>
         <value>0x7fed</value>
         <object_component_ref idref="oc-6cd"/>
      </symbol>
      <symbol id="sm-efa">
         <name>Interrupt_setPriority</name>
         <value>0x6e35</value>
         <object_component_ref idref="oc-59c"/>
      </symbol>
      <symbol id="sm-efb">
         <name>Interrupt_enableInterrupt</name>
         <value>0x60b5</value>
         <object_component_ref idref="oc-5a2"/>
      </symbol>
      <symbol id="sm-efc">
         <name>Interrupt_registerInterrupt</name>
         <value>0x6c15</value>
         <object_component_ref idref="oc-596"/>
      </symbol>
      <symbol id="sm-efd">
         <name>g_pfnRAMVectors</name>
         <value>0x20009000</value>
         <object_component_ref idref="oc-7c0"/>
      </symbol>
      <symbol id="sm-f09">
         <name>SysCtl_getNMISourceStatus</name>
         <value>0x80b1</value>
         <object_component_ref idref="oc-9a0"/>
      </symbol>
      <symbol id="sm-f3d">
         <name>SysCtl_A_enableNMISource</name>
         <value>0x7f39</value>
         <object_component_ref idref="oc-7a6"/>
      </symbol>
      <symbol id="sm-f3e">
         <name>SysCtl_A_getTLVInfo</name>
         <value>0x5ac9</value>
         <object_component_ref idref="oc-9b7"/>
      </symbol>
      <symbol id="sm-f3f">
         <name>SysCtl_A_getNMISourceStatus</name>
         <value>0x80a1</value>
         <object_component_ref idref="oc-794"/>
      </symbol>
      <symbol id="sm-f40">
         <name>SysCtl_A_disableNMISource</name>
         <value>0x7f21</value>
         <object_component_ref idref="oc-79a"/>
      </symbol>
      <symbol id="sm-f73">
         <name>UART_enableModule</name>
         <value>0x7fc3</value>
         <object_component_ref idref="oc-683"/>
      </symbol>
      <symbol id="sm-f74">
         <name>UART_transmitData</name>
         <value>0x7871</value>
         <object_component_ref idref="oc-76d"/>
      </symbol>
      <symbol id="sm-f75">
         <name>UART_initModule</name>
         <value>0x3999</value>
         <object_component_ref idref="oc-67d"/>
      </symbol>
      <symbol id="sm-fae">
         <name>asinf</name>
         <value>0x2b69</value>
         <object_component_ref idref="oc-4ea"/>
      </symbol>
      <symbol id="sm-fe0">
         <name>atan2f</name>
         <value>0x2f9d</value>
         <object_component_ref idref="oc-4f0"/>
      </symbol>
      <symbol id="sm-ff0">
         <name>sqrtf</name>
         <value>0x7bd9</value>
         <object_component_ref idref="oc-4e0"/>
      </symbol>
      <symbol id="sm-101d">
         <name>atanf</name>
         <value>0x324d</value>
         <object_component_ref idref="oc-73d"/>
      </symbol>
      <symbol id="sm-10b4">
         <name>pow</name>
         <value>0xd41</value>
         <object_component_ref idref="oc-50f"/>
      </symbol>
      <symbol id="sm-10b5">
         <name>powl</name>
         <value>0xd41</value>
         <object_component_ref idref="oc-50f"/>
      </symbol>
      <symbol id="sm-10d7">
         <name>sqrtl</name>
         <value>0x30f5</value>
         <object_component_ref idref="oc-47d"/>
      </symbol>
      <symbol id="sm-10d8">
         <name>sqrt</name>
         <value>0x30f5</value>
         <object_component_ref idref="oc-47d"/>
      </symbol>
      <symbol id="sm-10f5">
         <name>scalbn</name>
         <value>0x3ce9</value>
         <object_component_ref idref="oc-763"/>
      </symbol>
      <symbol id="sm-10f6">
         <name>scalbnl</name>
         <value>0x3ce9</value>
         <object_component_ref idref="oc-763"/>
      </symbol>
      <symbol id="sm-10f7">
         <name>ldexpl</name>
         <value>0x3ce9</value>
         <object_component_ref idref="oc-763"/>
      </symbol>
      <symbol id="sm-10f8">
         <name>ldexp</name>
         <value>0x3ce9</value>
         <object_component_ref idref="oc-763"/>
      </symbol>
      <symbol id="sm-110f">
         <name>__aeabi_dsub</name>
         <value>0x26ad</value>
         <object_component_ref idref="oc-515"/>
      </symbol>
      <symbol id="sm-1110">
         <name>__aeabi_dadd</name>
         <value>0x26b7</value>
         <object_component_ref idref="oc-515"/>
      </symbol>
      <symbol id="sm-1132">
         <name>__aeabi_cdcmpeq</name>
         <value>0x5e1d</value>
         <object_component_ref idref="oc-759"/>
      </symbol>
      <symbol id="sm-1133">
         <name>__aeabi_cdcmple</name>
         <value>0x5e1d</value>
         <object_component_ref idref="oc-759"/>
      </symbol>
      <symbol id="sm-1134">
         <name>__aeabi_cdrcmple</name>
         <value>0x5ea3</value>
         <object_component_ref idref="oc-75e"/>
      </symbol>
      <symbol id="sm-1148">
         <name>__aeabi_ddiv</name>
         <value>0x3615</value>
         <object_component_ref idref="oc-2ca"/>
      </symbol>
      <symbol id="sm-1153">
         <name>__aeabi_dmul</name>
         <value>0x4209</value>
         <object_component_ref idref="oc-483"/>
      </symbol>
      <symbol id="sm-115f">
         <name>__aeabi_d2f</name>
         <value>0x66e5</value>
         <object_component_ref idref="oc-2cf"/>
      </symbol>
      <symbol id="sm-116a">
         <name>__aeabi_f2d</name>
         <value>0x7799</value>
         <object_component_ref idref="oc-30a"/>
      </symbol>
      <symbol id="sm-1174">
         <name>__aeabi_i2d</name>
         <value>0x7a01</value>
         <object_component_ref idref="oc-2c5"/>
      </symbol>
      <symbol id="sm-117d">
         <name>__aeabi_lmul</name>
         <value>0x7f69</value>
         <object_component_ref idref="oc-4fe"/>
      </symbol>
      <symbol id="sm-1188">
         <name>__aeabi_l2f</name>
         <value>0x727d</value>
         <object_component_ref idref="oc-508"/>
      </symbol>
      <symbol id="sm-11a3">
         <name>memcpy</name>
         <value>0x58f9</value>
         <object_component_ref idref="oc-34"/>
      </symbol>
      <symbol id="sm-11a4">
         <name>__aeabi_memcpy</name>
         <value>0x58f9</value>
         <object_component_ref idref="oc-34"/>
      </symbol>
      <symbol id="sm-11a5">
         <name>__aeabi_memcpy8</name>
         <value>0x58f9</value>
         <object_component_ref idref="oc-34"/>
      </symbol>
      <symbol id="sm-11a6">
         <name>__aeabi_memcpy4</name>
         <value>0x58f9</value>
         <object_component_ref idref="oc-34"/>
      </symbol>
      <symbol id="sm-11b0">
         <name>__aeabi_ui2d</name>
         <value>0x7db5</value>
         <object_component_ref idref="oc-672"/>
      </symbol>
      <symbol id="sm-11be">
         <name>__aeabi_ldivmod</name>
         <value>0x6753</value>
         <object_component_ref idref="oc-503"/>
      </symbol>
      <symbol id="sm-11cb">
         <name>__aeabi_uldivmod</name>
         <value>0x5a31</value>
         <object_component_ref idref="oc-74f"/>
      </symbol>
      <symbol id="sm-11da">
         <name>__aeabi_memset</name>
         <value>0x63a5</value>
         <object_component_ref idref="oc-85"/>
      </symbol>
      <symbol id="sm-11db">
         <name>memset</name>
         <value>0x63ab</value>
         <object_component_ref idref="oc-85"/>
      </symbol>
      <symbol id="sm-11dc">
         <name>__aeabi_memset8</name>
         <value>0x63a5</value>
         <object_component_ref idref="oc-85"/>
      </symbol>
      <symbol id="sm-11dd">
         <name>__aeabi_memset4</name>
         <value>0x63a5</value>
         <object_component_ref idref="oc-85"/>
      </symbol>
      <symbol id="sm-11de">
         <name>__aeabi_memclr8</name>
         <value>0x63a3</value>
         <object_component_ref idref="oc-85"/>
      </symbol>
      <symbol id="sm-11df">
         <name>__aeabi_memclr4</name>
         <value>0x63a3</value>
         <object_component_ref idref="oc-85"/>
      </symbol>
      <symbol id="sm-11e0">
         <name>__aeabi_memclr</name>
         <value>0x63a3</value>
         <object_component_ref idref="oc-85"/>
      </symbol>
      <symbol id="sm-11f7">
         <name>__TI_zero_init</name>
         <value>0x8131</value>
         <object_component_ref idref="oc-46"/>
      </symbol>
      <symbol id="sm-120e">
         <name>__TI_decompress_none</name>
         <value>0x80f1</value>
         <object_component_ref idref="oc-15"/>
      </symbol>
      <symbol id="sm-1231">
         <name>__TI_decompress_lzss</name>
         <value>0x6895</value>
         <object_component_ref idref="oc-f"/>
      </symbol>
      <symbol id="sm-1244">
         <name>__stack</name>
         <value>0x2000fc00</value>
         <object_component_ref idref="oc-26"/>
      </symbol>
      <symbol id="sm-1245">
         <name>_c_int00_noargs</name>
         <value>0x78a5</value>
         <object_component_ref idref="oc-91"/>
      </symbol>
      <symbol id="sm-124f">
         <name>copysign</name>
         <value>0x7ed3</value>
         <object_component_ref idref="oc-8f2"/>
      </symbol>
      <symbol id="sm-1250">
         <name>copysignl</name>
         <value>0x7ed3</value>
         <object_component_ref idref="oc-8f2"/>
      </symbol>
      <symbol id="sm-125a">
         <name>__aeabi_idiv0</name>
         <value>0x5ac7</value>
         <object_component_ref idref="oc-74a"/>
      </symbol>
      <symbol id="sm-125b">
         <name>__aeabi_ldiv0</name>
         <value>0x5ac7</value>
         <object_component_ref idref="oc-74a"/>
      </symbol>
      <symbol id="sm-1283">
         <name>__TI_auto_init_nobinit_nopinit</name>
         <value>0x730d</value>
         <object_component_ref idref="oc-17c"/>
      </symbol>
      <symbol id="sm-128d">
         <name>_system_pre_init</name>
         <value>0x8171</value>
         <object_component_ref idref="oc-df"/>
      </symbol>
      <symbol id="sm-1299">
         <name>C$$EXIT</name>
         <value>0x8175</value>
         <object_component_ref idref="oc-170"/>
      </symbol>
      <symbol id="sm-129a">
         <name>abort</name>
         <value>0x8175</value>
         <object_component_ref idref="oc-170"/>
      </symbol>
      <symbol id="sm-129d">
         <name>__TI_static_base__</name>
         <value>0x82f0</value>
      </symbol>
      <symbol id="sm-12a0">
         <name>__mpu_init</name>
         <value>0x0</value>
      </symbol>
      <symbol id="sm-12a1">
         <name>_system_post_cinit</name>
         <value>0x0</value>
      </symbol>
   </symbol_table>
   <title>Link successful</title>
</link_info>
