<?xml version="1.0" encoding="ISO-8859-1" ?>
<link_info>
   <banner>TI ARM Linker PC v18.12.4.LTS</banner>
   <copyright>Copyright (c) 1996-2018 Texas Instruments Incorporated</copyright>
   <link_time>0x5f6d095f</link_time>
   <link_errors>0x0</link_errors>
   <output_file>Quadcopter_HAL.out</output_file>
   <entry_point>
      <name>resetISR</name>
      <address>0x747d</address>
   </entry_point>
   <input_file_list>
      <input_file id="fl-2">
         <path>.\</path>
         <kind>object</kind>
         <file>BME280.obj</file>
         <name>BME280.obj</name>
      </input_file>
      <input_file id="fl-3">
         <path>.\</path>
         <kind>object</kind>
         <file>GPS.obj</file>
         <name>GPS.obj</name>
      </input_file>
      <input_file id="fl-4">
         <path>.\</path>
         <kind>object</kind>
         <file>MPU6050.obj</file>
         <name>MPU6050.obj</name>
      </input_file>
      <input_file id="fl-5">
         <path>.\</path>
         <kind>object</kind>
         <file>MPU9250.obj</file>
         <name>MPU9250.obj</name>
      </input_file>
      <input_file id="fl-6">
         <path>.\</path>
         <kind>object</kind>
         <file>QMC5883.obj</file>
         <name>QMC5883.obj</name>
      </input_file>
      <input_file id="fl-7">
         <path>.\</path>
         <kind>object</kind>
         <file>UARTDEBUG.obj</file>
         <name>UARTDEBUG.obj</name>
      </input_file>
      <input_file id="fl-8">
         <path>.\syscfg\</path>
         <kind>object</kind>
         <file>ti_drivers_config.obj</file>
         <name>ti_drivers_config.obj</name>
      </input_file>
      <input_file id="fl-9">
         <path>.\</path>
         <kind>object</kind>
         <file>hal_main.obj</file>
         <name>hal_main.obj</name>
      </input_file>
      <input_file id="fl-a">
         <path>.\</path>
         <kind>object</kind>
         <file>madgwick.obj</file>
         <name>madgwick.obj</name>
      </input_file>
      <input_file id="fl-b">
         <path>.\</path>
         <kind>object</kind>
         <file>main.obj</file>
         <name>main.obj</name>
      </input_file>
      <input_file id="fl-c">
         <path>.\</path>
         <kind>object</kind>
         <file>servo.obj</file>
         <name>servo.obj</name>
      </input_file>
      <input_file id="fl-d">
         <path>.\EasyHal\</path>
         <kind>object</kind>
         <file>adc_dev.obj</file>
         <name>adc_dev.obj</name>
      </input_file>
      <input_file id="fl-e">
         <path>.\EasyHal\</path>
         <kind>object</kind>
         <file>i2c_dev.obj</file>
         <name>i2c_dev.obj</name>
      </input_file>
      <input_file id="fl-f">
         <path>.\EasyHal\</path>
         <kind>object</kind>
         <file>pwm_dev.obj</file>
         <name>pwm_dev.obj</name>
      </input_file>
      <input_file id="fl-10">
         <path>.\EasyHal\</path>
         <kind>object</kind>
         <file>spi_dev.obj</file>
         <name>spi_dev.obj</name>
      </input_file>
      <input_file id="fl-11">
         <path>.\EasyHal\</path>
         <kind>object</kind>
         <file>time_dev.obj</file>
         <name>time_dev.obj</name>
      </input_file>
      <input_file id="fl-12">
         <path>.\EasyHal\</path>
         <kind>object</kind>
         <file>uart_dev.obj</file>
         <name>uart_dev.obj</name>
      </input_file>
      <input_file id="fl-1d">
         <kind>object</kind>
         <file>&lt;internal&gt;</file>
         <name>&lt;internal&gt;</name>
      </input_file>
      <input_file id="fl-1e">
         <path>C:\ti\simplelink_msp432p4_sdk_3_40_01_02\source\ti\drivers\lib\</path>
         <kind>archive</kind>
         <file>drivers_msp432p401x.aem4f</file>
         <name>I2C.oem4f</name>
      </input_file>
      <input_file id="fl-1f">
         <path>C:\ti\simplelink_msp432p4_sdk_3_40_01_02\source\ti\drivers\lib\</path>
         <kind>archive</kind>
         <file>drivers_msp432p401x.aem4f</file>
         <name>I2CMSP432.oem4f</name>
      </input_file>
      <input_file id="fl-20">
         <path>C:\ti\simplelink_msp432p4_sdk_3_40_01_02\source\ti\drivers\lib\</path>
         <kind>archive</kind>
         <file>drivers_msp432p401x.aem4f</file>
         <name>PowerMSP432.oem4f</name>
      </input_file>
      <input_file id="fl-21">
         <path>C:\ti\simplelink_msp432p4_sdk_3_40_01_02\source\ti\drivers\lib\</path>
         <kind>archive</kind>
         <file>drivers_msp432p401x.aem4f</file>
         <name>PWM.oem4f</name>
      </input_file>
      <input_file id="fl-22">
         <path>C:\ti\simplelink_msp432p4_sdk_3_40_01_02\source\ti\drivers\lib\</path>
         <kind>archive</kind>
         <file>drivers_msp432p401x.aem4f</file>
         <name>PWMTimerMSP432.oem4f</name>
      </input_file>
      <input_file id="fl-23">
         <path>C:\ti\simplelink_msp432p4_sdk_3_40_01_02\source\ti\drivers\lib\</path>
         <kind>archive</kind>
         <file>drivers_msp432p401x.aem4f</file>
         <name>Timer.oem4f</name>
      </input_file>
      <input_file id="fl-24">
         <path>C:\ti\simplelink_msp432p4_sdk_3_40_01_02\source\ti\drivers\lib\</path>
         <kind>archive</kind>
         <file>drivers_msp432p401x.aem4f</file>
         <name>TimerMSP432.oem4f</name>
      </input_file>
      <input_file id="fl-25">
         <path>C:\ti\simplelink_msp432p4_sdk_3_40_01_02\source\ti\drivers\lib\</path>
         <kind>archive</kind>
         <file>drivers_msp432p401x.aem4f</file>
         <name>UART.oem4f</name>
      </input_file>
      <input_file id="fl-26">
         <path>C:\ti\simplelink_msp432p4_sdk_3_40_01_02\source\ti\drivers\lib\</path>
         <kind>archive</kind>
         <file>drivers_msp432p401x.aem4f</file>
         <name>UARTMSP432.oem4f</name>
      </input_file>
      <input_file id="fl-27">
         <path>C:\ti\simplelink_msp432p4_sdk_3_40_01_02\source\ti\drivers\lib\</path>
         <kind>archive</kind>
         <file>drivers_msp432p401x.aem4f</file>
         <name>List.oem4f</name>
      </input_file>
      <input_file id="fl-28">
         <path>C:\ti\simplelink_msp432p4_sdk_3_40_01_02\source\ti\drivers\lib\</path>
         <kind>archive</kind>
         <file>drivers_msp432p401x.aem4f</file>
         <name>RingBuf.oem4f</name>
      </input_file>
      <input_file id="fl-29">
         <path>C:\Users\amartinezacosta\workspace_v9\freertos_builds_MSP_EXP432P401R_release_ccs\Debug\</path>
         <kind>archive</kind>
         <file>freertos_builds_MSP_EXP432P401R_release_ccs.lib</file>
         <name>ClockP_freertos.obj</name>
      </input_file>
      <input_file id="fl-2a">
         <path>C:\Users\amartinezacosta\workspace_v9\freertos_builds_MSP_EXP432P401R_release_ccs\Debug\</path>
         <kind>archive</kind>
         <file>freertos_builds_MSP_EXP432P401R_release_ccs.lib</file>
         <name>HwiPMSP432_freertos.obj</name>
      </input_file>
      <input_file id="fl-2b">
         <path>C:\Users\amartinezacosta\workspace_v9\freertos_builds_MSP_EXP432P401R_release_ccs\Debug\</path>
         <kind>archive</kind>
         <file>freertos_builds_MSP_EXP432P401R_release_ccs.lib</file>
         <name>PowerMSP432_freertos.obj</name>
      </input_file>
      <input_file id="fl-2c">
         <path>C:\Users\amartinezacosta\workspace_v9\freertos_builds_MSP_EXP432P401R_release_ccs\Debug\</path>
         <kind>archive</kind>
         <file>freertos_builds_MSP_EXP432P401R_release_ccs.lib</file>
         <name>SemaphoreP_freertos.obj</name>
      </input_file>
      <input_file id="fl-2d">
         <path>C:\Users\amartinezacosta\workspace_v9\freertos_builds_MSP_EXP432P401R_release_ccs\Debug\</path>
         <kind>archive</kind>
         <file>freertos_builds_MSP_EXP432P401R_release_ccs.lib</file>
         <name>heap_4.obj</name>
      </input_file>
      <input_file id="fl-2e">
         <path>C:\Users\amartinezacosta\workspace_v9\freertos_builds_MSP_EXP432P401R_release_ccs\Debug\</path>
         <kind>archive</kind>
         <file>freertos_builds_MSP_EXP432P401R_release_ccs.lib</file>
         <name>queue.obj</name>
      </input_file>
      <input_file id="fl-2f">
         <path>C:\Users\amartinezacosta\workspace_v9\freertos_builds_MSP_EXP432P401R_release_ccs\Debug\</path>
         <kind>archive</kind>
         <file>freertos_builds_MSP_EXP432P401R_release_ccs.lib</file>
         <name>tasks.obj</name>
      </input_file>
      <input_file id="fl-30">
         <path>C:\Users\amartinezacosta\workspace_v9\freertos_builds_MSP_EXP432P401R_release_ccs\Debug\</path>
         <kind>archive</kind>
         <file>freertos_builds_MSP_EXP432P401R_release_ccs.lib</file>
         <name>timers.obj</name>
      </input_file>
      <input_file id="fl-31">
         <path>C:\Users\amartinezacosta\workspace_v9\freertos_builds_MSP_EXP432P401R_release_ccs\Debug\</path>
         <kind>archive</kind>
         <file>freertos_builds_MSP_EXP432P401R_release_ccs.lib</file>
         <name>port.obj</name>
      </input_file>
      <input_file id="fl-32">
         <path>C:\Users\amartinezacosta\workspace_v9\freertos_builds_MSP_EXP432P401R_release_ccs\Debug\</path>
         <kind>archive</kind>
         <file>freertos_builds_MSP_EXP432P401R_release_ccs.lib</file>
         <name>portasm.obj</name>
      </input_file>
      <input_file id="fl-33">
         <path>C:\Users\amartinezacosta\workspace_v9\freertos_builds_MSP_EXP432P401R_release_ccs\Debug\</path>
         <kind>archive</kind>
         <file>freertos_builds_MSP_EXP432P401R_release_ccs.lib</file>
         <name>startup_msp432_ccs.obj</name>
      </input_file>
      <input_file id="fl-34">
         <path>C:\Users\amartinezacosta\workspace_v9\freertos_builds_MSP_EXP432P401R_release_ccs\Debug\</path>
         <kind>archive</kind>
         <file>freertos_builds_MSP_EXP432P401R_release_ccs.lib</file>
         <name>PTLS.obj</name>
      </input_file>
      <input_file id="fl-35">
         <path>C:\Users\amartinezacosta\workspace_v9\freertos_builds_MSP_EXP432P401R_release_ccs\Debug\</path>
         <kind>archive</kind>
         <file>freertos_builds_MSP_EXP432P401R_release_ccs.lib</file>
         <name>pthread.obj</name>
      </input_file>
      <input_file id="fl-36">
         <path>C:\Users\amartinezacosta\workspace_v9\freertos_builds_MSP_EXP432P401R_release_ccs\Debug\</path>
         <kind>archive</kind>
         <file>freertos_builds_MSP_EXP432P401R_release_ccs.lib</file>
         <name>sleep.obj</name>
      </input_file>
      <input_file id="fl-37">
         <path>C:\Users\amartinezacosta\workspace_v9\freertos_builds_MSP_EXP432P401R_release_ccs\Debug\</path>
         <kind>archive</kind>
         <file>freertos_builds_MSP_EXP432P401R_release_ccs.lib</file>
         <name>list.obj</name>
      </input_file>
      <input_file id="fl-38">
         <path>C:\Users\amartinezacosta\workspace_v9\freertos_builds_MSP_EXP432P401R_release_ccs\Debug\</path>
         <kind>archive</kind>
         <file>freertos_builds_MSP_EXP432P401R_release_ccs.lib</file>
         <name>aeabi_portable.obj</name>
      </input_file>
      <input_file id="fl-39">
         <path>C:\ti\simplelink_msp432p4_sdk_3_40_01_02\source\ti\devices\msp432p4xx\driverlib\ccs\</path>
         <kind>archive</kind>
         <file>msp432p4xx_driverlib.lib</file>
         <name>cpu.o</name>
      </input_file>
      <input_file id="fl-3a">
         <path>C:\ti\simplelink_msp432p4_sdk_3_40_01_02\source\ti\devices\msp432p4xx\driverlib\ccs\</path>
         <kind>archive</kind>
         <file>msp432p4xx_driverlib.lib</file>
         <name>cs.o</name>
      </input_file>
      <input_file id="fl-3b">
         <path>C:\ti\simplelink_msp432p4_sdk_3_40_01_02\source\ti\devices\msp432p4xx\driverlib\ccs\</path>
         <kind>archive</kind>
         <file>msp432p4xx_driverlib.lib</file>
         <name>i2c.o</name>
      </input_file>
      <input_file id="fl-3c">
         <path>C:\ti\simplelink_msp432p4_sdk_3_40_01_02\source\ti\devices\msp432p4xx\driverlib\ccs\</path>
         <kind>archive</kind>
         <file>msp432p4xx_driverlib.lib</file>
         <name>interrupt.o</name>
      </input_file>
      <input_file id="fl-3d">
         <path>C:\ti\simplelink_msp432p4_sdk_3_40_01_02\source\ti\devices\msp432p4xx\driverlib\ccs\</path>
         <kind>archive</kind>
         <file>msp432p4xx_driverlib.lib</file>
         <name>sysctl.o</name>
      </input_file>
      <input_file id="fl-3e">
         <path>C:\ti\simplelink_msp432p4_sdk_3_40_01_02\source\ti\devices\msp432p4xx\driverlib\ccs\</path>
         <kind>archive</kind>
         <file>msp432p4xx_driverlib.lib</file>
         <name>sysctl_a.o</name>
      </input_file>
      <input_file id="fl-3f">
         <path>C:\ti\simplelink_msp432p4_sdk_3_40_01_02\source\ti\devices\msp432p4xx\driverlib\ccs\</path>
         <kind>archive</kind>
         <file>msp432p4xx_driverlib.lib</file>
         <name>uart.o</name>
      </input_file>
      <input_file id="fl-f5">
         <path>C:\ti\ccs930\ccs\tools\compiler\ti-cgt-arm_18.12.4.LTS\lib\</path>
         <kind>archive</kind>
         <file>rtsv7M4_T_le_v4SPD16_eabi.lib</file>
         <name>e_asinf.c.obj</name>
      </input_file>
      <input_file id="fl-f6">
         <path>C:\ti\ccs930\ccs\tools\compiler\ti-cgt-arm_18.12.4.LTS\lib\</path>
         <kind>archive</kind>
         <file>rtsv7M4_T_le_v4SPD16_eabi.lib</file>
         <name>e_atan2f.c.obj</name>
      </input_file>
      <input_file id="fl-f7">
         <path>C:\ti\ccs930\ccs\tools\compiler\ti-cgt-arm_18.12.4.LTS\lib\</path>
         <kind>archive</kind>
         <file>rtsv7M4_T_le_v4SPD16_eabi.lib</file>
         <name>e_sqrtf.c.obj</name>
      </input_file>
      <input_file id="fl-f8">
         <path>C:\ti\ccs930\ccs\tools\compiler\ti-cgt-arm_18.12.4.LTS\lib\</path>
         <kind>archive</kind>
         <file>rtsv7M4_T_le_v4SPD16_eabi.lib</file>
         <name>s_atanf.c.obj</name>
      </input_file>
      <input_file id="fl-f9">
         <path>C:\ti\ccs930\ccs\tools\compiler\ti-cgt-arm_18.12.4.LTS\lib\</path>
         <kind>archive</kind>
         <file>rtsv7M4_T_le_v4SPD16_eabi.lib</file>
         <name>e_pow.c.obj</name>
      </input_file>
      <input_file id="fl-fa">
         <path>C:\ti\ccs930\ccs\tools\compiler\ti-cgt-arm_18.12.4.LTS\lib\</path>
         <kind>archive</kind>
         <file>rtsv7M4_T_le_v4SPD16_eabi.lib</file>
         <name>e_sqrt.c.obj</name>
      </input_file>
      <input_file id="fl-fb">
         <path>C:\ti\ccs930\ccs\tools\compiler\ti-cgt-arm_18.12.4.LTS\lib\</path>
         <kind>archive</kind>
         <file>rtsv7M4_T_le_v4SPD16_eabi.lib</file>
         <name>s_scalbn.c.obj</name>
      </input_file>
      <input_file id="fl-fc">
         <path>C:\ti\ccs930\ccs\tools\compiler\ti-cgt-arm_18.12.4.LTS\lib\</path>
         <kind>archive</kind>
         <file>rtsv7M4_T_le_v4SPD16_eabi.lib</file>
         <name>fd_add_t2.asm.obj</name>
      </input_file>
      <input_file id="fl-fd">
         <path>C:\ti\ccs930\ccs\tools\compiler\ti-cgt-arm_18.12.4.LTS\lib\</path>
         <kind>archive</kind>
         <file>rtsv7M4_T_le_v4SPD16_eabi.lib</file>
         <name>fd_cmp_t2.asm.obj</name>
      </input_file>
      <input_file id="fl-fe">
         <path>C:\ti\ccs930\ccs\tools\compiler\ti-cgt-arm_18.12.4.LTS\lib\</path>
         <kind>archive</kind>
         <file>rtsv7M4_T_le_v4SPD16_eabi.lib</file>
         <name>fd_div_t2.asm.obj</name>
      </input_file>
      <input_file id="fl-ff">
         <path>C:\ti\ccs930\ccs\tools\compiler\ti-cgt-arm_18.12.4.LTS\lib\</path>
         <kind>archive</kind>
         <file>rtsv7M4_T_le_v4SPD16_eabi.lib</file>
         <name>fd_mul_t2.asm.obj</name>
      </input_file>
      <input_file id="fl-100">
         <path>C:\ti\ccs930\ccs\tools\compiler\ti-cgt-arm_18.12.4.LTS\lib\</path>
         <kind>archive</kind>
         <file>rtsv7M4_T_le_v4SPD16_eabi.lib</file>
         <name>fd_tos_t2.asm.obj</name>
      </input_file>
      <input_file id="fl-101">
         <path>C:\ti\ccs930\ccs\tools\compiler\ti-cgt-arm_18.12.4.LTS\lib\</path>
         <kind>archive</kind>
         <file>rtsv7M4_T_le_v4SPD16_eabi.lib</file>
         <name>fs_tod_t2.asm.obj</name>
      </input_file>
      <input_file id="fl-102">
         <path>C:\ti\ccs930\ccs\tools\compiler\ti-cgt-arm_18.12.4.LTS\lib\</path>
         <kind>archive</kind>
         <file>rtsv7M4_T_le_v4SPD16_eabi.lib</file>
         <name>i_tofd_t2.asm.obj</name>
      </input_file>
      <input_file id="fl-103">
         <path>C:\ti\ccs930\ccs\tools\compiler\ti-cgt-arm_18.12.4.LTS\lib\</path>
         <kind>archive</kind>
         <file>rtsv7M4_T_le_v4SPD16_eabi.lib</file>
         <name>ll_mul_t2.asm.obj</name>
      </input_file>
      <input_file id="fl-104">
         <path>C:\ti\ccs930\ccs\tools\compiler\ti-cgt-arm_18.12.4.LTS\lib\</path>
         <kind>archive</kind>
         <file>rtsv7M4_T_le_v4SPD16_eabi.lib</file>
         <name>ll_tofs_t2.asm.obj</name>
      </input_file>
      <input_file id="fl-105">
         <path>C:\ti\ccs930\ccs\tools\compiler\ti-cgt-arm_18.12.4.LTS\lib\</path>
         <kind>archive</kind>
         <file>rtsv7M4_T_le_v4SPD16_eabi.lib</file>
         <name>memcpy_t2.asm.obj</name>
      </input_file>
      <input_file id="fl-106">
         <path>C:\ti\ccs930\ccs\tools\compiler\ti-cgt-arm_18.12.4.LTS\lib\</path>
         <kind>archive</kind>
         <file>rtsv7M4_T_le_v4SPD16_eabi.lib</file>
         <name>u_tofd_t2.asm.obj</name>
      </input_file>
      <input_file id="fl-107">
         <path>C:\ti\ccs930\ccs\tools\compiler\ti-cgt-arm_18.12.4.LTS\lib\</path>
         <kind>archive</kind>
         <file>rtsv7M4_T_le_v4SPD16_eabi.lib</file>
         <name>ll_div_t2.asm.obj</name>
      </input_file>
      <input_file id="fl-108">
         <path>C:\ti\ccs930\ccs\tools\compiler\ti-cgt-arm_18.12.4.LTS\lib\</path>
         <kind>archive</kind>
         <file>rtsv7M4_T_le_v4SPD16_eabi.lib</file>
         <name>ull_div_t2.asm.obj</name>
      </input_file>
      <input_file id="fl-109">
         <path>C:\ti\ccs930\ccs\tools\compiler\ti-cgt-arm_18.12.4.LTS\lib\</path>
         <kind>archive</kind>
         <file>rtsv7M4_T_le_v4SPD16_eabi.lib</file>
         <name>memset_t2.asm.obj</name>
      </input_file>
      <input_file id="fl-10a">
         <path>C:\ti\ccs930\ccs\tools\compiler\ti-cgt-arm_18.12.4.LTS\lib\</path>
         <kind>archive</kind>
         <file>rtsv7M4_T_le_v4SPD16_eabi.lib</file>
         <name>copy_zero_init.c.obj</name>
      </input_file>
      <input_file id="fl-10b">
         <path>C:\ti\ccs930\ccs\tools\compiler\ti-cgt-arm_18.12.4.LTS\lib\</path>
         <kind>archive</kind>
         <file>rtsv7M4_T_le_v4SPD16_eabi.lib</file>
         <name>copy_decompress_none.c.obj</name>
      </input_file>
      <input_file id="fl-10c">
         <path>C:\ti\ccs930\ccs\tools\compiler\ti-cgt-arm_18.12.4.LTS\lib\</path>
         <kind>archive</kind>
         <file>rtsv7M4_T_le_v4SPD16_eabi.lib</file>
         <name>copy_decompress_lzss.c.obj</name>
      </input_file>
      <input_file id="fl-10d">
         <path>C:\ti\ccs930\ccs\tools\compiler\ti-cgt-arm_18.12.4.LTS\lib\</path>
         <kind>archive</kind>
         <file>rtsv7M4_T_le_v4SPD16_eabi.lib</file>
         <name>boot_cortex_m.c.obj</name>
      </input_file>
      <input_file id="fl-10e">
         <path>C:\ti\ccs930\ccs\tools\compiler\ti-cgt-arm_18.12.4.LTS\lib\</path>
         <kind>archive</kind>
         <file>rtsv7M4_T_le_v4SPD16_eabi.lib</file>
         <name>s_copysign.c.obj</name>
      </input_file>
      <input_file id="fl-10f">
         <path>C:\ti\ccs930\ccs\tools\compiler\ti-cgt-arm_18.12.4.LTS\lib\</path>
         <kind>archive</kind>
         <file>rtsv7M4_T_le_v4SPD16_eabi.lib</file>
         <name>div0.asm.obj</name>
      </input_file>
      <input_file id="fl-110">
         <path>C:\ti\ccs930\ccs\tools\compiler\ti-cgt-arm_18.12.4.LTS\lib\</path>
         <kind>archive</kind>
         <file>rtsv7M4_T_le_v4SPD16_eabi.lib</file>
         <name>autoinit.c.obj</name>
      </input_file>
      <input_file id="fl-111">
         <path>C:\ti\ccs930\ccs\tools\compiler\ti-cgt-arm_18.12.4.LTS\lib\</path>
         <kind>archive</kind>
         <file>rtsv7M4_T_le_v4SPD16_eabi.lib</file>
         <name>pre_init.c.obj</name>
      </input_file>
      <input_file id="fl-112">
         <path>C:\ti\ccs930\ccs\tools\compiler\ti-cgt-arm_18.12.4.LTS\lib\</path>
         <kind>archive</kind>
         <file>rtsv7M4_T_le_v4SPD16_eabi.lib</file>
         <name>cpy_tbl.c.obj</name>
      </input_file>
      <input_file id="fl-113">
         <path>C:\ti\ccs930\ccs\tools\compiler\ti-cgt-arm_18.12.4.LTS\lib\</path>
         <kind>archive</kind>
         <file>rtsv7M4_T_le_v4SPD16_eabi.lib</file>
         <name>exit.c.obj</name>
      </input_file>
      <input_file id="fl-114">
         <path>C:\ti\ccs930\ccs\tools\compiler\ti-cgt-arm_18.12.4.LTS\lib\</path>
         <kind>archive</kind>
         <file>rtsv7M4_T_le_v4SPD16_eabi.lib</file>
         <name>_lock.c.obj</name>
      </input_file>
      <input_file id="fl-115">
         <path>C:\ti\ccs930\ccs\tools\compiler\ti-cgt-arm_18.12.4.LTS\lib\</path>
         <kind>archive</kind>
         <file>rtsv7M4_T_le_v4SPD16_eabi.lib</file>
         <name>args_main.c.obj</name>
      </input_file>
   </input_file_list>
   <object_component_list>
      <object_component id="oc-78b">
         <name>.text:Power_sleep</name>
         <load_address>0x144</load_address>
         <run_address>0x144</run_address>
         <size>0x2f8</size>
         <input_file_ref idref="fl-20"/>
      </object_component>
      <object_component id="oc-574">
         <name>.text:UARTMSP432_open</name>
         <load_address>0x43c</load_address>
         <run_address>0x43c</run_address>
         <size>0x2d0</size>
         <input_file_ref idref="fl-26"/>
      </object_component>
      <object_component id="oc-367">
         <name>.text:initPerfControl</name>
         <load_address>0x70c</load_address>
         <run_address>0x70c</run_address>
         <size>0x288</size>
         <input_file_ref idref="fl-20"/>
      </object_component>
      <object_component id="oc-5c4">
         <name>.text:I2CMSP432_open</name>
         <load_address>0x994</load_address>
         <run_address>0x994</run_address>
         <size>0x1f8</size>
         <input_file_ref idref="fl-1f"/>
      </object_component>
      <object_component id="oc-171">
         <name>.text:mainThread</name>
         <load_address>0xb8c</load_address>
         <run_address>0xb8c</run_address>
         <size>0x1ec</size>
         <input_file_ref idref="fl-9"/>
      </object_component>
      <object_component id="oc-a51">
         <name>.text:xQueueSemaphoreTake</name>
         <load_address>0xd78</load_address>
         <run_address>0xd78</run_address>
         <size>0x1d4</size>
         <input_file_ref idref="fl-2e"/>
      </object_component>
      <object_component id="oc-662">
         <name>.text:xQueueGenericSend</name>
         <load_address>0xf4c</load_address>
         <run_address>0xf4c</run_address>
         <size>0x1b8</size>
         <input_file_ref idref="fl-2e"/>
      </object_component>
      <object_component id="oc-871">
         <name>.text:I2CMSP432_hwiIntFxn</name>
         <load_address>0x1104</load_address>
         <run_address>0x1104</run_address>
         <size>0x184</size>
         <input_file_ref idref="fl-1f"/>
      </object_component>
      <object_component id="oc-274">
         <name>.text:pvPortMalloc</name>
         <load_address>0x1288</load_address>
         <run_address>0x1288</run_address>
         <size>0x184</size>
         <input_file_ref idref="fl-2d"/>
      </object_component>
      <object_component id="oc-951">
         <name>.text:xQueueReceive</name>
         <load_address>0x140c</load_address>
         <run_address>0x140c</run_address>
         <size>0x180</size>
         <input_file_ref idref="fl-2e"/>
      </object_component>
      <object_component id="oc-696">
         <name>.text:prvProcessReceivedCommands</name>
         <load_address>0x158c</load_address>
         <run_address>0x158c</run_address>
         <size>0x164</size>
         <input_file_ref idref="fl-30"/>
      </object_component>
      <object_component id="oc-4ce">
         <name>.text:PrintFloat</name>
         <load_address>0x16f0</load_address>
         <run_address>0x16f0</run_address>
         <size>0x160</size>
         <input_file_ref idref="fl-7"/>
      </object_component>
      <object_component id="oc-5ed">
         <name>.text:TimerMSP432_open</name>
         <load_address>0x1850</load_address>
         <run_address>0x1850</run_address>
         <size>0x14c</size>
         <input_file_ref idref="fl-24"/>
      </object_component>
      <object_component id="oc-b3">
         <name>.text:xTaskIncrementTick</name>
         <load_address>0x199c</load_address>
         <run_address>0x199c</run_address>
         <size>0x140</size>
         <input_file_ref idref="fl-2f"/>
      </object_component>
      <object_component id="oc-165">
         <name>.text:pthread_create</name>
         <load_address>0x1adc</load_address>
         <run_address>0x1adc</run_address>
         <size>0x138</size>
         <input_file_ref idref="fl-35"/>
      </object_component>
      <object_component id="oc-30d">
         <name>.text</name>
         <load_address>0x1c14</load_address>
         <run_address>0x1c14</run_address>
         <size>0x136</size>
         <input_file_ref idref="fl-fe"/>
      </object_component>
      <object_component id="oc-3f4">
         <name>.text:prvInitialiseNewTask</name>
         <load_address>0x1d4a</load_address>
         <run_address>0x1d4a</run_address>
         <size>0x12a</size>
         <input_file_ref idref="fl-2f"/>
      </object_component>
      <object_component id="oc-a00">
         <name>.text:UART_initModule</name>
         <load_address>0x1e74</load_address>
         <run_address>0x1e74</run_address>
         <size>0x11c</size>
         <input_file_ref idref="fl-3f"/>
      </object_component>
      <object_component id="oc-882">
         <name>.text:primeTransfer</name>
         <load_address>0x1f90</load_address>
         <run_address>0x1f90</run_address>
         <size>0x11c</size>
         <input_file_ref idref="fl-1f"/>
      </object_component>
      <object_component id="oc-2a4">
         <name>.text:xTaskResumeAll</name>
         <load_address>0x20ac</load_address>
         <run_address>0x20ac</run_address>
         <size>0x11c</size>
         <input_file_ref idref="fl-2f"/>
      </object_component>
      <object_component id="oc-ad5">
         <name>.text:xQueueGenericSendFromISR</name>
         <load_address>0x21c8</load_address>
         <run_address>0x21c8</run_address>
         <size>0x10a</size>
         <input_file_ref idref="fl-2e"/>
      </object_component>
      <object_component id="oc-241">
         <name>.text:Board_initHook</name>
         <load_address>0x22d2</load_address>
         <run_address>0x22d2</run_address>
         <size>0x2</size>
         <input_file_ref idref="fl-8"/>
      </object_component>
      <object_component id="oc-958">
         <name>.text:_CSComputeCLKFrequency</name>
         <load_address>0x22d4</load_address>
         <run_address>0x22d4</run_address>
         <size>0x104</size>
         <input_file_ref idref="fl-3a"/>
      </object_component>
      <object_component id="oc-b71">
         <name>.text:vTaskPriorityDisinheritAfterTimeout</name>
         <load_address>0x23d8</load_address>
         <run_address>0x23d8</run_address>
         <size>0x104</size>
         <input_file_ref idref="fl-2f"/>
      </object_component>
      <object_component id="oc-66e">
         <name>.text:vTaskDelete</name>
         <load_address>0x24dc</load_address>
         <run_address>0x24dc</run_address>
         <size>0x100</size>
         <input_file_ref idref="fl-2f"/>
      </object_component>
      <object_component id="oc-668">
         <name>.text:vTaskSuspend</name>
         <load_address>0x25dc</load_address>
         <run_address>0x25dc</run_address>
         <size>0xfc</size>
         <input_file_ref idref="fl-2f"/>
      </object_component>
      <object_component id="oc-af5">
         <name>.text:CS_getDCOFrequency</name>
         <load_address>0x26d8</load_address>
         <run_address>0x26d8</run_address>
         <size>0xf8</size>
         <input_file_ref idref="fl-3a"/>
      </object_component>
      <object_component id="oc-5ca">
         <name>.text:I2CMSP432_transfer</name>
         <load_address>0x27d0</load_address>
         <run_address>0x27d0</run_address>
         <size>0xf0</size>
         <input_file_ref idref="fl-1f"/>
      </object_component>
      <object_component id="oc-a72">
         <name>.text:xQueueGiveFromISR</name>
         <load_address>0x28c0</load_address>
         <run_address>0x28c0</run_address>
         <size>0xf0</size>
         <input_file_ref idref="fl-2e"/>
      </object_component>
      <object_component id="oc-51b">
         <name>.text:CS_startHFXTWithTimeout</name>
         <load_address>0x29b0</load_address>
         <run_address>0x29b0</run_address>
         <size>0xe4</size>
         <input_file_ref idref="fl-3a"/>
      </object_component>
      <object_component id="oc-521">
         <name>.text:CS_startLFXTWithTimeout</name>
         <load_address>0x2a94</load_address>
         <run_address>0x2a94</run_address>
         <size>0xe0</size>
         <input_file_ref idref="fl-3a"/>
      </object_component>
      <object_component id="oc-a9a">
         <name>.text:xTaskPriorityDisinherit</name>
         <load_address>0x2b74</load_address>
         <run_address>0x2b74</run_address>
         <size>0xe0</size>
         <input_file_ref idref="fl-2f"/>
      </object_component>
      <object_component id="oc-302">
         <name>.text:UARTDEBUG_printf</name>
         <load_address>0x2c54</load_address>
         <run_address>0x2c54</run_address>
         <size>0xdc</size>
         <input_file_ref idref="fl-7"/>
      </object_component>
      <object_component id="oc-580">
         <name>.text:UARTMSP432_readPolling</name>
         <load_address>0x2d30</load_address>
         <run_address>0x2d30</run_address>
         <size>0xdc</size>
         <input_file_ref idref="fl-26"/>
      </object_component>
      <object_component id="oc-74b">
         <name>.text:_CSGetHFXTFrequency</name>
         <load_address>0x2e0c</load_address>
         <run_address>0x2e0c</run_address>
         <size>0xdc</size>
         <input_file_ref idref="fl-3a"/>
      </object_component>
      <object_component id="oc-ac">
         <name>.text:vTaskSwitchContext</name>
         <load_address>0x2ee8</load_address>
         <run_address>0x2ee8</run_address>
         <size>0xdc</size>
         <input_file_ref idref="fl-2f"/>
      </object_component>
      <object_component id="oc-60">
         <name>.text</name>
         <load_address>0x2fc4</load_address>
         <run_address>0x2fc4</run_address>
         <size>0xda</size>
         <input_file_ref idref="fl-32"/>
      </object_component>
      <object_component id="oc-a4b">
         <name>.text:xQueueReceiveFromISR</name>
         <load_address>0x309e</load_address>
         <run_address>0x309e</run_address>
         <size>0xd8</size>
         <input_file_ref idref="fl-2e"/>
      </object_component>
      <object_component id="oc-5be">
         <name>.text:I2CMSP432_init</name>
         <load_address>0x3176</load_address>
         <run_address>0x3176</run_address>
         <size>0x2</size>
         <input_file_ref idref="fl-1f"/>
      </object_component>
      <object_component id="oc-b65">
         <name>.text:xTaskPriorityInherit</name>
         <load_address>0x3178</load_address>
         <run_address>0x3178</run_address>
         <size>0xd8</size>
         <input_file_ref idref="fl-2f"/>
      </object_component>
      <object_component id="oc-2ba">
         <name>.text:xPortStartScheduler</name>
         <load_address>0x3250</load_address>
         <run_address>0x3250</run_address>
         <size>0xd0</size>
         <input_file_ref idref="fl-31"/>
      </object_component>
      <object_component id="oc-813">
         <name>.text:UARTMSP432_hwiIntFxn</name>
         <load_address>0x3320</load_address>
         <run_address>0x3320</run_address>
         <size>0xca</size>
         <input_file_ref idref="fl-26"/>
      </object_component>
      <object_component id="oc-b13">
         <name>.text:IntDefaultHandler</name>
         <load_address>0x33ea</load_address>
         <run_address>0x33ea</run_address>
         <size>0x2</size>
         <input_file_ref idref="fl-3c"/>
      </object_component>
      <object_component id="oc-5f9">
         <name>.text:TimerMSP432_start</name>
         <load_address>0x33ec</load_address>
         <run_address>0x33ec</run_address>
         <size>0xc8</size>
         <input_file_ref idref="fl-24"/>
      </object_component>
      <object_component id="oc-3fa">
         <name>.text:prvAddNewTaskToReadyList</name>
         <load_address>0x34b4</load_address>
         <run_address>0x34b4</run_address>
         <size>0xc4</size>
         <input_file_ref idref="fl-2f"/>
      </object_component>
      <object_component id="oc-8f5">
         <name>.text:prvCopyDataToQueue</name>
         <load_address>0x3578</load_address>
         <run_address>0x3578</run_address>
         <size>0xbe</size>
         <input_file_ref idref="fl-2e"/>
      </object_component>
      <object_component id="oc-552">
         <name>.text:PowerMSP432_initPolicy</name>
         <load_address>0x3636</load_address>
         <run_address>0x3636</run_address>
         <size>0x2</size>
         <input_file_ref idref="fl-2b"/>
      </object_component>
      <object_component id="oc-5f3">
         <name>.text:TimerMSP432_setPeriod</name>
         <load_address>0x3638</load_address>
         <run_address>0x3638</run_address>
         <size>0xbc</size>
         <input_file_ref idref="fl-24"/>
      </object_component>
      <object_component id="oc-3ca">
         <name>.text:prvHeapInit</name>
         <load_address>0x36f4</load_address>
         <run_address>0x36f4</run_address>
         <size>0xbc</size>
         <input_file_ref idref="fl-2d"/>
      </object_component>
      <object_component id="oc-ac6">
         <name>.text:prvSwitchTimerLists</name>
         <load_address>0x37b0</load_address>
         <run_address>0x37b0</run_address>
         <size>0xbc</size>
         <input_file_ref idref="fl-30"/>
      </object_component>
      <object_component id="oc-807">
         <name>.text:initHw</name>
         <load_address>0x386c</load_address>
         <run_address>0x386c</run_address>
         <size>0xb8</size>
         <input_file_ref idref="fl-26"/>
      </object_component>
      <object_component id="oc-a36">
         <name>.text:readTaskCallback</name>
         <load_address>0x3924</load_address>
         <run_address>0x3924</run_address>
         <size>0xb8</size>
         <input_file_ref idref="fl-26"/>
      </object_component>
      <object_component id="oc-626">
         <name>.text:xQueueGenericReset</name>
         <load_address>0x39dc</load_address>
         <run_address>0x39dc</run_address>
         <size>0xb8</size>
         <input_file_ref idref="fl-2e"/>
      </object_component>
      <object_component id="oc-568">
         <name>.text:UARTMSP432_control</name>
         <load_address>0x3a94</load_address>
         <run_address>0x3a94</run_address>
         <size>0xb4</size>
         <input_file_ref idref="fl-26"/>
      </object_component>
      <object_component id="oc-592">
         <name>.text:UARTMSP432_writePolling</name>
         <load_address>0x3b48</load_address>
         <run_address>0x3b48</run_address>
         <size>0xb4</size>
         <input_file_ref idref="fl-26"/>
      </object_component>
      <object_component id="oc-aaa">
         <name>.text:prvAddCurrentTaskToDelayedList</name>
         <load_address>0x3bfc</load_address>
         <run_address>0x3bfc</run_address>
         <size>0xb0</size>
         <input_file_ref idref="fl-2f"/>
      </object_component>
      <object_component id="oc-901">
         <name>.text:xTaskCheckForTimeOut</name>
         <load_address>0x3cac</load_address>
         <run_address>0x3cac</run_address>
         <size>0xb0</size>
         <input_file_ref idref="fl-2f"/>
      </object_component>
      <object_component id="oc-913">
         <name>.text:prvUnlockQueue</name>
         <load_address>0x3d5c</load_address>
         <run_address>0x3d5c</run_address>
         <size>0xae</size>
         <input_file_ref idref="fl-2e"/>
      </object_component>
      <object_component id="oc-5ac">
         <name>.text:I2CMSP432_cancel</name>
         <load_address>0x3e0a</load_address>
         <run_address>0x3e0a</run_address>
         <size>0xac</size>
         <input_file_ref idref="fl-1f"/>
      </object_component>
      <object_component id="oc-58c">
         <name>.text:UARTMSP432_write</name>
         <load_address>0x3eb6</load_address>
         <run_address>0x3eb6</run_address>
         <size>0xa8</size>
         <input_file_ref idref="fl-26"/>
      </object_component>
      <object_component id="oc-5e7">
         <name>.text:TimerMSP432_init</name>
         <load_address>0x3f5e</load_address>
         <run_address>0x3f5e</run_address>
         <size>0x2</size>
         <input_file_ref idref="fl-24"/>
      </object_component>
      <object_component id="oc-3d0">
         <name>.text:prvInsertBlockIntoFreeList</name>
         <load_address>0x3f60</load_address>
         <run_address>0x3f60</run_address>
         <size>0xa8</size>
         <input_file_ref idref="fl-2d"/>
      </object_component>
      <object_component id="oc-a24">
         <name>.text:readTaskBlocking</name>
         <load_address>0x4008</load_address>
         <run_address>0x4008</run_address>
         <size>0xa8</size>
         <input_file_ref idref="fl-26"/>
      </object_component>
      <object_component id="oc-280">
         <name>.text:vPortFree</name>
         <load_address>0x40b0</load_address>
         <run_address>0x40b0</run_address>
         <size>0xa8</size>
         <input_file_ref idref="fl-2d"/>
      </object_component>
      <object_component id="oc-8cc">
         <name>.text:xTaskRemoveFromEventList</name>
         <load_address>0x4158</load_address>
         <run_address>0x4158</run_address>
         <size>0xa8</size>
         <input_file_ref idref="fl-2f"/>
      </object_component>
      <object_component id="oc-8a1">
         <name>.text:initTimerHardware</name>
         <load_address>0x4200</load_address>
         <run_address>0x4200</run_address>
         <size>0xa4</size>
         <input_file_ref idref="fl-24"/>
      </object_component>
      <object_component id="oc-7fb">
         <name>.text:ClockP_create</name>
         <load_address>0x42a4</load_address>
         <run_address>0x42a4</run_address>
         <size>0xa0</size>
         <input_file_ref idref="fl-29"/>
      </object_component>
      <object_component id="oc-6ed">
         <name>.text:MPU6050_write_bits</name>
         <load_address>0x4344</load_address>
         <run_address>0x4344</run_address>
         <size>0xa0</size>
         <input_file_ref idref="fl-4"/>
      </object_component>
      <object_component id="oc-a3c">
         <name>.text:readIsrTextCallback</name>
         <load_address>0x43e4</load_address>
         <run_address>0x43e4</run_address>
         <size>0xa0</size>
         <input_file_ref idref="fl-26"/>
      </object_component>
      <object_component id="oc-23b">
         <name>.text:Power_init</name>
         <load_address>0x4484</load_address>
         <run_address>0x4484</run_address>
         <size>0x9c</size>
         <input_file_ref idref="fl-20"/>
      </object_component>
      <object_component id="oc-34">
         <name>.text</name>
         <load_address>0x4520</load_address>
         <run_address>0x4520</run_address>
         <size>0x9c</size>
         <input_file_ref idref="fl-105"/>
      </object_component>
      <object_component id="oc-8b4">
         <name>.text:setT32TickCount</name>
         <load_address>0x45bc</load_address>
         <run_address>0x45bc</run_address>
         <size>0x9c</size>
         <input_file_ref idref="fl-24"/>
      </object_component>
      <object_component id="oc-8ba">
         <name>.text:setTATickCount</name>
         <load_address>0x4658</load_address>
         <run_address>0x4658</run_address>
         <size>0x9c</size>
         <input_file_ref idref="fl-24"/>
      </object_component>
      <object_component id="oc-b94">
         <name>.text:SysCtl_A_getTLVInfo</name>
         <load_address>0x46f4</load_address>
         <run_address>0x46f4</run_address>
         <size>0x94</size>
         <input_file_ref idref="fl-3e"/>
      </object_component>
      <object_component id="oc-16b">
         <name>.text:vTaskStartScheduler</name>
         <load_address>0x4788</load_address>
         <run_address>0x4788</run_address>
         <size>0x94</size>
         <input_file_ref idref="fl-2f"/>
      </object_component>
      <object_component id="oc-562">
         <name>.text:UARTMSP432_close</name>
         <load_address>0x481c</load_address>
         <run_address>0x481c</run_address>
         <size>0x92</size>
         <input_file_ref idref="fl-26"/>
      </object_component>
      <object_component id="oc-a14">
         <name>.text:writeData</name>
         <load_address>0x48ae</load_address>
         <run_address>0x48ae</run_address>
         <size>0x92</size>
         <input_file_ref idref="fl-26"/>
      </object_component>
      <object_component id="oc-5ff">
         <name>.text:TimerMSP432_stop</name>
         <load_address>0x4940</load_address>
         <run_address>0x4940</run_address>
         <size>0x8c</size>
         <input_file_ref idref="fl-24"/>
      </object_component>
      <object_component id="oc-a2a">
         <name>.text:readIsrTextBlocking</name>
         <load_address>0x49cc</load_address>
         <run_address>0x49cc</run_address>
         <size>0x8c</size>
         <input_file_ref idref="fl-26"/>
      </object_component>
      <object_component id="oc-4c8">
         <name>.text:PrintInteger</name>
         <load_address>0x4a58</load_address>
         <run_address>0x4a58</run_address>
         <size>0x8a</size>
         <input_file_ref idref="fl-7"/>
      </object_component>
      <object_component id="oc-56e">
         <name>.text:UARTMSP432_init</name>
         <load_address>0x4ae2</load_address>
         <run_address>0x4ae2</run_address>
         <size>0x2</size>
         <input_file_ref idref="fl-26"/>
      </object_component>
      <object_component id="oc-690">
         <name>.text:prvProcessTimerOrBlockTask</name>
         <load_address>0x4ae4</load_address>
         <run_address>0x4ae4</run_address>
         <size>0x88</size>
         <input_file_ref idref="fl-30"/>
      </object_component>
      <object_component id="oc-9b2">
         <name>.text:restartHFXT</name>
         <load_address>0x4b6c</load_address>
         <run_address>0x4b6c</run_address>
         <size>0x84</size>
         <input_file_ref idref="fl-20"/>
      </object_component>
      <object_component id="oc-94b">
         <name>.text:xTimerGenericCommand</name>
         <load_address>0x4bf0</load_address>
         <run_address>0x4bf0</run_address>
         <size>0x84</size>
         <input_file_ref idref="fl-30"/>
      </object_component>
      <object_component id="oc-9ba">
         <name>.text:Interrupt_disableInterrupt</name>
         <load_address>0x4c74</load_address>
         <run_address>0x4c74</run_address>
         <size>0x80</size>
         <input_file_ref idref="fl-3c"/>
      </object_component>
      <object_component id="oc-540">
         <name>.text:Interrupt_enableInterrupt</name>
         <load_address>0x4cf4</load_address>
         <run_address>0x4cf4</run_address>
         <size>0x80</size>
         <input_file_ref idref="fl-3c"/>
      </object_component>
      <object_component id="oc-938">
         <name>.text:prvProcessExpiredTimer</name>
         <load_address>0x4d74</load_address>
         <run_address>0x4d74</run_address>
         <size>0x80</size>
         <input_file_ref idref="fl-30"/>
      </object_component>
      <object_component id="oc-b9a">
         <name>.text:_CSGetDOCFrequency</name>
         <load_address>0x4df4</load_address>
         <run_address>0x4df4</run_address>
         <size>0x7c</size>
         <input_file_ref idref="fl-3a"/>
      </object_component>
      <object_component id="oc-460">
         <name>.text:uart_dev_init</name>
         <load_address>0x4e70</load_address>
         <run_address>0x4e70</run_address>
         <size>0x7c</size>
         <input_file_ref idref="fl-12"/>
      </object_component>
      <object_component id="oc-65c">
         <name>.text:removeThreadKeys</name>
         <load_address>0x4eec</load_address>
         <run_address>0x4eec</run_address>
         <size>0x7a</size>
         <input_file_ref idref="fl-35"/>
      </object_component>
      <object_component id="oc-85">
         <name>.text</name>
         <load_address>0x4f66</load_address>
         <run_address>0x4f66</run_address>
         <size>0x7a</size>
         <input_file_ref idref="fl-109"/>
      </object_component>
      <object_component id="oc-292">
         <name>.text:xTaskCreate</name>
         <load_address>0x4fe0</load_address>
         <run_address>0x4fe0</run_address>
         <size>0x7a</size>
         <input_file_ref idref="fl-2f"/>
      </object_component>
      <object_component id="oc-5a">
         <name>.text:defaultISR</name>
         <load_address>0x505a</load_address>
         <run_address>0x505a</run_address>
         <size>0x2</size>
         <input_file_ref idref="fl-33"/>
      </object_component>
      <object_component id="oc-89b">
         <name>.text:TimerMSP432_allocateTimerResource</name>
         <load_address>0x505c</load_address>
         <run_address>0x505c</run_address>
         <size>0x78</size>
         <input_file_ref idref="fl-24"/>
      </object_component>
      <object_component id="oc-945">
         <name>.text:prvInsertTimerInActiveList</name>
         <load_address>0x50d4</load_address>
         <run_address>0x50d4</run_address>
         <size>0x78</size>
         <input_file_ref idref="fl-30"/>
      </object_component>
      <object_component id="oc-424">
         <name>.text:vPortSetupTimerInterrupt</name>
         <load_address>0x514c</load_address>
         <run_address>0x514c</run_address>
         <size>0x78</size>
         <input_file_ref idref="fl-31"/>
      </object_component>
      <object_component id="oc-5b2">
         <name>.text:I2CMSP432_close</name>
         <load_address>0x51c4</load_address>
         <run_address>0x51c4</run_address>
         <size>0x76</size>
         <input_file_ref idref="fl-1f"/>
      </object_component>
      <object_component id="oc-54">
         <name>.text:faultISR</name>
         <load_address>0x523a</load_address>
         <run_address>0x523a</run_address>
         <size>0x2</size>
         <input_file_ref idref="fl-33"/>
      </object_component>
      <object_component id="oc-467">
         <name>.text:i2c_dev_init</name>
         <load_address>0x523c</load_address>
         <run_address>0x523c</run_address>
         <size>0x74</size>
         <input_file_ref idref="fl-e"/>
      </object_component>
      <object_component id="oc-641">
         <name>.text:prvInitialiseTaskLists</name>
         <load_address>0x52b0</load_address>
         <run_address>0x52b0</run_address>
         <size>0x74</size>
         <input_file_ref idref="fl-2f"/>
      </object_component>
      <object_component id="oc-b58">
         <name>.text:vPortValidateInterruptPriority</name>
         <load_address>0x5324</load_address>
         <run_address>0x5324</run_address>
         <size>0x74</size>
         <input_file_ref idref="fl-31"/>
      </object_component>
      <object_component id="oc-598">
         <name>.text:UARTMSP432_writeCancel</name>
         <load_address>0x5398</load_address>
         <run_address>0x5398</run_address>
         <size>0x70</size>
         <input_file_ref idref="fl-26"/>
      </object_component>
      <object_component id="oc-e5">
         <name>.text:main</name>
         <load_address>0x5408</load_address>
         <run_address>0x5408</run_address>
         <size>0x70</size>
         <input_file_ref idref="fl-b"/>
      </object_component>
      <object_component id="oc-b29">
         <name>.text:setClockObjTimeout</name>
         <load_address>0x5478</load_address>
         <run_address>0x5478</run_address>
         <size>0x70</size>
         <input_file_ref idref="fl-29"/>
      </object_component>
      <object_component id="oc-312">
         <name>.text</name>
         <load_address>0x54e8</load_address>
         <run_address>0x54e8</run_address>
         <size>0x6e</size>
         <input_file_ref idref="fl-100"/>
      </object_component>
      <object_component id="oc-4e">
         <name>.text:nmiISR</name>
         <load_address>0x5556</load_address>
         <run_address>0x5556</run_address>
         <size>0x2</size>
         <input_file_ref idref="fl-33"/>
      </object_component>
      <object_component id="oc-a69">
         <name>.text:I2C_masterSendMultiByteFinish</name>
         <load_address>0x5558</load_address>
         <run_address>0x5558</run_address>
         <size>0x6c</size>
         <input_file_ref idref="fl-3b"/>
      </object_component>
      <object_component id="oc-6f6">
         <name>.text:MPU6050_write_bit</name>
         <load_address>0x55c4</load_address>
         <run_address>0x55c4</run_address>
         <size>0x6c</size>
         <input_file_ref idref="fl-4"/>
      </object_component>
      <object_component id="oc-7d7">
         <name>.text:PowerMSP432_getFreqs</name>
         <load_address>0x5630</load_address>
         <run_address>0x5630</run_address>
         <size>0x68</size>
         <input_file_ref idref="fl-20"/>
      </object_component>
      <object_component id="oc-f">
         <name>.text:decompress:lzss:__TI_decompress_lzss</name>
         <load_address>0x5698</load_address>
         <run_address>0x5698</run_address>
         <size>0x68</size>
         <input_file_ref idref="fl-10c"/>
      </object_component>
      <object_component id="oc-858">
         <name>.text:initHw</name>
         <load_address>0x5700</load_address>
         <run_address>0x5700</run_address>
         <size>0x68</size>
         <input_file_ref idref="fl-1f"/>
      </object_component>
      <object_component id="oc-b22">
         <name>.text:prvInitialiseNewTimer</name>
         <load_address>0x5768</load_address>
         <run_address>0x5768</run_address>
         <size>0x66</size>
         <input_file_ref idref="fl-30"/>
      </object_component>
      <object_component id="oc-aa4">
         <name>.text:vListInsert</name>
         <load_address>0x57ce</load_address>
         <run_address>0x57ce</run_address>
         <size>0x66</size>
         <input_file_ref idref="fl-37"/>
      </object_component>
      <object_component id="oc-b4c">
         <name>.text:ClockP_stop</name>
         <load_address>0x5834</load_address>
         <run_address>0x5834</run_address>
         <size>0x64</size>
         <input_file_ref idref="fl-29"/>
      </object_component>
      <object_component id="oc-434">
         <name>.text:prvGetExpectedIdleTime</name>
         <load_address>0x5898</load_address>
         <run_address>0x5898</run_address>
         <size>0x64</size>
         <input_file_ref idref="fl-2f"/>
      </object_component>
      <object_component id="oc-ae9">
         <name>.text:_CSGetDividerValue</name>
         <load_address>0x58fc</load_address>
         <run_address>0x58fc</run_address>
         <size>0x62</size>
         <input_file_ref idref="fl-3a"/>
      </object_component>
      <object_component id="oc-3d6">
         <name>.text:vApplicationMallocFailedHook</name>
         <load_address>0x595e</load_address>
         <run_address>0x595e</run_address>
         <size>0x2</size>
         <input_file_ref idref="fl-b"/>
      </object_component>
      <object_component id="oc-373">
         <name>.text:HwiP_create</name>
         <load_address>0x5960</load_address>
         <run_address>0x5960</run_address>
         <size>0x60</size>
         <input_file_ref idref="fl-2a"/>
      </object_component>
      <object_component id="oc-63a">
         <name>.text:pxPortInitialiseStack</name>
         <load_address>0x59c0</load_address>
         <run_address>0x59c0</run_address>
         <size>0x60</size>
         <input_file_ref idref="fl-31"/>
      </object_component>
      <object_component id="oc-27a">
         <name>.text:xQueueGenericCreate</name>
         <load_address>0x5a20</load_address>
         <run_address>0x5a20</run_address>
         <size>0x60</size>
         <input_file_ref idref="fl-2e"/>
      </object_component>
      <object_component id="oc-534">
         <name>.text:Interrupt_registerInterrupt</name>
         <load_address>0x5a80</load_address>
         <run_address>0x5a80</run_address>
         <size>0x5c</size>
         <input_file_ref idref="fl-3c"/>
      </object_component>
      <object_component id="oc-2c0">
         <name>.text:prvIdleTask</name>
         <load_address>0x5adc</load_address>
         <run_address>0x5adc</run_address>
         <size>0x5c</size>
         <input_file_ref idref="fl-2f"/>
      </object_component>
      <object_component id="oc-40a">
         <name>.text:pthread_exit</name>
         <load_address>0x5b38</load_address>
         <run_address>0x5b38</run_address>
         <size>0x5c</size>
         <input_file_ref idref="fl-35"/>
      </object_component>
      <object_component id="oc-2c7">
         <name>.text:time_dev_init</name>
         <load_address>0x5b94</load_address>
         <run_address>0x5b94</run_address>
         <size>0x5c</size>
         <input_file_ref idref="fl-11"/>
      </object_component>
      <object_component id="oc-93e">
         <name>.text:vQueueWaitForMessageRestricted</name>
         <load_address>0x5bf0</load_address>
         <run_address>0x5bf0</run_address>
         <size>0x5c</size>
         <input_file_ref idref="fl-2e"/>
      </object_component>
      <object_component id="oc-a1e">
         <name>.text:readIsrBinaryBlocking</name>
         <load_address>0x5c4c</load_address>
         <run_address>0x5c4c</run_address>
         <size>0x58</size>
         <input_file_ref idref="fl-26"/>
      </object_component>
      <object_component id="oc-9e4">
         <name>.text:xQueueCreateCountingSemaphore</name>
         <load_address>0x5ca4</load_address>
         <run_address>0x5ca4</run_address>
         <size>0x58</size>
         <input_file_ref idref="fl-2e"/>
      </object_component>
      <object_component id="oc-7ef">
         <name>.text:SemaphoreP_create</name>
         <load_address>0x5cfc</load_address>
         <run_address>0x5cfc</run_address>
         <size>0x56</size>
         <input_file_ref idref="fl-2c"/>
      </object_component>
      <object_component id="oc-a63">
         <name>.text:completeTransfer</name>
         <load_address>0x5d52</load_address>
         <run_address>0x5d52</run_address>
         <size>0x56</size>
         <input_file_ref idref="fl-1f"/>
      </object_component>
      <object_component id="oc-7a4">
         <name>.text:ClockP_delete</name>
         <load_address>0x5da8</load_address>
         <run_address>0x5da8</run_address>
         <size>0x54</size>
         <input_file_ref idref="fl-29"/>
      </object_component>
      <object_component id="oc-53a">
         <name>.text:Interrupt_setPriority</name>
         <load_address>0x5dfc</load_address>
         <run_address>0x5dfc</run_address>
         <size>0x54</size>
         <input_file_ref idref="fl-3c"/>
      </object_component>
      <object_component id="oc-891">
         <name>.text:TimerMSP432_freeTimerResource</name>
         <load_address>0x5e50</load_address>
         <run_address>0x5e50</run_address>
         <size>0x54</size>
         <input_file_ref idref="fl-24"/>
      </object_component>
      <object_component id="oc-2b4">
         <name>.text:xTimerCreateTimerTask</name>
         <load_address>0x5ea4</load_address>
         <run_address>0x5ea4</run_address>
         <size>0x54</size>
         <input_file_ref idref="fl-30"/>
      </object_component>
      <object_component id="oc-8a7">
         <name>.text:TimerMSP432_hwiIntFunction</name>
         <load_address>0x5ef8</load_address>
         <run_address>0x5ef8</run_address>
         <size>0x50</size>
         <input_file_ref idref="fl-24"/>
      </object_component>
      <object_component id="oc-4b0">
         <name>.text:i2c_dev_read</name>
         <load_address>0x5f48</load_address>
         <run_address>0x5f48</run_address>
         <size>0x50</size>
         <input_file_ref idref="fl-e"/>
      </object_component>
      <object_component id="oc-5d5">
         <name>.text:TimerMSP432_close</name>
         <load_address>0x5f98</load_address>
         <run_address>0x5f98</run_address>
         <size>0x4e</size>
         <input_file_ref idref="fl-24"/>
      </object_component>
      <object_component id="oc-6ff">
         <name>.text:i2c_dev_write</name>
         <load_address>0x5fe8</load_address>
         <run_address>0x5fe8</run_address>
         <size>0x4c</size>
         <input_file_ref idref="fl-e"/>
      </object_component>
      <object_component id="oc-411">
         <name>.text:prvCheckForValidListAndQueue</name>
         <load_address>0x6034</load_address>
         <run_address>0x6034</run_address>
         <size>0x4c</size>
         <input_file_ref idref="fl-30"/>
      </object_component>
      <object_component id="oc-42e">
         <name>.text:prvCheckTasksWaitingTermination</name>
         <load_address>0x6080</load_address>
         <run_address>0x6080</run_address>
         <size>0x4c</size>
         <input_file_ref idref="fl-2f"/>
      </object_component>
      <object_component id="oc-a30">
         <name>.text:readIsrBinaryCallback</name>
         <load_address>0x60cc</load_address>
         <run_address>0x60cc</run_address>
         <size>0x4c</size>
         <input_file_ref idref="fl-26"/>
      </object_component>
      <object_component id="oc-381">
         <name>.text:vPortEnterCritical</name>
         <load_address>0x6118</load_address>
         <run_address>0x6118</run_address>
         <size>0x4c</size>
         <input_file_ref idref="fl-31"/>
      </object_component>
      <object_component id="oc-549">
         <name>.text:HwiP_dispatch</name>
         <load_address>0x6164</load_address>
         <run_address>0x6164</run_address>
         <size>0x48</size>
         <input_file_ref idref="fl-2a"/>
      </object_component>
      <object_component id="oc-2eb">
         <name>.text:MPU6050_raw_accelerometer</name>
         <load_address>0x61ac</load_address>
         <run_address>0x61ac</run_address>
         <size>0x48</size>
         <input_file_ref idref="fl-4"/>
      </object_component>
      <object_component id="oc-2f1">
         <name>.text:MPU6050_raw_gyroscope</name>
         <load_address>0x61f4</load_address>
         <run_address>0x61f4</run_address>
         <size>0x48</size>
         <input_file_ref idref="fl-4"/>
      </object_component>
      <object_component id="oc-7aa">
         <name>.text:Power_releaseConstraint</name>
         <load_address>0x623c</load_address>
         <run_address>0x623c</run_address>
         <size>0x48</size>
         <input_file_ref idref="fl-20"/>
      </object_component>
      <object_component id="oc-2d9">
         <name>.text:QMC5883_init</name>
         <load_address>0x6284</load_address>
         <run_address>0x6284</run_address>
         <size>0x48</size>
         <input_file_ref idref="fl-6"/>
      </object_component>
      <object_component id="oc-2f7">
         <name>.text:QMC5883_raw_magnetometer</name>
         <load_address>0x62cc</load_address>
         <run_address>0x62cc</run_address>
         <size>0x48</size>
         <input_file_ref idref="fl-6"/>
      </object_component>
      <object_component id="oc-117">
         <name>.text:uxListRemove</name>
         <load_address>0x6314</load_address>
         <run_address>0x6314</run_address>
         <size>0x48</size>
         <input_file_ref idref="fl-37"/>
      </object_component>
      <object_component id="oc-b3f">
         <name>.text:RingBuf_put</name>
         <load_address>0x635c</load_address>
         <run_address>0x635c</run_address>
         <size>0x46</size>
         <input_file_ref idref="fl-28"/>
      </object_component>
      <object_component id="oc-141">
         <name>.text:I2C_init</name>
         <load_address>0x63a4</load_address>
         <run_address>0x63a4</run_address>
         <size>0x44</size>
         <input_file_ref idref="fl-1e"/>
      </object_component>
      <object_component id="oc-147">
         <name>.text:Timer_init</name>
         <load_address>0x63e8</load_address>
         <run_address>0x63e8</run_address>
         <size>0x44</size>
         <input_file_ref idref="fl-23"/>
      </object_component>
      <object_component id="oc-13b">
         <name>.text:UART_init</name>
         <load_address>0x642c</load_address>
         <run_address>0x642c</run_address>
         <size>0x44</size>
         <input_file_ref idref="fl-25"/>
      </object_component>
      <object_component id="oc-18e">
         <name>.text:__TI_auto_init_nobinit_nopinit:__TI_auto_init_nobinit_nopinit</name>
         <load_address>0x6470</load_address>
         <run_address>0x6470</run_address>
         <size>0x44</size>
         <input_file_ref idref="fl-110"/>
      </object_component>
      <object_component id="oc-86b">
         <name>.text:perfChangeNotifyFxn</name>
         <load_address>0x64b4</load_address>
         <run_address>0x64b4</run_address>
         <size>0x44</size>
         <input_file_ref idref="fl-1f"/>
      </object_component>
      <object_component id="oc-3e4">
         <name>.text:prvInitialiseNewQueue</name>
         <load_address>0x64f8</load_address>
         <run_address>0x64f8</run_address>
         <size>0x44</size>
         <input_file_ref idref="fl-2e"/>
      </object_component>
      <object_component id="oc-6e0">
         <name>.text:I2C_open</name>
         <load_address>0x653c</load_address>
         <run_address>0x653c</run_address>
         <size>0x40</size>
         <input_file_ref idref="fl-1e"/>
      </object_component>
      <object_component id="oc-834">
         <name>.text:RingBuf_get</name>
         <load_address>0x657c</load_address>
         <run_address>0x657c</run_address>
         <size>0x40</size>
         <input_file_ref idref="fl-28"/>
      </object_component>
      <object_component id="oc-447">
         <name>.text:Timer_open</name>
         <load_address>0x65bc</load_address>
         <run_address>0x65bc</run_address>
         <size>0x40</size>
         <input_file_ref idref="fl-23"/>
      </object_component>
      <object_component id="oc-57a">
         <name>.text:UARTMSP432_read</name>
         <load_address>0x65fc</load_address>
         <run_address>0x65fc</run_address>
         <size>0x40</size>
         <input_file_ref idref="fl-26"/>
      </object_component>
      <object_component id="oc-6ca">
         <name>.text:UART_open</name>
         <load_address>0x663c</load_address>
         <run_address>0x663c</run_address>
         <size>0x40</size>
         <input_file_ref idref="fl-25"/>
      </object_component>
      <object_component id="oc-80d">
         <name>.text:perfChangeNotifyFxn</name>
         <load_address>0x667c</load_address>
         <run_address>0x667c</run_address>
         <size>0x40</size>
         <input_file_ref idref="fl-26"/>
      </object_component>
      <object_component id="oc-acd">
         <name>.text:vTaskPlaceOnEventListRestricted</name>
         <load_address>0x66bc</load_address>
         <run_address>0x66bc</run_address>
         <size>0x40</size>
         <input_file_ref idref="fl-2f"/>
      </object_component>
      <object_component id="oc-9f8">
         <name>.text:ClockP_callbackFxn</name>
         <load_address>0x66fc</load_address>
         <run_address>0x66fc</run_address>
         <size>0x3e</size>
         <input_file_ref idref="fl-29"/>
      </object_component>
      <object_component id="oc-650">
         <name>.text:pthread_setcancelstate</name>
         <load_address>0x673a</load_address>
         <run_address>0x673a</run_address>
         <size>0x3e</size>
         <input_file_ref idref="fl-35"/>
      </object_component>
      <object_component id="oc-adc">
         <name>.text:prvCopyDataFromQueue</name>
         <load_address>0x6778</load_address>
         <run_address>0x6778</run_address>
         <size>0x3c</size>
         <input_file_ref idref="fl-2e"/>
      </object_component>
      <object_component id="oc-111">
         <name>.text:prvResetNextTaskUnblockTime</name>
         <load_address>0x67b4</load_address>
         <run_address>0x67b4</run_address>
         <size>0x3c</size>
         <input_file_ref idref="fl-2f"/>
      </object_component>
      <object_component id="oc-ab8">
         <name>.text:pvTaskGetThreadLocalStoragePointer</name>
         <load_address>0x67f0</load_address>
         <run_address>0x67f0</run_address>
         <size>0x3c</size>
         <input_file_ref idref="fl-2f"/>
      </object_component>
      <object_component id="oc-11d">
         <name>.text:vListInsertEnd</name>
         <load_address>0x682c</load_address>
         <run_address>0x682c</run_address>
         <size>0x3c</size>
         <input_file_ref idref="fl-37"/>
      </object_component>
      <object_component id="oc-9ec">
         <name>.text:xTimerCreate</name>
         <load_address>0x6868</load_address>
         <run_address>0x6868</run_address>
         <size>0x3c</size>
         <input_file_ref idref="fl-30"/>
      </object_component>
      <object_component id="oc-558">
         <name>.text:PowerMSP432_sleepPolicy</name>
         <load_address>0x68a4</load_address>
         <run_address>0x68a4</run_address>
         <size>0x3a</size>
         <input_file_ref idref="fl-2b"/>
      </object_component>
      <object_component id="oc-2d3">
         <name>.text:MPU6050_init</name>
         <load_address>0x68e0</load_address>
         <run_address>0x68e0</run_address>
         <size>0x38</size>
         <input_file_ref idref="fl-4"/>
      </object_component>
      <object_component id="oc-7bd">
         <name>.text:Power_setConstraint</name>
         <load_address>0x6918</load_address>
         <run_address>0x6918</run_address>
         <size>0x38</size>
         <input_file_ref idref="fl-20"/>
      </object_component>
      <object_component id="oc-49b">
         <name>.text:QMC5883_set_rate</name>
         <load_address>0x6950</load_address>
         <run_address>0x6950</run_address>
         <size>0x38</size>
         <input_file_ref idref="fl-6"/>
      </object_component>
      <object_component id="oc-4a1">
         <name>.text:QMC5883_set_samples</name>
         <load_address>0x6988</load_address>
         <run_address>0x6988</run_address>
         <size>0x38</size>
         <input_file_ref idref="fl-6"/>
      </object_component>
      <object_component id="oc-5e1">
         <name>.text:TimerMSP432_getCount</name>
         <load_address>0x69c0</load_address>
         <run_address>0x69c0</run_address>
         <size>0x38</size>
         <input_file_ref idref="fl-24"/>
      </object_component>
      <object_component id="oc-9a6">
         <name>.text:notify</name>
         <load_address>0x69f8</load_address>
         <run_address>0x69f8</run_address>
         <size>0x38</size>
         <input_file_ref idref="fl-20"/>
      </object_component>
      <object_component id="oc-68a">
         <name>.text:prvGetNextExpireTime</name>
         <load_address>0x6a30</load_address>
         <run_address>0x6a30</run_address>
         <size>0x38</size>
         <input_file_ref idref="fl-30"/>
      </object_component>
      <object_component id="oc-8d4">
         <name>.text:prvTaskExitError</name>
         <load_address>0x6a68</load_address>
         <run_address>0x6a68</run_address>
         <size>0x38</size>
         <input_file_ref idref="fl-31"/>
      </object_component>
      <object_component id="oc-2fd">
         <name>.text</name>
         <load_address>0x6aa0</load_address>
         <run_address>0x6aa0</run_address>
         <size>0x38</size>
         <input_file_ref idref="fl-101"/>
      </object_component>
      <object_component id="oc-495">
         <name>.text:QMC5883_set_measurement</name>
         <load_address>0x6ad8</load_address>
         <run_address>0x6ad8</run_address>
         <size>0x36</size>
         <input_file_ref idref="fl-6"/>
      </object_component>
      <object_component id="oc-586">
         <name>.text:UARTMSP432_readCancel</name>
         <load_address>0x6b0e</load_address>
         <run_address>0x6b0e</run_address>
         <size>0x36</size>
         <input_file_ref idref="fl-26"/>
      </object_component>
      <object_component id="oc-83c">
         <name>.text:SemaphoreP_pend</name>
         <load_address>0x6b44</load_address>
         <run_address>0x6b44</run_address>
         <size>0x34</size>
         <input_file_ref idref="fl-2c"/>
      </object_component>
      <object_component id="oc-91">
         <name>.text:_c_int00_noargs:_c_int00_noargs</name>
         <load_address>0x6b78</load_address>
         <run_address>0x6b78</run_address>
         <size>0x34</size>
         <input_file_ref idref="fl-10d"/>
      </object_component>
      <object_component id="oc-936">
         <name>.text:prvSampleTimeNow</name>
         <load_address>0x6bac</load_address>
         <run_address>0x6bac</run_address>
         <size>0x34</size>
         <input_file_ref idref="fl-30"/>
      </object_component>
      <object_component id="oc-90d">
         <name>.text:vTaskPlaceOnEventList</name>
         <load_address>0x6be0</load_address>
         <run_address>0x6be0</run_address>
         <size>0x34</size>
         <input_file_ref idref="fl-2f"/>
      </object_component>
      <object_component id="oc-aef">
         <name>.text:CS_clearInterruptFlag</name>
         <load_address>0x6c14</load_address>
         <run_address>0x6c14</run_address>
         <size>0x30</size>
         <input_file_ref idref="fl-3a"/>
      </object_component>
      <object_component id="oc-862">
         <name>.text:mapPin</name>
         <load_address>0x6c44</load_address>
         <run_address>0x6c44</run_address>
         <size>0x30</size>
         <input_file_ref idref="fl-1f"/>
      </object_component>
      <object_component id="oc-7c5">
         <name>.text:mapPin</name>
         <load_address>0x6c74</load_address>
         <run_address>0x6c74</run_address>
         <size>0x30</size>
         <input_file_ref idref="fl-26"/>
      </object_component>
      <object_component id="oc-675">
         <name>.text:vListInitialise</name>
         <load_address>0x6ca4</load_address>
         <run_address>0x6ca4</run_address>
         <size>0x30</size>
         <input_file_ref idref="fl-37"/>
      </object_component>
      <object_component id="oc-388">
         <name>.text:vPortExitCritical</name>
         <load_address>0x6cd4</load_address>
         <run_address>0x6cd4</run_address>
         <size>0x30</size>
         <input_file_ref idref="fl-31"/>
      </object_component>
      <object_component id="oc-286">
         <name>.text:xTaskGetSchedulerState</name>
         <load_address>0x6d04</load_address>
         <run_address>0x6d04</run_address>
         <size>0x30</size>
         <input_file_ref idref="fl-2f"/>
      </object_component>
      <object_component id="oc-b30">
         <name>.text:pvTimerGetTimerID</name>
         <load_address>0x6d34</load_address>
         <run_address>0x6d34</run_address>
         <size>0x2e</size>
         <input_file_ref idref="fl-30"/>
      </object_component>
      <object_component id="oc-248">
         <name>.text:HwiP_disable</name>
         <load_address>0x6d64</load_address>
         <run_address>0x6d64</run_address>
         <size>0x2c</size>
         <input_file_ref idref="fl-2a"/>
      </object_component>
      <object_component id="oc-8ad">
         <name>.text:perfChangeNotifyFxn</name>
         <load_address>0x6d90</load_address>
         <run_address>0x6d90</run_address>
         <size>0x2c</size>
         <input_file_ref idref="fl-24"/>
      </object_component>
      <object_component id="oc-298">
         <name>.text:vTaskSetApplicationTaskTag</name>
         <load_address>0x6dbc</load_address>
         <run_address>0x6dbc</run_address>
         <size>0x2c</size>
         <input_file_ref idref="fl-2f"/>
      </object_component>
      <object_component id="oc-65">
         <name>.text:xPortSysTickHandler</name>
         <load_address>0x6de8</load_address>
         <run_address>0x6de8</run_address>
         <size>0x2c</size>
         <input_file_ref idref="fl-31"/>
      </object_component>
      <object_component id="oc-69d">
         <name>.text:CS_getMCLK</name>
         <load_address>0x6e14</load_address>
         <run_address>0x6e14</run_address>
         <size>0x28</size>
         <input_file_ref idref="fl-3a"/>
      </object_component>
      <object_component id="oc-a45">
         <name>.text:HwiP_inISR</name>
         <load_address>0x6e3c</load_address>
         <run_address>0x6e3c</run_address>
         <size>0x28</size>
         <input_file_ref idref="fl-2a"/>
      </object_component>
      <object_component id="oc-7e3">
         <name>.text:Power_registerNotify</name>
         <load_address>0x6e64</load_address>
         <run_address>0x6e64</run_address>
         <size>0x28</size>
         <input_file_ref idref="fl-20"/>
      </object_component>
      <object_component id="oc-515">
         <name>.text:disableFaultCounter</name>
         <load_address>0x6e8c</load_address>
         <run_address>0x6e8c</run_address>
         <size>0x28</size>
         <input_file_ref idref="fl-20"/>
      </object_component>
      <object_component id="oc-9ac">
         <name>.text:disableHFXT</name>
         <load_address>0x6eb4</load_address>
         <run_address>0x6eb4</run_address>
         <size>0x28</size>
         <input_file_ref idref="fl-20"/>
      </object_component>
      <object_component id="oc-7dd">
         <name>.text:findBaudDividerIndex</name>
         <load_address>0x6edc</load_address>
         <run_address>0x6edc</run_address>
         <size>0x28</size>
         <input_file_ref idref="fl-26"/>
      </object_component>
      <object_component id="oc-153">
         <name>.text:pthread_attr_setschedparam</name>
         <load_address>0x6f04</load_address>
         <run_address>0x6f04</run_address>
         <size>0x28</size>
         <input_file_ref idref="fl-35"/>
      </object_component>
      <object_component id="oc-71f">
         <name>.text:uart_dev_write</name>
         <load_address>0x6f2c</load_address>
         <run_address>0x6f2c</run_address>
         <size>0x28</size>
         <input_file_ref idref="fl-12"/>
      </object_component>
      <object_component id="oc-8eb">
         <name>.text:xTaskGetApplicationTaskTag</name>
         <load_address>0x6f54</load_address>
         <run_address>0x6f54</run_address>
         <size>0x28</size>
         <input_file_ref idref="fl-2f"/>
      </object_component>
      <object_component id="oc-9dc">
         <name>.text:List_put</name>
         <load_address>0x6f7c</load_address>
         <run_address>0x6f7c</run_address>
         <size>0x26</size>
         <input_file_ref idref="fl-27"/>
      </object_component>
      <object_component id="oc-9cd">
         <name>.text:List_remove</name>
         <load_address>0x6fa2</load_address>
         <run_address>0x6fa2</run_address>
         <size>0x26</size>
         <input_file_ref idref="fl-27"/>
      </object_component>
      <object_component id="oc-489">
         <name>.text:QMC5883_write_byte</name>
         <load_address>0x6fc8</load_address>
         <run_address>0x6fc8</run_address>
         <size>0x26</size>
         <input_file_ref idref="fl-6"/>
      </object_component>
      <object_component id="oc-656">
         <name>.text:_pthread_cleanup_pop</name>
         <load_address>0x6fee</load_address>
         <run_address>0x6fee</run_address>
         <size>0x26</size>
         <input_file_ref idref="fl-35"/>
      </object_component>
      <object_component id="oc-907">
         <name>.text:prvIsQueueFull</name>
         <load_address>0x7014</load_address>
         <run_address>0x7014</run_address>
         <size>0x26</size>
         <input_file_ref idref="fl-2e"/>
      </object_component>
      <object_component id="oc-4a8">
         <name>.text:MPU6050_read_byte</name>
         <load_address>0x703c</load_address>
         <run_address>0x703c</run_address>
         <size>0x24</size>
         <input_file_ref idref="fl-4"/>
      </object_component>
      <object_component id="oc-b6b">
         <name>.text:prvGetDisinheritPriorityAfterTimeout</name>
         <load_address>0x7060</load_address>
         <run_address>0x7060</run_address>
         <size>0x24</size>
         <input_file_ref idref="fl-2e"/>
      </object_component>
      <object_component id="oc-29e">
         <name>.text:vQueueDelete</name>
         <load_address>0x7084</load_address>
         <run_address>0x7084</run_address>
         <size>0x24</size>
         <input_file_ref idref="fl-2e"/>
      </object_component>
      <object_component id="oc-8fb">
         <name>.text:vTaskInternalSetTimeOutState</name>
[...]
         <name>vPortFree</name>
         <value>0x40b1</value>
         <object_component_ref idref="oc-280"/>
      </symbol>
      <symbol id="sm-c58">
         <name>xQueueGenericSendFromISR</name>
         <value>0x21c9</value>
         <object_component_ref idref="oc-ad5"/>
      </symbol>
      <symbol id="sm-c59">
         <name>xQueueGenericCreate</name>
         <value>0x5a21</value>
         <object_component_ref idref="oc-27a"/>
      </symbol>
      <symbol id="sm-c5a">
         <name>xQueueGenericSend</name>
         <value>0xf4d</value>
         <object_component_ref idref="oc-662"/>
      </symbol>
      <symbol id="sm-c5b">
         <name>xQueueGenericReset</name>
         <value>0x39dd</value>
         <object_component_ref idref="oc-626"/>
      </symbol>
      <symbol id="sm-c5c">
         <name>xQueueReceiveFromISR</name>
         <value>0x309f</value>
         <object_component_ref idref="oc-a4b"/>
      </symbol>
      <symbol id="sm-c5d">
         <name>xQueueSemaphoreTake</name>
         <value>0xd79</value>
         <object_component_ref idref="oc-a51"/>
      </symbol>
      <symbol id="sm-c5e">
         <name>xQueueGiveFromISR</name>
         <value>0x28c1</value>
         <object_component_ref idref="oc-a72"/>
      </symbol>
      <symbol id="sm-c5f">
         <name>xQueueCreateCountingSemaphore</name>
         <value>0x5ca5</value>
         <object_component_ref idref="oc-9e4"/>
      </symbol>
      <symbol id="sm-c60">
         <name>vQueueWaitForMessageRestricted</name>
         <value>0x5bf1</value>
         <object_component_ref idref="oc-93e"/>
      </symbol>
      <symbol id="sm-c61">
         <name>vQueueDelete</name>
         <value>0x7085</value>
         <object_component_ref idref="oc-29e"/>
      </symbol>
      <symbol id="sm-c62">
         <name>xQueueReceive</name>
         <value>0x140d</value>
         <object_component_ref idref="oc-951"/>
      </symbol>
      <symbol id="sm-efe">
         <name>vTaskSuspendAll</name>
         <value>0x7561</value>
         <object_component_ref idref="oc-28c"/>
      </symbol>
      <symbol id="sm-eff">
         <name>vTaskPlaceOnEventList</name>
         <value>0x6be1</value>
         <object_component_ref idref="oc-90d"/>
      </symbol>
      <symbol id="sm-f00">
         <name>pvTaskGetThreadLocalStoragePointer</name>
         <value>0x67f1</value>
         <object_component_ref idref="oc-ab8"/>
      </symbol>
      <symbol id="sm-f01">
         <name>xTaskCheckForTimeOut</name>
         <value>0x3cad</value>
         <object_component_ref idref="oc-901"/>
      </symbol>
      <symbol id="sm-f02">
         <name>xTaskPriorityDisinherit</name>
         <value>0x2b75</value>
         <object_component_ref idref="oc-a9a"/>
      </symbol>
      <symbol id="sm-f03">
         <name>vTaskStartScheduler</name>
         <value>0x4789</value>
         <object_component_ref idref="oc-16b"/>
      </symbol>
      <symbol id="sm-f04">
         <name>vTaskInternalSetTimeOutState</name>
         <value>0x70a9</value>
         <object_component_ref idref="oc-8fb"/>
      </symbol>
      <symbol id="sm-f05">
         <name>pvTaskIncrementMutexHeldCount</name>
         <value>0x72b9</value>
         <object_component_ref idref="oc-b5f"/>
      </symbol>
      <symbol id="sm-f06">
         <name>vTaskPriorityDisinheritAfterTimeout</name>
         <value>0x23d9</value>
         <object_component_ref idref="oc-b71"/>
      </symbol>
      <symbol id="sm-f07">
         <name>xTaskCreate</name>
         <value>0x4fe1</value>
         <object_component_ref idref="oc-292"/>
      </symbol>
      <symbol id="sm-f08">
         <name>vTaskMissedYield</name>
         <value>0x75ed</value>
         <object_component_ref idref="oc-ab1"/>
      </symbol>
      <symbol id="sm-f09">
         <name>xTaskResumeAll</name>
         <value>0x20ad</value>
         <object_component_ref idref="oc-2a4"/>
      </symbol>
      <symbol id="sm-f0a">
         <name>vTaskSetApplicationTaskTag</name>
         <value>0x6dbd</value>
         <object_component_ref idref="oc-298"/>
      </symbol>
      <symbol id="sm-f0b">
         <name>xTaskGetTickCount</name>
         <value>0x74a5</value>
         <object_component_ref idref="oc-ac0"/>
      </symbol>
      <symbol id="sm-f0c">
         <name>vTaskDelete</name>
         <value>0x24dd</value>
         <object_component_ref idref="oc-66e"/>
      </symbol>
      <symbol id="sm-f0d">
         <name>xTaskGetApplicationTaskTag</name>
         <value>0x6f55</value>
         <object_component_ref idref="oc-8eb"/>
      </symbol>
      <symbol id="sm-f0e">
         <name>pxCurrentTCB</name>
         <value>0x20008c8c</value>
         <object_component_ref idref="oc-a6"/>
      </symbol>
      <symbol id="sm-f0f">
         <name>vTaskSuspend</name>
         <value>0x25dd</value>
         <object_component_ref idref="oc-668"/>
      </symbol>
      <symbol id="sm-f10">
         <name>vTaskPlaceOnEventListRestricted</name>
         <value>0x66bd</value>
         <object_component_ref idref="oc-acd"/>
      </symbol>
      <symbol id="sm-f11">
         <name>xTaskIncrementTick</name>
         <value>0x199d</value>
         <object_component_ref idref="oc-b3"/>
      </symbol>
      <symbol id="sm-f12">
         <name>vTaskSwitchContext</name>
         <value>0x2ee9</value>
         <object_component_ref idref="oc-ac"/>
      </symbol>
      <symbol id="sm-f13">
         <name>xTaskGetSchedulerState</name>
         <value>0x6d05</value>
         <object_component_ref idref="oc-286"/>
      </symbol>
      <symbol id="sm-f14">
         <name>xTaskGetCurrentTaskHandle</name>
         <value>0x7491</value>
         <object_component_ref idref="oc-8e5"/>
      </symbol>
      <symbol id="sm-f15">
         <name>xTaskRemoveFromEventList</name>
         <value>0x4159</value>
         <object_component_ref idref="oc-8cc"/>
      </symbol>
      <symbol id="sm-f16">
         <name>xTaskPriorityInherit</name>
         <value>0x3179</value>
         <object_component_ref idref="oc-b65"/>
      </symbol>
      <symbol id="sm-101a">
         <name>xTimerCreateTimerTask</name>
         <value>0x5ea5</value>
         <object_component_ref idref="oc-2b4"/>
      </symbol>
      <symbol id="sm-101b">
         <name>xTimerCreate</name>
         <value>0x6869</value>
         <object_component_ref idref="oc-9ec"/>
      </symbol>
      <symbol id="sm-101c">
         <name>xTimerGenericCommand</name>
         <value>0x4bf1</value>
         <object_component_ref idref="oc-94b"/>
      </symbol>
      <symbol id="sm-101d">
         <name>pvTimerGetTimerID</name>
         <value>0x6d35</value>
         <object_component_ref idref="oc-b30"/>
      </symbol>
      <symbol id="sm-10b0">
         <name>ulMaxSyscallInterruptPriority</name>
         <value>0x797c</value>
         <object_component_ref idref="oc-a9"/>
      </symbol>
      <symbol id="sm-10b1">
         <name>vPortSetupTimerInterrupt</name>
         <value>0x514d</value>
         <object_component_ref idref="oc-424"/>
      </symbol>
      <symbol id="sm-10b2">
         <name>xPortSysTickHandler</name>
         <value>0x6de9</value>
         <object_component_ref idref="oc-65"/>
      </symbol>
      <symbol id="sm-10b3">
         <name>vPortValidateInterruptPriority</name>
         <value>0x5325</value>
         <object_component_ref idref="oc-b58"/>
      </symbol>
      <symbol id="sm-10b4">
         <name>pxPortInitialiseStack</name>
         <value>0x59c1</value>
         <object_component_ref idref="oc-63a"/>
      </symbol>
      <symbol id="sm-10b5">
         <name>vPortExitCritical</name>
         <value>0x6cd5</value>
         <object_component_ref idref="oc-388"/>
      </symbol>
      <symbol id="sm-10b6">
         <name>xPortStartScheduler</name>
         <value>0x3251</value>
         <object_component_ref idref="oc-2ba"/>
      </symbol>
      <symbol id="sm-10b7">
         <name>vPortEnterCritical</name>
         <value>0x6119</value>
         <object_component_ref idref="oc-381"/>
      </symbol>
      <symbol id="sm-10c6">
         <name>vPortStartFirstTask</name>
         <value>0x306d</value>
         <object_component_ref idref="oc-60"/>
      </symbol>
      <symbol id="sm-10c7">
         <name>ulPortGetIPSR</name>
         <value>0x2fd5</value>
         <object_component_ref idref="oc-60"/>
      </symbol>
      <symbol id="sm-10c8">
         <name>vPortEnableVFP</name>
         <value>0x3091</value>
         <object_component_ref idref="oc-60"/>
      </symbol>
      <symbol id="sm-10c9">
         <name>xPortPendSVHandler</name>
         <value>0x2fed</value>
         <object_component_ref idref="oc-60"/>
      </symbol>
      <symbol id="sm-10ca">
         <name>vPortSVCHandler</name>
         <value>0x304d</value>
         <object_component_ref idref="oc-60"/>
      </symbol>
      <symbol id="sm-10fd">
         <name>resetISR</name>
         <value>0x747d</value>
         <object_component_ref idref="oc-1c"/>
      </symbol>
      <symbol id="sm-10fe">
         <name>interruptVectors</name>
         <value>0x0</value>
         <object_component_ref idref="oc-23"/>
      </symbol>
      <symbol id="sm-110c">
         <name>PTLS_taskDeleteHook</name>
         <value>0x72d5</value>
         <object_component_ref idref="oc-91b"/>
      </symbol>
      <symbol id="sm-11b3">
         <name>pthread_create</name>
         <value>0x1add</value>
         <object_component_ref idref="oc-165"/>
      </symbol>
      <symbol id="sm-11b4">
         <name>pthread_attr_init</name>
         <value>0x729d</value>
         <object_component_ref idref="oc-14d"/>
      </symbol>
      <symbol id="sm-11b5">
         <name>pthread_self</name>
         <value>0x7469</value>
         <object_component_ref idref="oc-64a"/>
      </symbol>
      <symbol id="sm-11b6">
         <name>pthread_attr_setschedparam</name>
         <value>0x6f05</value>
         <object_component_ref idref="oc-153"/>
      </symbol>
      <symbol id="sm-11b7">
         <name>pthread_attr_setdetachstate</name>
         <value>0x70ef</value>
         <object_component_ref idref="oc-159"/>
      </symbol>
      <symbol id="sm-11b8">
         <name>pthread_attr_setstacksize</name>
         <value>0x7455</value>
         <object_component_ref idref="oc-15f"/>
      </symbol>
      <symbol id="sm-11b9">
         <name>pthread_setcancelstate</name>
         <value>0x673b</value>
         <object_component_ref idref="oc-650"/>
      </symbol>
      <symbol id="sm-11ba">
         <name>_pthread_cleanup_pop</name>
         <value>0x6fef</value>
         <object_component_ref idref="oc-656"/>
      </symbol>
      <symbol id="sm-11bb">
         <name>pthread_exit</name>
         <value>0x5b39</value>
         <object_component_ref idref="oc-40a"/>
      </symbol>
      <symbol id="sm-11ee">
         <name>uxListRemove</name>
         <value>0x6315</value>
         <object_component_ref idref="oc-117"/>
      </symbol>
      <symbol id="sm-11ef">
         <name>vListInsert</name>
         <value>0x57cf</value>
         <object_component_ref idref="oc-aa4"/>
      </symbol>
      <symbol id="sm-11f0">
         <name>vListInitialiseItem</name>
         <value>0x7551</value>
         <object_component_ref idref="oc-634"/>
      </symbol>
      <symbol id="sm-11f1">
         <name>vListInsertEnd</name>
         <value>0x682d</value>
         <object_component_ref idref="oc-11d"/>
      </symbol>
      <symbol id="sm-11f2">
         <name>vListInitialise</name>
         <value>0x6ca5</value>
         <object_component_ref idref="oc-675"/>
      </symbol>
      <symbol id="sm-120d">
         <name>CPU_cpsie</name>
         <value>0x75a5</value>
         <object_component_ref idref="oc-791"/>
      </symbol>
      <symbol id="sm-120e">
         <name>CPU_cpsid</name>
         <value>0x7599</value>
         <object_component_ref idref="oc-77f"/>
      </symbol>
      <symbol id="sm-12f8">
         <name>CS_getMCLK</name>
         <value>0x6e15</value>
         <object_component_ref idref="oc-69d"/>
      </symbol>
      <symbol id="sm-12f9">
         <name>CS_clearInterruptFlag</name>
         <value>0x6c15</value>
         <object_component_ref idref="oc-aef"/>
      </symbol>
      <symbol id="sm-12fa">
         <name>CS_getDCOFrequency</name>
         <value>0x26d9</value>
         <object_component_ref idref="oc-af5"/>
      </symbol>
      <symbol id="sm-12fb">
         <name>CS_setExternalClockSourceFrequency</name>
         <value>0x7111</value>
         <object_component_ref idref="oc-50f"/>
      </symbol>
      <symbol id="sm-12fc">
         <name>CS_startHFXTWithTimeout</name>
         <value>0x29b1</value>
         <object_component_ref idref="oc-51b"/>
      </symbol>
      <symbol id="sm-12fd">
         <name>CS_startLFXTWithTimeout</name>
         <value>0x2a95</value>
         <object_component_ref idref="oc-521"/>
      </symbol>
      <symbol id="sm-1312">
         <name>I2C_masterSendMultiByteFinish</name>
         <value>0x5559</value>
         <object_component_ref idref="oc-a69"/>
      </symbol>
      <symbol id="sm-1380">
         <name>Interrupt_disableInterrupt</name>
         <value>0x4c75</value>
         <object_component_ref idref="oc-9ba"/>
      </symbol>
      <symbol id="sm-1381">
         <name>Interrupt_unregisterInterrupt</name>
         <value>0x7265</value>
         <object_component_ref idref="oc-9c0"/>
      </symbol>
      <symbol id="sm-1382">
         <name>Interrupt_setPriority</name>
         <value>0x5dfd</value>
         <object_component_ref idref="oc-53a"/>
      </symbol>
      <symbol id="sm-1383">
         <name>Interrupt_enableInterrupt</name>
         <value>0x4cf5</value>
         <object_component_ref idref="oc-540"/>
      </symbol>
      <symbol id="sm-1384">
         <name>Interrupt_registerInterrupt</name>
         <value>0x5a81</value>
         <object_component_ref idref="oc-534"/>
      </symbol>
      <symbol id="sm-1385">
         <name>g_pfnRAMVectors</name>
         <value>0x20009000</value>
         <object_component_ref idref="oc-76b"/>
      </symbol>
      <symbol id="sm-1391">
         <name>SysCtl_getNMISourceStatus</name>
         <value>0x7521</value>
         <object_component_ref idref="oc-b08"/>
      </symbol>
      <symbol id="sm-13c5">
         <name>SysCtl_A_enableNMISource</name>
         <value>0x7339</value>
         <object_component_ref idref="oc-751"/>
      </symbol>
      <symbol id="sm-13c6">
         <name>SysCtl_A_getTLVInfo</name>
         <value>0x46f5</value>
         <object_component_ref idref="oc-b94"/>
      </symbol>
      <symbol id="sm-13c7">
         <name>SysCtl_A_getNMISourceStatus</name>
         <value>0x7511</value>
         <object_component_ref idref="oc-73f"/>
      </symbol>
      <symbol id="sm-13c8">
         <name>SysCtl_A_disableNMISource</name>
         <value>0x7321</value>
         <object_component_ref idref="oc-745"/>
      </symbol>
      <symbol id="sm-13e6">
         <name>UART_initModule</name>
         <value>0x1e75</value>
         <object_component_ref idref="oc-a00"/>
      </symbol>
      <symbol id="sm-1403">
         <name>__aeabi_ddiv</name>
         <value>0x1c15</value>
         <object_component_ref idref="oc-30d"/>
      </symbol>
      <symbol id="sm-1410">
         <name>__aeabi_d2f</name>
         <value>0x54e9</value>
         <object_component_ref idref="oc-312"/>
      </symbol>
      <symbol id="sm-141b">
         <name>__aeabi_f2d</name>
         <value>0x6aa1</value>
         <object_component_ref idref="oc-2fd"/>
      </symbol>
      <symbol id="sm-1439">
         <name>memcpy</name>
         <value>0x4521</value>
         <object_component_ref idref="oc-34"/>
      </symbol>
      <symbol id="sm-143a">
         <name>__aeabi_memcpy</name>
         <value>0x4521</value>
         <object_component_ref idref="oc-34"/>
      </symbol>
      <symbol id="sm-143b">
         <name>__aeabi_memcpy8</name>
         <value>0x4521</value>
         <object_component_ref idref="oc-34"/>
      </symbol>
      <symbol id="sm-143c">
         <name>__aeabi_memcpy4</name>
         <value>0x4521</value>
         <object_component_ref idref="oc-34"/>
      </symbol>
      <symbol id="sm-1446">
         <name>__aeabi_ui2d</name>
         <value>0x71b1</value>
         <object_component_ref idref="oc-308"/>
      </symbol>
      <symbol id="sm-1457">
         <name>__aeabi_memset</name>
         <value>0x4f69</value>
         <object_component_ref idref="oc-85"/>
      </symbol>
      <symbol id="sm-1458">
         <name>memset</name>
         <value>0x4f6f</value>
         <object_component_ref idref="oc-85"/>
      </symbol>
      <symbol id="sm-1459">
         <name>__aeabi_memset8</name>
         <value>0x4f69</value>
         <object_component_ref idref="oc-85"/>
      </symbol>
      <symbol id="sm-145a">
         <name>__aeabi_memset4</name>
         <value>0x4f69</value>
         <object_component_ref idref="oc-85"/>
      </symbol>
      <symbol id="sm-145b">
         <name>__aeabi_memclr8</name>
         <value>0x4f67</value>
         <object_component_ref idref="oc-85"/>
      </symbol>
      <symbol id="sm-145c">
         <name>__aeabi_memclr4</name>
         <value>0x4f67</value>
         <object_component_ref idref="oc-85"/>
      </symbol>
      <symbol id="sm-145d">
         <name>__aeabi_memclr</name>
         <value>0x4f67</value>
         <object_component_ref idref="oc-85"/>
      </symbol>
      <symbol id="sm-1474">
         <name>__TI_zero_init</name>
         <value>0x75d5</value>
         <object_component_ref idref="oc-46"/>
      </symbol>
      <symbol id="sm-148b">
         <name>__TI_decompress_none</name>
         <value>0x757f</value>
         <object_component_ref idref="oc-15"/>
      </symbol>
      <symbol id="sm-14ae">
         <name>__TI_decompress_lzss</name>
         <value>0x5699</value>
         <object_component_ref idref="oc-f"/>
      </symbol>
      <symbol id="sm-14c1">
         <name>__stack</name>
         <value>0x2000fc00</value>
         <object_component_ref idref="oc-26"/>
      </symbol>
      <symbol id="sm-14c2">
         <name>_c_int00_noargs</name>
         <value>0x6b79</value>
         <object_component_ref idref="oc-91"/>
      </symbol>
      <symbol id="sm-14ec">
         <name>__TI_auto_init_nobinit_nopinit</name>
         <value>0x6471</value>
         <object_component_ref idref="oc-18e"/>
      </symbol>
      <symbol id="sm-14f6">
         <name>_system_pre_init</name>
         <value>0x7661</value>
         <object_component_ref idref="oc-df"/>
      </symbol>
      <symbol id="sm-1502">
         <name>C$$EXIT</name>
         <value>0x7665</value>
         <object_component_ref idref="oc-182"/>
      </symbol>
      <symbol id="sm-1503">
         <name>abort</name>
         <value>0x7665</value>
         <object_component_ref idref="oc-182"/>
      </symbol>
      <symbol id="sm-1506">
         <name>__TI_static_base__</name>
         <value>0x79b8</value>
      </symbol>
      <symbol id="sm-1509">
         <name>__mpu_init</name>
         <value>0x0</value>
      </symbol>
      <symbol id="sm-150a">
         <name>_system_post_cinit</name>
         <value>0x0</value>
      </symbol>
   </symbol_table>
   <title>Link successful</title>
</link_info>
