******************************************************************************
                  TI ARM Linker PC v18.12.4                    
******************************************************************************
>> Linked Tue Sep  1 13:44:22 2020

OUTPUT FILE NAME:   <Quadcopter_HAL.out>
ENTRY POINT SYMBOL: "resetISR"  address: 00003b25


MEMORY CONFIGURATION

         name            origin    length      used     unused   attr    fill
----------------------  --------  ---------  --------  --------  ----  --------
  MAIN                  00000000   00040000  00003d7c  0003c284  R  X
  INFO                  00200000   00004000  00000000  00004000  R  X
  SRAM_CODE             01000000   00010000  00009050  00006fb0  RW X
  SRAM_DATA             20000000   00010000  00009050  00006fb0  RW  


SEGMENT ALLOCATION MAP

run origin  load origin   length   init length attrs members
----------  ----------- ---------- ----------- ----- -------
00000000    00000000    00003d80   00003d80    r-x
  00000000    00000000    00000144   00000144    r-- .intvecs
  00000144    00000144    00003ae2   00003ae2    r-x .text
  00003c28    00003c28    0000009e   0000009e    r-- .const
  00003cc8    00003cc8    000000b8   000000b8    r-- .cinit
20000000    20000000    00008b68   00000000    rw-
  20000000    20000000    00008174   00000000    rw- .bss
  20008174    20008174    000009f4   00000000    rw- .data
20008c00    20008c00    000000e8   00000000    rw-
  20008c00    20008c00    000000e8   00000000    rw- .vtable
2000fc00    2000fc00    00000400   00000000    rw-
  2000fc00    2000fc00    00000400   00000000    rw- .stack


SECTION ALLOCATION MAP

 output                                  attributes/
section   page    origin      length       input sections
--------  ----  ----------  ----------   ----------------
.text      0    00000144    00003ae2     
                  00000144    000002f8     drivers_msp432p401x.aem4f : PowerMSP432.oem4f (.text:Power_sleep)
                  0000043c    00000288                               : PowerMSP432.oem4f (.text:initPerfControl)
                  000006c4    000001b8     freertos_builds_MSP_EXP432P401R_release_ccs.lib : queue.obj (.text:xQueueGenericSend)
                  0000087c    00000184                                                     : heap_4.obj (.text:pvPortMalloc)
                  00000a00    00000180                                                     : queue.obj (.text:xQueueReceive)
                  00000b80    00000164                                                     : timers.obj (.text:prvProcessReceivedCommands)
                  00000ce4    00000140                                                     : tasks.obj (.text:xTaskIncrementTick)
                  00000e24    00000138                                                     : pthread.obj (.text:pthread_create)
                  00000f5c    0000012a                                                     : tasks.obj (.text:prvInitialiseNewTask)
                  00001086    00000002     ti_drivers_config.obj (.text:Board_initHook)
                  00001088    0000011c     freertos_builds_MSP_EXP432P401R_release_ccs.lib : tasks.obj (.text:xTaskResumeAll)
                  000011a4    0000010a                                                     : queue.obj (.text:xQueueGenericSendFromISR)
                  000012ae    00000002                                                     : PowerMSP432_freertos.obj (.text:PowerMSP432_initPolicy)
                  000012b0    00000104     msp432p4xx_driverlib.lib : cs.o (.text:_CSComputeCLKFrequency)
                  000013b4    00000100     freertos_builds_MSP_EXP432P401R_release_ccs.lib : tasks.obj (.text:vTaskDelete)
                  000014b4    000000fc                                                     : tasks.obj (.text:vTaskSuspend)
                  000015b0    000000f8     msp432p4xx_driverlib.lib : cs.o (.text:CS_getDCOFrequency)
                  000016a8    000000e4                              : cs.o (.text:CS_startHFXTWithTimeout)
                  0000178c    000000e0                              : cs.o (.text:CS_startLFXTWithTimeout)
                  0000186c    000000e0     freertos_builds_MSP_EXP432P401R_release_ccs.lib : tasks.obj (.text:xTaskPriorityDisinherit)
                  0000194c    000000dc     msp432p4xx_driverlib.lib : cs.o (.text:_CSGetHFXTFrequency)
                  00001a28    000000dc     freertos_builds_MSP_EXP432P401R_release_ccs.lib : tasks.obj (.text:vTaskSwitchContext)
                  00001b04    000000da                                                     : portasm.obj (.text)
                  00001bde    00000002                                                     : startup_msp432_ccs.obj (.text:defaultISR)
                  00001be0    000000d0                                                     : port.obj (.text:xPortStartScheduler)
                  00001cb0    000000c4                                                     : tasks.obj (.text:prvAddNewTaskToReadyList)
                  00001d74    000000be                                                     : queue.obj (.text:prvCopyDataToQueue)
                  00001e32    00000002                                                     : startup_msp432_ccs.obj (.text:faultISR)
                  00001e34    000000bc                                                     : heap_4.obj (.text:prvHeapInit)
                  00001ef0    000000bc                                                     : timers.obj (.text:prvSwitchTimerLists)
                  00001fac    000000b8                                                     : queue.obj (.text:xQueueGenericReset)
                  00002064    000000b0                                                     : tasks.obj (.text:prvAddCurrentTaskToDelayedList)
                  00002114    000000b0                                                     : tasks.obj (.text:xTaskCheckForTimeOut)
                  000021c4    000000ae                                                     : queue.obj (.text:prvUnlockQueue)
                  00002272    00000002                                                     : startup_msp432_ccs.obj (.text:nmiISR)
                  00002274    000000a8                                                     : heap_4.obj (.text:prvInsertBlockIntoFreeList)
                  0000231c    000000a8                                                     : heap_4.obj (.text:vPortFree)
                  000023c4    000000a8                                                     : tasks.obj (.text:xTaskRemoveFromEventList)
                  0000246c    0000009c     drivers_msp432p401x.aem4f : PowerMSP432.oem4f (.text:Power_init)
                  00002508    0000009c     rtsv7M4_T_le_v4SPD16_eabi.lib : memcpy_t2.asm.obj (.text)
                  000025a4    00000094     msp432p4xx_driverlib.lib : sysctl_a.o (.text:SysCtl_A_getTLVInfo)
                  00002638    00000094     freertos_builds_MSP_EXP432P401R_release_ccs.lib : tasks.obj (.text:vTaskStartScheduler)
                  000026cc    00000088                                                     : timers.obj (.text:prvProcessTimerOrBlockTask)
                  00002754    00000084     drivers_msp432p401x.aem4f : PowerMSP432.oem4f (.text:restartHFXT)
                  000027d8    00000084     freertos_builds_MSP_EXP432P401R_release_ccs.lib : timers.obj (.text:xTimerGenericCommand)
                  0000285c    00000080     msp432p4xx_driverlib.lib : interrupt.o (.text:Interrupt_enableInterrupt)
                  000028dc    00000080     freertos_builds_MSP_EXP432P401R_release_ccs.lib : timers.obj (.text:prvProcessExpiredTimer)
                  0000295c    0000007c     msp432p4xx_driverlib.lib : cs.o (.text:_CSGetDOCFrequency)
                  000029d8    0000007a     freertos_builds_MSP_EXP432P401R_release_ccs.lib : pthread.obj (.text:removeThreadKeys)
                  00002a52    0000007a     rtsv7M4_T_le_v4SPD16_eabi.lib : memset_t2.asm.obj (.text)
                  00002acc    0000007a     freertos_builds_MSP_EXP432P401R_release_ccs.lib : tasks.obj (.text:xTaskCreate)
                  00002b46    00000002     main.obj (.text:vApplicationMallocFailedHook)
                  00002b48    00000078     freertos_builds_MSP_EXP432P401R_release_ccs.lib : timers.obj (.text:prvInsertTimerInActiveList)
                  00002bc0    00000078                                                     : port.obj (.text:vPortSetupTimerInterrupt)
                  00002c38    00000074                                                     : tasks.obj (.text:prvInitialiseTaskLists)
                  00002cac    00000074                                                     : port.obj (.text:vPortValidateInterruptPriority)
                  00002d20    00000068     rtsv7M4_T_le_v4SPD16_eabi.lib : copy_decompress_lzss.c.obj (.text:decompress:lzss:__TI_decompress_lzss)
                  00002d88    00000066     freertos_builds_MSP_EXP432P401R_release_ccs.lib : list.obj (.text:vListInsert)
                  00002dee    00000002     --HOLE-- [fill = 0]
                  00002df0    00000064     main.obj (.text:main)
                  00002e54    00000064     freertos_builds_MSP_EXP432P401R_release_ccs.lib : tasks.obj (.text:prvGetExpectedIdleTime)
                  00002eb8    00000062     msp432p4xx_driverlib.lib : cs.o (.text:_CSGetDividerValue)
                  00002f1a    00000002     --HOLE-- [fill = 0]
                  00002f1c    00000060     freertos_builds_MSP_EXP432P401R_release_ccs.lib : HwiPMSP432_freertos.obj (.text:HwiP_create)
                  00002f7c    00000060                                                     : port.obj (.text:pxPortInitialiseStack)
                  00002fdc    00000060                                                     : queue.obj (.text:xQueueGenericCreate)
                  0000303c    0000005c     msp432p4xx_driverlib.lib : interrupt.o (.text:Interrupt_registerInterrupt)
                  00003098    0000005c     freertos_builds_MSP_EXP432P401R_release_ccs.lib : tasks.obj (.text:prvIdleTask)
                  000030f4    0000005c                                                     : pthread.obj (.text:pthread_exit)
                  00003150    0000005c                                                     : queue.obj (.text:vQueueWaitForMessageRestricted)
                  000031ac    00000054     msp432p4xx_driverlib.lib : interrupt.o (.text:Interrupt_setPriority)
                  00003200    00000054     freertos_builds_MSP_EXP432P401R_release_ccs.lib : timers.obj (.text:xTimerCreateTimerTask)
                  00003254    0000004c                                                     : timers.obj (.text:prvCheckForValidListAndQueue)
                  000032a0    0000004c                                                     : tasks.obj (.text:prvCheckTasksWaitingTermination)
                  000032ec    0000004c                                                     : port.obj (.text:vPortEnterCritical)
                  00003338    00000048                                                     : HwiPMSP432_freertos.obj (.text:HwiP_dispatch)
                  00003380    00000048                                                     : list.obj (.text:uxListRemove)
                  000033c8    00000044     rtsv7M4_T_le_v4SPD16_eabi.lib : autoinit.c.obj (.text:__TI_auto_init_nobinit_nopinit:__TI_auto_init_nobinit_nopinit)
                  0000340c    00000044     freertos_builds_MSP_EXP432P401R_release_ccs.lib : queue.obj (.text:prvInitialiseNewQueue)
                  00003450    00000040                                                     : tasks.obj (.text:vTaskPlaceOnEventListRestricted)
                  00003490    0000003e                                                     : pthread.obj (.text:pthread_setcancelstate)
                  000034ce    0000003c                                                     : queue.obj (.text:prvCopyDataFromQueue)
                  0000350a    00000002     --HOLE-- [fill = 0]
                  0000350c    0000003c                                                     : tasks.obj (.text:prvResetNextTaskUnblockTime)
                  00003548    0000003c                                                     : tasks.obj (.text:pvTaskGetThreadLocalStoragePointer)
                  00003584    0000003c                                                     : list.obj (.text:vListInsertEnd)
                  000035c0    0000003a                                                     : PowerMSP432_freertos.obj (.text:PowerMSP432_sleepPolicy)
                  000035fa    00000002     --HOLE-- [fill = 0]
                  000035fc    00000038     drivers_msp432p401x.aem4f : PowerMSP432.oem4f (.text:notify)
                  00003634    00000038     freertos_builds_MSP_EXP432P401R_release_ccs.lib : timers.obj (.text:prvGetNextExpireTime)
                  0000366c    00000038                                                     : port.obj (.text:prvTaskExitError)
                  000036a4    00000034     rtsv7M4_T_le_v4SPD16_eabi.lib : boot_cortex_m.c.obj (.text:_c_int00_noargs:_c_int00_noargs)
                  000036d8    00000034     freertos_builds_MSP_EXP432P401R_release_ccs.lib : timers.obj (.text:prvSampleTimeNow)
                  0000370c    00000034                                                     : tasks.obj (.text:vTaskPlaceOnEventList)
                  00003740    00000030     msp432p4xx_driverlib.lib : cs.o (.text:CS_clearInterruptFlag)
                  00003770    00000030     freertos_builds_MSP_EXP432P401R_release_ccs.lib : list.obj (.text:vListInitialise)
                  000037a0    00000030                                                     : port.obj (.text:vPortExitCritical)
                  000037d0    00000030                                                     : tasks.obj (.text:xTaskGetSchedulerState)
                  00003800    0000002c                                                     : tasks.obj (.text:vTaskSetApplicationTaskTag)
                  0000382c    0000002c                                                     : port.obj (.text:xPortSysTickHandler)
                  00003858    00000028     msp432p4xx_driverlib.lib : cs.o (.text:CS_getMCLK)
                  00003880    00000028     drivers_msp432p401x.aem4f : PowerMSP432.oem4f (.text:disableFaultCounter)
                  000038a8    00000028                               : PowerMSP432.oem4f (.text:disableHFXT)
                  000038d0    00000028     freertos_builds_MSP_EXP432P401R_release_ccs.lib : pthread.obj (.text:pthread_attr_setschedparam)
                  000038f8    00000028                                                     : tasks.obj (.text:xTaskGetApplicationTaskTag)
                  00003920    00000026                                                     : pthread.obj (.text:_pthread_cleanup_pop)
                  00003946    00000026                                                     : queue.obj (.text:prvIsQueueFull)
                  0000396c    00000024                                                     : queue.obj (.text:vQueueDelete)
                  00003990    00000024                                                     : tasks.obj (.text:vTaskInternalSetTimeOutState)
                  000039b4    00000022                                                     : pthread.obj (.text:pthread_attr_setdetachstate)
                  000039d6    00000002     --HOLE-- [fill = 0]
                  000039d8    00000020     msp432p4xx_driverlib.lib : cs.o (.text:CS_setExternalClockSourceFrequency)
                  000039f8    00000020     freertos_builds_MSP_EXP432P401R_release_ccs.lib : queue.obj (.text:prvIsQueueEmpty)
                  00003a18    0000001e                                                     : HwiPMSP432_freertos.obj (.text:HwiP_Params_init)
                  00003a36    0000001e                                                     : pthread.obj (.text:_pthread_runStub)
                  00003a54    0000001c                                                     : pthread.obj (.text:pthread_attr_init)
                  00003a70    0000001a                                                     : PTLS.obj (.text:PTLS_taskDeleteHook)
                  00003a8a    0000001a                                                     : timers.obj (.text:prvTimerTask)
                  00003aa4    00000018     msp432p4xx_driverlib.lib : sysctl_a.o (.text:SysCtl_A_disableNMISource)
                  00003abc    00000018                              : sysctl_a.o (.text:SysCtl_A_enableNMISource)
                  00003ad4    00000014     drivers_msp432p401x.aem4f : PowerMSP432.oem4f (.text:Power_idleFunc)
                  00003ae8    00000014     freertos_builds_MSP_EXP432P401R_release_ccs.lib : tasks.obj (.text:prvDeleteTCB)
                  00003afc    00000014                                                     : pthread.obj (.text:pthread_attr_setstacksize)
                  00003b10    00000014                                                     : pthread.obj (.text:pthread_self)
                  00003b24    00000014                                                     : startup_msp432_ccs.obj (.text:resetISR)
                  00003b38    00000014                                                     : tasks.obj (.text:xTaskGetCurrentTaskHandle)
                  00003b4c    00000014                                                     : tasks.obj (.text:xTaskGetTickCount)
                  00003b60    00000010     msp432p4xx_driverlib.lib : sysctl_a.o (.text:SysCtl_A_getNMISourceStatus)
                  00003b70    00000010                              : sysctl.o (.text:SysCtl_getNMISourceStatus)
                  00003b80    00000010     freertos_builds_MSP_EXP432P401R_release_ccs.lib : list.obj (.text:vListInitialiseItem)
                  00003b90    00000010                                                     : tasks.obj (.text:vTaskSuspendAll)
                  00003ba0    0000000e     rtsv7M4_T_le_v4SPD16_eabi.lib : copy_decompress_none.c.obj (.text:decompress:none:__TI_decompress_none)
                  00003bae    0000000c     ti_drivers_config.obj (.text:Board_init)
                  00003bba    0000000c     msp432p4xx_driverlib.lib : cpu.o (.text:CPU_cpsid)
                  00003bc6    0000000c                              : cpu.o (.text:CPU_cpsie)
                  00003bd2    00000002     --HOLE-- [fill = 0]
                  00003bd4    0000000c     drivers_msp432p401x.aem4f : PowerMSP432.oem4f (.text:Power_getConstraintMask)
                  00003be0    0000000c     rtsv7M4_T_le_v4SPD16_eabi.lib : copy_zero_init.c.obj (.text:decompress:ZI:__TI_zero_init)
                  00003bec    0000000c     freertos_builds_MSP_EXP432P401R_release_ccs.lib : tasks.obj (.text:vTaskMissedYield)
                  00003bf8    0000000a                                                     : PowerMSP432_freertos.obj (.text:PowerMSP432_updateFreqs)
                  00003c02    0000000a     main.obj (.text:vApplicationStackOverflowHook)
                  00003c0c    0000000a     freertos_builds_MSP_EXP432P401R_release_ccs.lib : PowerMSP432_freertos.obj (.text:vPortSuppressTicksAndSleep)
                  00003c16    00000008     hal_main.obj (.text:mainThread)
                  00003c1e    00000004     rtsv7M4_T_le_v4SPD16_eabi.lib : pre_init.c.obj (.text:_system_pre_init)
                  00003c22    00000004                                   : exit.c.obj (.text:abort:abort)

.const     0    00003c28    0000009e     
                  00003c28    00000050     msp432p4xx_driverlib.lib : interrupt.o (.const:g_pulRegs)
                  00003c78    00000038     ti_drivers_config.obj (.const:PowerMSP432_config)
                  00003cb0    00000008     freertos_builds_MSP_EXP432P401R_release_ccs.lib : port.obj (.const)
                  00003cb8    00000008     msp432p4xx_driverlib.lib : interrupt.o (.const:g_pulEnRegs)
                  00003cc0    00000004     freertos_builds_MSP_EXP432P401R_release_ccs.lib : pthread.obj (.const)
                  00003cc4    00000002                                                     : pthread.obj (.const:.string)

.cinit     0    00003cc8    000000b8     
                  00003cc8    0000007f     (.cinit..data.load) [load image, compression = lzss]
                  00003d47    00000001     --HOLE-- [fill = 0]
                  00003d48    0000000c     (__TI_handler_table)
                  00003d54    00000004     --HOLE-- [fill = 0]
                  00003d58    00000008     (.cinit..bss.load) [load image, compression = zero_init]
                  00003d60    00000008     (.cinit..vtable.load) [load image, compression = zero_init]
                  00003d68    00000018     (__TI_cinit_table)

.init_array 
*          0    00000000    00000000     UNINITIALIZED

.intvecs   0    00000000    00000144     
                  00000000    00000144     freertos_builds_MSP_EXP432P401R_release_ccs.lib : startup_msp432_ccs.obj (.intvecs:retain)

.bss       0    20000000    00008174     UNINITIALIZED
                  20000000    00008000     freertos_builds_MSP_EXP432P401R_release_ccs.lib : heap_4.obj (.bss:ucHeap)
                  20008000    000000c8                                                     : tasks.obj (.bss:pxReadyTasksLists)
                  200080c8    00000014                                                     : timers.obj (.bss:xActiveTimerList1)
                  200080dc    00000014                                                     : timers.obj (.bss:xActiveTimerList2)
                  200080f0    00000014                                                     : tasks.obj (.bss:xDelayedTaskList1)
                  20008104    00000014                                                     : tasks.obj (.bss:xDelayedTaskList2)
                  20008118    00000014                                                     : tasks.obj (.bss:xPendingReadyList)
                  2000812c    00000014                                                     : tasks.obj (.bss:xSuspendedTaskList)
                  20008140    00000014                                                     : tasks.obj (.bss:xTasksWaitingTermination)
                  20008154    00000008                                                     : tasks.obj (.bss)
                  2000815c    00000008                                                     : timers.obj (.bss)
                  20008164    00000008     msp432p4xx_driverlib.lib : cs.o (.bss)
                  2000816c    00000008     freertos_builds_MSP_EXP432P401R_release_ccs.lib : heap_4.obj (.bss:xStart)

.data      0    20008174    000009f4     UNINITIALIZED
                  20008174    00000800     freertos_builds_MSP_EXP432P401R_release_ccs.lib : HwiPMSP432_freertos.obj (.data:HwiP_dispatchTable)
                  20008974    00000140     drivers_msp432p401x.aem4f : PowerMSP432.oem4f (.data:PowerMSP432_perfLevels)
                  20008ab4    00000034     freertos_builds_MSP_EXP432P401R_release_ccs.lib : tasks.obj (.data)
                  20008ae8    0000002c     drivers_msp432p401x.aem4f : PowerMSP432.oem4f (.data:PowerMSP432_module)
                  20008b14    00000018     freertos_builds_MSP_EXP432P401R_release_ccs.lib : heap_4.obj (.data)
                  20008b2c    00000018                                                     : port.obj (.data)
                  20008b44    00000014                                                     : pthread.obj (.data:defaultPthreadAttrs)
                  20008b58    0000000c                                                     : timers.obj (.data)
                  20008b64    00000004                                                     : HwiPMSP432_freertos.obj (.data)

.vtable    0    20008c00    000000e8     UNINITIALIZED
                  20008c00    000000e8     msp432p4xx_driverlib.lib : interrupt.o (.vtable)

.stack     0    2000fc00    00000400     UNINITIALIZED
                  2000fc00    00000004     rtsv7M4_T_le_v4SPD16_eabi.lib : boot_cortex_m.c.obj (.stack)
                  2000fc04    000003fc     --HOLE--

.binit     0    00000000    00000000     

MODULE SUMMARY

       Module                       code    ro data   rw data
       ------                       ----    -------   -------
    .\
       main.obj                     112     0         0      
       hal_main.obj                 8       0         0      
    +--+----------------------------+-------+---------+---------+
       Total:                       120     0         0      
                                                             
    .\syscfg\
       ti_drivers_config.obj        14      56        0      
    +--+----------------------------+-------+---------+---------+
       Total:                       14      56        0      
                                                             
    C:/Users/amartinezacosta/workspace_v9/freertos_builds_MSP_EXP432P401R_release_ccs/Debug/freertos_builds_MSP_EXP432P401R_release_ccs.lib
       heap_4.obj                   912     0         65600  
       tasks.obj                    3716    0         720    
       HwiPMSP432_freertos.obj      198     0         4104   
       queue.obj                    2060    0         0      
       timers.obj                   1354    0         120    
       pthread.obj                  798     6         40     
       port.obj                     764     8         48     
       startup_msp432_ccs.obj       26      324       0      
       list.obj                     298     0         0      
       portasm.obj                  218     0         0      
       PowerMSP432_freertos.obj     80      0         0      
       PTLS.obj                     26      0         0      
    +--+----------------------------+-------+---------+---------+
       Total:                       10450   338       70632  
                                                             
    C:/ti/simplelink_msp432p4_sdk_3_40_01_02/source/ti/devices/msp432p4xx/driverlib/ccs/msp432p4xx_driverlib.lib
       cs.o                         1522    0         16     
       interrupt.o                  304     88        464    
       sysctl_a.o                   212     0         0      
       cpu.o                        24      0         0      
       sysctl.o                     16      0         0      
    +--+----------------------------+-------+---------+---------+
       Total:                       2078    88        480    
                                                             
    C:/ti/simplelink_msp432p4_sdk_3_40_01_02/source/ti/drivers/lib/drivers_msp432p401x.aem4f
       PowerMSP432.oem4f            1864    0         728    
    +--+----------------------------+-------+---------+---------+
       Total:                       1864    0         728    
                                                             
    C:\ti\ccs930\ccs\tools\compiler\ti-cgt-arm_18.12.4.LTS\lib\rtsv7M4_T_le_v4SPD16_eabi.lib
       memcpy_t2.asm.obj            156     0         0      
       memset_t2.asm.obj            122     0         0      
       copy_decompress_lzss.c.obj   104     0         0      
       autoinit.c.obj               68      0         0      
       boot_cortex_m.c.obj          52      0         0      
       copy_decompress_none.c.obj   14      0         0      
       copy_zero_init.c.obj         12      0         0      
       exit.c.obj                   4       0         0      
       pre_init.c.obj               4       0         0      
    +--+----------------------------+-------+---------+---------+
       Total:                       536     0         0      
                                                             
       Stack:                       0       0         2048   
       Linker Generated:            0       179       0      
    +--+----------------------------+-------+---------+---------+
       Grand Total:                 15062   661       73888  


LINKER GENERATED COPY TABLES

__TI_cinit_table @ 00003d68 records: 3, size/record: 8, table size: 24
	.data: load addr=00003cc8, load size=0000007f bytes, run addr=20008174, run size=000009f4 bytes, compression=lzss
	.bss: load addr=00003d58, load size=00000008 bytes, run addr=20000000, run size=00008174 bytes, compression=zero_init
	.vtable: load addr=00003d60, load size=00000008 bytes, run addr=20008c00, run size=000000e8 bytes, compression=zero_init


LINKER GENERATED HANDLER TABLE

__TI_handler_table @ 00003d48 records: 3, size/record: 4, table size: 12
	index: 0, handler: __TI_decompress_lzss
	index: 1, handler: __TI_decompress_none
	index: 2, handler: __TI_zero_init


GLOBAL SYMBOLS: SORTED ALPHABETICALLY BY Name 

address   name                              
-------   ----                              
00003baf  Board_init                        
00001087  Board_initHook                    
00003c23  C$$EXIT                           
00003bbb  CPU_cpsid                         
00003bc7  CPU_cpsie                         
00003741  CS_clearInterruptFlag             
000015b1  CS_getDCOFrequency                
00003859  CS_getMCLK                        
000039d9  CS_setExternalClockSourceFrequency
000016a9  CS_startHFXTWithTimeout           
0000178d  CS_startLFXTWithTimeout           
00003a19  HwiP_Params_init                  
00002f1d  HwiP_create                       
00003339  HwiP_dispatch                     
20008174  HwiP_dispatchTable                
0000285d  Interrupt_enableInterrupt         
0000303d  Interrupt_registerInterrupt       
000031ad  Interrupt_setPriority             
00003a71  PTLS_taskDeleteHook               
00003c78  PowerMSP432_config                
000012af  PowerMSP432_initPolicy            
20008ae8  PowerMSP432_module                
20008974  PowerMSP432_perfLevels            
000035c1  PowerMSP432_sleepPolicy           
00003bf9  PowerMSP432_updateFreqs           
00003bd5  Power_getConstraintMask           
00003ad5  Power_idleFunc                    
0000246d  Power_init                        
00000145  Power_sleep                       
00003aa5  SysCtl_A_disableNMISource         
00003abd  SysCtl_A_enableNMISource          
00003b61  SysCtl_A_getNMISourceStatus       
000025a5  SysCtl_A_getTLVInfo               
00003b71  SysCtl_getNMISourceStatus         
4000480c  WDTCTL_SYM                        
20010000  __STACK_END                       
00000400  __STACK_SIZE                      
00003d68  __TI_CINIT_Base                   
00003d80  __TI_CINIT_Limit                  
00003d48  __TI_Handler_Table_Base           
00003d54  __TI_Handler_Table_Limit          
000033c9  __TI_auto_init_nobinit_nopinit    
00002d21  __TI_decompress_lzss              
00003ba1  __TI_decompress_none              
ffffffff  __TI_pprof_out_hndl               
ffffffff  __TI_prof_data_size               
ffffffff  __TI_prof_data_start              
00003cc8  __TI_static_base__                
00003be1  __TI_zero_init                    
00002a53  __aeabi_memclr                    
00002a53  __aeabi_memclr4                   
00002a53  __aeabi_memclr8                   
00002509  __aeabi_memcpy                    
00002509  __aeabi_memcpy4                   
00002509  __aeabi_memcpy8                   
00002a55  __aeabi_memset                    
00002a55  __aeabi_memset4                   
00002a55  __aeabi_memset8                   
ffffffff  __binit__                         
ffffffff  __c_args__                        
UNDEFED   __mpu_init                        
2000fc00  __stack                           
000036a5  _c_int00_noargs                   
00003921  _pthread_cleanup_pop              
UNDEFED   _system_post_cinit                
00003c1f  _system_pre_init                  
00003c23  abort                             
ffffffff  binit                             
20008c00  g_pfnRAMVectors                   
00000000  interruptVectors                  
00002df1  main                              
00003c17  mainThread                        
00002509  memcpy                            
00002a5b  memset                            
00003a55  pthread_attr_init                 
000039b5  pthread_attr_setdetachstate       
000038d1  pthread_attr_setschedparam        
00003afd  pthread_attr_setstacksize         
00000e25  pthread_create                    
000030f5  pthread_exit                      
00003b11  pthread_self                      
00003491  pthread_setcancelstate            
0000087d  pvPortMalloc                      
00003549  pvTaskGetThreadLocalStoragePointer
20008ab4  pxCurrentTCB                      
00002f7d  pxPortInitialiseStack             
00003b25  resetISR                          
00003cb0  ulMaxSyscallInterruptPriority     
00001b15  ulPortGetIPSR                     
00003381  uxListRemove                      
00002b47  vApplicationMallocFailedHook      
00003c03  vApplicationStackOverflowHook     
00003771  vListInitialise                   
00003b81  vListInitialiseItem               
00002d89  vListInsert                       
00003585  vListInsertEnd                    
00001bd1  vPortEnableVFP                    
000032ed  vPortEnterCritical                
000037a1  vPortExitCritical                 
0000231d  vPortFree                         
00001b8d  vPortSVCHandler                   
00002bc1  vPortSetupTimerInterrupt          
00001bad  vPortStartFirstTask               
00003c0d  vPortSuppressTicksAndSleep        
00002cad  vPortValidateInterruptPriority    
0000396d  vQueueDelete                      
00003151  vQueueWaitForMessageRestricted    
000013b5  vTaskDelete                       
00003991  vTaskInternalSetTimeOutState      
00003bed  vTaskMissedYield                  
0000370d  vTaskPlaceOnEventList             
00003451  vTaskPlaceOnEventListRestricted   
00003801  vTaskSetApplicationTaskTag        
00002639  vTaskStartScheduler               
000014b5  vTaskSuspend                      
00003b91  vTaskSuspendAll                   
00001a29  vTaskSwitchContext                
00001b2d  xPortPendSVHandler                
00001be1  xPortStartScheduler               
0000382d  xPortSysTickHandler               
00002fdd  xQueueGenericCreate               
00001fad  xQueueGenericReset                
000006c5  xQueueGenericSend                 
000011a5  xQueueGenericSendFromISR          
00000a01  xQueueReceive                     
00002115  xTaskCheckForTimeOut              
00002acd  xTaskCreate                       
000038f9  xTaskGetApplicationTaskTag        
00003b39  xTaskGetCurrentTaskHandle         
000037d1  xTaskGetSchedulerState            
00003b4d  xTaskGetTickCount                 
00000ce5  xTaskIncrementTick                
0000186d  xTaskPriorityDisinherit           
000023c5  xTaskRemoveFromEventList          
00001089  xTaskResumeAll                    
00003201  xTimerCreateTimerTask             
000027d9  xTimerGenericCommand              


GLOBAL SYMBOLS: SORTED BY Symbol Address 

address   name                              
-------   ----                              
00000000  interruptVectors                  
00000145  Power_sleep                       
00000400  __STACK_SIZE                      
000006c5  xQueueGenericSend                 
0000087d  pvPortMalloc                      
00000a01  xQueueReceive                     
00000ce5  xTaskIncrementTick                
00000e25  pthread_create                    
00001087  Board_initHook                    
00001089  xTaskResumeAll                    
000011a5  xQueueGenericSendFromISR          
000012af  PowerMSP432_initPolicy            
000013b5  vTaskDelete                       
000014b5  vTaskSuspend                      
000015b1  CS_getDCOFrequency                
000016a9  CS_startHFXTWithTimeout           
0000178d  CS_startLFXTWithTimeout           
0000186d  xTaskPriorityDisinherit           
00001a29  vTaskSwitchContext                
00001b15  ulPortGetIPSR                     
00001b2d  xPortPendSVHandler                
00001b8d  vPortSVCHandler                   
00001bad  vPortStartFirstTask               
00001bd1  vPortEnableVFP                    
00001be1  xPortStartScheduler               
00001fad  xQueueGenericReset                
00002115  xTaskCheckForTimeOut              
0000231d  vPortFree                         
000023c5  xTaskRemoveFromEventList          
0000246d  Power_init                        
00002509  __aeabi_memcpy                    
00002509  __aeabi_memcpy4                   
00002509  __aeabi_memcpy8                   
00002509  memcpy                            
000025a5  SysCtl_A_getTLVInfo               
00002639  vTaskStartScheduler               
000027d9  xTimerGenericCommand              
0000285d  Interrupt_enableInterrupt         
00002a53  __aeabi_memclr                    
00002a53  __aeabi_memclr4                   
00002a53  __aeabi_memclr8                   
00002a55  __aeabi_memset                    
00002a55  __aeabi_memset4                   
00002a55  __aeabi_memset8                   
00002a5b  memset                            
00002acd  xTaskCreate                       
00002b47  vApplicationMallocFailedHook      
00002bc1  vPortSetupTimerInterrupt          
00002cad  vPortValidateInterruptPriority    
00002d21  __TI_decompress_lzss              
00002d89  vListInsert                       
00002df1  main                              
00002f1d  HwiP_create                       
00002f7d  pxPortInitialiseStack             
00002fdd  xQueueGenericCreate               
0000303d  Interrupt_registerInterrupt       
000030f5  pthread_exit                      
00003151  vQueueWaitForMessageRestricted    
000031ad  Interrupt_setPriority             
00003201  xTimerCreateTimerTask             
000032ed  vPortEnterCritical                
00003339  HwiP_dispatch                     
00003381  uxListRemove                      
000033c9  __TI_auto_init_nobinit_nopinit    
00003451  vTaskPlaceOnEventListRestricted   
00003491  pthread_setcancelstate            
00003549  pvTaskGetThreadLocalStoragePointer
00003585  vListInsertEnd                    
000035c1  PowerMSP432_sleepPolicy           
000036a5  _c_int00_noargs                   
0000370d  vTaskPlaceOnEventList             
00003741  CS_clearInterruptFlag             
00003771  vListInitialise                   
000037a1  vPortExitCritical                 
000037d1  xTaskGetSchedulerState            
00003801  vTaskSetApplicationTaskTag        
0000382d  xPortSysTickHandler               
00003859  CS_getMCLK                        
000038d1  pthread_attr_setschedparam        
000038f9  xTaskGetApplicationTaskTag        
00003921  _pthread_cleanup_pop              
0000396d  vQueueDelete                      
00003991  vTaskInternalSetTimeOutState      
000039b5  pthread_attr_setdetachstate       
000039d9  CS_setExternalClockSourceFrequency
00003a19  HwiP_Params_init                  
00003a55  pthread_attr_init                 
00003a71  PTLS_taskDeleteHook               
00003aa5  SysCtl_A_disableNMISource         
00003abd  SysCtl_A_enableNMISource          
00003ad5  Power_idleFunc                    
00003afd  pthread_attr_setstacksize         
00003b11  pthread_self                      
00003b25  resetISR                          
00003b39  xTaskGetCurrentTaskHandle         
00003b4d  xTaskGetTickCount                 
00003b61  SysCtl_A_getNMISourceStatus       
00003b71  SysCtl_getNMISourceStatus         
00003b81  vListInitialiseItem               
00003b91  vTaskSuspendAll                   
00003ba1  __TI_decompress_none              
00003baf  Board_init                        
00003bbb  CPU_cpsid                         
00003bc7  CPU_cpsie                         
00003bd5  Power_getConstraintMask           
00003be1  __TI_zero_init                    
00003bed  vTaskMissedYield                  
00003bf9  PowerMSP432_updateFreqs           
00003c03  vApplicationStackOverflowHook     
00003c0d  vPortSuppressTicksAndSleep        
00003c17  mainThread                        
00003c1f  _system_pre_init                  
00003c23  C$$EXIT                           
00003c23  abort                             
00003c78  PowerMSP432_config                
00003cb0  ulMaxSyscallInterruptPriority     
00003cc8  __TI_static_base__                
00003d48  __TI_Handler_Table_Base           
00003d54  __TI_Handler_Table_Limit          
00003d68  __TI_CINIT_Base                   
00003d80  __TI_CINIT_Limit                  
20008174  HwiP_dispatchTable                
20008974  PowerMSP432_perfLevels            
20008ab4  pxCurrentTCB                      
20008ae8  PowerMSP432_module                
20008c00  g_pfnRAMVectors                   
2000fc00  __stack                           
20010000  __STACK_END                       
4000480c  WDTCTL_SYM                        
ffffffff  __TI_pprof_out_hndl               
ffffffff  __TI_prof_data_size               
ffffffff  __TI_prof_data_start              
ffffffff  __binit__                         
ffffffff  __c_args__                        
ffffffff  binit                             
UNDEFED   __mpu_init                        
UNDEFED   _system_post_cinit                

[137 symbols]
