******************************************************************************
                  TI ARM Linker PC v18.12.3                    
******************************************************************************
>> Linked Fri Sep 25 16:21:47 2020

OUTPUT FILE NAME:   <Quadcopter_HAL.out>
ENTRY POINT SYMBOL: "resetISR"  address: 00007aad


MEMORY CONFIGURATION

         name            origin    length      used     unused   attr    fill
----------------------  --------  ---------  --------  --------  ----  --------
  MAIN                  00000000   00040000  000080c0  00037f40  R  X
  INFO                  00200000   00004000  00000000  00004000  R  X
  SRAM_CODE             01000000   00010000  00009254  00006dac  RW X
  SRAM_DATA             20000000   00010000  00009254  00006dac  RW  


SEGMENT ALLOCATION MAP

run origin  load origin   length   init length attrs members
----------  ----------- ---------- ----------- ----- -------
00000000    00000000    000080c8   000080c8    r-x
  00000000    00000000    00000144   00000144    r-- .intvecs
  00000144    00000144    00007b36   00007b36    r-x .text
  00007c7c    00007c7c    0000037e   0000037e    r-- .const
  00008000    00008000    000000c8   000000c8    r-- .cinit
20000000    20000000    00008d6c   00000000    rw-
  20000000    20000000    00008350   00000000    rw- .bss
  20008350    20008350    00000a1c   00000000    rw- .data
20009000    20009000    000000e8   00000000    rw-
  20009000    20009000    000000e8   00000000    rw- .vtable
2000fc00    2000fc00    00000400   00000000    rw-
  2000fc00    2000fc00    00000400   00000000    rw- .stack


SECTION ALLOCATION MAP

 output                                  attributes/
section   page    origin      length       input sections
--------  ----  ----------  ----------   ----------------
.text      0    00000144    00007b36     
                  00000144    000003bc     hal_main.obj (.text:mainThread)
                  00000500    000002f8     drivers_msp432p401x.aem4f : PowerMSP432.oem4f (.text:Power_sleep)
                  000007f8    000002d0                               : UARTMSP432.oem4f (.text:UARTMSP432_open)
                  00000ac8    00000288                               : PowerMSP432.oem4f (.text:initPerfControl)
                  00000d50    000001f8                               : I2CMSP432.oem4f (.text:I2CMSP432_open)
                  00000f48    000001d4     freertos_builds_MSP_EXP432P401R_release_ccs.lib : queue.obj (.text:xQueueSemaphoreTake)
                  0000111c    000001b8                                                     : queue.obj (.text:xQueueGenericSend)
                  000012d4    000001b6     rtsv7M4_T_le_v4SPD16_eabi.lib : fd_add_t2.asm.obj (.text)
                  0000148a    00000184     drivers_msp432p401x.aem4f : I2CMSP432.oem4f (.text:I2CMSP432_hwiIntFxn)
                  0000160e    00000002     ti_drivers_config.obj (.text:Board_initHook)
                  00001610    00000184     freertos_builds_MSP_EXP432P401R_release_ccs.lib : heap_4.obj (.text:pvPortMalloc)
                  00001794    00000180                                                     : queue.obj (.text:xQueueReceive)
                  00001914    00000164                                                     : timers.obj (.text:prvProcessReceivedCommands)
                  00001a78    00000158     rtsv7M4_T_le_v4SPD16_eabi.lib : e_atan2f.c.obj (.text:atan2f)
                  00001bd0    00000158                                   : e_sqrt.c.obj (.text:sqrt)
                  00001d28    00000150                                   : s_atanf.c.obj (.text:atanf)
                  00001e78    0000014c     drivers_msp432p401x.aem4f : TimerMSP432.oem4f (.text:TimerMSP432_open)
                  00001fc4    00000140     freertos_builds_MSP_EXP432P401R_release_ccs.lib : tasks.obj (.text:xTaskIncrementTick)
                  00002104    00000138                                                     : pthread.obj (.text:pthread_create)
                  0000223c    00000136     rtsv7M4_T_le_v4SPD16_eabi.lib : fd_div_t2.asm.obj (.text)
                  00002372    0000012a     freertos_builds_MSP_EXP432P401R_release_ccs.lib : tasks.obj (.text:prvInitialiseNewTask)
                  0000249c    0000011c     msp432p4xx_driverlib.lib : uart.o (.text:UART_initModule)
                  000025b8    0000011c     drivers_msp432p401x.aem4f : I2CMSP432.oem4f (.text:primeTransfer)
                  000026d4    0000011c     freertos_builds_MSP_EXP432P401R_release_ccs.lib : tasks.obj (.text:xTaskResumeAll)
                  000027f0    0000010a                                                     : queue.obj (.text:xQueueGenericSendFromISR)
                  000028fa    00000002     drivers_msp432p401x.aem4f : I2CMSP432.oem4f (.text:I2CMSP432_init)
                  000028fc    00000104     msp432p4xx_driverlib.lib : cs.o (.text:_CSComputeCLKFrequency)
                  00002a00    00000104     freertos_builds_MSP_EXP432P401R_release_ccs.lib : tasks.obj (.text:vTaskPriorityDisinheritAfterTimeout)
                  00002b04    00000100                                                     : tasks.obj (.text:vTaskDelete)
                  00002c04    000000fc     rtsv7M4_T_le_v4SPD16_eabi.lib : fd_mul_t2.asm.obj (.text)
                  00002d00    000000fc     freertos_builds_MSP_EXP432P401R_release_ccs.lib : tasks.obj (.text:vTaskSuspend)
                  00002dfc    000000f8     msp432p4xx_driverlib.lib : cs.o (.text:CS_getDCOFrequency)
                  00002ef4    000000f0     drivers_msp432p401x.aem4f : I2CMSP432.oem4f (.text:I2CMSP432_transfer)
                  00002fe4    000000f0     freertos_builds_MSP_EXP432P401R_release_ccs.lib : queue.obj (.text:xQueueGiveFromISR)
                  000030d4    000000e4     msp432p4xx_driverlib.lib : cs.o (.text:CS_startHFXTWithTimeout)
                  000031b8    000000e0                              : cs.o (.text:CS_startLFXTWithTimeout)
                  00003298    000000e0     freertos_builds_MSP_EXP432P401R_release_ccs.lib : tasks.obj (.text:xTaskPriorityDisinherit)
                  00003378    000000dc     drivers_msp432p401x.aem4f : UARTMSP432.oem4f (.text:UARTMSP432_readPolling)
                  00003454    000000dc     msp432p4xx_driverlib.lib : cs.o (.text:_CSGetHFXTFrequency)
                  00003530    000000dc     freertos_builds_MSP_EXP432P401R_release_ccs.lib : tasks.obj (.text:vTaskSwitchContext)
                  0000360c    000000da                                                     : portasm.obj (.text)
                  000036e6    000000d8                                                     : queue.obj (.text:xQueueReceiveFromISR)
                  000037be    00000002     msp432p4xx_driverlib.lib : interrupt.o (.text:IntDefaultHandler)
                  000037c0    000000d8     freertos_builds_MSP_EXP432P401R_release_ccs.lib : tasks.obj (.text:xTaskPriorityInherit)
                  00003898    000000d0                                                     : port.obj (.text:xPortStartScheduler)
                  00003968    000000ca     drivers_msp432p401x.aem4f : UARTMSP432.oem4f (.text:UARTMSP432_hwiIntFxn)
                  00003a32    00000002     freertos_builds_MSP_EXP432P401R_release_ccs.lib : PowerMSP432_freertos.obj (.text:PowerMSP432_initPolicy)
                  00003a34    000000c8     drivers_msp432p401x.aem4f : TimerMSP432.oem4f (.text:TimerMSP432_start)
                  00003afc    000000c4     freertos_builds_MSP_EXP432P401R_release_ccs.lib : tasks.obj (.text:prvAddNewTaskToReadyList)
                  00003bc0    000000be                                                     : queue.obj (.text:prvCopyDataToQueue)
                  00003c7e    00000002     drivers_msp432p401x.aem4f : TimerMSP432.oem4f (.text:TimerMSP432_init)
                  00003c80    000000bc                               : TimerMSP432.oem4f (.text:TimerMSP432_setPeriod)
                  00003d3c    000000bc     freertos_builds_MSP_EXP432P401R_release_ccs.lib : heap_4.obj (.text:prvHeapInit)
                  00003df8    000000bc                                                     : timers.obj (.text:prvSwitchTimerLists)
                  00003eb4    000000b8     drivers_msp432p401x.aem4f : UARTMSP432.oem4f (.text:initHw)
                  00003f6c    000000b8                               : UARTMSP432.oem4f (.text:readTaskCallback)
                  00004024    000000b8     freertos_builds_MSP_EXP432P401R_release_ccs.lib : queue.obj (.text:xQueueGenericReset)
                  000040dc    000000b4     drivers_msp432p401x.aem4f : UARTMSP432.oem4f (.text:UARTMSP432_control)
                  00004190    000000b4                               : UARTMSP432.oem4f (.text:UARTMSP432_writePolling)
                  00004244    000000b0     freertos_builds_MSP_EXP432P401R_release_ccs.lib : tasks.obj (.text:prvAddCurrentTaskToDelayedList)
                  000042f4    000000b0                                                     : tasks.obj (.text:xTaskCheckForTimeOut)
                  000043a4    000000ae                                                     : queue.obj (.text:prvUnlockQueue)
                  00004452    000000ac     drivers_msp432p401x.aem4f : I2CMSP432.oem4f (.text:I2CMSP432_cancel)
                  000044fe    000000a8                               : UARTMSP432.oem4f (.text:UARTMSP432_write)
                  000045a6    00000002                               : UARTMSP432.oem4f (.text:UARTMSP432_init)
                  000045a8    000000a8     freertos_builds_MSP_EXP432P401R_release_ccs.lib : heap_4.obj (.text:prvInsertBlockIntoFreeList)
                  00004650    000000a8     drivers_msp432p401x.aem4f : UARTMSP432.oem4f (.text:readTaskBlocking)
                  000046f8    000000a8     freertos_builds_MSP_EXP432P401R_release_ccs.lib : heap_4.obj (.text:vPortFree)
                  000047a0    000000a8                                                     : tasks.obj (.text:xTaskRemoveFromEventList)
                  00004848    000000a4     drivers_msp432p401x.aem4f : TimerMSP432.oem4f (.text:initTimerHardware)
                  000048ec    000000a0     freertos_builds_MSP_EXP432P401R_release_ccs.lib : ClockP_freertos.obj (.text:ClockP_create)
                  0000498c    000000a0     MPU6050.obj (.text:MPU6050_write_bits)
                  00004a2c    000000a0     drivers_msp432p401x.aem4f : UARTMSP432.oem4f (.text:readIsrTextCallback)
                  00004acc    0000009c                               : PowerMSP432.oem4f (.text:Power_init)
                  00004b68    0000009c     rtsv7M4_T_le_v4SPD16_eabi.lib : memcpy_t2.asm.obj (.text)
                  00004c04    0000009c     drivers_msp432p401x.aem4f : TimerMSP432.oem4f (.text:setT32TickCount)
                  00004ca0    0000009c                               : TimerMSP432.oem4f (.text:setTATickCount)
                  00004d3c    00000094     msp432p4xx_driverlib.lib : sysctl_a.o (.text:SysCtl_A_getTLVInfo)
                  00004dd0    00000094     freertos_builds_MSP_EXP432P401R_release_ccs.lib : tasks.obj (.text:vTaskStartScheduler)
                  00004e64    00000092     drivers_msp432p401x.aem4f : UARTMSP432.oem4f (.text:UARTMSP432_close)
                  00004ef6    00000092                               : UARTMSP432.oem4f (.text:writeData)
                  00004f88    0000008c                               : TimerMSP432.oem4f (.text:TimerMSP432_stop)
                  00005014    0000008c                               : UARTMSP432.oem4f (.text:readIsrTextBlocking)
                  000050a0    00000088     freertos_builds_MSP_EXP432P401R_release_ccs.lib : timers.obj (.text:prvProcessTimerOrBlockTask)
                  00005128    00000084     drivers_msp432p401x.aem4f : PowerMSP432.oem4f (.text:restartHFXT)
                  000051ac    00000084     freertos_builds_MSP_EXP432P401R_release_ccs.lib : timers.obj (.text:xTimerGenericCommand)
                  00005230    00000080     msp432p4xx_driverlib.lib : interrupt.o (.text:Interrupt_disableInterrupt)
                  000052b0    00000080                              : interrupt.o (.text:Interrupt_enableInterrupt)
                  00005330    00000080     freertos_builds_MSP_EXP432P401R_release_ccs.lib : timers.obj (.text:prvProcessExpiredTimer)
                  000053b0    0000007c     msp432p4xx_driverlib.lib : cs.o (.text:_CSGetDOCFrequency)
                  0000542c    0000007c     uart_dev.obj (.text:uart_dev_init)
                  000054a8    0000007a     freertos_builds_MSP_EXP432P401R_release_ccs.lib : pthread.obj (.text:removeThreadKeys)
                  00005522    0000007a     rtsv7M4_T_le_v4SPD16_eabi.lib : memset_t2.asm.obj (.text)
                  0000559c    0000007a     freertos_builds_MSP_EXP432P401R_release_ccs.lib : tasks.obj (.text:xTaskCreate)
                  00005616    00000002                                                     : startup_msp432_ccs.obj (.text:defaultISR)
                  00005618    00000078     drivers_msp432p401x.aem4f : TimerMSP432.oem4f (.text:TimerMSP432_allocateTimerResource)
                  00005690    00000078     freertos_builds_MSP_EXP432P401R_release_ccs.lib : timers.obj (.text:prvInsertTimerInActiveList)
                  00005708    00000078                                                     : port.obj (.text:vPortSetupTimerInterrupt)
                  00005780    00000076     drivers_msp432p401x.aem4f : I2CMSP432.oem4f (.text:I2CMSP432_close)
                  000057f6    00000002     freertos_builds_MSP_EXP432P401R_release_ccs.lib : startup_msp432_ccs.obj (.text:faultISR)
                  000057f8    00000074     i2c_dev.obj (.text:i2c_dev_init)
                  0000586c    00000074     freertos_builds_MSP_EXP432P401R_release_ccs.lib : tasks.obj (.text:prvInitialiseTaskLists)
                  000058e0    00000074                                                     : port.obj (.text:vPortValidateInterruptPriority)
                  00005954    00000070     drivers_msp432p401x.aem4f : UARTMSP432.oem4f (.text:UARTMSP432_writeCancel)
                  000059c4    00000070     main.obj (.text:main)
                  00005a34    00000070     freertos_builds_MSP_EXP432P401R_release_ccs.lib : ClockP_freertos.obj (.text:setClockObjTimeout)
                  00005aa4    0000006e     rtsv7M4_T_le_v4SPD16_eabi.lib : fd_tos_t2.asm.obj (.text)
                  00005b12    00000002     freertos_builds_MSP_EXP432P401R_release_ccs.lib : startup_msp432_ccs.obj (.text:nmiISR)
                  00005b14    0000006c     msp432p4xx_driverlib.lib : i2c.o (.text:I2C_masterSendMultiByteFinish)
                  00005b80    0000006c     MPU6050.obj (.text:MPU6050_write_bit)
                  00005bec    00000068     drivers_msp432p401x.aem4f : PowerMSP432.oem4f (.text:PowerMSP432_getFreqs)
                  00005c54    00000068     rtsv7M4_T_le_v4SPD16_eabi.lib : copy_decompress_lzss.c.obj (.text:decompress:lzss:__TI_decompress_lzss)
                  00005cbc    00000068     drivers_msp432p401x.aem4f : I2CMSP432.oem4f (.text:initHw)
                  00005d24    00000066     freertos_builds_MSP_EXP432P401R_release_ccs.lib : timers.obj (.text:prvInitialiseNewTimer)
                  00005d8a    00000066                                                     : list.obj (.text:vListInsert)
                  00005df0    00000064                                                     : ClockP_freertos.obj (.text:ClockP_stop)
                  00005e54    00000064                                                     : tasks.obj (.text:prvGetExpectedIdleTime)
                  00005eb8    00000062     msp432p4xx_driverlib.lib : cs.o (.text:_CSGetDividerValue)
                  00005f1a    00000002     main.obj (.text:vApplicationMallocFailedHook)
                  00005f1c    00000060     freertos_builds_MSP_EXP432P401R_release_ccs.lib : HwiPMSP432_freertos.obj (.text:HwiP_create)
                  00005f7c    00000060                                                     : port.obj (.text:pxPortInitialiseStack)
                  00005fdc    00000060                                                     : queue.obj (.text:xQueueGenericCreate)
                  0000603c    0000005c     msp432p4xx_driverlib.lib : interrupt.o (.text:Interrupt_registerInterrupt)
                  00006098    0000005c     freertos_builds_MSP_EXP432P401R_release_ccs.lib : tasks.obj (.text:prvIdleTask)
                  000060f4    0000005c                                                     : pthread.obj (.text:pthread_exit)
                  00006150    0000005c     time_dev.obj (.text:time_dev_init)
                  000061ac    0000005c     freertos_builds_MSP_EXP432P401R_release_ccs.lib : queue.obj (.text:vQueueWaitForMessageRestricted)
                  00006208    00000058     drivers_msp432p401x.aem4f : UARTMSP432.oem4f (.text:readIsrBinaryBlocking)
                  00006260    00000058     freertos_builds_MSP_EXP432P401R_release_ccs.lib : queue.obj (.text:xQueueCreateCountingSemaphore)
                  000062b8    00000056                                                     : SemaphoreP_freertos.obj (.text:SemaphoreP_create)
                  0000630e    00000056     drivers_msp432p401x.aem4f : I2CMSP432.oem4f (.text:completeTransfer)
                  00006364    00000054     freertos_builds_MSP_EXP432P401R_release_ccs.lib : ClockP_freertos.obj (.text:ClockP_delete)
                  000063b8    00000054     msp432p4xx_driverlib.lib : interrupt.o (.text:Interrupt_setPriority)
                  0000640c    00000054     drivers_msp432p401x.aem4f : TimerMSP432.oem4f (.text:TimerMSP432_freeTimerResource)
                  00006460    00000054     freertos_builds_MSP_EXP432P401R_release_ccs.lib : timers.obj (.text:xTimerCreateTimerTask)
                  000064b4    00000050     drivers_msp432p401x.aem4f : TimerMSP432.oem4f (.text:TimerMSP432_hwiIntFunction)
                  00006504    00000050     i2c_dev.obj (.text:i2c_dev_read)
                  00006554    0000004e     drivers_msp432p401x.aem4f : TimerMSP432.oem4f (.text:TimerMSP432_close)
                  000065a2    00000002     --HOLE-- [fill = 0]
                  000065a4    0000004c     i2c_dev.obj (.text:i2c_dev_write)
                  000065f0    0000004c     freertos_builds_MSP_EXP432P401R_release_ccs.lib : timers.obj (.text:prvCheckForValidListAndQueue)
                  0000663c    0000004c                                                     : tasks.obj (.text:prvCheckTasksWaitingTermination)
                  00006688    0000004c     drivers_msp432p401x.aem4f : UARTMSP432.oem4f (.text:readIsrBinaryCallback)
                  000066d4    0000004c     freertos_builds_MSP_EXP432P401R_release_ccs.lib : port.obj (.text:vPortEnterCritical)
                  00006720    0000004c                                                     : tasks.obj (.text:vTaskSetThreadLocalStoragePointer)
                  0000676c    00000048                                                     : HwiPMSP432_freertos.obj (.text:HwiP_dispatch)
                  000067b4    00000048     MPU6050.obj (.text:MPU6050_raw_accelerometer)
                  000067fc    00000048     MPU6050.obj (.text:MPU6050_raw_gyroscope)
                  00006844    00000048     drivers_msp432p401x.aem4f : PowerMSP432.oem4f (.text:Power_releaseConstraint)
                  0000688c    00000048     QMC5883.obj (.text:QMC5883_init)
                  000068d4    00000048     QMC5883.obj (.text:QMC5883_raw_magnetometer)
                  0000691c    00000048     freertos_builds_MSP_EXP432P401R_release_ccs.lib : list.obj (.text:uxListRemove)
                  00006964    00000046     drivers_msp432p401x.aem4f : RingBuf.oem4f (.text:RingBuf_put)
                  000069aa    00000002     --HOLE-- [fill = 0]
                  000069ac    00000044                               : I2C.oem4f (.text:I2C_init)
                  000069f0    00000044                               : Timer.oem4f (.text:Timer_init)
                  00006a34    00000044                               : UART.oem4f (.text:UART_init)
                  00006a78    00000044     rtsv7M4_T_le_v4SPD16_eabi.lib : autoinit.c.obj (.text:__TI_auto_init_nobinit_nopinit:__TI_auto_init_nobinit_nopinit)
                  00006abc    00000044     drivers_msp432p401x.aem4f : I2CMSP432.oem4f (.text:perfChangeNotifyFxn)
                  00006b00    00000044     freertos_builds_MSP_EXP432P401R_release_ccs.lib : queue.obj (.text:prvInitialiseNewQueue)
                  00006b44    00000040     drivers_msp432p401x.aem4f : I2C.oem4f (.text:I2C_open)
                  00006b84    00000040                               : RingBuf.oem4f (.text:RingBuf_get)
                  00006bc4    00000040                               : Timer.oem4f (.text:Timer_open)
                  00006c04    00000040                               : UARTMSP432.oem4f (.text:UARTMSP432_read)
                  00006c44    00000040                               : UART.oem4f (.text:UART_open)
                  00006c84    00000040     freertos_builds_MSP_EXP432P401R_release_ccs.lib : aeabi_portable.obj (.text:__aeabi_errno_addr)
                  00006cc4    00000040     drivers_msp432p401x.aem4f : UARTMSP432.oem4f (.text:perfChangeNotifyFxn)
                  00006d04    00000040     freertos_builds_MSP_EXP432P401R_release_ccs.lib : tasks.obj (.text:vTaskPlaceOnEventListRestricted)
                  00006d44    0000003e                                                     : ClockP_freertos.obj (.text:ClockP_callbackFxn)
                  00006d82    0000003e                                                     : pthread.obj (.text:pthread_setcancelstate)
                  00006dc0    0000003c                                                     : queue.obj (.text:prvCopyDataFromQueue)
                  00006dfc    0000003c                                                     : tasks.obj (.text:prvResetNextTaskUnblockTime)
                  00006e38    0000003c                                                     : tasks.obj (.text:pvTaskGetThreadLocalStoragePointer)
                  00006e74    0000003c                                                     : list.obj (.text:vListInsertEnd)
                  00006eb0    0000003c                                                     : timers.obj (.text:xTimerCreate)
                  00006eec    0000003a                                                     : PowerMSP432_freertos.obj (.text:PowerMSP432_sleepPolicy)
                  00006f26    00000002     --HOLE-- [fill = 0]
                  00006f28    00000038     MPU6050.obj (.text:MPU6050_init)
                  00006f60    00000038     drivers_msp432p401x.aem4f : PowerMSP432.oem4f (.text:Power_setConstraint)
                  00006f98    00000038     QMC5883.obj (.text:QMC5883_set_rate)
                  00006fd0    00000038     QMC5883.obj (.text:QMC5883_set_samples)
                  00007008    00000038     drivers_msp432p401x.aem4f : TimerMSP432.oem4f (.text:TimerMSP432_getCount)
                  00007040    00000038                               : PowerMSP432.oem4f (.text:notify)
                  00007078    00000038     freertos_builds_MSP_EXP432P401R_release_ccs.lib : timers.obj (.text:prvGetNextExpireTime)
                  000070b0    00000038                                                     : port.obj (.text:prvTaskExitError)
                  000070e8    00000038     rtsv7M4_T_le_v4SPD16_eabi.lib : fs_tod_t2.asm.obj (.text)
                  00007120    00000036     QMC5883.obj (.text:QMC5883_set_measurement)
                  00007156    00000036     drivers_msp432p401x.aem4f : UARTMSP432.oem4f (.text:UARTMSP432_readCancel)
                  0000718c    00000034     freertos_builds_MSP_EXP432P401R_release_ccs.lib : SemaphoreP_freertos.obj (.text:SemaphoreP_pend)
                  000071c0    00000034     rtsv7M4_T_le_v4SPD16_eabi.lib : boot_cortex_m.c.obj (.text:_c_int00_noargs:_c_int00_noargs)
                  000071f4    00000034     freertos_builds_MSP_EXP432P401R_release_ccs.lib : timers.obj (.text:prvSampleTimeNow)
                  00007228    00000034                                                     : tasks.obj (.text:vTaskPlaceOnEventList)
                  0000725c    00000030     msp432p4xx_driverlib.lib : cs.o (.text:CS_clearInterruptFlag)
                  0000728c    00000030     drivers_msp432p401x.aem4f : I2CMSP432.oem4f (.text:mapPin)
                  000072bc    00000030                               : UARTMSP432.oem4f (.text:mapPin)
                  000072ec    00000030     freertos_builds_MSP_EXP432P401R_release_ccs.lib : list.obj (.text:vListInitialise)
                  0000731c    00000030                                                     : port.obj (.text:vPortExitCritical)
                  0000734c    00000030                                                     : tasks.obj (.text:xTaskGetSchedulerState)
                  0000737c    0000002e                                                     : timers.obj (.text:pvTimerGetTimerID)
                  000073aa    00000002     --HOLE-- [fill = 0]
                  000073ac    0000002c                                                     : HwiPMSP432_freertos.obj (.text:HwiP_disable)
                  000073d8    0000002c     drivers_msp432p401x.aem4f : TimerMSP432.oem4f (.text:perfChangeNotifyFxn)
                  00007404    0000002c     freertos_builds_MSP_EXP432P401R_release_ccs.lib : tasks.obj (.text:vTaskSetApplicationTaskTag)
                  00007430    0000002c                                                     : port.obj (.text:xPortSysTickHandler)
                  0000745c    00000028     msp432p4xx_driverlib.lib : cs.o (.text:CS_getMCLK)
                  00007484    00000028     freertos_builds_MSP_EXP432P401R_release_ccs.lib : HwiPMSP432_freertos.obj (.text:HwiP_inISR)
                  000074ac    00000028     drivers_msp432p401x.aem4f : PowerMSP432.oem4f (.text:Power_registerNotify)
                  000074d4    00000028                               : PowerMSP432.oem4f (.text:disableFaultCounter)
                  000074fc    00000028                               : PowerMSP432.oem4f (.text:disableHFXT)
                  00007524    00000028                               : UARTMSP432.oem4f (.text:findBaudDividerIndex)
                  0000754c    00000028     freertos_builds_MSP_EXP432P401R_release_ccs.lib : pthread.obj (.text:pthread_attr_setschedparam)
                  00007574    00000028                                                     : tasks.obj (.text:xTaskGetApplicationTaskTag)
                  0000759c    00000026     drivers_msp432p401x.aem4f : List.oem4f (.text:List_put)
                  000075c2    00000026                               : List.oem4f (.text:List_remove)
                  000075e8    00000026     QMC5883.obj (.text:QMC5883_write_byte)
                  0000760e    00000026     freertos_builds_MSP_EXP432P401R_release_ccs.lib : pthread.obj (.text:_pthread_cleanup_pop)
                  00007634    00000026                                                     : queue.obj (.text:prvIsQueueFull)
                  0000765a    00000002     --HOLE-- [fill = 0]
                  0000765c    00000024     MPU6050.obj (.text:MPU6050_read_byte)
                  00007680    00000024     freertos_builds_MSP_EXP432P401R_release_ccs.lib : queue.obj (.text:prvGetDisinheritPriorityAfterTimeout)
                  000076a4    00000024                                                     : queue.obj (.text:vQueueDelete)
                  000076c8    00000024                                                     : tasks.obj (.text:vTaskInternalSetTimeOutState)
                  000076ec    00000022                                                     : SemaphoreP_freertos.obj (.text:SemaphoreP_post)
                  0000770e    00000022                                                     : pthread.obj (.text:pthread_attr_setdetachstate)
                  00007730    00000020     msp432p4xx_driverlib.lib : cs.o (.text:CS_setExternalClockSourceFrequency)
                  00007750    00000020     freertos_builds_MSP_EXP432P401R_release_ccs.lib : HwiPMSP432_freertos.obj (.text:HwiP_restore)
                  00007770    00000020     drivers_msp432p401x.aem4f : PowerMSP432.oem4f (.text:Power_unregisterNotify)
                  00007790    00000020                               : RingBuf.oem4f (.text:RingBuf_peek)
                  000077b0    00000020     freertos_builds_MSP_EXP432P401R_release_ccs.lib : queue.obj (.text:prvIsQueueEmpty)
                  000077d0    00000020     rtsv7M4_T_le_v4SPD16_eabi.lib : u_tofd_t2.asm.obj (.text)
                  000077f0    0000001e     freertos_builds_MSP_EXP432P401R_release_ccs.lib : ClockP_freertos.obj (.text:ClockP_start)
                  0000780e    0000001e                                                     : HwiPMSP432_freertos.obj (.text:HwiP_Params_init)
                  0000782c    0000001e                                                     : pthread.obj (.text:_pthread_runStub)
                  0000784a    0000001c                                                     : ClockP_freertos.obj (.text:ClockP_Params_init)
                  00007866    00000002     --HOLE-- [fill = 0]
                  00007868    0000001c     msp432p4xx_driverlib.lib : interrupt.o (.text:Interrupt_unregisterInterrupt)
                  00007884    0000001c     QMC5883.obj (.text:QMC5883_read_byte)
                  000078a0    0000001c     freertos_builds_MSP_EXP432P401R_release_ccs.lib : pthread.obj (.text:pthread_attr_init)
                  000078bc    0000001c                                                     : tasks.obj (.text:pvTaskIncrementMutexHeldCount)
                  000078d8    0000001a                                                     : PTLS.obj (.text:PTLS_taskDeleteHook)
                  000078f2    0000001a                                                     : timers.obj (.text:prvTimerTask)
                  0000790c    00000018     drivers_msp432p401x.aem4f : I2C.oem4f (.text:I2C_transfer)
                  00007924    00000018     msp432p4xx_driverlib.lib : sysctl_a.o (.text:SysCtl_A_disableNMISource)
                  0000793c    00000018                              : sysctl_a.o (.text:SysCtl_A_enableNMISource)
                  00007954    00000018     drivers_msp432p401x.aem4f : UART.oem4f (.text:UART_Params_init)
                  0000796c    00000018     time_dev.obj (.text:timer_dev_callback)
                  00007984    00000016     freertos_builds_MSP_EXP432P401R_release_ccs.lib : ClockP_freertos.obj (.text:ClockP_setTimeout)
                  0000799a    00000016     MPU6050.obj (.text:MPU6050_accelerometer_range)
                  000079b0    00000016     MPU6050.obj (.text:MPU6050_gyroscope_range)
                  000079c6    00000016     MPU6050.obj (.text:MPU6050_set_clock)
                  000079dc    00000016     freertos_builds_MSP_EXP432P401R_release_ccs.lib : PTLS.obj (.text:PTLS_getBuf)
                  000079f2    00000016                                                     : PTLS.obj (.text:PTLS_setBuf)
                  00007a08    00000016     QMC5883.obj (.text:QMC5883_set_range)
                  00007a1e    00000016     freertos_builds_MSP_EXP432P401R_release_ccs.lib : SemaphoreP_freertos.obj (.text:SemaphoreP_Params_init)
                  00007a34    00000014     MPU6050.obj (.text:MPU6050_sleep)
                  00007a48    00000014     drivers_msp432p401x.aem4f : PowerMSP432.oem4f (.text:Power_idleFunc)
                  00007a5c    00000014                               : UARTMSP432.oem4f (.text:clearTXCPTIFG)
                  00007a70    00000014     freertos_builds_MSP_EXP432P401R_release_ccs.lib : tasks.obj (.text:prvDeleteTCB)
                  00007a84    00000014                                                     : pthread.obj (.text:pthread_attr_setstacksize)
                  00007a98    00000014                                                     : pthread.obj (.text:pthread_self)
                  00007aac    00000014                                                     : startup_msp432_ccs.obj (.text:resetISR)
                  00007ac0    00000014                                                     : tasks.obj (.text:xTaskGetCurrentTaskHandle)
                  00007ad4    00000014                                                     : tasks.obj (.text:xTaskGetTickCount)
                  00007ae8    00000012                                                     : HwiPMSP432_freertos.obj (.text:HwiP_delete)
                  00007afa    00000012     drivers_msp432p401x.aem4f : RingBuf.oem4f (.text:RingBuf_construct)
                  00007b0c    00000010                               : I2C.oem4f (.text:I2C_Params_init)
                  00007b1c    00000010                               : PowerMSP432.oem4f (.text:PowerMSP432_getNumPerfLevels)
                  00007b2c    00000010     msp432p4xx_driverlib.lib : sysctl_a.o (.text:SysCtl_A_getNMISourceStatus)
                  00007b3c    00000010                              : sysctl.o (.text:SysCtl_getNMISourceStatus)
                  00007b4c    00000010     drivers_msp432p401x.aem4f : Timer.oem4f (.text:Timer_Params_init)
                  00007b5c    00000010                               : UARTMSP432.oem4f (.text:readBlockingTimeout)
                  00007b6c    00000010     freertos_builds_MSP_EXP432P401R_release_ccs.lib : list.obj (.text:vListInitialiseItem)
                  00007b7c    00000010                                                     : tasks.obj (.text:vTaskSuspendAll)
                  00007b8c    0000000e     UARTDEBUG.obj (.text:UARTDEBUG_init)
                  00007b9a    0000000e     rtsv7M4_T_le_v4SPD16_eabi.lib : copy_decompress_none.c.obj (.text:decompress:none:__TI_decompress_none)
                  00007ba8    0000000c     ti_drivers_config.obj (.text:Board_init)
                  00007bb4    0000000c     msp432p4xx_driverlib.lib : cpu.o (.text:CPU_cpsid)
                  00007bc0    0000000c                              : cpu.o (.text:CPU_cpsie)
                  00007bcc    0000000c     drivers_msp432p401x.aem4f : PowerMSP432.oem4f (.text:Power_getConstraintMask)
                  00007bd8    0000000c                               : PowerMSP432.oem4f (.text:Power_getPerformanceLevel)
                  00007be4    0000000c     freertos_builds_MSP_EXP432P401R_release_ccs.lib : SemaphoreP_freertos.obj (.text:SemaphoreP_delete)
                  00007bf0    0000000c     rtsv7M4_T_le_v4SPD16_eabi.lib : copy_zero_init.c.obj (.text:decompress:ZI:__TI_zero_init)
                  00007bfc    0000000c     time_dev.obj (.text:millis)
                  00007c08    0000000c     freertos_builds_MSP_EXP432P401R_release_ccs.lib : tasks.obj (.text:vTaskMissedYield)
                  00007c14    0000000a     MPU6050.obj (.text:MPU6050_who)
                  00007c1e    0000000a     freertos_builds_MSP_EXP432P401R_release_ccs.lib : PowerMSP432_freertos.obj (.text:PowerMSP432_updateFreqs)
                  00007c28    0000000a     drivers_msp432p401x.aem4f : Timer.oem4f (.text:Timer_start)
                  00007c32    0000000a     main.obj (.text:vApplicationStackOverflowHook)
                  00007c3c    0000000a     freertos_builds_MSP_EXP432P401R_release_ccs.lib : PowerMSP432_freertos.obj (.text:vPortSuppressTicksAndSleep)
                  00007c46    00000008     drivers_msp432p401x.aem4f : I2CMSP432.oem4f (.text:blockingTransferCallback)
                  00007c4e    00000008                               : UARTMSP432.oem4f (.text:readSemCallback)
                  00007c56    00000008                               : UARTMSP432.oem4f (.text:txcptEnabledStatus)
                  00007c5e    00000008                               : UARTMSP432.oem4f (.text:writeSemCallback)
                  00007c66    00000006                               : I2CMSP432.oem4f (.text:I2CMSP432_control)
                  00007c6c    00000006                               : TimerMSP432.oem4f (.text:TimerMSP432_control)
                  00007c72    00000004     rtsv7M4_T_le_v4SPD16_eabi.lib : pre_init.c.obj (.text:_system_pre_init)
                  00007c76    00000004                                   : exit.c.obj (.text:abort:abort)

.const     0    00007c7c    0000037e     
                  00007c7c    00000080     ti_drivers_config.obj (.const:uartMSP432Baudrates)
                  00007cfc    00000058     ti_drivers_config.obj (.const:uartMSP432HWAttrs)
                  00007d54    00000050     msp432p4xx_driverlib.lib : interrupt.o (.const:g_pulRegs)
                  00007da4    00000050     drivers_msp432p401x.aem4f : TimerMSP432.oem4f (.const:timerADividers)
                  00007df4    00000038     ti_drivers_config.obj (.const:PowerMSP432_config)
                  00007e2c    00000034     rtsv7M4_T_le_v4SPD16_eabi.lib : s_atanf.c.obj (.const:$O1$$)
                  00007e60    00000028     drivers_msp432p401x.aem4f : UARTMSP432.oem4f (.const:UARTMSP432_fxnTable)
                  00007e88    00000024                               : UART.oem4f (.const:UART_defaultParams)
                  00007eac    00000020                               : TimerMSP432.oem4f (.const:TimerMSP432_Timer32_fxnTable)
                  00007ecc    00000020                               : UARTMSP432.oem4f (.const:staticFxnTable)
                  00007eec    0000001c     i2c_dev.obj (.const:$P$T0$1)
                  00007f08    0000001c     i2c_dev.obj (.const:$P$T1$2)
                  00007f24    00000018     drivers_msp432p401x.aem4f : I2CMSP432.oem4f (.const:I2CMSP432_fxnTable)
                  00007f3c    00000018     ti_drivers_config.obj (.const:UART_config)
                  00007f54    00000014     ti_drivers_config.obj (.const:i2cMSP432HWAttrs)
                  00007f68    00000010     drivers_msp432p401x.aem4f : I2C.oem4f (.const:I2C_defaultParams)
                  00007f78    00000010     ti_drivers_config.obj (.const:TimerMSP432HWAttrs)
                  00007f88    0000000c     ti_drivers_config.obj (.const:I2C_config)
                  00007f94    0000000c     ti_drivers_config.obj (.const:Timer_config)
                  00007fa0    0000000c     drivers_msp432p401x.aem4f : I2CMSP432.oem4f (.const:bitRates)
                  00007fac    0000000c                               : Timer.oem4f (.const:defaultParams)
                  00007fb8    0000000c                               : TimerMSP432.oem4f (.const:timer32Dividers)
                  00007fc4    00000008     freertos_builds_MSP_EXP432P401R_release_ccs.lib : port.obj (.const)
                  00007fcc    00000008     msp432p4xx_driverlib.lib : interrupt.o (.const:g_pulDisRegs)
                  00007fd4    00000008                              : interrupt.o (.const:g_pulEnRegs)
                  00007fdc    00000008     uart_dev.obj (.const:uart_configs)
                  00007fe4    00000005     drivers_msp432p401x.aem4f : UARTMSP432.oem4f (.const:.string:parityTypes)
                  00007fe9    00000003     --HOLE-- [fill = 0]
                  00007fec    00000004     freertos_builds_MSP_EXP432P401R_release_ccs.lib : pthread.obj (.const)
                  00007ff0    00000004     drivers_msp432p401x.aem4f : UARTMSP432.oem4f (.const:stopBits)
                  00007ff4    00000004     ti_drivers_config.obj (.const)
                  00007ff8    00000002     freertos_builds_MSP_EXP432P401R_release_ccs.lib : pthread.obj (.const:.string)

.cinit     0    00008000    000000c8     
                  00008000    00000094     (.cinit..data.load) [load image, compression = lzss]
                  00008094    0000000c     (__TI_handler_table)
                  000080a0    00000008     (.cinit..bss.load) [load image, compression = zero_init]
                  000080a8    00000008     (.cinit..vtable.load) [load image, compression = zero_init]
                  000080b0    00000018     (__TI_cinit_table)

.init_array 
*          0    00000000    00000000     UNINITIALIZED

.intvecs   0    00000000    00000144     
                  00000000    00000144     freertos_builds_MSP_EXP432P401R_release_ccs.lib : startup_msp432_ccs.obj (.intvecs:retain)

.bss       0    20000000    00008350     UNINITIALIZED
                  20000000    00008000     freertos_builds_MSP_EXP432P401R_release_ccs.lib : heap_4.obj (.bss:ucHeap)
                  20008000    00000100     (.common:uartMSP432Objects)
                  20008100    000000c8                                                     : tasks.obj (.bss:pxReadyTasksLists)
                  200081c8    00000050     (.common:i2cMSP432Objects)
                  20008218    00000034     (.common:timerMSP432Objects)
                  2000824c    00000020     ti_drivers_config.obj (.bss:uartMSP432RingBuffer0)
                  2000826c    00000020     ti_drivers_config.obj (.bss:uartMSP432RingBuffer1)
                  2000828c    00000014     freertos_builds_MSP_EXP432P401R_release_ccs.lib : timers.obj (.bss:xActiveTimerList1)
                  200082a0    00000014                                                     : timers.obj (.bss:xActiveTimerList2)
                  200082b4    00000014                                                     : tasks.obj (.bss:xDelayedTaskList1)
                  200082c8    00000014                                                     : tasks.obj (.bss:xDelayedTaskList2)
                  200082dc    00000014                                                     : tasks.obj (.bss:xPendingReadyList)
                  200082f0    00000014                                                     : tasks.obj (.bss:xSuspendedTaskList)
                  20008304    00000014                                                     : tasks.obj (.bss:xTasksWaitingTermination)
                  20008318    00000008                                                     : tasks.obj (.bss)
                  20008320    00000008                                                     : timers.obj (.bss)
                  20008328    00000008     msp432p4xx_driverlib.lib : cs.o (.bss)
                  20008330    00000008     freertos_builds_MSP_EXP432P401R_release_ccs.lib : heap_4.obj (.bss:xStart)
                  20008338    00000008     (.common:UART_handles)
                  20008340    00000004                                                     : aeabi_portable.obj (.bss:main_reent)
                  20008344    00000004     drivers_msp432p401x.aem4f : TimerMSP432.oem4f (.bss:timerState)
                  20008348    00000004     (.common:MPU9250_handle)
                  2000834c    00000004     (.common:timer)

.data      0    20008350    00000a1c     UNINITIALIZED
                  20008350    00000800     freertos_builds_MSP_EXP432P401R_release_ccs.lib : HwiPMSP432_freertos.obj (.data:HwiP_dispatchTable)
                  20008b50    00000140     drivers_msp432p401x.aem4f : PowerMSP432.oem4f (.data:PowerMSP432_perfLevels)
                  20008c90    00000034     freertos_builds_MSP_EXP432P401R_release_ccs.lib : tasks.obj (.data)
                  20008cc4    0000002c     drivers_msp432p401x.aem4f : PowerMSP432.oem4f (.data:PowerMSP432_module)
                  20008cf0    00000018     freertos_builds_MSP_EXP432P401R_release_ccs.lib : heap_4.obj (.data)
                  20008d08    00000018                                                     : port.obj (.data)
                  20008d20    00000018     drivers_msp432p401x.aem4f : TimerMSP432.oem4f (.data:upConfig)
                  20008d38    00000014     freertos_builds_MSP_EXP432P401R_release_ccs.lib : pthread.obj (.data:defaultPthreadAttrs)
                  20008d4c    0000000c                                                     : timers.obj (.data)
                  20008d58    00000005     time_dev.obj (.data)
                  20008d5d    00000002     uart_dev.obj (.data:uart_open)
                  20008d5f    00000001     MPU6050.obj (.data)
                  20008d60    00000004     freertos_builds_MSP_EXP432P401R_release_ccs.lib : ClockP_freertos.obj (.data)
                  20008d64    00000004                                                     : HwiPMSP432_freertos.obj (.data)
                  20008d68    00000001     drivers_msp432p401x.aem4f : I2C.oem4f (.data)
                  20008d69    00000001                               : Timer.oem4f (.data)
                  20008d6a    00000001                               : UART.oem4f (.data)
                  20008d6b    00000001     i2c_dev.obj (.data)

.vtable    0    20009000    000000e8     UNINITIALIZED
                  20009000    000000e8     msp432p4xx_driverlib.lib : interrupt.o (.vtable)

.stack     0    2000fc00    00000400     UNINITIALIZED
                  2000fc00    00000004     rtsv7M4_T_le_v4SPD16_eabi.lib : boot_cortex_m.c.obj (.stack)
                  2000fc04    000003fc     --HOLE--

.binit     0    00000000    00000000     

MODULE SUMMARY

       Module                       code    ro data   rw data
       ------                       ----    -------   -------
    .\
       hal_main.obj                 956     0         0      
       MPU6050.obj                  600     0         2      
       QMC5883.obj                  398     0         0      
       main.obj                     124     0         0      
       UARTDEBUG.obj                14      0         0      
    +--+----------------------------+-------+---------+---------+
       Total:                       2092    0         2      
                                                             
    .\EasyHal\
       i2c_dev.obj                  272     56        10     
       uart_dev.obj                 124     8         20     
       time_dev.obj                 128     0         18     
    +--+----------------------------+-------+---------+---------+
       Total:                       524     64        48     
                                                             
    .\syscfg\
       ti_drivers_config.obj        14      360       904    
    +--+----------------------------+-------+---------+---------+
       Total:                       14      360       904    
                                                             
    C:/Users/Alex/workspace_v9_2/freertos_builds_MSP_EXP432P401R_release_ccs/Debug/freertos_builds_MSP_EXP432P401R_release_ccs.lib
       heap_4.obj                   912     0         65600  
       tasks.obj                    4296    0         720    
       HwiPMSP432_freertos.obj      332     0         4104   
       queue.obj                    3108    0         0      
       timers.obj                   1562    0         120    
       pthread.obj                  798     6         40     
       port.obj                     764     8         48     
       ClockP_freertos.obj          598     0         8      
       startup_msp432_ccs.obj       26      324       0      
       list.obj                     298     0         0      
       portasm.obj                  218     0         0      
       SemaphoreP_freertos.obj      206     0         0      
       PowerMSP432_freertos.obj     80      0         0      
       aeabi_portable.obj           64      0         8      
       PTLS.obj                     70      0         0      
    +--+----------------------------+-------+---------+---------+
       Total:                       13332   338       70648  
                                                             
    C:/ti/simplelink_msp432p4_sdk_3_40_01_02/source/ti/devices/msp432p4xx/driverlib/ccs/msp432p4xx_driverlib.lib
       cs.o                         1522    0         16     
       interrupt.o                  462     96        464    
       uart.o                       284     0         0      
       sysctl_a.o                   212     0         0      
       i2c.o                        108     0         0      
       cpu.o                        24      0         0      
       sysctl.o                     16      0         0      
    +--+----------------------------+-------+---------+---------+
       Total:                       2628    96        480    
                                                             
    C:/ti/simplelink_msp432p4_sdk_3_40_01_02/source/ti/drivers/lib/drivers_msp432p401x.aem4f
       UARTMSP432.oem4f             3406    81        0      
       PowerMSP432.oem4f            2196    0         728    
       I2CMSP432.oem4f              2028    36        0      
       TimerMSP432.oem4f            1806    124       56     
       UART.oem4f                   156     36        2      
       I2C.oem4f                    172     16        2      
       RingBuf.oem4f                184     0         0      
       Timer.oem4f                  158     12        2      
       List.oem4f                   76      0         0      
    +--+----------------------------+-------+---------+---------+
       Total:                       10182   305       790    
                                                             
    C:\ti\ccs920\ccs\tools\compiler\ti-cgt-arm_18.12.3.LTS\lib\rtsv7M4_T_le_v4SPD16_eabi.lib
       fd_add_t2.asm.obj            438     0         0      
       s_atanf.c.obj                336     52        0      
       e_atan2f.c.obj               344     0         0      
       e_sqrt.c.obj                 344     0         0      
       fd_div_t2.asm.obj            310     0         0      
       fd_mul_t2.asm.obj            252     0         0      
       memcpy_t2.asm.obj            156     0         0      
       memset_t2.asm.obj            122     0         0      
       fd_tos_t2.asm.obj            110     0         0      
       copy_decompress_lzss.c.obj   104     0         0      
       autoinit.c.obj               68      0         0      
       fs_tod_t2.asm.obj            56      0         0      
       boot_cortex_m.c.obj          52      0         0      
       u_tofd_t2.asm.obj            32      0         0      
       copy_decompress_none.c.obj   14      0         0      
       copy_zero_init.c.obj         12      0         0      
       exit.c.obj                   4       0         0      
       pre_init.c.obj               4       0         0      
    +--+----------------------------+-------+---------+---------+
       Total:                       2758    52        0      
                                                             
       Stack:                       0       0         2048   
       Linker Generated:            0       200       0      
    +--+----------------------------+-------+---------+---------+
       Grand Total:                 31530   1415      74920  


LINKER GENERATED COPY TABLES

__TI_cinit_table @ 000080b0 records: 3, size/record: 8, table size: 24
	.data: load addr=00008000, load size=00000094 bytes, run addr=20008350, run size=00000a1c bytes, compression=lzss
	.bss: load addr=000080a0, load size=00000008 bytes, run addr=20000000, run size=00008350 bytes, compression=zero_init
	.vtable: load addr=000080a8, load size=00000008 bytes, run addr=20009000, run size=000000e8 bytes, compression=zero_init


LINKER GENERATED HANDLER TABLE

__TI_handler_table @ 00008094 records: 3, size/record: 4, table size: 12
	index: 0, handler: __TI_decompress_lzss
	index: 1, handler: __TI_decompress_none
	index: 2, handler: __TI_zero_init


GLOBAL SYMBOLS: SORTED ALPHABETICALLY BY Name 

address   name                               
-------   ----                               
00007ba9  Board_init                         
0000160f  Board_initHook                     
00007c77  C$$EXIT                            
00007bb5  CPU_cpsid                          
00007bc1  CPU_cpsie                          
0000725d  CS_clearInterruptFlag              
00002dfd  CS_getDCOFrequency                 
0000745d  CS_getMCLK                         
00007731  CS_setExternalClockSourceFrequency 
000030d5  CS_startHFXTWithTimeout            
000031b9  CS_startLFXTWithTimeout            
0000784b  ClockP_Params_init                 
00006d45  ClockP_callbackFxn                 
000048ed  ClockP_create                      
00006365  ClockP_delete                      
00007985  ClockP_setTimeout                  
000077f1  ClockP_start                       
00005df1  ClockP_stop                        
0000780f  HwiP_Params_init                   
00005f1d  HwiP_create                        
00007ae9  HwiP_delete                        
000073ad  HwiP_disable                       
0000676d  HwiP_dispatch                      
20008350  HwiP_dispatchTable                 
00007485  HwiP_inISR                         
00007751  HwiP_restore                       
00004453  I2CMSP432_cancel                   
00005781  I2CMSP432_close                    
00007c67  I2CMSP432_control                  
00007f24  I2CMSP432_fxnTable                 
0000148b  I2CMSP432_hwiIntFxn                
000028fb  I2CMSP432_init                     
00000d51  I2CMSP432_open                     
00002ef5  I2CMSP432_transfer                 
00007b0d  I2C_Params_init                    
00007f88  I2C_config                         
00007ff4  I2C_count                          
00007f68  I2C_defaultParams                  
000069ad  I2C_init                           
00005b15  I2C_masterSendMultiByteFinish      
00006b45  I2C_open                           
0000790d  I2C_transfer                       
00005231  Interrupt_disableInterrupt         
000052b1  Interrupt_enableInterrupt          
0000603d  Interrupt_registerInterrupt        
000063b9  Interrupt_setPriority              
00007869  Interrupt_unregisterInterrupt      
0000759d  List_put                           
000075c3  List_remove                        
0000799b  MPU6050_accelerometer_range        
20008d5f  MPU6050_address                    
000079b1  MPU6050_gyroscope_range            
00006f29  MPU6050_init                       
000067b5  MPU6050_raw_accelerometer          
000067fd  MPU6050_raw_gyroscope              
0000765d  MPU6050_read_byte                  
000079c7  MPU6050_set_clock                  
00007a35  MPU6050_sleep                      
00007c15  MPU6050_who                        
00005b81  MPU6050_write_bit                  
0000498d  MPU6050_write_bits                 
20008348  MPU9250_handle                     
000079dd  PTLS_getBuf                        
000079f3  PTLS_setBuf                        
000078d9  PTLS_taskDeleteHook                
00007ff5  PWM_count                          
00007df4  PowerMSP432_config                 
00005bed  PowerMSP432_getFreqs               
00007b1d  PowerMSP432_getNumPerfLevels       
00003a33  PowerMSP432_initPolicy             
20008cc4  PowerMSP432_module                 
20008b50  PowerMSP432_perfLevels             
00006eed  PowerMSP432_sleepPolicy            
00007c1f  PowerMSP432_updateFreqs            
00007bcd  Power_getConstraintMask            
00007bd9  Power_getPerformanceLevel          
00007a49  Power_idleFunc                     
00004acd  Power_init                         
000074ad  Power_registerNotify               
00006845  Power_releaseConstraint            
00006f61  Power_setConstraint                
00000501  Power_sleep                        
00007771  Power_unregisterNotify             
0000688d  QMC5883_init                       
000068d5  QMC5883_raw_magnetometer           
00007885  QMC5883_read_byte                  
00007121  QMC5883_set_measurement            
00007a09  QMC5883_set_range                  
00006f99  QMC5883_set_rate                   
00006fd1  QMC5883_set_samples                
000075e9  QMC5883_write_byte                 
00007afb  RingBuf_construct                  
00006b85  RingBuf_get                        
00007791  RingBuf_peek                       
00006965  RingBuf_put                        
00007a1f  SemaphoreP_Params_init             
000062b9  SemaphoreP_create                  
00007be5  SemaphoreP_delete                  
0000718d  SemaphoreP_pend                    
000076ed  SemaphoreP_post                    
00007925  SysCtl_A_disableNMISource          
0000793d  SysCtl_A_enableNMISource           
00007b2d  SysCtl_A_getNMISourceStatus        
00004d3d  SysCtl_A_getTLVInfo                
00007b3d  SysCtl_getNMISourceStatus          
00007f78  TimerMSP432HWAttrs                 
00007eac  TimerMSP432_Timer32_fxnTable       
00005619  TimerMSP432_allocateTimerResource  
00006555  TimerMSP432_close                  
00007c6d  TimerMSP432_control                
0000640d  TimerMSP432_freeTimerResource      
00007009  TimerMSP432_getCount               
00003c7f  TimerMSP432_init                   
00001e79  TimerMSP432_open                   
00003c81  TimerMSP432_setPeriod              
00003a35  TimerMSP432_start                  
00004f89  TimerMSP432_stop                   
00007b4d  Timer_Params_init                  
00007f94  Timer_config                       
00007ff6  Timer_count                        
000069f1  Timer_init                         
00006bc5  Timer_open                         
00007c29  Timer_start                        
00007b8d  UARTDEBUG_init                     
00004e65  UARTMSP432_close                   
000040dd  UARTMSP432_control                 
00007e60  UARTMSP432_fxnTable                
00003969  UARTMSP432_hwiIntFxn               
000045a7  UARTMSP432_init                    
000007f9  UARTMSP432_open                    
00006c05  UARTMSP432_read                    
00007157  UARTMSP432_readCancel              
00003379  UARTMSP432_readPolling             
000044ff  UARTMSP432_write                   
00005955  UARTMSP432_writeCancel             
00004191  UARTMSP432_writePolling            
00007955  UART_Params_init                   
00007f3c  UART_config                        
00007ff7  UART_count                         
00007e88  UART_defaultParams                 
20008338  UART_handles                       
00006a35  UART_init                          
0000249d  UART_initModule                    
00006c45  UART_open                          
4000480c  WDTCTL_SYM                         
20010000  __STACK_END                        
00000400  __STACK_SIZE                       
000080b0  __TI_CINIT_Base                    
000080c8  __TI_CINIT_Limit                   
00008094  __TI_Handler_Table_Base            
000080a0  __TI_Handler_Table_Limit           
00006a79  __TI_auto_init_nobinit_nopinit     
00005c55  __TI_decompress_lzss               
00007b9b  __TI_decompress_none               
ffffffff  __TI_pprof_out_hndl                
ffffffff  __TI_prof_data_size                
ffffffff  __TI_prof_data_start               
00008000  __TI_static_base__                 
00007bf1  __TI_zero_init                     
00005aa5  __aeabi_d2f                        
000012df  __aeabi_dadd                       
0000223d  __aeabi_ddiv                       
00002c05  __aeabi_dmul                       
000012d5  __aeabi_dsub                       
00006c85  __aeabi_errno_addr                 
000070e9  __aeabi_f2d                        
00005523  __aeabi_memclr                     
00005523  __aeabi_memclr4                    
00005523  __aeabi_memclr8                    
00004b69  __aeabi_memcpy                     
00004b69  __aeabi_memcpy4                    
00004b69  __aeabi_memcpy8                    
00005525  __aeabi_memset                     
00005525  __aeabi_memset4                    
00005525  __aeabi_memset8                    
000077d1  __aeabi_ui2d                       
ffffffff  __binit__                          
ffffffff  __c_args__                         
UNDEFED   __mpu_init                         
2000fc00  __stack                            
000071c1  _c_int00_noargs                    
0000760f  _pthread_cleanup_pop               
UNDEFED   _system_post_cinit                 
00007c73  _system_pre_init                   
00007c77  abort                              
00001a79  atan2f                             
00001d29  atanf                              
ffffffff  binit                              
20009000  g_pfnRAMVectors                    
00007f54  i2cMSP432HWAttrs                   
200081c8  i2cMSP432Objects                   
000057f9  i2c_dev_init                       
00006505  i2c_dev_read                       
000065a5  i2c_dev_write                      
20008d6b  i2c_initialized                    
00000000  interruptVectors                   
000059c5  main                               
00000145  mainThread                         
00004b69  memcpy                             
0000552b  memset                             
00007bfd  millis                             
000078a1  pthread_attr_init                  
0000770f  pthread_attr_setdetachstate        
0000754d  pthread_attr_setschedparam         
00007a85  pthread_attr_setstacksize          
00002105  pthread_create                     
000060f5  pthread_exit                       
00007a99  pthread_self                       
00006d83  pthread_setcancelstate             
00001611  pvPortMalloc                       
00006e39  pvTaskGetThreadLocalStoragePointer 
000078bd  pvTaskIncrementMutexHeldCount      
0000737d  pvTimerGetTimerID                  
20008c90  pxCurrentTCB                       
00005f7d  pxPortInitialiseStack              
00007aad  resetISR                           
00001bd1  sqrt                               
00001bd1  sqrtl                              
00006151  time_dev_init                      
2000834c  timer                              
20008218  timerMSP432Objects                 
0000796d  timer_dev_callback                 
20008d58  timer_millis                       
20008d5c  timer_open                         
20008000  uartMSP432Objects                  
00007fdc  uart_configs                       
0000542d  uart_dev_init                      
20008d5d  uart_open                          
00007fc4  ulMaxSyscallInterruptPriority      
0000361d  ulPortGetIPSR                      
0000691d  uxListRemove                       
00005f1b  vApplicationMallocFailedHook       
00007c33  vApplicationStackOverflowHook      
000072ed  vListInitialise                    
00007b6d  vListInitialiseItem                
00005d8b  vListInsert                        
00006e75  vListInsertEnd                     
000036d9  vPortEnableVFP                     
000066d5  vPortEnterCritical                 
0000731d  vPortExitCritical                  
000046f9  vPortFree                          
00003695  vPortSVCHandler                    
00005709  vPortSetupTimerInterrupt           
000036b5  vPortStartFirstTask                
00007c3d  vPortSuppressTicksAndSleep         
000058e1  vPortValidateInterruptPriority     
000076a5  vQueueDelete                       
000061ad  vQueueWaitForMessageRestricted     
00002b05  vTaskDelete                        
000076c9  vTaskInternalSetTimeOutState       
00007c09  vTaskMissedYield                   
00007229  vTaskPlaceOnEventList              
00006d05  vTaskPlaceOnEventListRestricted    
00002a01  vTaskPriorityDisinheritAfterTimeout
00007405  vTaskSetApplicationTaskTag         
00006721  vTaskSetThreadLocalStoragePointer  
00004dd1  vTaskStartScheduler                
00002d01  vTaskSuspend                       
00007b7d  vTaskSuspendAll                    
00003531  vTaskSwitchContext                 
00003635  xPortPendSVHandler                 
00003899  xPortStartScheduler                
00007431  xPortSysTickHandler                
00006261  xQueueCreateCountingSemaphore      
00005fdd  xQueueGenericCreate                
00004025  xQueueGenericReset                 
0000111d  xQueueGenericSend                  
000027f1  xQueueGenericSendFromISR           
00002fe5  xQueueGiveFromISR                  
00001795  xQueueReceive                      
000036e7  xQueueReceiveFromISR               
00000f49  xQueueSemaphoreTake                
000042f5  xTaskCheckForTimeOut               
0000559d  xTaskCreate                        
00007575  xTaskGetApplicationTaskTag         
00007ac1  xTaskGetCurrentTaskHandle          
0000734d  xTaskGetSchedulerState             
00007ad5  xTaskGetTickCount                  
00001fc5  xTaskIncrementTick                 
00003299  xTaskPriorityDisinherit            
000037c1  xTaskPriorityInherit               
000047a1  xTaskRemoveFromEventList           
000026d5  xTaskResumeAll                     
00006eb1  xTimerCreate                       
00006461  xTimerCreateTimerTask              
000051ad  xTimerGenericCommand               


GLOBAL SYMBOLS: SORTED BY Symbol Address 

address   name                               
-------   ----                               
00000000  interruptVectors                   
00000145  mainThread                         
00000400  __STACK_SIZE                       
00000501  Power_sleep                        
000007f9  UARTMSP432_open                    
00000d51  I2CMSP432_open                     
00000f49  xQueueSemaphoreTake                
0000111d  xQueueGenericSend                  
000012d5  __aeabi_dsub                       
000012df  __aeabi_dadd                       
0000148b  I2CMSP432_hwiIntFxn                
0000160f  Board_initHook                     
00001611  pvPortMalloc                       
00001795  xQueueReceive                      
00001a79  atan2f                             
00001bd1  sqrt                               
00001bd1  sqrtl                              
00001d29  atanf                              
00001e79  TimerMSP432_open                   
00001fc5  xTaskIncrementTick                 
00002105  pthread_create                     
0000223d  __aeabi_ddiv                       
0000249d  UART_initModule                    
000026d5  xTaskResumeAll                     
000027f1  xQueueGenericSendFromISR           
000028fb  I2CMSP432_init                     
00002a01  vTaskPriorityDisinheritAfterTimeout
00002b05  vTaskDelete                        
00002c05  __aeabi_dmul                       
00002d01  vTaskSuspend                       
00002dfd  CS_getDCOFrequency                 
00002ef5  I2CMSP432_transfer                 
00002fe5  xQueueGiveFromISR                  
000030d5  CS_startHFXTWithTimeout            
000031b9  CS_startLFXTWithTimeout            
00003299  xTaskPriorityDisinherit            
00003379  UARTMSP432_readPolling             
00003531  vTaskSwitchContext                 
0000361d  ulPortGetIPSR                      
00003635  xPortPendSVHandler                 
00003695  vPortSVCHandler                    
000036b5  vPortStartFirstTask                
000036d9  vPortEnableVFP                     
000036e7  xQueueReceiveFromISR               
000037c1  xTaskPriorityInherit               
00003899  xPortStartScheduler                
00003969  UARTMSP432_hwiIntFxn               
00003a33  PowerMSP432_initPolicy             
00003a35  TimerMSP432_start                  
00003c7f  TimerMSP432_init                   
00003c81  TimerMSP432_setPeriod              
00004025  xQueueGenericReset                 
000040dd  UARTMSP432_control                 
00004191  UARTMSP432_writePolling            
000042f5  xTaskCheckForTimeOut               
00004453  I2CMSP432_cancel                   
000044ff  UARTMSP432_write                   
000045a7  UARTMSP432_init                    
000046f9  vPortFree                          
000047a1  xTaskRemoveFromEventList           
000048ed  ClockP_create                      
0000498d  MPU6050_write_bits                 
00004acd  Power_init                         
00004b69  __aeabi_memcpy                     
00004b69  __aeabi_memcpy4                    
00004b69  __aeabi_memcpy8                    
00004b69  memcpy                             
00004d3d  SysCtl_A_getTLVInfo                
00004dd1  vTaskStartScheduler                
00004e65  UARTMSP432_close                   
00004f89  TimerMSP432_stop                   
000051ad  xTimerGenericCommand               
00005231  Interrupt_disableInterrupt         
000052b1  Interrupt_enableInterrupt          
0000542d  uart_dev_init                      
00005523  __aeabi_memclr                     
00005523  __aeabi_memclr4                    
00005523  __aeabi_memclr8                    
00005525  __aeabi_memset                     
00005525  __aeabi_memset4                    
00005525  __aeabi_memset8                    
0000552b  memset                             
0000559d  xTaskCreate                        
00005619  TimerMSP432_allocateTimerResource  
00005709  vPortSetupTimerInterrupt           
00005781  I2CMSP432_close                    
000057f9  i2c_dev_init                       
000058e1  vPortValidateInterruptPriority     
00005955  UARTMSP432_writeCancel             
000059c5  main                               
00005aa5  __aeabi_d2f                        
00005b15  I2C_masterSendMultiByteFinish      
00005b81  MPU6050_write_bit                  
00005bed  PowerMSP432_getFreqs               
00005c55  __TI_decompress_lzss               
00005d8b  vListInsert                        
00005df1  ClockP_stop                        
00005f1b  vApplicationMallocFailedHook       
00005f1d  HwiP_create                        
00005f7d  pxPortInitialiseStack              
00005fdd  xQueueGenericCreate                
0000603d  Interrupt_registerInterrupt        
000060f5  pthread_exit                       
00006151  time_dev_init                      
000061ad  vQueueWaitForMessageRestricted     
00006261  xQueueCreateCountingSemaphore      
000062b9  SemaphoreP_create                  
00006365  ClockP_delete                      
000063b9  Interrupt_setPriority              
0000640d  TimerMSP432_freeTimerResource      
00006461  xTimerCreateTimerTask              
00006505  i2c_dev_read                       
00006555  TimerMSP432_close                  
000065a5  i2c_dev_write                      
000066d5  vPortEnterCritical                 
00006721  vTaskSetThreadLocalStoragePointer  
0000676d  HwiP_dispatch                      
000067b5  MPU6050_raw_accelerometer          
000067fd  MPU6050_raw_gyroscope              
00006845  Power_releaseConstraint            
0000688d  QMC5883_init                       
000068d5  QMC5883_raw_magnetometer           
0000691d  uxListRemove                       
00006965  RingBuf_put                        
000069ad  I2C_init                           
000069f1  Timer_init                         
00006a35  UART_init                          
00006a79  __TI_auto_init_nobinit_nopinit     
00006b45  I2C_open                           
00006b85  RingBuf_get                        
00006bc5  Timer_open                         
00006c05  UARTMSP432_read                    
00006c45  UART_open                          
00006c85  __aeabi_errno_addr                 
00006d05  vTaskPlaceOnEventListRestricted    
00006d45  ClockP_callbackFxn                 
00006d83  pthread_setcancelstate             
00006e39  pvTaskGetThreadLocalStoragePointer 
00006e75  vListInsertEnd                     
00006eb1  xTimerCreate                       
00006eed  PowerMSP432_sleepPolicy            
00006f29  MPU6050_init                       
00006f61  Power_setConstraint                
00006f99  QMC5883_set_rate                   
00006fd1  QMC5883_set_samples                
00007009  TimerMSP432_getCount               
000070e9  __aeabi_f2d                        
00007121  QMC5883_set_measurement            
00007157  UARTMSP432_readCancel              
0000718d  SemaphoreP_pend                    
000071c1  _c_int00_noargs                    
00007229  vTaskPlaceOnEventList              
0000725d  CS_clearInterruptFlag              
000072ed  vListInitialise                    
0000731d  vPortExitCritical                  
0000734d  xTaskGetSchedulerState             
0000737d  pvTimerGetTimerID                  
000073ad  HwiP_disable                       
00007405  vTaskSetApplicationTaskTag         
00007431  xPortSysTickHandler                
0000745d  CS_getMCLK                         
00007485  HwiP_inISR                         
000074ad  Power_registerNotify               
0000754d  pthread_attr_setschedparam         
00007575  xTaskGetApplicationTaskTag         
0000759d  List_put                           
000075c3  List_remove                        
000075e9  QMC5883_write_byte                 
0000760f  _pthread_cleanup_pop               
0000765d  MPU6050_read_byte                  
000076a5  vQueueDelete                       
000076c9  vTaskInternalSetTimeOutState       
000076ed  SemaphoreP_post                    
0000770f  pthread_attr_setdetachstate        
00007731  CS_setExternalClockSourceFrequency 
00007751  HwiP_restore                       
00007771  Power_unregisterNotify             
00007791  RingBuf_peek                       
000077d1  __aeabi_ui2d                       
000077f1  ClockP_start                       
0000780f  HwiP_Params_init                   
0000784b  ClockP_Params_init                 
00007869  Interrupt_unregisterInterrupt      
00007885  QMC5883_read_byte                  
000078a1  pthread_attr_init                  
000078bd  pvTaskIncrementMutexHeldCount      
000078d9  PTLS_taskDeleteHook                
0000790d  I2C_transfer                       
00007925  SysCtl_A_disableNMISource          
0000793d  SysCtl_A_enableNMISource           
00007955  UART_Params_init                   
0000796d  timer_dev_callback                 
00007985  ClockP_setTimeout                  
0000799b  MPU6050_accelerometer_range        
000079b1  MPU6050_gyroscope_range            
000079c7  MPU6050_set_clock                  
000079dd  PTLS_getBuf                        
000079f3  PTLS_setBuf                        
00007a09  QMC5883_set_range                  
00007a1f  SemaphoreP_Params_init             
00007a35  MPU6050_sleep                      
00007a49  Power_idleFunc                     
00007a85  pthread_attr_setstacksize          
00007a99  pthread_self                       
00007aad  resetISR                           
00007ac1  xTaskGetCurrentTaskHandle          
00007ad5  xTaskGetTickCount                  
00007ae9  HwiP_delete                        
00007afb  RingBuf_construct                  
00007b0d  I2C_Params_init                    
00007b1d  PowerMSP432_getNumPerfLevels       
00007b2d  SysCtl_A_getNMISourceStatus        
00007b3d  SysCtl_getNMISourceStatus          
00007b4d  Timer_Params_init                  
00007b6d  vListInitialiseItem                
00007b7d  vTaskSuspendAll                    
00007b8d  UARTDEBUG_init                     
00007b9b  __TI_decompress_none               
00007ba9  Board_init                         
00007bb5  CPU_cpsid                          
00007bc1  CPU_cpsie                          
00007bcd  Power_getConstraintMask            
00007bd9  Power_getPerformanceLevel          
00007be5  SemaphoreP_delete                  
00007bf1  __TI_zero_init                     
00007bfd  millis                             
00007c09  vTaskMissedYield                   
00007c15  MPU6050_who                        
00007c1f  PowerMSP432_updateFreqs            
00007c29  Timer_start                        
00007c33  vApplicationStackOverflowHook      
00007c3d  vPortSuppressTicksAndSleep         
00007c67  I2CMSP432_control                  
00007c6d  TimerMSP432_control                
00007c73  _system_pre_init                   
00007c77  C$$EXIT                            
00007c77  abort                              
00007df4  PowerMSP432_config                 
00007e60  UARTMSP432_fxnTable                
00007e88  UART_defaultParams                 
00007eac  TimerMSP432_Timer32_fxnTable       
00007f24  I2CMSP432_fxnTable                 
00007f3c  UART_config                        
00007f54  i2cMSP432HWAttrs                   
00007f68  I2C_defaultParams                  
00007f78  TimerMSP432HWAttrs                 
00007f88  I2C_config                         
00007f94  Timer_config                       
00007fc4  ulMaxSyscallInterruptPriority      
00007fdc  uart_configs                       
00007ff4  I2C_count                          
00007ff5  PWM_count                          
00007ff6  Timer_count                        
00007ff7  UART_count                         
00008000  __TI_static_base__                 
00008094  __TI_Handler_Table_Base            
000080a0  __TI_Handler_Table_Limit           
000080b0  __TI_CINIT_Base                    
000080c8  __TI_CINIT_Limit                   
20008000  uartMSP432Objects                  
200081c8  i2cMSP432Objects                   
20008218  timerMSP432Objects                 
20008338  UART_handles                       
20008348  MPU9250_handle                     
2000834c  timer                              
20008350  HwiP_dispatchTable                 
20008b50  PowerMSP432_perfLevels             
20008c90  pxCurrentTCB                       
20008cc4  PowerMSP432_module                 
20008d58  timer_millis                       
20008d5c  timer_open                         
20008d5d  uart_open                          
20008d5f  MPU6050_address                    
20008d6b  i2c_initialized                    
20009000  g_pfnRAMVectors                    
2000fc00  __stack                            
20010000  __STACK_END                        
4000480c  WDTCTL_SYM                         
ffffffff  __TI_pprof_out_hndl                
ffffffff  __TI_prof_data_size                
ffffffff  __TI_prof_data_start               
ffffffff  __binit__                          
ffffffff  __c_args__                         
ffffffff  binit                              
UNDEFED   __mpu_init                         
UNDEFED   _system_post_cinit                 

[286 symbols]
