******************************************************************************
                  TI ARM Linker PC v18.12.2                    
******************************************************************************
>> Linked Fri Sep 25 14:48:11 2020

OUTPUT FILE NAME:   <Quadcopter_HAL.out>
ENTRY POINT SYMBOL: "resetISR"  address: 00007e69


MEMORY CONFIGURATION

         name            origin    length      used     unused   attr    fill
----------------------  --------  ---------  --------  --------  ----  --------
  MAIN                  00000000   00040000  0000849a  00037b66  R  X
  INFO                  00200000   00004000  00000000  00004000  R  X
  SRAM_CODE             01000000   00010000  0000924c  00006db4  RW X
  SRAM_DATA             20000000   00010000  0000924c  00006db4  RW  


SEGMENT ALLOCATION MAP

run origin  load origin   length   init length attrs members
----------  ----------- ---------- ----------- ----- -------
00000000    00000000    000084a0   000084a0    r-x
  00000000    00000000    00000144   00000144    r-- .intvecs
  00000144    00000144    00007f10   00007f10    r-x .text
  00008054    00008054    0000037e   0000037e    r-- .const
  000083d8    000083d8    000000c8   000000c8    r-- .cinit
20000000    20000000    00008d64   00000000    rw-
  20000000    20000000    00008350   00000000    rw- .bss
  20008350    20008350    00000a14   00000000    rw- .data
20009000    20009000    000000e8   00000000    rw-
  20009000    20009000    000000e8   00000000    rw- .vtable
2000fc00    2000fc00    00000400   00000000    rw-
  2000fc00    2000fc00    00000400   00000000    rw- .stack


SECTION ALLOCATION MAP

 output                                  attributes/
section   page    origin      length       input sections
--------  ----  ----------  ----------   ----------------
.text      0    00000144    00007f10     
                  00000144    00000484     hal_main.obj (.text:mainThread)
                  000005c8    000002f8     drivers_msp432p401x.aem4f : PowerMSP432.oem4f (.text:Power_sleep)
                  000008c0    000002d0                               : UARTMSP432.oem4f (.text:UARTMSP432_open)
                  00000b90    00000288                               : PowerMSP432.oem4f (.text:initPerfControl)
                  00000e18    000001f8                               : I2CMSP432.oem4f (.text:I2CMSP432_open)
                  00001010    000001d4     freertos_builds_MSP_EXP432P401R_release_ccs.lib : queue.obj (.text:xQueueSemaphoreTake)
                  000011e4    000001b8                                                     : queue.obj (.text:xQueueGenericSend)
                  0000139c    000001b6     rtsv7M4_T_le_v4SPD16_eabi.lib : fd_add_t2.asm.obj (.text)
                  00001552    00000184     drivers_msp432p401x.aem4f : I2CMSP432.oem4f (.text:I2CMSP432_hwiIntFxn)
                  000016d6    00000002     ti_drivers_config.obj (.text:Board_initHook)
                  000016d8    00000180     freertos_builds_MSP_EXP432P401R_release_ccs.lib : queue.obj (.text:xQueueReceive)
                  00001858    00000178                                                     : heap_4.obj (.text:pvPortMalloc)
                  000019d0    00000164                                                     : timers.obj (.text:prvProcessReceivedCommands)
                  00001b34    00000160     UARTDEBUG.obj (.text:PrintFloat)
                  00001c94    00000158     rtsv7M4_T_le_v4SPD16_eabi.lib : e_atan2f.c.obj (.text:atan2f)
                  00001dec    00000158                                   : e_sqrt.c.obj (.text:sqrt)
                  00001f44    00000150                                   : s_atanf.c.obj (.text:atanf)
                  00002094    0000014c     drivers_msp432p401x.aem4f : TimerMSP432.oem4f (.text:TimerMSP432_open)
                  000021e0    0000013c     freertos_builds_MSP_EXP432P401R_release_ccs.lib : tasks.obj (.text:xTaskIncrementTick)
                  0000231c    00000138                                                     : pthread.obj (.text:pthread_create)
                  00002454    00000136     rtsv7M4_T_le_v4SPD16_eabi.lib : fd_div_t2.asm.obj (.text)
                  0000258a    0000012a     freertos_builds_MSP_EXP432P401R_release_ccs.lib : tasks.obj (.text:prvInitialiseNewTask)
                  000026b4    0000011c     msp432p4xx_driverlib.lib : uart.o (.text:UART_initModule)
                  000027d0    0000011c     drivers_msp432p401x.aem4f : I2CMSP432.oem4f (.text:primeTransfer)
                  000028ec    0000011c     freertos_builds_MSP_EXP432P401R_release_ccs.lib : tasks.obj (.text:xTaskResumeAll)
                  00002a08    00000114                                                     : tasks.obj (.text:vTaskPriorityDisinheritAfterTimeout)
                  00002b1c    00000104     msp432p4xx_driverlib.lib : cs.o (.text:_CSComputeCLKFrequency)
                  00002c20    00000104     freertos_builds_MSP_EXP432P401R_release_ccs.lib : queue.obj (.text:xQueueGenericSendFromISR)
                  00002d24    000000fc     rtsv7M4_T_le_v4SPD16_eabi.lib : fd_mul_t2.asm.obj (.text)
                  00002e20    000000fc     freertos_builds_MSP_EXP432P401R_release_ccs.lib : tasks.obj (.text:vTaskSuspend)
                  00002f1c    000000f8     msp432p4xx_driverlib.lib : cs.o (.text:CS_getDCOFrequency)
                  00003014    000000f8     freertos_builds_MSP_EXP432P401R_release_ccs.lib : tasks.obj (.text:vTaskDelete)
                  0000310c    000000f0     drivers_msp432p401x.aem4f : I2CMSP432.oem4f (.text:I2CMSP432_transfer)
                  000031fc    000000f0     freertos_builds_MSP_EXP432P401R_release_ccs.lib : queue.obj (.text:xQueueGiveFromISR)
                  000032ec    000000e8                                                     : tasks.obj (.text:xTaskPriorityInherit)
                  000033d4    000000e4     msp432p4xx_driverlib.lib : cs.o (.text:CS_startHFXTWithTimeout)
                  000034b8    000000e0                              : cs.o (.text:CS_startLFXTWithTimeout)
                  00003598    000000e0     freertos_builds_MSP_EXP432P401R_release_ccs.lib : tasks.obj (.text:xTaskPriorityDisinherit)
                  00003678    000000dc     UARTDEBUG.obj (.text:UARTDEBUG_printf)
                  00003754    000000dc     drivers_msp432p401x.aem4f : UARTMSP432.oem4f (.text:UARTMSP432_readPolling)
                  00003830    000000dc     msp432p4xx_driverlib.lib : cs.o (.text:_CSGetHFXTFrequency)
                  0000390c    000000dc     freertos_builds_MSP_EXP432P401R_release_ccs.lib : tasks.obj (.text:vTaskSwitchContext)
                  000039e8    000000da                                                     : portasm.obj (.text)
                  00003ac2    000000d8                                                     : queue.obj (.text:xQueueReceiveFromISR)
                  00003b9a    00000002     drivers_msp432p401x.aem4f : I2CMSP432.oem4f (.text:I2CMSP432_init)
                  00003b9c    000000d0     freertos_builds_MSP_EXP432P401R_release_ccs.lib : port.obj (.text:xPortStartScheduler)
                  00003c6c    000000ca     drivers_msp432p401x.aem4f : UARTMSP432.oem4f (.text:UARTMSP432_hwiIntFxn)
                  00003d36    00000002     msp432p4xx_driverlib.lib : interrupt.o (.text:IntDefaultHandler)
                  00003d38    000000c8     drivers_msp432p401x.aem4f : TimerMSP432.oem4f (.text:TimerMSP432_start)
                  00003e00    000000c4     freertos_builds_MSP_EXP432P401R_release_ccs.lib : tasks.obj (.text:prvAddNewTaskToReadyList)
                  00003ec4    000000be                                                     : queue.obj (.text:prvCopyDataToQueue)
                  00003f82    00000002                                                     : PowerMSP432_freertos.obj (.text:PowerMSP432_initPolicy)
                  00003f84    000000bc     drivers_msp432p401x.aem4f : TimerMSP432.oem4f (.text:TimerMSP432_setPeriod)
                  00004040    000000bc     freertos_builds_MSP_EXP432P401R_release_ccs.lib : heap_4.obj (.text:prvHeapInit)
                  000040fc    000000bc                                                     : timers.obj (.text:prvSwitchTimerLists)
                  000041b8    000000b8     drivers_msp432p401x.aem4f : UARTMSP432.oem4f (.text:initHw)
                  00004270    000000b8                               : UARTMSP432.oem4f (.text:readTaskCallback)
                  00004328    000000b8     freertos_builds_MSP_EXP432P401R_release_ccs.lib : queue.obj (.text:xQueueGenericReset)
                  000043e0    000000b4     drivers_msp432p401x.aem4f : UARTMSP432.oem4f (.text:UARTMSP432_control)
                  00004494    000000b4                               : UARTMSP432.oem4f (.text:UARTMSP432_writePolling)
                  00004548    000000b0     freertos_builds_MSP_EXP432P401R_release_ccs.lib : tasks.obj (.text:prvAddCurrentTaskToDelayedList)
                  000045f8    000000b0                                                     : tasks.obj (.text:xTaskCheckForTimeOut)
                  000046a8    000000ae                                                     : queue.obj (.text:prvUnlockQueue)
                  00004756    000000ac     drivers_msp432p401x.aem4f : I2CMSP432.oem4f (.text:I2CMSP432_cancel)
                  00004802    000000a8                               : UARTMSP432.oem4f (.text:UARTMSP432_write)
                  000048aa    00000002                               : TimerMSP432.oem4f (.text:TimerMSP432_init)
                  000048ac    000000a8     freertos_builds_MSP_EXP432P401R_release_ccs.lib : heap_4.obj (.text:prvInsertBlockIntoFreeList)
                  00004954    000000a8     drivers_msp432p401x.aem4f : UARTMSP432.oem4f (.text:readTaskBlocking)
                  000049fc    000000a8     freertos_builds_MSP_EXP432P401R_release_ccs.lib : tasks.obj (.text:xTaskRemoveFromEventList)
                  00004aa4    000000a4     drivers_msp432p401x.aem4f : TimerMSP432.oem4f (.text:initTimerHardware)
                  00004b48    000000a0     freertos_builds_MSP_EXP432P401R_release_ccs.lib : ClockP_freertos.obj (.text:ClockP_create)
                  00004be8    000000a0     MPU6050.obj (.text:MPU6050_write_bits)
                  00004c88    000000a0     drivers_msp432p401x.aem4f : UARTMSP432.oem4f (.text:readIsrTextCallback)
                  00004d28    0000009c                               : PowerMSP432.oem4f (.text:Power_init)
                  00004dc4    0000009c     rtsv7M4_T_le_v4SPD16_eabi.lib : memcpy_t2.asm.obj (.text)
                  00004e60    0000009c     drivers_msp432p401x.aem4f : TimerMSP432.oem4f (.text:setT32TickCount)
                  00004efc    0000009c                               : TimerMSP432.oem4f (.text:setTATickCount)
                  00004f98    0000009c     freertos_builds_MSP_EXP432P401R_release_ccs.lib : heap_4.obj (.text:vPortFree)
                  00005034    00000094     msp432p4xx_driverlib.lib : sysctl_a.o (.text:SysCtl_A_getTLVInfo)
                  000050c8    00000094     freertos_builds_MSP_EXP432P401R_release_ccs.lib : tasks.obj (.text:vTaskStartScheduler)
                  0000515c    00000092     drivers_msp432p401x.aem4f : UARTMSP432.oem4f (.text:UARTMSP432_close)
                  000051ee    00000092                               : UARTMSP432.oem4f (.text:writeData)
                  00005280    0000008c                               : TimerMSP432.oem4f (.text:TimerMSP432_stop)
                  0000530c    0000008c                               : UARTMSP432.oem4f (.text:readIsrTextBlocking)
                  00005398    0000008a     UARTDEBUG.obj (.text:PrintInteger)
                  00005422    00000002     drivers_msp432p401x.aem4f : UARTMSP432.oem4f (.text:UARTMSP432_init)
                  00005424    00000088     freertos_builds_MSP_EXP432P401R_release_ccs.lib : timers.obj (.text:prvProcessTimerOrBlockTask)
                  000054ac    00000084     drivers_msp432p401x.aem4f : PowerMSP432.oem4f (.text:restartHFXT)
                  00005530    00000084     freertos_builds_MSP_EXP432P401R_release_ccs.lib : timers.obj (.text:xTimerGenericCommand)
                  000055b4    00000080     msp432p4xx_driverlib.lib : interrupt.o (.text:Interrupt_disableInterrupt)
                  00005634    00000080                              : interrupt.o (.text:Interrupt_enableInterrupt)
                  000056b4    00000080     freertos_builds_MSP_EXP432P401R_release_ccs.lib : timers.obj (.text:prvProcessExpiredTimer)
                  00005734    0000007c     msp432p4xx_driverlib.lib : cs.o (.text:_CSGetDOCFrequency)
                  000057b0    0000007c     uart_dev.obj (.text:uart_dev_init)
                  0000582c    0000007a     freertos_builds_MSP_EXP432P401R_release_ccs.lib : pthread.obj (.text:removeThreadKeys)
                  000058a6    0000007a     rtsv7M4_T_le_v4SPD16_eabi.lib : memset_t2.asm.obj (.text)
                  00005920    0000007a     freertos_builds_MSP_EXP432P401R_release_ccs.lib : tasks.obj (.text:xTaskCreate)
                  0000599a    00000002                                                     : startup_msp432_ccs.obj (.text:defaultISR)
                  0000599c    00000078     drivers_msp432p401x.aem4f : TimerMSP432.oem4f (.text:TimerMSP432_allocateTimerResource)
                  00005a14    00000078     freertos_builds_MSP_EXP432P401R_release_ccs.lib : timers.obj (.text:prvInsertTimerInActiveList)
                  00005a8c    00000078                                                     : port.obj (.text:vPortSetupTimerInterrupt)
                  00005b04    00000076     drivers_msp432p401x.aem4f : I2CMSP432.oem4f (.text:I2CMSP432_close)
                  00005b7a    00000002     freertos_builds_MSP_EXP432P401R_release_ccs.lib : startup_msp432_ccs.obj (.text:faultISR)
                  00005b7c    00000074     i2c_dev.obj (.text:i2c_dev_init)
                  00005bf0    00000074     freertos_builds_MSP_EXP432P401R_release_ccs.lib : tasks.obj (.text:prvInitialiseTaskLists)
                  00005c64    00000074                                                     : port.obj (.text:vPortValidateInterruptPriority)
                  00005cd8    00000070     drivers_msp432p401x.aem4f : UARTMSP432.oem4f (.text:UARTMSP432_writeCancel)
                  00005d48    00000070     main.obj (.text:main)
                  00005db8    00000070     freertos_builds_MSP_EXP432P401R_release_ccs.lib : ClockP_freertos.obj (.text:setClockObjTimeout)
                  00005e28    0000006e     rtsv7M4_T_le_v4SPD16_eabi.lib : fd_tos_t2.asm.obj (.text)
                  00005e96    00000002     freertos_builds_MSP_EXP432P401R_release_ccs.lib : startup_msp432_ccs.obj (.text:nmiISR)
                  00005e98    0000006c     msp432p4xx_driverlib.lib : i2c.o (.text:I2C_masterSendMultiByteFinish)
                  00005f04    0000006c     MPU6050.obj (.text:MPU6050_write_bit)
                  00005f70    0000006a     freertos_builds_MSP_EXP432P401R_release_ccs.lib : queue.obj (.text:xQueueGenericCreate)
                  00005fda    00000002     main.obj (.text:vApplicationMallocFailedHook)
                  00005fdc    00000068     drivers_msp432p401x.aem4f : PowerMSP432.oem4f (.text:PowerMSP432_getFreqs)
                  00006044    00000068     rtsv7M4_T_le_v4SPD16_eabi.lib : copy_decompress_lzss.c.obj (.text:decompress:lzss:__TI_decompress_lzss)
                  000060ac    00000068     drivers_msp432p401x.aem4f : I2CMSP432.oem4f (.text:initHw)
                  00006114    00000066     freertos_builds_MSP_EXP432P401R_release_ccs.lib : timers.obj (.text:prvInitialiseNewTimer)
                  0000617a    00000066                                                     : list.obj (.text:vListInsert)
                  000061e0    00000064                                                     : ClockP_freertos.obj (.text:ClockP_stop)
                  00006244    00000064                                                     : tasks.obj (.text:prvGetExpectedIdleTime)
                  000062a8    00000062     msp432p4xx_driverlib.lib : cs.o (.text:_CSGetDividerValue)
                  0000630a    00000002     --HOLE-- [fill = 0]
                  0000630c    00000060     freertos_builds_MSP_EXP432P401R_release_ccs.lib : HwiPMSP432_freertos.obj (.text:HwiP_create)
                  0000636c    00000060                                                     : port.obj (.text:pxPortInitialiseStack)
                  000063cc    0000005c     msp432p4xx_driverlib.lib : interrupt.o (.text:Interrupt_registerInterrupt)
                  00006428    0000005c     freertos_builds_MSP_EXP432P401R_release_ccs.lib : tasks.obj (.text:prvIdleTask)
                  00006484    0000005c                                                     : pthread.obj (.text:pthread_exit)
                  000064e0    0000005c     time_dev.obj (.text:time_dev_init)
                  0000653c    0000005c     freertos_builds_MSP_EXP432P401R_release_ccs.lib : queue.obj (.text:vQueueWaitForMessageRestricted)
                  00006598    00000058     drivers_msp432p401x.aem4f : UARTMSP432.oem4f (.text:readIsrBinaryBlocking)
                  000065f0    00000058     freertos_builds_MSP_EXP432P401R_release_ccs.lib : queue.obj (.text:xQueueCreateCountingSemaphore)
                  00006648    00000056                                                     : SemaphoreP_freertos.obj (.text:SemaphoreP_create)
                  0000669e    00000056     drivers_msp432p401x.aem4f : I2CMSP432.oem4f (.text:completeTransfer)
                  000066f4    00000054     freertos_builds_MSP_EXP432P401R_release_ccs.lib : ClockP_freertos.obj (.text:ClockP_delete)
                  00006748    00000054     msp432p4xx_driverlib.lib : interrupt.o (.text:Interrupt_setPriority)
                  0000679c    00000054     drivers_msp432p401x.aem4f : TimerMSP432.oem4f (.text:TimerMSP432_freeTimerResource)
                  000067f0    00000054     freertos_builds_MSP_EXP432P401R_release_ccs.lib : timers.obj (.text:xTimerCreateTimerTask)
                  00006844    00000050     drivers_msp432p401x.aem4f : TimerMSP432.oem4f (.text:TimerMSP432_hwiIntFunction)
                  00006894    00000050     i2c_dev.obj (.text:i2c_dev_read)
                  000068e4    0000004e     drivers_msp432p401x.aem4f : TimerMSP432.oem4f (.text:TimerMSP432_close)
                  00006932    00000002     --HOLE-- [fill = 0]
                  00006934    0000004c     i2c_dev.obj (.text:i2c_dev_write)
                  00006980    0000004c     freertos_builds_MSP_EXP432P401R_release_ccs.lib : timers.obj (.text:prvCheckForValidListAndQueue)
                  000069cc    0000004c                                                     : tasks.obj (.text:prvCheckTasksWaitingTermination)
                  00006a18    0000004c     drivers_msp432p401x.aem4f : UARTMSP432.oem4f (.text:readIsrBinaryCallback)
                  00006a64    0000004c     freertos_builds_MSP_EXP432P401R_release_ccs.lib : port.obj (.text:vPortEnterCritical)
                  00006ab0    00000048                                                     : HwiPMSP432_freertos.obj (.text:HwiP_dispatch)
                  00006af8    00000048     MPU6050.obj (.text:MPU6050_raw_accelerometer)
                  00006b40    00000048     MPU6050.obj (.text:MPU6050_raw_gyroscope)
                  00006b88    00000048     drivers_msp432p401x.aem4f : PowerMSP432.oem4f (.text:Power_releaseConstraint)
                  00006bd0    00000048     QMC5883.obj (.text:QMC5883_init)
                  00006c18    00000048     QMC5883.obj (.text:QMC5883_raw_magnetometer)
                  00006c60    00000048     freertos_builds_MSP_EXP432P401R_release_ccs.lib : list.obj (.text:uxListRemove)
                  00006ca8    00000046     drivers_msp432p401x.aem4f : RingBuf.oem4f (.text:RingBuf_put)
                  00006cee    00000002     --HOLE-- [fill = 0]
                  00006cf0    00000044                               : I2C.oem4f (.text:I2C_init)
                  00006d34    00000044                               : Timer.oem4f (.text:Timer_init)
                  00006d78    00000044                               : UART.oem4f (.text:UART_init)
                  00006dbc    00000044     rtsv7M4_T_le_v4SPD16_eabi.lib : autoinit.c.obj (.text:__TI_auto_init_nobinit_nopinit:__TI_auto_init_nobinit_nopinit)
                  00006e00    00000044     drivers_msp432p401x.aem4f : I2CMSP432.oem4f (.text:perfChangeNotifyFxn)
                  00006e44    00000044     freertos_builds_MSP_EXP432P401R_release_ccs.lib : queue.obj (.text:prvInitialiseNewQueue)
                  00006e88    00000040     drivers_msp432p401x.aem4f : I2C.oem4f (.text:I2C_open)
                  00006ec8    00000040                               : RingBuf.oem4f (.text:RingBuf_get)
                  00006f08    00000040                               : Timer.oem4f (.text:Timer_open)
                  00006f48    00000040                               : UARTMSP432.oem4f (.text:UARTMSP432_read)
                  00006f88    00000040                               : UART.oem4f (.text:UART_open)
                  00006fc8    00000040     freertos_builds_MSP_EXP432P401R_release_ccs.lib : aeabi_portable.obj (.text:__aeabi_errno_addr)
                  00007008    00000040     drivers_msp432p401x.aem4f : UARTMSP432.oem4f (.text:perfChangeNotifyFxn)
                  00007048    00000040     freertos_builds_MSP_EXP432P401R_release_ccs.lib : tasks.obj (.text:vTaskPlaceOnEventListRestricted)
                  00007088    0000003e                                                     : ClockP_freertos.obj (.text:ClockP_callbackFxn)
                  000070c6    0000003e                                                     : pthread.obj (.text:pthread_setcancelstate)
                  00007104    0000003c                                                     : queue.obj (.text:prvCopyDataFromQueue)
                  00007140    0000003c                                                     : tasks.obj (.text:prvResetNextTaskUnblockTime)
                  0000717c    0000003c                                                     : tasks.obj (.text:pvTaskGetThreadLocalStoragePointer)
                  000071b8    0000003c                                                     : list.obj (.text:vListInsertEnd)
                  000071f4    0000003c                                                     : timers.obj (.text:xTimerCreate)
                  00007230    0000003a                                                     : PowerMSP432_freertos.obj (.text:PowerMSP432_sleepPolicy)
                  0000726a    00000002     --HOLE-- [fill = 0]
                  0000726c    00000038     MPU6050.obj (.text:MPU6050_init)
                  000072a4    00000038     drivers_msp432p401x.aem4f : PowerMSP432.oem4f (.text:Power_setConstraint)
                  000072dc    00000038     QMC5883.obj (.text:QMC5883_set_rate)
                  00007314    00000038     QMC5883.obj (.text:QMC5883_set_samples)
                  0000734c    00000038     drivers_msp432p401x.aem4f : TimerMSP432.oem4f (.text:TimerMSP432_getCount)
                  00007384    00000038                               : PowerMSP432.oem4f (.text:notify)
                  000073bc    00000038     freertos_builds_MSP_EXP432P401R_release_ccs.lib : timers.obj (.text:prvGetNextExpireTime)
                  000073f4    00000038                                                     : port.obj (.text:prvTaskExitError)
                  0000742c    00000038     rtsv7M4_T_le_v4SPD16_eabi.lib : fs_tod_t2.asm.obj (.text)
                  00007464    00000036     QMC5883.obj (.text:QMC5883_set_measurement)
                  0000749a    00000036     drivers_msp432p401x.aem4f : UARTMSP432.oem4f (.text:UARTMSP432_readCancel)
                  000074d0    00000034     freertos_builds_MSP_EXP432P401R_release_ccs.lib : SemaphoreP_freertos.obj (.text:SemaphoreP_pend)
                  00007504    00000034     rtsv7M4_T_le_v4SPD16_eabi.lib : boot_cortex_m.c.obj (.text:_c_int00_noargs:_c_int00_noargs)
                  00007538    00000034     freertos_builds_MSP_EXP432P401R_release_ccs.lib : timers.obj (.text:prvSampleTimeNow)
                  0000756c    00000034                                                     : tasks.obj (.text:vTaskPlaceOnEventList)
                  000075a0    00000034                                                     : tasks.obj (.text:vTaskSetThreadLocalStoragePointer)
                  000075d4    00000030     msp432p4xx_driverlib.lib : cs.o (.text:CS_clearInterruptFlag)
                  00007604    00000030     drivers_msp432p401x.aem4f : I2CMSP432.oem4f (.text:mapPin)
                  00007634    00000030                               : UARTMSP432.oem4f (.text:mapPin)
                  00007664    00000030     freertos_builds_MSP_EXP432P401R_release_ccs.lib : list.obj (.text:vListInitialise)
                  00007694    00000030                                                     : port.obj (.text:vPortExitCritical)
                  000076c4    00000030                                                     : tasks.obj (.text:xTaskGetSchedulerState)
                  000076f4    0000002e                                                     : timers.obj (.text:pvTimerGetTimerID)
                  00007722    00000002     --HOLE-- [fill = 0]
                  00007724    0000002c                                                     : HwiPMSP432_freertos.obj (.text:HwiP_disable)
                  00007750    0000002c     drivers_msp432p401x.aem4f : TimerMSP432.oem4f (.text:perfChangeNotifyFxn)
                  0000777c    0000002c     freertos_builds_MSP_EXP432P401R_release_ccs.lib : tasks.obj (.text:vTaskSetApplicationTaskTag)
                  000077a8    0000002c                                                     : port.obj (.text:xPortSysTickHandler)
                  000077d4    00000028     msp432p4xx_driverlib.lib : cs.o (.text:CS_getMCLK)
                  000077fc    00000028     freertos_builds_MSP_EXP432P401R_release_ccs.lib : HwiPMSP432_freertos.obj (.text:HwiP_inISR)
                  00007824    00000028     drivers_msp432p401x.aem4f : PowerMSP432.oem4f (.text:Power_registerNotify)
                  0000784c    00000028                               : PowerMSP432.oem4f (.text:disableFaultCounter)
                  00007874    00000028                               : PowerMSP432.oem4f (.text:disableHFXT)
                  0000789c    00000028                               : UARTMSP432.oem4f (.text:findBaudDividerIndex)
                  000078c4    00000028     freertos_builds_MSP_EXP432P401R_release_ccs.lib : pthread.obj (.text:pthread_attr_setschedparam)
                  000078ec    00000028     uart_dev.obj (.text:uart_dev_write)
                  00007914    00000028     freertos_builds_MSP_EXP432P401R_release_ccs.lib : tasks.obj (.text:xTaskGetApplicationTaskTag)
                  0000793c    00000026     drivers_msp432p401x.aem4f : List.oem4f (.text:List_put)
                  00007962    00000026                               : List.oem4f (.text:List_remove)
                  00007988    00000026     QMC5883.obj (.text:QMC5883_write_byte)
                  000079ae    00000026     freertos_builds_MSP_EXP432P401R_release_ccs.lib : pthread.obj (.text:_pthread_cleanup_pop)
                  000079d4    00000026                                                     : queue.obj (.text:prvIsQueueFull)
                  000079fa    00000002     --HOLE-- [fill = 0]
                  000079fc    00000024     MPU6050.obj (.text:MPU6050_read_byte)
                  00007a20    00000024     freertos_builds_MSP_EXP432P401R_release_ccs.lib : queue.obj (.text:prvGetDisinheritPriorityAfterTimeout)
                  00007a44    00000024                                                     : queue.obj (.text:vQueueDelete)
                  00007a68    00000024                                                     : tasks.obj (.text:vTaskInternalSetTimeOutState)
                  00007a8c    00000022                                                     : SemaphoreP_freertos.obj (.text:SemaphoreP_post)
                  00007aae    00000022                                                     : pthread.obj (.text:pthread_attr_setdetachstate)
                  00007ad0    00000020     msp432p4xx_driverlib.lib : cs.o (.text:CS_setExternalClockSourceFrequency)
                  00007af0    00000020     freertos_builds_MSP_EXP432P401R_release_ccs.lib : HwiPMSP432_freertos.obj (.text:HwiP_restore)
                  00007b10    00000020     drivers_msp432p401x.aem4f : PowerMSP432.oem4f (.text:Power_unregisterNotify)
                  00007b30    00000020                               : RingBuf.oem4f (.text:RingBuf_peek)
                  00007b50    00000020     freertos_builds_MSP_EXP432P401R_release_ccs.lib : queue.obj (.text:prvIsQueueEmpty)
                  00007b70    00000020     rtsv7M4_T_le_v4SPD16_eabi.lib : u_tofd_t2.asm.obj (.text)
                  00007b90    0000001e     freertos_builds_MSP_EXP432P401R_release_ccs.lib : ClockP_freertos.obj (.text:ClockP_start)
                  00007bae    0000001e                                                     : HwiPMSP432_freertos.obj (.text:HwiP_Params_init)
                  00007bcc    0000001e     UARTDEBUG.obj (.text:PrintString)
                  00007bea    0000001e     freertos_builds_MSP_EXP432P401R_release_ccs.lib : pthread.obj (.text:_pthread_runStub)
                  00007c08    0000001c                                                     : ClockP_freertos.obj (.text:ClockP_Params_init)
                  00007c24    0000001c     msp432p4xx_driverlib.lib : interrupt.o (.text:Interrupt_unregisterInterrupt)
                  00007c40    0000001c     QMC5883.obj (.text:QMC5883_read_byte)
                  00007c5c    0000001c     freertos_builds_MSP_EXP432P401R_release_ccs.lib : pthread.obj (.text:pthread_attr_init)
                  00007c78    0000001c                                                     : tasks.obj (.text:pvTaskIncrementMutexHeldCount)
                  00007c94    0000001a                                                     : PTLS.obj (.text:PTLS_taskDeleteHook)
                  00007cae    0000001a                                                     : timers.obj (.text:prvTimerTask)
                  00007cc8    00000018     drivers_msp432p401x.aem4f : I2C.oem4f (.text:I2C_transfer)
                  00007ce0    00000018     msp432p4xx_driverlib.lib : sysctl_a.o (.text:SysCtl_A_disableNMISource)
                  00007cf8    00000018                              : sysctl_a.o (.text:SysCtl_A_enableNMISource)
                  00007d10    00000018     drivers_msp432p401x.aem4f : UART.oem4f (.text:UART_Params_init)
                  00007d28    00000018     time_dev.obj (.text:timer_dev_callback)
                  00007d40    00000016     freertos_builds_MSP_EXP432P401R_release_ccs.lib : ClockP_freertos.obj (.text:ClockP_setTimeout)
                  00007d56    00000016     MPU6050.obj (.text:MPU6050_accelerometer_range)
                  00007d6c    00000016     MPU6050.obj (.text:MPU6050_gyroscope_range)
                  00007d82    00000016     MPU6050.obj (.text:MPU6050_set_clock)
                  00007d98    00000016     freertos_builds_MSP_EXP432P401R_release_ccs.lib : PTLS.obj (.text:PTLS_getBuf)
                  00007dae    00000016                                                     : PTLS.obj (.text:PTLS_setBuf)
                  00007dc4    00000016     QMC5883.obj (.text:QMC5883_set_range)
                  00007dda    00000016     freertos_builds_MSP_EXP432P401R_release_ccs.lib : SemaphoreP_freertos.obj (.text:SemaphoreP_Params_init)
                  00007df0    00000014     MPU6050.obj (.text:MPU6050_sleep)
                  00007e04    00000014     drivers_msp432p401x.aem4f : PowerMSP432.oem4f (.text:Power_idleFunc)
                  00007e18    00000014                               : UARTMSP432.oem4f (.text:clearTXCPTIFG)
                  00007e2c    00000014     freertos_builds_MSP_EXP432P401R_release_ccs.lib : tasks.obj (.text:prvDeleteTCB)
                  00007e40    00000014                                                     : pthread.obj (.text:pthread_attr_setstacksize)
                  00007e54    00000014                                                     : pthread.obj (.text:pthread_self)
                  00007e68    00000014                                                     : startup_msp432_ccs.obj (.text:resetISR)
                  00007e7c    00000014                                                     : tasks.obj (.text:xTaskGetCurrentTaskHandle)
                  00007e90    00000014                                                     : tasks.obj (.text:xTaskGetTickCount)
                  00007ea4    00000012                                                     : HwiPMSP432_freertos.obj (.text:HwiP_delete)
                  00007eb6    00000012     UARTDEBUG.obj (.text:PrintChar)
                  00007ec8    00000012     drivers_msp432p401x.aem4f : RingBuf.oem4f (.text:RingBuf_construct)
                  00007eda    00000002     --HOLE-- [fill = 0]
                  00007edc    00000010                               : I2C.oem4f (.text:I2C_Params_init)
                  00007eec    00000010                               : PowerMSP432.oem4f (.text:PowerMSP432_getNumPerfLevels)
                  00007efc    00000010     msp432p4xx_driverlib.lib : sysctl_a.o (.text:SysCtl_A_getNMISourceStatus)
                  00007f0c    00000010                              : sysctl.o (.text:SysCtl_getNMISourceStatus)
                  00007f1c    00000010     drivers_msp432p401x.aem4f : Timer.oem4f (.text:Timer_Params_init)
                  00007f2c    00000010                               : UARTMSP432.oem4f (.text:readBlockingTimeout)
                  00007f3c    00000010     freertos_builds_MSP_EXP432P401R_release_ccs.lib : list.obj (.text:vListInitialiseItem)
                  00007f4c    00000010                                                     : tasks.obj (.text:vTaskSuspendAll)
                  00007f5c    0000000e     UARTDEBUG.obj (.text:UARTDEBUG_init)
                  00007f6a    0000000e     rtsv7M4_T_le_v4SPD16_eabi.lib : copy_decompress_none.c.obj (.text:decompress:none:__TI_decompress_none)
                  00007f78    0000000c     ti_drivers_config.obj (.text:Board_init)
                  00007f84    0000000c     msp432p4xx_driverlib.lib : cpu.o (.text:CPU_cpsid)
                  00007f90    0000000c                              : cpu.o (.text:CPU_cpsie)
                  00007f9c    0000000c     drivers_msp432p401x.aem4f : PowerMSP432.oem4f (.text:Power_getConstraintMask)
                  00007fa8    0000000c                               : PowerMSP432.oem4f (.text:Power_getPerformanceLevel)
                  00007fb4    0000000c     freertos_builds_MSP_EXP432P401R_release_ccs.lib : SemaphoreP_freertos.obj (.text:SemaphoreP_delete)
                  00007fc0    0000000c     rtsv7M4_T_le_v4SPD16_eabi.lib : copy_zero_init.c.obj (.text:decompress:ZI:__TI_zero_init)
                  00007fcc    0000000c     time_dev.obj (.text:millis)
                  00007fd8    0000000c     freertos_builds_MSP_EXP432P401R_release_ccs.lib : tasks.obj (.text:vTaskMissedYield)
                  00007fe4    0000000a     MPU6050.obj (.text:MPU6050_who)
                  00007fee    0000000a     freertos_builds_MSP_EXP432P401R_release_ccs.lib : PowerMSP432_freertos.obj (.text:PowerMSP432_updateFreqs)
                  00007ff8    0000000a     drivers_msp432p401x.aem4f : Timer.oem4f (.text:Timer_start)
                  00008002    0000000a                               : UART.oem4f (.text:UART_write)
                  0000800c    0000000a     main.obj (.text:vApplicationStackOverflowHook)
                  00008016    0000000a     freertos_builds_MSP_EXP432P401R_release_ccs.lib : PowerMSP432_freertos.obj (.text:vPortSuppressTicksAndSleep)
                  00008020    00000008     drivers_msp432p401x.aem4f : I2CMSP432.oem4f (.text:blockingTransferCallback)
                  00008028    00000008                               : UARTMSP432.oem4f (.text:readSemCallback)
                  00008030    00000008                               : UARTMSP432.oem4f (.text:txcptEnabledStatus)
                  00008038    00000008                               : UARTMSP432.oem4f (.text:writeSemCallback)
                  00008040    00000006                               : I2CMSP432.oem4f (.text:I2CMSP432_control)
                  00008046    00000006                               : TimerMSP432.oem4f (.text:TimerMSP432_control)
                  0000804c    00000004     rtsv7M4_T_le_v4SPD16_eabi.lib : pre_init.c.obj (.text:_system_pre_init)
                  00008050    00000004                                   : exit.c.obj (.text:abort:abort)

.const     0    00008054    0000037e     
                  00008054    00000080     ti_drivers_config.obj (.const:uartMSP432Baudrates)
                  000080d4    00000058     ti_drivers_config.obj (.const:uartMSP432HWAttrs)
                  0000812c    00000050     msp432p4xx_driverlib.lib : interrupt.o (.const:g_pulRegs)
                  0000817c    00000050     drivers_msp432p401x.aem4f : TimerMSP432.oem4f (.const:timerADividers)
                  000081cc    00000038     ti_drivers_config.obj (.const:PowerMSP432_config)
                  00008204    00000034     rtsv7M4_T_le_v4SPD16_eabi.lib : s_atanf.c.obj (.const:$O1$$)
                  00008238    00000028     drivers_msp432p401x.aem4f : UARTMSP432.oem4f (.const:UARTMSP432_fxnTable)
                  00008260    00000024                               : UART.oem4f (.const:UART_defaultParams)
                  00008284    00000020                               : TimerMSP432.oem4f (.const:TimerMSP432_Timer32_fxnTable)
                  000082a4    00000020                               : UARTMSP432.oem4f (.const:staticFxnTable)
                  000082c4    0000001c     i2c_dev.obj (.const:$P$T0$1)
                  000082e0    0000001c     i2c_dev.obj (.const:$P$T1$2)
                  000082fc    00000018     drivers_msp432p401x.aem4f : I2CMSP432.oem4f (.const:I2CMSP432_fxnTable)
                  00008314    00000018     ti_drivers_config.obj (.const:UART_config)
                  0000832c    00000014     ti_drivers_config.obj (.const:i2cMSP432HWAttrs)
                  00008340    00000010     drivers_msp432p401x.aem4f : I2C.oem4f (.const:I2C_defaultParams)
                  00008350    00000010     ti_drivers_config.obj (.const:TimerMSP432HWAttrs)
                  00008360    0000000c     ti_drivers_config.obj (.const:I2C_config)
                  0000836c    0000000c     ti_drivers_config.obj (.const:Timer_config)
                  00008378    0000000c     drivers_msp432p401x.aem4f : I2CMSP432.oem4f (.const:bitRates)
                  00008384    0000000c                               : Timer.oem4f (.const:defaultParams)
                  00008390    0000000c                               : TimerMSP432.oem4f (.const:timer32Dividers)
                  0000839c    00000008     freertos_builds_MSP_EXP432P401R_release_ccs.lib : port.obj (.const)
                  000083a4    00000008     msp432p4xx_driverlib.lib : interrupt.o (.const:g_pulDisRegs)
                  000083ac    00000008                              : interrupt.o (.const:g_pulEnRegs)
                  000083b4    00000008     uart_dev.obj (.const:uart_configs)
                  000083bc    00000005     drivers_msp432p401x.aem4f : UARTMSP432.oem4f (.const:.string:parityTypes)
                  000083c1    00000003     --HOLE-- [fill = 0]
                  000083c4    00000004     freertos_builds_MSP_EXP432P401R_release_ccs.lib : pthread.obj (.const)
                  000083c8    00000004     drivers_msp432p401x.aem4f : UARTMSP432.oem4f (.const:stopBits)
                  000083cc    00000004     ti_drivers_config.obj (.const)
                  000083d0    00000002     freertos_builds_MSP_EXP432P401R_release_ccs.lib : pthread.obj (.const:.string)

.cinit     0    000083d8    000000c8     
                  000083d8    00000094     (.cinit..data.load) [load image, compression = lzss]
                  0000846c    0000000c     (__TI_handler_table)
                  00008478    00000008     (.cinit..bss.load) [load image, compression = zero_init]
                  00008480    00000008     (.cinit..vtable.load) [load image, compression = zero_init]
                  00008488    00000018     (__TI_cinit_table)

.init_array 
*          0    00000000    00000000     UNINITIALIZED

.intvecs   0    00000000    00000144     
                  00000000    00000144     freertos_builds_MSP_EXP432P401R_release_ccs.lib : startup_msp432_ccs.obj (.intvecs:retain)

.bss       0    20000000    00008350     UNINITIALIZED
                  20000000    00008000     freertos_builds_MSP_EXP432P401R_release_ccs.lib : heap_4.obj (.bss:ucHeap)
                  20008000    00000100     (.common:uartMSP432Objects)
                  20008100    000000c8                                                     : tasks.obj (.bss:pxReadyTasksLists)
                  200081c8    00000050     (.common:i2cMSP432Objects)
                  20008218    00000034     (.common:timerMSP432Objects)
                  2000824c    00000020     ti_drivers_config.obj (.bss:uartMSP432RingBuffer0)
                  2000826c    00000020     ti_drivers_config.obj (.bss:uartMSP432RingBuffer1)
                  2000828c    00000014     freertos_builds_MSP_EXP432P401R_release_ccs.lib : timers.obj (.bss:xActiveTimerList1)
                  200082a0    00000014                                                     : timers.obj (.bss:xActiveTimerList2)
                  200082b4    00000014                                                     : tasks.obj (.bss:xDelayedTaskList1)
                  200082c8    00000014                                                     : tasks.obj (.bss:xDelayedTaskList2)
                  200082dc    00000014                                                     : tasks.obj (.bss:xPendingReadyList)
                  200082f0    00000014                                                     : tasks.obj (.bss:xSuspendedTaskList)
                  20008304    00000014                                                     : tasks.obj (.bss:xTasksWaitingTermination)
                  20008318    00000008                                                     : tasks.obj (.bss)
                  20008320    00000008                                                     : timers.obj (.bss)
                  20008328    00000008     msp432p4xx_driverlib.lib : cs.o (.bss)
                  20008330    00000008     freertos_builds_MSP_EXP432P401R_release_ccs.lib : heap_4.obj (.bss:xStart)
                  20008338    00000008     (.common:UART_handles)
                  20008340    00000004                                                     : aeabi_portable.obj (.bss:main_reent)
                  20008344    00000004     drivers_msp432p401x.aem4f : TimerMSP432.oem4f (.bss:timerState)
                  20008348    00000004     (.common:MPU9250_handle)
                  2000834c    00000004     (.common:timer)

.data      0    20008350    00000a14     UNINITIALIZED
                  20008350    00000800     freertos_builds_MSP_EXP432P401R_release_ccs.lib : HwiPMSP432_freertos.obj (.data:HwiP_dispatchTable)
                  20008b50    00000140     drivers_msp432p401x.aem4f : PowerMSP432.oem4f (.data:PowerMSP432_perfLevels)
                  20008c90    00000034     freertos_builds_MSP_EXP432P401R_release_ccs.lib : tasks.obj (.data)
                  20008cc4    0000002c     drivers_msp432p401x.aem4f : PowerMSP432.oem4f (.data:PowerMSP432_module)
                  20008cf0    00000018     freertos_builds_MSP_EXP432P401R_release_ccs.lib : port.obj (.data)
                  20008d08    00000018     drivers_msp432p401x.aem4f : TimerMSP432.oem4f (.data:upConfig)
                  20008d20    00000014     freertos_builds_MSP_EXP432P401R_release_ccs.lib : pthread.obj (.data:defaultPthreadAttrs)
                  20008d34    00000010                                                     : heap_4.obj (.data)
                  20008d44    0000000c                                                     : timers.obj (.data)
                  20008d50    00000005     time_dev.obj (.data)
                  20008d55    00000002     uart_dev.obj (.data:uart_open)
                  20008d57    00000001     MPU6050.obj (.data)
                  20008d58    00000004     freertos_builds_MSP_EXP432P401R_release_ccs.lib : ClockP_freertos.obj (.data)
                  20008d5c    00000004                                                     : HwiPMSP432_freertos.obj (.data)
                  20008d60    00000001     drivers_msp432p401x.aem4f : I2C.oem4f (.data)
                  20008d61    00000001                               : Timer.oem4f (.data)
                  20008d62    00000001                               : UART.oem4f (.data)
                  20008d63    00000001     i2c_dev.obj (.data)

.vtable    0    20009000    000000e8     UNINITIALIZED
                  20009000    000000e8     msp432p4xx_driverlib.lib : interrupt.o (.vtable)

.stack     0    2000fc00    00000400     UNINITIALIZED
                  2000fc00    00000004     rtsv7M4_T_le_v4SPD16_eabi.lib : boot_cortex_m.c.obj (.stack)
                  2000fc04    000003fc     --HOLE--

.binit     0    00000000    00000000     

MODULE SUMMARY

       Module                       code    ro data   rw data
       ------                       ----    -------   -------
    .\
       hal_main.obj                 1156    0         0      
       UARTDEBUG.obj                772     0         0      
       MPU6050.obj                  600     0         2      
       QMC5883.obj                  398     0         0      
       main.obj                     124     0         0      
    +--+----------------------------+-------+---------+---------+
       Total:                       3050    0         2      
                                                             
    .\EasyHal\
       i2c_dev.obj                  272     56        10     
       uart_dev.obj                 164     8         20     
       time_dev.obj                 128     0         18     
    +--+----------------------------+-------+---------+---------+
       Total:                       564     64        48     
                                                             
    .\syscfg\
       ti_drivers_config.obj        14      360       904    
    +--+----------------------------+-------+---------+---------+
       Total:                       14      360       904    
                                                             
    C:/Users/amart/workspace_v9/freertos_builds_MSP_EXP432P401R_release_ccs/Debug/freertos_builds_MSP_EXP432P401R_release_ccs.lib
       heap_4.obj                   888     0         65584  
       tasks.obj                    4292    0         720    
       HwiPMSP432_freertos.obj      332     0         4104   
       queue.obj                    3112    0         0      
       timers.obj                   1562    0         120    
       pthread.obj                  798     6         40     
       port.obj                     764     8         48     
       ClockP_freertos.obj          598     0         8      
       startup_msp432_ccs.obj       26      324       0      
       list.obj                     298     0         0      
       portasm.obj                  218     0         0      
       SemaphoreP_freertos.obj      206     0         0      
       PowerMSP432_freertos.obj     80      0         0      
       aeabi_portable.obj           64      0         8      
       PTLS.obj                     70      0         0      
    +--+----------------------------+-------+---------+---------+
       Total:                       13308   338       70632  
                                                             
    C:/ti/simplelink_msp432p4_sdk_3_40_01_02/source/ti/devices/msp432p4xx/driverlib/ccs/msp432p4xx_driverlib.lib
       cs.o                         1522    0         16     
       interrupt.o                  462     96        464    
       uart.o                       284     0         0      
       sysctl_a.o                   212     0         0      
       i2c.o                        108     0         0      
       cpu.o                        24      0         0      
       sysctl.o                     16      0         0      
    +--+----------------------------+-------+---------+---------+
       Total:                       2628    96        480    
                                                             
    C:/ti/simplelink_msp432p4_sdk_3_40_01_02/source/ti/drivers/lib/drivers_msp432p401x.aem4f
       UARTMSP432.oem4f             3406    81        0      
       PowerMSP432.oem4f            2196    0         728    
       I2CMSP432.oem4f              2028    36        0      
       TimerMSP432.oem4f            1806    124       56     
       UART.oem4f                   166     36        2      
       I2C.oem4f                    172     16        2      
       RingBuf.oem4f                184     0         0      
       Timer.oem4f                  158     12        2      
       List.oem4f                   76      0         0      
    +--+----------------------------+-------+---------+---------+
       Total:                       10192   305       790    
                                                             
    C:\ti\ccs910\ccs\tools\compiler\ti-cgt-arm_18.12.2.LTS\lib\rtsv7M4_T_le_v4SPD16_eabi.lib
       fd_add_t2.asm.obj            438     0         0      
       s_atanf.c.obj                336     52        0      
       e_atan2f.c.obj               344     0         0      
       e_sqrt.c.obj                 344     0         0      
       fd_div_t2.asm.obj            310     0         0      
       fd_mul_t2.asm.obj            252     0         0      
       memcpy_t2.asm.obj            156     0         0      
       memset_t2.asm.obj            122     0         0      
       fd_tos_t2.asm.obj            110     0         0      
       copy_decompress_lzss.c.obj   104     0         0      
       autoinit.c.obj               68      0         0      
       fs_tod_t2.asm.obj            56      0         0      
       boot_cortex_m.c.obj          52      0         0      
       u_tofd_t2.asm.obj            32      0         0      
       copy_decompress_none.c.obj   14      0         0      
       copy_zero_init.c.obj         12      0         0      
       exit.c.obj                   4       0         0      
       pre_init.c.obj               4       0         0      
    +--+----------------------------+-------+---------+---------+
       Total:                       2758    52        0      
                                                             
       Stack:                       0       0         2048   
       Linker Generated:            0       200       0      
    +--+----------------------------+-------+---------+---------+
       Grand Total:                 32514   1415      74904  


LINKER GENERATED COPY TABLES

__TI_cinit_table @ 00008488 records: 3, size/record: 8, table size: 24
	.data: load addr=000083d8, load size=00000094 bytes, run addr=20008350, run size=00000a14 bytes, compression=lzss
	.bss: load addr=00008478, load size=00000008 bytes, run addr=20000000, run size=00008350 bytes, compression=zero_init
	.vtable: load addr=00008480, load size=00000008 bytes, run addr=20009000, run size=000000e8 bytes, compression=zero_init


LINKER GENERATED HANDLER TABLE

__TI_handler_table @ 0000846c records: 3, size/record: 4, table size: 12
	index: 0, handler: __TI_decompress_lzss
	index: 1, handler: __TI_decompress_none
	index: 2, handler: __TI_zero_init


GLOBAL SYMBOLS: SORTED ALPHABETICALLY BY Name 

address   name                               
-------   ----                               
00007f79  Board_init                         
000016d7  Board_initHook                     
00008051  C$$EXIT                            
00007f85  CPU_cpsid                          
00007f91  CPU_cpsie                          
000075d5  CS_clearInterruptFlag              
00002f1d  CS_getDCOFrequency                 
000077d5  CS_getMCLK                         
00007ad1  CS_setExternalClockSourceFrequency 
000033d5  CS_startHFXTWithTimeout            
000034b9  CS_startLFXTWithTimeout            
00007c09  ClockP_Params_init                 
00007089  ClockP_callbackFxn                 
00004b49  ClockP_create                      
000066f5  ClockP_delete                      
00007d41  ClockP_setTimeout                  
00007b91  ClockP_start                       
000061e1  ClockP_stop                        
00007baf  HwiP_Params_init                   
0000630d  HwiP_create                        
00007ea5  HwiP_delete                        
00007725  HwiP_disable                       
00006ab1  HwiP_dispatch                      
20008350  HwiP_dispatchTable                 
000077fd  HwiP_inISR                         
00007af1  HwiP_restore                       
00004757  I2CMSP432_cancel                   
00005b05  I2CMSP432_close                    
00008041  I2CMSP432_control                  
000082fc  I2CMSP432_fxnTable                 
00001553  I2CMSP432_hwiIntFxn                
00003b9b  I2CMSP432_init                     
00000e19  I2CMSP432_open                     
0000310d  I2CMSP432_transfer                 
00007edd  I2C_Params_init                    
00008360  I2C_config                         
000083cc  I2C_count                          
00008340  I2C_defaultParams                  
00006cf1  I2C_init                           
00005e99  I2C_masterSendMultiByteFinish      
00006e89  I2C_open                           
00007cc9  I2C_transfer                       
000055b5  Interrupt_disableInterrupt         
00005635  Interrupt_enableInterrupt          
000063cd  Interrupt_registerInterrupt        
00006749  Interrupt_setPriority              
00007c25  Interrupt_unregisterInterrupt      
0000793d  List_put                           
00007963  List_remove                        
00007d57  MPU6050_accelerometer_range        
20008d57  MPU6050_address                    
00007d6d  MPU6050_gyroscope_range            
0000726d  MPU6050_init                       
00006af9  MPU6050_raw_accelerometer          
00006b41  MPU6050_raw_gyroscope              
000079fd  MPU6050_read_byte                  
00007d83  MPU6050_set_clock                  
00007df1  MPU6050_sleep                      
00007fe5  MPU6050_who                        
00005f05  MPU6050_write_bit                  
00004be9  MPU6050_write_bits                 
20008348  MPU9250_handle                     
00007d99  PTLS_getBuf                        
00007daf  PTLS_setBuf                        
00007c95  PTLS_taskDeleteHook                
000083cd  PWM_count                          
000081cc  PowerMSP432_config                 
00005fdd  PowerMSP432_getFreqs               
00007eed  PowerMSP432_getNumPerfLevels       
00003f83  PowerMSP432_initPolicy             
20008cc4  PowerMSP432_module                 
20008b50  PowerMSP432_perfLevels             
00007231  PowerMSP432_sleepPolicy            
00007fef  PowerMSP432_updateFreqs            
00007f9d  Power_getConstraintMask            
00007fa9  Power_getPerformanceLevel          
00007e05  Power_idleFunc                     
00004d29  Power_init                         
00007825  Power_registerNotify               
00006b89  Power_releaseConstraint            
000072a5  Power_setConstraint                
000005c9  Power_sleep                        
00007b11  Power_unregisterNotify             
00007eb7  PrintChar                          
00001b35  PrintFloat                         
00005399  PrintInteger                       
00007bcd  PrintString                        
00006bd1  QMC5883_init                       
00006c19  QMC5883_raw_magnetometer           
00007c41  QMC5883_read_byte                  
00007465  QMC5883_set_measurement            
00007dc5  QMC5883_set_range                  
000072dd  QMC5883_set_rate                   
00007315  QMC5883_set_samples                
00007989  QMC5883_write_byte                 
00007ec9  RingBuf_construct                  
00006ec9  RingBuf_get                        
00007b31  RingBuf_peek                       
00006ca9  RingBuf_put                        
00007ddb  SemaphoreP_Params_init             
00006649  SemaphoreP_create                  
00007fb5  SemaphoreP_delete                  
000074d1  SemaphoreP_pend                    
00007a8d  SemaphoreP_post                    
00007ce1  SysCtl_A_disableNMISource          
00007cf9  SysCtl_A_enableNMISource           
00007efd  SysCtl_A_getNMISourceStatus        
00005035  SysCtl_A_getTLVInfo                
00007f0d  SysCtl_getNMISourceStatus          
00008350  TimerMSP432HWAttrs                 
00008284  TimerMSP432_Timer32_fxnTable       
0000599d  TimerMSP432_allocateTimerResource  
000068e5  TimerMSP432_close                  
00008047  TimerMSP432_control                
0000679d  TimerMSP432_freeTimerResource      
0000734d  TimerMSP432_getCount               
000048ab  TimerMSP432_init                   
00002095  TimerMSP432_open                   
00003f85  TimerMSP432_setPeriod              
00003d39  TimerMSP432_start                  
00005281  TimerMSP432_stop                   
00007f1d  Timer_Params_init                  
0000836c  Timer_config                       
000083ce  Timer_count                        
00006d35  Timer_init                         
00006f09  Timer_open                         
00007ff9  Timer_start                        
00007f5d  UARTDEBUG_init                     
00003679  UARTDEBUG_printf                   
0000515d  UARTMSP432_close                   
000043e1  UARTMSP432_control                 
00008238  UARTMSP432_fxnTable                
00003c6d  UARTMSP432_hwiIntFxn               
00005423  UARTMSP432_init                    
000008c1  UARTMSP432_open                    
00006f49  UARTMSP432_read                    
0000749b  UARTMSP432_readCancel              
00003755  UARTMSP432_readPolling             
00004803  UARTMSP432_write                   
00005cd9  UARTMSP432_writeCancel             
00004495  UARTMSP432_writePolling            
00007d11  UART_Params_init                   
00008314  UART_config                        
000083cf  UART_count                         
00008260  UART_defaultParams                 
20008338  UART_handles                       
00006d79  UART_init                          
000026b5  UART_initModule                    
00006f89  UART_open                          
00008003  UART_write                         
4000480c  WDTCTL_SYM                         
20010000  __STACK_END                        
00000400  __STACK_SIZE                       
00008488  __TI_CINIT_Base                    
000084a0  __TI_CINIT_Limit                   
0000846c  __TI_Handler_Table_Base            
00008478  __TI_Handler_Table_Limit           
00006dbd  __TI_auto_init_nobinit_nopinit     
00006045  __TI_decompress_lzss               
00007f6b  __TI_decompress_none               
ffffffff  __TI_pprof_out_hndl                
ffffffff  __TI_prof_data_size                
ffffffff  __TI_prof_data_start               
000083d8  __TI_static_base__                 
00007fc1  __TI_zero_init                     
00005e29  __aeabi_d2f                        
000013a7  __aeabi_dadd                       
00002455  __aeabi_ddiv                       
00002d25  __aeabi_dmul                       
0000139d  __aeabi_dsub                       
00006fc9  __aeabi_errno_addr                 
0000742d  __aeabi_f2d                        
000058a7  __aeabi_memclr                     
000058a7  __aeabi_memclr4                    
000058a7  __aeabi_memclr8                    
00004dc5  __aeabi_memcpy                     
00004dc5  __aeabi_memcpy4                    
00004dc5  __aeabi_memcpy8                    
000058a9  __aeabi_memset                     
000058a9  __aeabi_memset4                    
000058a9  __aeabi_memset8                    
00007b71  __aeabi_ui2d                       
ffffffff  __binit__                          
ffffffff  __c_args__                         
UNDEFED   __mpu_init                         
2000fc00  __stack                            
00007505  _c_int00_noargs                    
000079af  _pthread_cleanup_pop               
UNDEFED   _system_post_cinit                 
0000804d  _system_pre_init                   
00008051  abort                              
00001c95  atan2f                             
00001f45  atanf                              
ffffffff  binit                              
20009000  g_pfnRAMVectors                    
0000832c  i2cMSP432HWAttrs                   
200081c8  i2cMSP432Objects                   
00005b7d  i2c_dev_init                       
00006895  i2c_dev_read                       
00006935  i2c_dev_write                      
20008d63  i2c_initialized                    
00000000  interruptVectors                   
00005d49  main                               
00000145  mainThread                         
00004dc5  memcpy                             
000058af  memset                             
00007fcd  millis                             
00007c5d  pthread_attr_init                  
00007aaf  pthread_attr_setdetachstate        
000078c5  pthread_attr_setschedparam         
00007e41  pthread_attr_setstacksize          
0000231d  pthread_create                     
00006485  pthread_exit                       
00007e55  pthread_self                       
000070c7  pthread_setcancelstate             
00001859  pvPortMalloc                       
0000717d  pvTaskGetThreadLocalStoragePointer 
00007c79  pvTaskIncrementMutexHeldCount      
000076f5  pvTimerGetTimerID                  
20008c90  pxCurrentTCB                       
0000636d  pxPortInitialiseStack              
00007e69  resetISR                           
00001ded  sqrt                               
00001ded  sqrtl                              
000064e1  time_dev_init                      
2000834c  timer                              
20008218  timerMSP432Objects                 
00007d29  timer_dev_callback                 
20008d50  timer_millis                       
20008d54  timer_open                         
20008000  uartMSP432Objects                  
000083b4  uart_configs                       
000057b1  uart_dev_init                      
000078ed  uart_dev_write                     
20008d55  uart_open                          
0000839c  ulMaxSyscallInterruptPriority      
000039f9  ulPortGetIPSR                      
00006c61  uxListRemove                       
00005fdb  vApplicationMallocFailedHook       
0000800d  vApplicationStackOverflowHook      
00007665  vListInitialise                    
00007f3d  vListInitialiseItem                
0000617b  vListInsert                        
000071b9  vListInsertEnd                     
00003ab5  vPortEnableVFP                     
00006a65  vPortEnterCritical                 
00007695  vPortExitCritical                  
00004f99  vPortFree                          
00003a71  vPortSVCHandler                    
00005a8d  vPortSetupTimerInterrupt           
00003a91  vPortStartFirstTask                
00008017  vPortSuppressTicksAndSleep         
00005c65  vPortValidateInterruptPriority     
00007a45  vQueueDelete                       
0000653d  vQueueWaitForMessageRestricted     
00003015  vTaskDelete                        
00007a69  vTaskInternalSetTimeOutState       
00007fd9  vTaskMissedYield                   
0000756d  vTaskPlaceOnEventList              
00007049  vTaskPlaceOnEventListRestricted    
00002a09  vTaskPriorityDisinheritAfterTimeout
0000777d  vTaskSetApplicationTaskTag         
000075a1  vTaskSetThreadLocalStoragePointer  
000050c9  vTaskStartScheduler                
00002e21  vTaskSuspend                       
00007f4d  vTaskSuspendAll                    
0000390d  vTaskSwitchContext                 
00003a11  xPortPendSVHandler                 
00003b9d  xPortStartScheduler                
000077a9  xPortSysTickHandler                
000065f1  xQueueCreateCountingSemaphore      
00005f71  xQueueGenericCreate                
00004329  xQueueGenericReset                 
000011e5  xQueueGenericSend                  
00002c21  xQueueGenericSendFromISR           
000031fd  xQueueGiveFromISR                  
000016d9  xQueueReceive                      
00003ac3  xQueueReceiveFromISR               
00001011  xQueueSemaphoreTake                
000045f9  xTaskCheckForTimeOut               
00005921  xTaskCreate                        
00007915  xTaskGetApplicationTaskTag         
00007e7d  xTaskGetCurrentTaskHandle          
000076c5  xTaskGetSchedulerState             
00007e91  xTaskGetTickCount                  
000021e1  xTaskIncrementTick                 
00003599  xTaskPriorityDisinherit            
000032ed  xTaskPriorityInherit               
000049fd  xTaskRemoveFromEventList           
000028ed  xTaskResumeAll                     
000071f5  xTimerCreate                       
000067f1  xTimerCreateTimerTask              
00005531  xTimerGenericCommand               


GLOBAL SYMBOLS: SORTED BY Symbol Address 

address   name                               
-------   ----                               
00000000  interruptVectors                   
00000145  mainThread                         
00000400  __STACK_SIZE                       
000005c9  Power_sleep                        
000008c1  UARTMSP432_open                    
00000e19  I2CMSP432_open                     
00001011  xQueueSemaphoreTake                
000011e5  xQueueGenericSend                  
0000139d  __aeabi_dsub                       
000013a7  __aeabi_dadd                       
00001553  I2CMSP432_hwiIntFxn                
000016d7  Board_initHook                     
000016d9  xQueueReceive                      
00001859  pvPortMalloc                       
00001b35  PrintFloat                         
00001c95  atan2f                             
00001ded  sqrt                               
00001ded  sqrtl                              
00001f45  atanf                              
00002095  TimerMSP432_open                   
000021e1  xTaskIncrementTick                 
0000231d  pthread_create                     
00002455  __aeabi_ddiv                       
000026b5  UART_initModule                    
000028ed  xTaskResumeAll                     
00002a09  vTaskPriorityDisinheritAfterTimeout
00002c21  xQueueGenericSendFromISR           
00002d25  __aeabi_dmul                       
00002e21  vTaskSuspend                       
00002f1d  CS_getDCOFrequency                 
00003015  vTaskDelete                        
0000310d  I2CMSP432_transfer                 
000031fd  xQueueGiveFromISR                  
000032ed  xTaskPriorityInherit               
000033d5  CS_startHFXTWithTimeout            
000034b9  CS_startLFXTWithTimeout            
00003599  xTaskPriorityDisinherit            
00003679  UARTDEBUG_printf                   
00003755  UARTMSP432_readPolling             
0000390d  vTaskSwitchContext                 
000039f9  ulPortGetIPSR                      
00003a11  xPortPendSVHandler                 
00003a71  vPortSVCHandler                    
00003a91  vPortStartFirstTask                
00003ab5  vPortEnableVFP                     
00003ac3  xQueueReceiveFromISR               
00003b9b  I2CMSP432_init                     
00003b9d  xPortStartScheduler                
00003c6d  UARTMSP432_hwiIntFxn               
00003d39  TimerMSP432_start                  
00003f83  PowerMSP432_initPolicy             
00003f85  TimerMSP432_setPeriod              
00004329  xQueueGenericReset                 
000043e1  UARTMSP432_control                 
00004495  UARTMSP432_writePolling            
000045f9  xTaskCheckForTimeOut               
00004757  I2CMSP432_cancel                   
00004803  UARTMSP432_write                   
000048ab  TimerMSP432_init                   
000049fd  xTaskRemoveFromEventList           
00004b49  ClockP_create                      
00004be9  MPU6050_write_bits                 
00004d29  Power_init                         
00004dc5  __aeabi_memcpy                     
00004dc5  __aeabi_memcpy4                    
00004dc5  __aeabi_memcpy8                    
00004dc5  memcpy                             
00004f99  vPortFree                          
00005035  SysCtl_A_getTLVInfo                
000050c9  vTaskStartScheduler                
0000515d  UARTMSP432_close                   
00005281  TimerMSP432_stop                   
00005399  PrintInteger                       
00005423  UARTMSP432_init                    
00005531  xTimerGenericCommand               
000055b5  Interrupt_disableInterrupt         
00005635  Interrupt_enableInterrupt          
000057b1  uart_dev_init                      
000058a7  __aeabi_memclr                     
000058a7  __aeabi_memclr4                    
000058a7  __aeabi_memclr8                    
000058a9  __aeabi_memset                     
000058a9  __aeabi_memset4                    
000058a9  __aeabi_memset8                    
000058af  memset                             
00005921  xTaskCreate                        
0000599d  TimerMSP432_allocateTimerResource  
00005a8d  vPortSetupTimerInterrupt           
00005b05  I2CMSP432_close                    
00005b7d  i2c_dev_init                       
00005c65  vPortValidateInterruptPriority     
00005cd9  UARTMSP432_writeCancel             
00005d49  main                               
00005e29  __aeabi_d2f                        
00005e99  I2C_masterSendMultiByteFinish      
00005f05  MPU6050_write_bit                  
00005f71  xQueueGenericCreate                
00005fdb  vApplicationMallocFailedHook       
00005fdd  PowerMSP432_getFreqs               
00006045  __TI_decompress_lzss               
0000617b  vListInsert                        
000061e1  ClockP_stop                        
0000630d  HwiP_create                        
0000636d  pxPortInitialiseStack              
000063cd  Interrupt_registerInterrupt        
00006485  pthread_exit                       
000064e1  time_dev_init                      
0000653d  vQueueWaitForMessageRestricted     
000065f1  xQueueCreateCountingSemaphore      
00006649  SemaphoreP_create                  
000066f5  ClockP_delete                      
00006749  Interrupt_setPriority              
0000679d  TimerMSP432_freeTimerResource      
000067f1  xTimerCreateTimerTask              
00006895  i2c_dev_read                       
000068e5  TimerMSP432_close                  
00006935  i2c_dev_write                      
00006a65  vPortEnterCritical                 
00006ab1  HwiP_dispatch                      
00006af9  MPU6050_raw_accelerometer          
00006b41  MPU6050_raw_gyroscope              
00006b89  Power_releaseConstraint            
00006bd1  QMC5883_init                       
00006c19  QMC5883_raw_magnetometer           
00006c61  uxListRemove                       
00006ca9  RingBuf_put                        
00006cf1  I2C_init                           
00006d35  Timer_init                         
00006d79  UART_init                          
00006dbd  __TI_auto_init_nobinit_nopinit     
00006e89  I2C_open                           
00006ec9  RingBuf_get                        
00006f09  Timer_open                         
00006f49  UARTMSP432_read                    
00006f89  UART_open                          
00006fc9  __aeabi_errno_addr                 
00007049  vTaskPlaceOnEventListRestricted    
00007089  ClockP_callbackFxn                 
000070c7  pthread_setcancelstate             
0000717d  pvTaskGetThreadLocalStoragePointer 
000071b9  vListInsertEnd                     
000071f5  xTimerCreate                       
00007231  PowerMSP432_sleepPolicy            
0000726d  MPU6050_init                       
000072a5  Power_setConstraint                
000072dd  QMC5883_set_rate                   
00007315  QMC5883_set_samples                
0000734d  TimerMSP432_getCount               
0000742d  __aeabi_f2d                        
00007465  QMC5883_set_measurement            
0000749b  UARTMSP432_readCancel              
000074d1  SemaphoreP_pend                    
00007505  _c_int00_noargs                    
0000756d  vTaskPlaceOnEventList              
000075a1  vTaskSetThreadLocalStoragePointer  
000075d5  CS_clearInterruptFlag              
00007665  vListInitialise                    
00007695  vPortExitCritical                  
000076c5  xTaskGetSchedulerState             
000076f5  pvTimerGetTimerID                  
00007725  HwiP_disable                       
0000777d  vTaskSetApplicationTaskTag         
000077a9  xPortSysTickHandler                
000077d5  CS_getMCLK                         
000077fd  HwiP_inISR                         
00007825  Power_registerNotify               
000078c5  pthread_attr_setschedparam         
000078ed  uart_dev_write                     
00007915  xTaskGetApplicationTaskTag         
0000793d  List_put                           
00007963  List_remove                        
00007989  QMC5883_write_byte                 
000079af  _pthread_cleanup_pop               
000079fd  MPU6050_read_byte                  
00007a45  vQueueDelete                       
00007a69  vTaskInternalSetTimeOutState       
00007a8d  SemaphoreP_post                    
00007aaf  pthread_attr_setdetachstate        
00007ad1  CS_setExternalClockSourceFrequency 
00007af1  HwiP_restore                       
00007b11  Power_unregisterNotify             
00007b31  RingBuf_peek                       
00007b71  __aeabi_ui2d                       
00007b91  ClockP_start                       
00007baf  HwiP_Params_init                   
00007bcd  PrintString                        
00007c09  ClockP_Params_init                 
00007c25  Interrupt_unregisterInterrupt      
00007c41  QMC5883_read_byte                  
00007c5d  pthread_attr_init                  
00007c79  pvTaskIncrementMutexHeldCount      
00007c95  PTLS_taskDeleteHook                
00007cc9  I2C_transfer                       
00007ce1  SysCtl_A_disableNMISource          
00007cf9  SysCtl_A_enableNMISource           
00007d11  UART_Params_init                   
00007d29  timer_dev_callback                 
00007d41  ClockP_setTimeout                  
00007d57  MPU6050_accelerometer_range        
00007d6d  MPU6050_gyroscope_range            
00007d83  MPU6050_set_clock                  
00007d99  PTLS_getBuf                        
00007daf  PTLS_setBuf                        
00007dc5  QMC5883_set_range                  
00007ddb  SemaphoreP_Params_init             
00007df1  MPU6050_sleep                      
00007e05  Power_idleFunc                     
00007e41  pthread_attr_setstacksize          
00007e55  pthread_self                       
00007e69  resetISR                           
00007e7d  xTaskGetCurrentTaskHandle          
00007e91  xTaskGetTickCount                  
00007ea5  HwiP_delete                        
00007eb7  PrintChar                          
00007ec9  RingBuf_construct                  
00007edd  I2C_Params_init                    
00007eed  PowerMSP432_getNumPerfLevels       
00007efd  SysCtl_A_getNMISourceStatus        
00007f0d  SysCtl_getNMISourceStatus          
00007f1d  Timer_Params_init                  
00007f3d  vListInitialiseItem                
00007f4d  vTaskSuspendAll                    
00007f5d  UARTDEBUG_init                     
00007f6b  __TI_decompress_none               
00007f79  Board_init                         
00007f85  CPU_cpsid                          
00007f91  CPU_cpsie                          
00007f9d  Power_getConstraintMask            
00007fa9  Power_getPerformanceLevel          
00007fb5  SemaphoreP_delete                  
00007fc1  __TI_zero_init                     
00007fcd  millis                             
00007fd9  vTaskMissedYield                   
00007fe5  MPU6050_who                        
00007fef  PowerMSP432_updateFreqs            
00007ff9  Timer_start                        
00008003  UART_write                         
0000800d  vApplicationStackOverflowHook      
00008017  vPortSuppressTicksAndSleep         
00008041  I2CMSP432_control                  
00008047  TimerMSP432_control                
0000804d  _system_pre_init                   
00008051  C$$EXIT                            
00008051  abort                              
000081cc  PowerMSP432_config                 
00008238  UARTMSP432_fxnTable                
00008260  UART_defaultParams                 
00008284  TimerMSP432_Timer32_fxnTable       
000082fc  I2CMSP432_fxnTable                 
00008314  UART_config                        
0000832c  i2cMSP432HWAttrs                   
00008340  I2C_defaultParams                  
00008350  TimerMSP432HWAttrs                 
00008360  I2C_config                         
0000836c  Timer_config                       
0000839c  ulMaxSyscallInterruptPriority      
000083b4  uart_configs                       
000083cc  I2C_count                          
000083cd  PWM_count                          
000083ce  Timer_count                        
000083cf  UART_count                         
000083d8  __TI_static_base__                 
0000846c  __TI_Handler_Table_Base            
00008478  __TI_Handler_Table_Limit           
00008488  __TI_CINIT_Base                    
000084a0  __TI_CINIT_Limit                   
20008000  uartMSP432Objects                  
200081c8  i2cMSP432Objects                   
20008218  timerMSP432Objects                 
20008338  UART_handles                       
20008348  MPU9250_handle                     
2000834c  timer                              
20008350  HwiP_dispatchTable                 
20008b50  PowerMSP432_perfLevels             
20008c90  pxCurrentTCB                       
20008cc4  PowerMSP432_module                 
20008d50  timer_millis                       
20008d54  timer_open                         
20008d55  uart_open                          
20008d57  MPU6050_address                    
20008d63  i2c_initialized                    
20009000  g_pfnRAMVectors                    
2000fc00  __stack                            
20010000  __STACK_END                        
4000480c  WDTCTL_SYM                         
ffffffff  __TI_pprof_out_hndl                
ffffffff  __TI_prof_data_size                
ffffffff  __TI_prof_data_start               
ffffffff  __binit__                          
ffffffff  __c_args__                         
ffffffff  binit                              
UNDEFED   __mpu_init                         
UNDEFED   _system_post_cinit                 

[293 symbols]
