******************************************************************************
                  TI ARM Linker PC v18.12.4                    
******************************************************************************
>> Linked Fri Sep 25 11:40:20 2020

OUTPUT FILE NAME:   <Quadcopter_HAL.out>
ENTRY POINT SYMBOL: "resetISR"  address: 00007e81


MEMORY CONFIGURATION

         name            origin    length      used     unused   attr    fill
----------------------  --------  ---------  --------  --------  ----  --------
  MAIN                  00000000   00040000  000084b2  00037b4e  R  X
  INFO                  00200000   00004000  00000000  00004000  R  X
  SRAM_CODE             01000000   00010000  00009254  00006dac  RW X
  SRAM_DATA             20000000   00010000  00009254  00006dac  RW  


SEGMENT ALLOCATION MAP

run origin  load origin   length   init length attrs members
----------  ----------- ---------- ----------- ----- -------
00000000    00000000    000084b8   000084b8    r-x
  00000000    00000000    00000144   00000144    r-- .intvecs
  00000144    00000144    00007f28   00007f28    r-x .text
  0000806c    0000806c    0000037e   0000037e    r-- .const
  000083f0    000083f0    000000c8   000000c8    r-- .cinit
20000000    20000000    00008d6c   00000000    rw-
  20000000    20000000    00008350   00000000    rw- .bss
  20008350    20008350    00000a1c   00000000    rw- .data
20009000    20009000    000000e8   00000000    rw-
  20009000    20009000    000000e8   00000000    rw- .vtable
2000fc00    2000fc00    00000400   00000000    rw-
  2000fc00    2000fc00    00000400   00000000    rw- .stack


SECTION ALLOCATION MAP

 output                                  attributes/
section   page    origin      length       input sections
--------  ----  ----------  ----------   ----------------
.text      0    00000144    00007f28     
                  00000144    00000484     hal_main.obj (.text:mainThread)
                  000005c8    000002f8     drivers_msp432p401x.aem4f : PowerMSP432.oem4f (.text:Power_sleep)
                  000008c0    000002d0                               : UARTMSP432.oem4f (.text:UARTMSP432_open)
                  00000b90    00000288                               : PowerMSP432.oem4f (.text:initPerfControl)
                  00000e18    000001f8                               : I2CMSP432.oem4f (.text:I2CMSP432_open)
                  00001010    000001d4     freertos_builds_MSP_EXP432P401R_release_ccs.lib : queue.obj (.text:xQueueSemaphoreTake)
                  000011e4    000001b8                                                     : queue.obj (.text:xQueueGenericSend)
                  0000139c    000001b6     rtsv7M4_T_le_v4SPD16_eabi.lib : fd_add_t2.asm.obj (.text)
                  00001552    00000184     drivers_msp432p401x.aem4f : I2CMSP432.oem4f (.text:I2CMSP432_hwiIntFxn)
                  000016d6    00000002     ti_drivers_config.obj (.text:Board_initHook)
                  000016d8    00000184     freertos_builds_MSP_EXP432P401R_release_ccs.lib : heap_4.obj (.text:pvPortMalloc)
                  0000185c    00000180                                                     : queue.obj (.text:xQueueReceive)
                  000019dc    00000164                                                     : timers.obj (.text:prvProcessReceivedCommands)
                  00001b40    00000160     UARTDEBUG.obj (.text:PrintFloat)
                  00001ca0    00000158     rtsv7M4_T_le_v4SPD16_eabi.lib : e_atan2f.c.obj (.text:atan2f)
                  00001df8    00000158                                   : e_sqrt.c.obj (.text:sqrt)
                  00001f50    00000150                                   : s_atanf.c.obj (.text:atanf)
                  000020a0    0000014c     drivers_msp432p401x.aem4f : TimerMSP432.oem4f (.text:TimerMSP432_open)
                  000021ec    00000140     freertos_builds_MSP_EXP432P401R_release_ccs.lib : tasks.obj (.text:xTaskIncrementTick)
                  0000232c    00000138                                                     : pthread.obj (.text:pthread_create)
                  00002464    00000136     rtsv7M4_T_le_v4SPD16_eabi.lib : fd_div_t2.asm.obj (.text)
                  0000259a    0000012a     freertos_builds_MSP_EXP432P401R_release_ccs.lib : tasks.obj (.text:prvInitialiseNewTask)
                  000026c4    0000011c     msp432p4xx_driverlib.lib : uart.o (.text:UART_initModule)
                  000027e0    0000011c     drivers_msp432p401x.aem4f : I2CMSP432.oem4f (.text:primeTransfer)
                  000028fc    0000011c     freertos_builds_MSP_EXP432P401R_release_ccs.lib : tasks.obj (.text:xTaskResumeAll)
                  00002a18    0000010a                                                     : queue.obj (.text:xQueueGenericSendFromISR)
                  00002b22    00000002     drivers_msp432p401x.aem4f : I2CMSP432.oem4f (.text:I2CMSP432_init)
                  00002b24    00000104     msp432p4xx_driverlib.lib : cs.o (.text:_CSComputeCLKFrequency)
                  00002c28    00000104     freertos_builds_MSP_EXP432P401R_release_ccs.lib : tasks.obj (.text:vTaskPriorityDisinheritAfterTimeout)
                  00002d2c    00000100                                                     : tasks.obj (.text:vTaskDelete)
                  00002e2c    000000fc     rtsv7M4_T_le_v4SPD16_eabi.lib : fd_mul_t2.asm.obj (.text)
                  00002f28    000000fc     freertos_builds_MSP_EXP432P401R_release_ccs.lib : tasks.obj (.text:vTaskSuspend)
                  00003024    000000f8     msp432p4xx_driverlib.lib : cs.o (.text:CS_getDCOFrequency)
                  0000311c    000000f0     drivers_msp432p401x.aem4f : I2CMSP432.oem4f (.text:I2CMSP432_transfer)
                  0000320c    000000f0     freertos_builds_MSP_EXP432P401R_release_ccs.lib : queue.obj (.text:xQueueGiveFromISR)
                  000032fc    000000e4     msp432p4xx_driverlib.lib : cs.o (.text:CS_startHFXTWithTimeout)
                  000033e0    000000e0                              : cs.o (.text:CS_startLFXTWithTimeout)
                  000034c0    000000e0     freertos_builds_MSP_EXP432P401R_release_ccs.lib : tasks.obj (.text:xTaskPriorityDisinherit)
                  000035a0    000000dc     UARTDEBUG.obj (.text:UARTDEBUG_printf)
                  0000367c    000000dc     drivers_msp432p401x.aem4f : UARTMSP432.oem4f (.text:UARTMSP432_readPolling)
                  00003758    000000dc     msp432p4xx_driverlib.lib : cs.o (.text:_CSGetHFXTFrequency)
                  00003834    000000dc     freertos_builds_MSP_EXP432P401R_release_ccs.lib : tasks.obj (.text:vTaskSwitchContext)
                  00003910    000000da                                                     : portasm.obj (.text)
                  000039ea    000000d8                                                     : queue.obj (.text:xQueueReceiveFromISR)
                  00003ac2    00000002     msp432p4xx_driverlib.lib : interrupt.o (.text:IntDefaultHandler)
                  00003ac4    000000d8     freertos_builds_MSP_EXP432P401R_release_ccs.lib : tasks.obj (.text:xTaskPriorityInherit)
                  00003b9c    000000d0                                                     : port.obj (.text:xPortStartScheduler)
                  00003c6c    000000ca     drivers_msp432p401x.aem4f : UARTMSP432.oem4f (.text:UARTMSP432_hwiIntFxn)
                  00003d36    00000002     freertos_builds_MSP_EXP432P401R_release_ccs.lib : PowerMSP432_freertos.obj (.text:PowerMSP432_initPolicy)
                  00003d38    000000c8     drivers_msp432p401x.aem4f : TimerMSP432.oem4f (.text:TimerMSP432_start)
                  00003e00    000000c4     freertos_builds_MSP_EXP432P401R_release_ccs.lib : tasks.obj (.text:prvAddNewTaskToReadyList)
                  00003ec4    000000be                                                     : queue.obj (.text:prvCopyDataToQueue)
                  00003f82    00000002     drivers_msp432p401x.aem4f : TimerMSP432.oem4f (.text:TimerMSP432_init)
                  00003f84    000000bc                               : TimerMSP432.oem4f (.text:TimerMSP432_setPeriod)
                  00004040    000000bc     freertos_builds_MSP_EXP432P401R_release_ccs.lib : heap_4.obj (.text:prvHeapInit)
                  000040fc    000000bc                                                     : timers.obj (.text:prvSwitchTimerLists)
                  000041b8    000000b8     drivers_msp432p401x.aem4f : UARTMSP432.oem4f (.text:initHw)
                  00004270    000000b8                               : UARTMSP432.oem4f (.text:readTaskCallback)
                  00004328    000000b8     freertos_builds_MSP_EXP432P401R_release_ccs.lib : queue.obj (.text:xQueueGenericReset)
                  000043e0    000000b4     drivers_msp432p401x.aem4f : UARTMSP432.oem4f (.text:UARTMSP432_control)
                  00004494    000000b4                               : UARTMSP432.oem4f (.text:UARTMSP432_writePolling)
                  00004548    000000b0     freertos_builds_MSP_EXP432P401R_release_ccs.lib : tasks.obj (.text:prvAddCurrentTaskToDelayedList)
                  000045f8    000000b0                                                     : tasks.obj (.text:xTaskCheckForTimeOut)
                  000046a8    000000ae                                                     : queue.obj (.text:prvUnlockQueue)
                  00004756    000000ac     drivers_msp432p401x.aem4f : I2CMSP432.oem4f (.text:I2CMSP432_cancel)
                  00004802    000000a8                               : UARTMSP432.oem4f (.text:UARTMSP432_write)
                  000048aa    00000002                               : UARTMSP432.oem4f (.text:UARTMSP432_init)
                  000048ac    000000a8     freertos_builds_MSP_EXP432P401R_release_ccs.lib : heap_4.obj (.text:prvInsertBlockIntoFreeList)
                  00004954    000000a8     drivers_msp432p401x.aem4f : UARTMSP432.oem4f (.text:readTaskBlocking)
                  000049fc    000000a8     freertos_builds_MSP_EXP432P401R_release_ccs.lib : heap_4.obj (.text:vPortFree)
                  00004aa4    000000a8                                                     : tasks.obj (.text:xTaskRemoveFromEventList)
                  00004b4c    000000a4     drivers_msp432p401x.aem4f : TimerMSP432.oem4f (.text:initTimerHardware)
                  00004bf0    000000a0     freertos_builds_MSP_EXP432P401R_release_ccs.lib : ClockP_freertos.obj (.text:ClockP_create)
                  00004c90    000000a0     MPU6050.obj (.text:MPU6050_write_bits)
                  00004d30    000000a0     drivers_msp432p401x.aem4f : UARTMSP432.oem4f (.text:readIsrTextCallback)
                  00004dd0    0000009c                               : PowerMSP432.oem4f (.text:Power_init)
                  00004e6c    0000009c     rtsv7M4_T_le_v4SPD16_eabi.lib : memcpy_t2.asm.obj (.text)
                  00004f08    0000009c     drivers_msp432p401x.aem4f : TimerMSP432.oem4f (.text:setT32TickCount)
                  00004fa4    0000009c                               : TimerMSP432.oem4f (.text:setTATickCount)
                  00005040    00000094     msp432p4xx_driverlib.lib : sysctl_a.o (.text:SysCtl_A_getTLVInfo)
                  000050d4    00000094     freertos_builds_MSP_EXP432P401R_release_ccs.lib : tasks.obj (.text:vTaskStartScheduler)
                  00005168    00000092     drivers_msp432p401x.aem4f : UARTMSP432.oem4f (.text:UARTMSP432_close)
                  000051fa    00000092                               : UARTMSP432.oem4f (.text:writeData)
                  0000528c    0000008c                               : TimerMSP432.oem4f (.text:TimerMSP432_stop)
                  00005318    0000008c                               : UARTMSP432.oem4f (.text:readIsrTextBlocking)
                  000053a4    0000008a     UARTDEBUG.obj (.text:PrintInteger)
                  0000542e    00000002     freertos_builds_MSP_EXP432P401R_release_ccs.lib : startup_msp432_ccs.obj (.text:defaultISR)
                  00005430    00000088                                                     : timers.obj (.text:prvProcessTimerOrBlockTask)
                  000054b8    00000084     drivers_msp432p401x.aem4f : PowerMSP432.oem4f (.text:restartHFXT)
                  0000553c    00000084     freertos_builds_MSP_EXP432P401R_release_ccs.lib : timers.obj (.text:xTimerGenericCommand)
                  000055c0    00000080     msp432p4xx_driverlib.lib : interrupt.o (.text:Interrupt_disableInterrupt)
                  00005640    00000080                              : interrupt.o (.text:Interrupt_enableInterrupt)
                  000056c0    00000080     freertos_builds_MSP_EXP432P401R_release_ccs.lib : timers.obj (.text:prvProcessExpiredTimer)
                  00005740    0000007c     msp432p4xx_driverlib.lib : cs.o (.text:_CSGetDOCFrequency)
                  000057bc    0000007c     uart_dev.obj (.text:uart_dev_init)
                  00005838    0000007a     freertos_builds_MSP_EXP432P401R_release_ccs.lib : pthread.obj (.text:removeThreadKeys)
                  000058b2    0000007a     rtsv7M4_T_le_v4SPD16_eabi.lib : memset_t2.asm.obj (.text)
                  0000592c    0000007a     freertos_builds_MSP_EXP432P401R_release_ccs.lib : tasks.obj (.text:xTaskCreate)
                  000059a6    00000002                                                     : startup_msp432_ccs.obj (.text:faultISR)
                  000059a8    00000078     drivers_msp432p401x.aem4f : TimerMSP432.oem4f (.text:TimerMSP432_allocateTimerResource)
                  00005a20    00000078     freertos_builds_MSP_EXP432P401R_release_ccs.lib : timers.obj (.text:prvInsertTimerInActiveList)
                  00005a98    00000078                                                     : port.obj (.text:vPortSetupTimerInterrupt)
                  00005b10    00000076     drivers_msp432p401x.aem4f : I2CMSP432.oem4f (.text:I2CMSP432_close)
                  00005b86    00000002     freertos_builds_MSP_EXP432P401R_release_ccs.lib : startup_msp432_ccs.obj (.text:nmiISR)
                  00005b88    00000074     i2c_dev.obj (.text:i2c_dev_init)
                  00005bfc    00000074     freertos_builds_MSP_EXP432P401R_release_ccs.lib : tasks.obj (.text:prvInitialiseTaskLists)
                  00005c70    00000074                                                     : port.obj (.text:vPortValidateInterruptPriority)
                  00005ce4    00000070     drivers_msp432p401x.aem4f : UARTMSP432.oem4f (.text:UARTMSP432_writeCancel)
                  00005d54    00000070     main.obj (.text:main)
                  00005dc4    00000070     freertos_builds_MSP_EXP432P401R_release_ccs.lib : ClockP_freertos.obj (.text:setClockObjTimeout)
                  00005e34    0000006e     rtsv7M4_T_le_v4SPD16_eabi.lib : fd_tos_t2.asm.obj (.text)
                  00005ea2    00000002     main.obj (.text:vApplicationMallocFailedHook)
                  00005ea4    0000006c     msp432p4xx_driverlib.lib : i2c.o (.text:I2C_masterSendMultiByteFinish)
                  00005f10    0000006c     MPU6050.obj (.text:MPU6050_write_bit)
                  00005f7c    00000068     drivers_msp432p401x.aem4f : PowerMSP432.oem4f (.text:PowerMSP432_getFreqs)
                  00005fe4    00000068     rtsv7M4_T_le_v4SPD16_eabi.lib : copy_decompress_lzss.c.obj (.text:decompress:lzss:__TI_decompress_lzss)
                  0000604c    00000068     drivers_msp432p401x.aem4f : I2CMSP432.oem4f (.text:initHw)
                  000060b4    00000066     freertos_builds_MSP_EXP432P401R_release_ccs.lib : timers.obj (.text:prvInitialiseNewTimer)
                  0000611a    00000066                                                     : list.obj (.text:vListInsert)
                  00006180    00000064                                                     : ClockP_freertos.obj (.text:ClockP_stop)
                  000061e4    00000064                                                     : tasks.obj (.text:prvGetExpectedIdleTime)
                  00006248    00000062     msp432p4xx_driverlib.lib : cs.o (.text:_CSGetDividerValue)
                  000062aa    00000002     --HOLE-- [fill = 0]
                  000062ac    00000060     freertos_builds_MSP_EXP432P401R_release_ccs.lib : HwiPMSP432_freertos.obj (.text:HwiP_create)
                  0000630c    00000060                                                     : port.obj (.text:pxPortInitialiseStack)
                  0000636c    00000060                                                     : queue.obj (.text:xQueueGenericCreate)
                  000063cc    0000005c     msp432p4xx_driverlib.lib : interrupt.o (.text:Interrupt_registerInterrupt)
                  00006428    0000005c     freertos_builds_MSP_EXP432P401R_release_ccs.lib : tasks.obj (.text:prvIdleTask)
                  00006484    0000005c                                                     : pthread.obj (.text:pthread_exit)
                  000064e0    0000005c     time_dev.obj (.text:time_dev_init)
                  0000653c    0000005c     freertos_builds_MSP_EXP432P401R_release_ccs.lib : queue.obj (.text:vQueueWaitForMessageRestricted)
                  00006598    00000058     drivers_msp432p401x.aem4f : UARTMSP432.oem4f (.text:readIsrBinaryBlocking)
                  000065f0    00000058     freertos_builds_MSP_EXP432P401R_release_ccs.lib : queue.obj (.text:xQueueCreateCountingSemaphore)
                  00006648    00000056                                                     : SemaphoreP_freertos.obj (.text:SemaphoreP_create)
                  0000669e    00000056     drivers_msp432p401x.aem4f : I2CMSP432.oem4f (.text:completeTransfer)
                  000066f4    00000054     freertos_builds_MSP_EXP432P401R_release_ccs.lib : ClockP_freertos.obj (.text:ClockP_delete)
                  00006748    00000054     msp432p4xx_driverlib.lib : interrupt.o (.text:Interrupt_setPriority)
                  0000679c    00000054     drivers_msp432p401x.aem4f : TimerMSP432.oem4f (.text:TimerMSP432_freeTimerResource)
                  000067f0    00000054     freertos_builds_MSP_EXP432P401R_release_ccs.lib : timers.obj (.text:xTimerCreateTimerTask)
                  00006844    00000050     drivers_msp432p401x.aem4f : TimerMSP432.oem4f (.text:TimerMSP432_hwiIntFunction)
                  00006894    00000050     i2c_dev.obj (.text:i2c_dev_read)
                  000068e4    0000004e     drivers_msp432p401x.aem4f : TimerMSP432.oem4f (.text:TimerMSP432_close)
                  00006932    00000002     --HOLE-- [fill = 0]
                  00006934    0000004c     i2c_dev.obj (.text:i2c_dev_write)
                  00006980    0000004c     freertos_builds_MSP_EXP432P401R_release_ccs.lib : timers.obj (.text:prvCheckForValidListAndQueue)
                  000069cc    0000004c                                                     : tasks.obj (.text:prvCheckTasksWaitingTermination)
                  00006a18    0000004c     drivers_msp432p401x.aem4f : UARTMSP432.oem4f (.text:readIsrBinaryCallback)
                  00006a64    0000004c     freertos_builds_MSP_EXP432P401R_release_ccs.lib : port.obj (.text:vPortEnterCritical)
                  00006ab0    0000004c                                                     : tasks.obj (.text:vTaskSetThreadLocalStoragePointer)
                  00006afc    00000048                                                     : HwiPMSP432_freertos.obj (.text:HwiP_dispatch)
                  00006b44    00000048     MPU6050.obj (.text:MPU6050_raw_accelerometer)
                  00006b8c    00000048     MPU6050.obj (.text:MPU6050_raw_gyroscope)
                  00006bd4    00000048     drivers_msp432p401x.aem4f : PowerMSP432.oem4f (.text:Power_releaseConstraint)
                  00006c1c    00000048     QMC5883.obj (.text:QMC5883_init)
                  00006c64    00000048     QMC5883.obj (.text:QMC5883_raw_magnetometer)
                  00006cac    00000048     freertos_builds_MSP_EXP432P401R_release_ccs.lib : list.obj (.text:uxListRemove)
                  00006cf4    00000046     drivers_msp432p401x.aem4f : RingBuf.oem4f (.text:RingBuf_put)
                  00006d3a    00000002     --HOLE-- [fill = 0]
                  00006d3c    00000044                               : I2C.oem4f (.text:I2C_init)
                  00006d80    00000044                               : Timer.oem4f (.text:Timer_init)
                  00006dc4    00000044                               : UART.oem4f (.text:UART_init)
                  00006e08    00000044     rtsv7M4_T_le_v4SPD16_eabi.lib : autoinit.c.obj (.text:__TI_auto_init_nobinit_nopinit:__TI_auto_init_nobinit_nopinit)
                  00006e4c    00000044     drivers_msp432p401x.aem4f : I2CMSP432.oem4f (.text:perfChangeNotifyFxn)
                  00006e90    00000044     freertos_builds_MSP_EXP432P401R_release_ccs.lib : queue.obj (.text:prvInitialiseNewQueue)
                  00006ed4    00000040     drivers_msp432p401x.aem4f : I2C.oem4f (.text:I2C_open)
                  00006f14    00000040                               : RingBuf.oem4f (.text:RingBuf_get)
                  00006f54    00000040                               : Timer.oem4f (.text:Timer_open)
                  00006f94    00000040                               : UARTMSP432.oem4f (.text:UARTMSP432_read)
                  00006fd4    00000040                               : UART.oem4f (.text:UART_open)
                  00007014    00000040     freertos_builds_MSP_EXP432P401R_release_ccs.lib : aeabi_portable.obj (.text:__aeabi_errno_addr)
                  00007054    00000040     drivers_msp432p401x.aem4f : UARTMSP432.oem4f (.text:perfChangeNotifyFxn)
                  00007094    00000040     freertos_builds_MSP_EXP432P401R_release_ccs.lib : tasks.obj (.text:vTaskPlaceOnEventListRestricted)
                  000070d4    0000003e                                                     : ClockP_freertos.obj (.text:ClockP_callbackFxn)
                  00007112    0000003e                                                     : pthread.obj (.text:pthread_setcancelstate)
                  00007150    0000003c                                                     : queue.obj (.text:prvCopyDataFromQueue)
                  0000718c    0000003c                                                     : tasks.obj (.text:prvResetNextTaskUnblockTime)
                  000071c8    0000003c                                                     : tasks.obj (.text:pvTaskGetThreadLocalStoragePointer)
                  00007204    0000003c                                                     : list.obj (.text:vListInsertEnd)
                  00007240    0000003c                                                     : timers.obj (.text:xTimerCreate)
                  0000727c    0000003a                                                     : PowerMSP432_freertos.obj (.text:PowerMSP432_sleepPolicy)
                  000072b6    00000002     --HOLE-- [fill = 0]
                  000072b8    00000038     MPU6050.obj (.text:MPU6050_init)
                  000072f0    00000038     drivers_msp432p401x.aem4f : PowerMSP432.oem4f (.text:Power_setConstraint)
                  00007328    00000038     QMC5883.obj (.text:QMC5883_set_rate)
                  00007360    00000038     QMC5883.obj (.text:QMC5883_set_samples)
                  00007398    00000038     drivers_msp432p401x.aem4f : TimerMSP432.oem4f (.text:TimerMSP432_getCount)
                  000073d0    00000038                               : PowerMSP432.oem4f (.text:notify)
                  00007408    00000038     freertos_builds_MSP_EXP432P401R_release_ccs.lib : timers.obj (.text:prvGetNextExpireTime)
                  00007440    00000038                                                     : port.obj (.text:prvTaskExitError)
                  00007478    00000038     rtsv7M4_T_le_v4SPD16_eabi.lib : fs_tod_t2.asm.obj (.text)
                  000074b0    00000036     QMC5883.obj (.text:QMC5883_set_measurement)
                  000074e6    00000036     drivers_msp432p401x.aem4f : UARTMSP432.oem4f (.text:UARTMSP432_readCancel)
                  0000751c    00000034     freertos_builds_MSP_EXP432P401R_release_ccs.lib : SemaphoreP_freertos.obj (.text:SemaphoreP_pend)
                  00007550    00000034     rtsv7M4_T_le_v4SPD16_eabi.lib : boot_cortex_m.c.obj (.text:_c_int00_noargs:_c_int00_noargs)
                  00007584    00000034     freertos_builds_MSP_EXP432P401R_release_ccs.lib : timers.obj (.text:prvSampleTimeNow)
                  000075b8    00000034                                                     : tasks.obj (.text:vTaskPlaceOnEventList)
                  000075ec    00000030     msp432p4xx_driverlib.lib : cs.o (.text:CS_clearInterruptFlag)
                  0000761c    00000030     drivers_msp432p401x.aem4f : I2CMSP432.oem4f (.text:mapPin)
                  0000764c    00000030                               : UARTMSP432.oem4f (.text:mapPin)
                  0000767c    00000030     freertos_builds_MSP_EXP432P401R_release_ccs.lib : list.obj (.text:vListInitialise)
                  000076ac    00000030                                                     : port.obj (.text:vPortExitCritical)
                  000076dc    00000030                                                     : tasks.obj (.text:xTaskGetSchedulerState)
                  0000770c    0000002e                                                     : timers.obj (.text:pvTimerGetTimerID)
                  0000773a    00000002     --HOLE-- [fill = 0]
                  0000773c    0000002c                                                     : HwiPMSP432_freertos.obj (.text:HwiP_disable)
                  00007768    0000002c     drivers_msp432p401x.aem4f : TimerMSP432.oem4f (.text:perfChangeNotifyFxn)
                  00007794    0000002c     freertos_builds_MSP_EXP432P401R_release_ccs.lib : tasks.obj (.text:vTaskSetApplicationTaskTag)
                  000077c0    0000002c                                                     : port.obj (.text:xPortSysTickHandler)
                  000077ec    00000028     msp432p4xx_driverlib.lib : cs.o (.text:CS_getMCLK)
                  00007814    00000028     freertos_builds_MSP_EXP432P401R_release_ccs.lib : HwiPMSP432_freertos.obj (.text:HwiP_inISR)
                  0000783c    00000028     drivers_msp432p401x.aem4f : PowerMSP432.oem4f (.text:Power_registerNotify)
                  00007864    00000028                               : PowerMSP432.oem4f (.text:disableFaultCounter)
                  0000788c    00000028                               : PowerMSP432.oem4f (.text:disableHFXT)
                  000078b4    00000028                               : UARTMSP432.oem4f (.text:findBaudDividerIndex)
                  000078dc    00000028     freertos_builds_MSP_EXP432P401R_release_ccs.lib : pthread.obj (.text:pthread_attr_setschedparam)
                  00007904    00000028     uart_dev.obj (.text:uart_dev_write)
                  0000792c    00000028     freertos_builds_MSP_EXP432P401R_release_ccs.lib : tasks.obj (.text:xTaskGetApplicationTaskTag)
                  00007954    00000026     drivers_msp432p401x.aem4f : List.oem4f (.text:List_put)
                  0000797a    00000026                               : List.oem4f (.text:List_remove)
                  000079a0    00000026     QMC5883.obj (.text:QMC5883_write_byte)
                  000079c6    00000026     freertos_builds_MSP_EXP432P401R_release_ccs.lib : pthread.obj (.text:_pthread_cleanup_pop)
                  000079ec    00000026                                                     : queue.obj (.text:prvIsQueueFull)
                  00007a12    00000002     --HOLE-- [fill = 0]
                  00007a14    00000024     MPU6050.obj (.text:MPU6050_read_byte)
                  00007a38    00000024     freertos_builds_MSP_EXP432P401R_release_ccs.lib : queue.obj (.text:prvGetDisinheritPriorityAfterTimeout)
                  00007a5c    00000024                                                     : queue.obj (.text:vQueueDelete)
                  00007a80    00000024                                                     : tasks.obj (.text:vTaskInternalSetTimeOutState)
                  00007aa4    00000022                                                     : SemaphoreP_freertos.obj (.text:SemaphoreP_post)
                  00007ac6    00000022                                                     : pthread.obj (.text:pthread_attr_setdetachstate)
                  00007ae8    00000020     msp432p4xx_driverlib.lib : cs.o (.text:CS_setExternalClockSourceFrequency)
                  00007b08    00000020     freertos_builds_MSP_EXP432P401R_release_ccs.lib : HwiPMSP432_freertos.obj (.text:HwiP_restore)
                  00007b28    00000020     drivers_msp432p401x.aem4f : PowerMSP432.oem4f (.text:Power_unregisterNotify)
                  00007b48    00000020                               : RingBuf.oem4f (.text:RingBuf_peek)
                  00007b68    00000020     freertos_builds_MSP_EXP432P401R_release_ccs.lib : queue.obj (.text:prvIsQueueEmpty)
                  00007b88    00000020     rtsv7M4_T_le_v4SPD16_eabi.lib : u_tofd_t2.asm.obj (.text)
                  00007ba8    0000001e     freertos_builds_MSP_EXP432P401R_release_ccs.lib : ClockP_freertos.obj (.text:ClockP_start)
                  00007bc6    0000001e                                                     : HwiPMSP432_freertos.obj (.text:HwiP_Params_init)
                  00007be4    0000001e     UARTDEBUG.obj (.text:PrintString)
                  00007c02    0000001e     freertos_builds_MSP_EXP432P401R_release_ccs.lib : pthread.obj (.text:_pthread_runStub)
                  00007c20    0000001c                                                     : ClockP_freertos.obj (.text:ClockP_Params_init)
                  00007c3c    0000001c     msp432p4xx_driverlib.lib : interrupt.o (.text:Interrupt_unregisterInterrupt)
                  00007c58    0000001c     QMC5883.obj (.text:QMC5883_read_byte)
                  00007c74    0000001c     freertos_builds_MSP_EXP432P401R_release_ccs.lib : pthread.obj (.text:pthread_attr_init)
                  00007c90    0000001c                                                     : tasks.obj (.text:pvTaskIncrementMutexHeldCount)
                  00007cac    0000001a                                                     : PTLS.obj (.text:PTLS_taskDeleteHook)
                  00007cc6    0000001a                                                     : timers.obj (.text:prvTimerTask)
                  00007ce0    00000018     drivers_msp432p401x.aem4f : I2C.oem4f (.text:I2C_transfer)
                  00007cf8    00000018     msp432p4xx_driverlib.lib : sysctl_a.o (.text:SysCtl_A_disableNMISource)
                  00007d10    00000018                              : sysctl_a.o (.text:SysCtl_A_enableNMISource)
                  00007d28    00000018     drivers_msp432p401x.aem4f : UART.oem4f (.text:UART_Params_init)
                  00007d40    00000018     time_dev.obj (.text:timer_dev_callback)
                  00007d58    00000016     freertos_builds_MSP_EXP432P401R_release_ccs.lib : ClockP_freertos.obj (.text:ClockP_setTimeout)
                  00007d6e    00000016     MPU6050.obj (.text:MPU6050_accelerometer_range)
                  00007d84    00000016     MPU6050.obj (.text:MPU6050_gyroscope_range)
                  00007d9a    00000016     MPU6050.obj (.text:MPU6050_set_clock)
                  00007db0    00000016     freertos_builds_MSP_EXP432P401R_release_ccs.lib : PTLS.obj (.text:PTLS_getBuf)
                  00007dc6    00000016                                                     : PTLS.obj (.text:PTLS_setBuf)
                  00007ddc    00000016     QMC5883.obj (.text:QMC5883_set_range)
                  00007df2    00000016     freertos_builds_MSP_EXP432P401R_release_ccs.lib : SemaphoreP_freertos.obj (.text:SemaphoreP_Params_init)
                  00007e08    00000014     MPU6050.obj (.text:MPU6050_sleep)
                  00007e1c    00000014     drivers_msp432p401x.aem4f : PowerMSP432.oem4f (.text:Power_idleFunc)
                  00007e30    00000014                               : UARTMSP432.oem4f (.text:clearTXCPTIFG)
                  00007e44    00000014     freertos_builds_MSP_EXP432P401R_release_ccs.lib : tasks.obj (.text:prvDeleteTCB)
                  00007e58    00000014                                                     : pthread.obj (.text:pthread_attr_setstacksize)
                  00007e6c    00000014                                                     : pthread.obj (.text:pthread_self)
                  00007e80    00000014                                                     : startup_msp432_ccs.obj (.text:resetISR)
                  00007e94    00000014                                                     : tasks.obj (.text:xTaskGetCurrentTaskHandle)
                  00007ea8    00000014                                                     : tasks.obj (.text:xTaskGetTickCount)
                  00007ebc    00000012                                                     : HwiPMSP432_freertos.obj (.text:HwiP_delete)
                  00007ece    00000012     UARTDEBUG.obj (.text:PrintChar)
                  00007ee0    00000012     drivers_msp432p401x.aem4f : RingBuf.oem4f (.text:RingBuf_construct)
                  00007ef2    00000002     --HOLE-- [fill = 0]
                  00007ef4    00000010                               : I2C.oem4f (.text:I2C_Params_init)
                  00007f04    00000010                               : PowerMSP432.oem4f (.text:PowerMSP432_getNumPerfLevels)
                  00007f14    00000010     msp432p4xx_driverlib.lib : sysctl_a.o (.text:SysCtl_A_getNMISourceStatus)
                  00007f24    00000010                              : sysctl.o (.text:SysCtl_getNMISourceStatus)
                  00007f34    00000010     drivers_msp432p401x.aem4f : Timer.oem4f (.text:Timer_Params_init)
                  00007f44    00000010                               : UARTMSP432.oem4f (.text:readBlockingTimeout)
                  00007f54    00000010     freertos_builds_MSP_EXP432P401R_release_ccs.lib : list.obj (.text:vListInitialiseItem)
                  00007f64    00000010                                                     : tasks.obj (.text:vTaskSuspendAll)
                  00007f74    0000000e     UARTDEBUG.obj (.text:UARTDEBUG_init)
                  00007f82    0000000e     rtsv7M4_T_le_v4SPD16_eabi.lib : copy_decompress_none.c.obj (.text:decompress:none:__TI_decompress_none)
                  00007f90    0000000c     ti_drivers_config.obj (.text:Board_init)
                  00007f9c    0000000c     msp432p4xx_driverlib.lib : cpu.o (.text:CPU_cpsid)
                  00007fa8    0000000c                              : cpu.o (.text:CPU_cpsie)
                  00007fb4    0000000c     drivers_msp432p401x.aem4f : PowerMSP432.oem4f (.text:Power_getConstraintMask)
                  00007fc0    0000000c                               : PowerMSP432.oem4f (.text:Power_getPerformanceLevel)
                  00007fcc    0000000c     freertos_builds_MSP_EXP432P401R_release_ccs.lib : SemaphoreP_freertos.obj (.text:SemaphoreP_delete)
                  00007fd8    0000000c     rtsv7M4_T_le_v4SPD16_eabi.lib : copy_zero_init.c.obj (.text:decompress:ZI:__TI_zero_init)
                  00007fe4    0000000c     time_dev.obj (.text:millis)
                  00007ff0    0000000c     freertos_builds_MSP_EXP432P401R_release_ccs.lib : tasks.obj (.text:vTaskMissedYield)
                  00007ffc    0000000a     MPU6050.obj (.text:MPU6050_who)
                  00008006    0000000a     freertos_builds_MSP_EXP432P401R_release_ccs.lib : PowerMSP432_freertos.obj (.text:PowerMSP432_updateFreqs)
                  00008010    0000000a     drivers_msp432p401x.aem4f : Timer.oem4f (.text:Timer_start)
                  0000801a    0000000a                               : UART.oem4f (.text:UART_write)
                  00008024    0000000a     main.obj (.text:vApplicationStackOverflowHook)
                  0000802e    0000000a     freertos_builds_MSP_EXP432P401R_release_ccs.lib : PowerMSP432_freertos.obj (.text:vPortSuppressTicksAndSleep)
                  00008038    00000008     drivers_msp432p401x.aem4f : I2CMSP432.oem4f (.text:blockingTransferCallback)
                  00008040    00000008                               : UARTMSP432.oem4f (.text:readSemCallback)
                  00008048    00000008                               : UARTMSP432.oem4f (.text:txcptEnabledStatus)
                  00008050    00000008                               : UARTMSP432.oem4f (.text:writeSemCallback)
                  00008058    00000006                               : I2CMSP432.oem4f (.text:I2CMSP432_control)
                  0000805e    00000006                               : TimerMSP432.oem4f (.text:TimerMSP432_control)
                  00008064    00000004     rtsv7M4_T_le_v4SPD16_eabi.lib : pre_init.c.obj (.text:_system_pre_init)
                  00008068    00000004                                   : exit.c.obj (.text:abort:abort)

.const     0    0000806c    0000037e     
                  0000806c    00000080     ti_drivers_config.obj (.const:uartMSP432Baudrates)
                  000080ec    00000058     ti_drivers_config.obj (.const:uartMSP432HWAttrs)
                  00008144    00000050     msp432p4xx_driverlib.lib : interrupt.o (.const:g_pulRegs)
                  00008194    00000050     drivers_msp432p401x.aem4f : TimerMSP432.oem4f (.const:timerADividers)
                  000081e4    00000038     ti_drivers_config.obj (.const:PowerMSP432_config)
                  0000821c    00000034     rtsv7M4_T_le_v4SPD16_eabi.lib : s_atanf.c.obj (.const:$O1$$)
                  00008250    00000028     drivers_msp432p401x.aem4f : UARTMSP432.oem4f (.const:UARTMSP432_fxnTable)
                  00008278    00000024                               : UART.oem4f (.const:UART_defaultParams)
                  0000829c    00000020                               : TimerMSP432.oem4f (.const:TimerMSP432_Timer32_fxnTable)
                  000082bc    00000020                               : UARTMSP432.oem4f (.const:staticFxnTable)
                  000082dc    0000001c     i2c_dev.obj (.const:$P$T0$1)
                  000082f8    0000001c     i2c_dev.obj (.const:$P$T1$2)
                  00008314    00000018     drivers_msp432p401x.aem4f : I2CMSP432.oem4f (.const:I2CMSP432_fxnTable)
                  0000832c    00000018     ti_drivers_config.obj (.const:UART_config)
                  00008344    00000014     ti_drivers_config.obj (.const:i2cMSP432HWAttrs)
                  00008358    00000010     drivers_msp432p401x.aem4f : I2C.oem4f (.const:I2C_defaultParams)
                  00008368    00000010     ti_drivers_config.obj (.const:TimerMSP432HWAttrs)
                  00008378    0000000c     ti_drivers_config.obj (.const:I2C_config)
                  00008384    0000000c     ti_drivers_config.obj (.const:Timer_config)
                  00008390    0000000c     drivers_msp432p401x.aem4f : I2CMSP432.oem4f (.const:bitRates)
                  0000839c    0000000c                               : Timer.oem4f (.const:defaultParams)
                  000083a8    0000000c                               : TimerMSP432.oem4f (.const:timer32Dividers)
                  000083b4    00000008     freertos_builds_MSP_EXP432P401R_release_ccs.lib : port.obj (.const)
                  000083bc    00000008     msp432p4xx_driverlib.lib : interrupt.o (.const:g_pulDisRegs)
                  000083c4    00000008                              : interrupt.o (.const:g_pulEnRegs)
                  000083cc    00000008     uart_dev.obj (.const:uart_configs)
                  000083d4    00000005     drivers_msp432p401x.aem4f : UARTMSP432.oem4f (.const:.string:parityTypes)
                  000083d9    00000003     --HOLE-- [fill = 0]
                  000083dc    00000004     freertos_builds_MSP_EXP432P401R_release_ccs.lib : pthread.obj (.const)
                  000083e0    00000004     drivers_msp432p401x.aem4f : UARTMSP432.oem4f (.const:stopBits)
                  000083e4    00000004     ti_drivers_config.obj (.const)
                  000083e8    00000002     freertos_builds_MSP_EXP432P401R_release_ccs.lib : pthread.obj (.const:.string)

.cinit     0    000083f0    000000c8     
                  000083f0    00000094     (.cinit..data.load) [load image, compression = lzss]
                  00008484    0000000c     (__TI_handler_table)
                  00008490    00000008     (.cinit..bss.load) [load image, compression = zero_init]
                  00008498    00000008     (.cinit..vtable.load) [load image, compression = zero_init]
                  000084a0    00000018     (__TI_cinit_table)

.init_array 
*          0    00000000    00000000     UNINITIALIZED

.intvecs   0    00000000    00000144     
                  00000000    00000144     freertos_builds_MSP_EXP432P401R_release_ccs.lib : startup_msp432_ccs.obj (.intvecs:retain)

.bss       0    20000000    00008350     UNINITIALIZED
                  20000000    00008000     freertos_builds_MSP_EXP432P401R_release_ccs.lib : heap_4.obj (.bss:ucHeap)
                  20008000    00000100     (.common:uartMSP432Objects)
                  20008100    000000c8                                                     : tasks.obj (.bss:pxReadyTasksLists)
                  200081c8    00000050     (.common:i2cMSP432Objects)
                  20008218    00000034     (.common:timerMSP432Objects)
                  2000824c    00000020     ti_drivers_config.obj (.bss:uartMSP432RingBuffer0)
                  2000826c    00000020     ti_drivers_config.obj (.bss:uartMSP432RingBuffer1)
                  2000828c    00000014     freertos_builds_MSP_EXP432P401R_release_ccs.lib : timers.obj (.bss:xActiveTimerList1)
                  200082a0    00000014                                                     : timers.obj (.bss:xActiveTimerList2)
                  200082b4    00000014                                                     : tasks.obj (.bss:xDelayedTaskList1)
                  200082c8    00000014                                                     : tasks.obj (.bss:xDelayedTaskList2)
                  200082dc    00000014                                                     : tasks.obj (.bss:xPendingReadyList)
                  200082f0    00000014                                                     : tasks.obj (.bss:xSuspendedTaskList)
                  20008304    00000014                                                     : tasks.obj (.bss:xTasksWaitingTermination)
                  20008318    00000008                                                     : tasks.obj (.bss)
                  20008320    00000008                                                     : timers.obj (.bss)
                  20008328    00000008     msp432p4xx_driverlib.lib : cs.o (.bss)
                  20008330    00000008     freertos_builds_MSP_EXP432P401R_release_ccs.lib : heap_4.obj (.bss:xStart)
                  20008338    00000008     (.common:UART_handles)
                  20008340    00000004                                                     : aeabi_portable.obj (.bss:main_reent)
                  20008344    00000004     drivers_msp432p401x.aem4f : TimerMSP432.oem4f (.bss:timerState)
                  20008348    00000004     (.common:MPU9250_handle)
                  2000834c    00000004     (.common:timer)

.data      0    20008350    00000a1c     UNINITIALIZED
                  20008350    00000800     freertos_builds_MSP_EXP432P401R_release_ccs.lib : HwiPMSP432_freertos.obj (.data:HwiP_dispatchTable)
                  20008b50    00000140     drivers_msp432p401x.aem4f : PowerMSP432.oem4f (.data:PowerMSP432_perfLevels)
                  20008c90    00000034     freertos_builds_MSP_EXP432P401R_release_ccs.lib : tasks.obj (.data)
                  20008cc4    0000002c     drivers_msp432p401x.aem4f : PowerMSP432.oem4f (.data:PowerMSP432_module)
                  20008cf0    00000018     freertos_builds_MSP_EXP432P401R_release_ccs.lib : heap_4.obj (.data)
                  20008d08    00000018                                                     : port.obj (.data)
                  20008d20    00000018     drivers_msp432p401x.aem4f : TimerMSP432.oem4f (.data:upConfig)
                  20008d38    00000014     freertos_builds_MSP_EXP432P401R_release_ccs.lib : pthread.obj (.data:defaultPthreadAttrs)
                  20008d4c    0000000c                                                     : timers.obj (.data)
                  20008d58    00000005     time_dev.obj (.data)
                  20008d5d    00000002     uart_dev.obj (.data:uart_open)
                  20008d5f    00000001     MPU6050.obj (.data)
                  20008d60    00000004     freertos_builds_MSP_EXP432P401R_release_ccs.lib : ClockP_freertos.obj (.data)
                  20008d64    00000004                                                     : HwiPMSP432_freertos.obj (.data)
                  20008d68    00000001     drivers_msp432p401x.aem4f : I2C.oem4f (.data)
                  20008d69    00000001                               : Timer.oem4f (.data)
                  20008d6a    00000001                               : UART.oem4f (.data)
                  20008d6b    00000001     i2c_dev.obj (.data)

.vtable    0    20009000    000000e8     UNINITIALIZED
                  20009000    000000e8     msp432p4xx_driverlib.lib : interrupt.o (.vtable)

.stack     0    2000fc00    00000400     UNINITIALIZED
                  2000fc00    00000004     rtsv7M4_T_le_v4SPD16_eabi.lib : boot_cortex_m.c.obj (.stack)
                  2000fc04    000003fc     --HOLE--

.binit     0    00000000    00000000     

MODULE SUMMARY

       Module                       code    ro data   rw data
       ------                       ----    -------   -------
    .\
       hal_main.obj                 1156    0         0      
       UARTDEBUG.obj                772     0         0      
       MPU6050.obj                  600     0         2      
       QMC5883.obj                  398     0         0      
       main.obj                     124     0         0      
    +--+----------------------------+-------+---------+---------+
       Total:                       3050    0         2      
                                                             
    .\EasyHal\
       i2c_dev.obj                  272     56        10     
       uart_dev.obj                 164     8         20     
       time_dev.obj                 128     0         18     
    +--+----------------------------+-------+---------+---------+
       Total:                       564     64        48     
                                                             
    .\syscfg\
       ti_drivers_config.obj        14      360       904    
    +--+----------------------------+-------+---------+---------+
       Total:                       14      360       904    
                                                             
    C:/Users/amartinezacosta/workspace_v9/freertos_builds_MSP_EXP432P401R_release_ccs/Debug/freertos_builds_MSP_EXP432P401R_release_ccs.lib
       heap_4.obj                   912     0         65600  
       tasks.obj                    4296    0         720    
       HwiPMSP432_freertos.obj      332     0         4104   
       queue.obj                    3108    0         0      
       timers.obj                   1562    0         120    
       pthread.obj                  798     6         40     
       port.obj                     764     8         48     
       ClockP_freertos.obj          598     0         8      
       startup_msp432_ccs.obj       26      324       0      
       list.obj                     298     0         0      
       portasm.obj                  218     0         0      
       SemaphoreP_freertos.obj      206     0         0      
       PowerMSP432_freertos.obj     80      0         0      
       aeabi_portable.obj           64      0         8      
       PTLS.obj                     70      0         0      
    +--+----------------------------+-------+---------+---------+
       Total:                       13332   338       70648  
                                                             
    C:/ti/simplelink_msp432p4_sdk_3_40_01_02/source/ti/devices/msp432p4xx/driverlib/ccs/msp432p4xx_driverlib.lib
       cs.o                         1522    0         16     
       interrupt.o                  462     96        464    
       uart.o                       284     0         0      
       sysctl_a.o                   212     0         0      
       i2c.o                        108     0         0      
       cpu.o                        24      0         0      
       sysctl.o                     16      0         0      
    +--+----------------------------+-------+---------+---------+
       Total:                       2628    96        480    
                                                             
    C:/ti/simplelink_msp432p4_sdk_3_40_01_02/source/ti/drivers/lib/drivers_msp432p401x.aem4f
       UARTMSP432.oem4f             3406    81        0      
       PowerMSP432.oem4f            2196    0         728    
       I2CMSP432.oem4f              2028    36        0      
       TimerMSP432.oem4f            1806    124       56     
       UART.oem4f                   166     36        2      
       I2C.oem4f                    172     16        2      
       RingBuf.oem4f                184     0         0      
       Timer.oem4f                  158     12        2      
       List.oem4f                   76      0         0      
    +--+----------------------------+-------+---------+---------+
       Total:                       10192   305       790    
                                                             
    C:\ti\ccs930\ccs\tools\compiler\ti-cgt-arm_18.12.4.LTS\lib\rtsv7M4_T_le_v4SPD16_eabi.lib
       fd_add_t2.asm.obj            438     0         0      
       s_atanf.c.obj                336     52        0      
       e_atan2f.c.obj               344     0         0      
       e_sqrt.c.obj                 344     0         0      
       fd_div_t2.asm.obj            310     0         0      
       fd_mul_t2.asm.obj            252     0         0      
       memcpy_t2.asm.obj            156     0         0      
       memset_t2.asm.obj            122     0         0      
       fd_tos_t2.asm.obj            110     0         0      
       copy_decompress_lzss.c.obj   104     0         0      
       autoinit.c.obj               68      0         0      
       fs_tod_t2.asm.obj            56      0         0      
       boot_cortex_m.c.obj          52      0         0      
       u_tofd_t2.asm.obj            32      0         0      
       copy_decompress_none.c.obj   14      0         0      
       copy_zero_init.c.obj         12      0         0      
       exit.c.obj                   4       0         0      
       pre_init.c.obj               4       0         0      
    +--+----------------------------+-------+---------+---------+
       Total:                       2758    52        0      
                                                             
       Stack:                       0       0         2048   
       Linker Generated:            0       200       0      
    +--+----------------------------+-------+---------+---------+
       Grand Total:                 32538   1415      74920  


LINKER GENERATED COPY TABLES

__TI_cinit_table @ 000084a0 records: 3, size/record: 8, table size: 24
	.data: load addr=000083f0, load size=00000094 bytes, run addr=20008350, run size=00000a1c bytes, compression=lzss
	.bss: load addr=00008490, load size=00000008 bytes, run addr=20000000, run size=00008350 bytes, compression=zero_init
	.vtable: load addr=00008498, load size=00000008 bytes, run addr=20009000, run size=000000e8 bytes, compression=zero_init


LINKER GENERATED HANDLER TABLE

__TI_handler_table @ 00008484 records: 3, size/record: 4, table size: 12
	index: 0, handler: __TI_decompress_lzss
	index: 1, handler: __TI_decompress_none
	index: 2, handler: __TI_zero_init


GLOBAL SYMBOLS: SORTED ALPHABETICALLY BY Name 

address   name                               
-------   ----                               
00007f91  Board_init                         
000016d7  Board_initHook                     
00008069  C$$EXIT                            
00007f9d  CPU_cpsid                          
00007fa9  CPU_cpsie                          
000075ed  CS_clearInterruptFlag              
00003025  CS_getDCOFrequency                 
000077ed  CS_getMCLK                         
00007ae9  CS_setExternalClockSourceFrequency 
000032fd  CS_startHFXTWithTimeout            
000033e1  CS_startLFXTWithTimeout            
00007c21  ClockP_Params_init                 
000070d5  ClockP_callbackFxn                 
00004bf1  ClockP_create                      
000066f5  ClockP_delete                      
00007d59  ClockP_setTimeout                  
00007ba9  ClockP_start                       
00006181  ClockP_stop                        
00007bc7  HwiP_Params_init                   
000062ad  HwiP_create                        
00007ebd  HwiP_delete                        
0000773d  HwiP_disable                       
00006afd  HwiP_dispatch                      
20008350  HwiP_dispatchTable                 
00007815  HwiP_inISR                         
00007b09  HwiP_restore                       
00004757  I2CMSP432_cancel                   
00005b11  I2CMSP432_close                    
00008059  I2CMSP432_control                  
00008314  I2CMSP432_fxnTable                 
00001553  I2CMSP432_hwiIntFxn                
00002b23  I2CMSP432_init                     
00000e19  I2CMSP432_open                     
0000311d  I2CMSP432_transfer                 
00007ef5  I2C_Params_init                    
00008378  I2C_config                         
000083e4  I2C_count                          
00008358  I2C_defaultParams                  
00006d3d  I2C_init                           
00005ea5  I2C_masterSendMultiByteFinish      
00006ed5  I2C_open                           
00007ce1  I2C_transfer                       
000055c1  Interrupt_disableInterrupt         
00005641  Interrupt_enableInterrupt          
000063cd  Interrupt_registerInterrupt        
00006749  Interrupt_setPriority              
00007c3d  Interrupt_unregisterInterrupt      
00007955  List_put                           
0000797b  List_remove                        
00007d6f  MPU6050_accelerometer_range        
20008d5f  MPU6050_address                    
00007d85  MPU6050_gyroscope_range            
000072b9  MPU6050_init                       
00006b45  MPU6050_raw_accelerometer          
00006b8d  MPU6050_raw_gyroscope              
00007a15  MPU6050_read_byte                  
00007d9b  MPU6050_set_clock                  
00007e09  MPU6050_sleep                      
00007ffd  MPU6050_who                        
00005f11  MPU6050_write_bit                  
00004c91  MPU6050_write_bits                 
20008348  MPU9250_handle                     
00007db1  PTLS_getBuf                        
00007dc7  PTLS_setBuf                        
00007cad  PTLS_taskDeleteHook                
000083e5  PWM_count                          
000081e4  PowerMSP432_config                 
00005f7d  PowerMSP432_getFreqs               
00007f05  PowerMSP432_getNumPerfLevels       
00003d37  PowerMSP432_initPolicy             
20008cc4  PowerMSP432_module                 
20008b50  PowerMSP432_perfLevels             
0000727d  PowerMSP432_sleepPolicy            
00008007  PowerMSP432_updateFreqs            
00007fb5  Power_getConstraintMask            
00007fc1  Power_getPerformanceLevel          
00007e1d  Power_idleFunc                     
00004dd1  Power_init                         
0000783d  Power_registerNotify               
00006bd5  Power_releaseConstraint            
000072f1  Power_setConstraint                
000005c9  Power_sleep                        
00007b29  Power_unregisterNotify             
00007ecf  PrintChar                          
00001b41  PrintFloat                         
000053a5  PrintInteger                       
00007be5  PrintString                        
00006c1d  QMC5883_init                       
00006c65  QMC5883_raw_magnetometer           
00007c59  QMC5883_read_byte                  
000074b1  QMC5883_set_measurement            
00007ddd  QMC5883_set_range                  
00007329  QMC5883_set_rate                   
00007361  QMC5883_set_samples                
000079a1  QMC5883_write_byte                 
00007ee1  RingBuf_construct                  
00006f15  RingBuf_get                        
00007b49  RingBuf_peek                       
00006cf5  RingBuf_put                        
00007df3  SemaphoreP_Params_init             
00006649  SemaphoreP_create                  
00007fcd  SemaphoreP_delete                  
0000751d  SemaphoreP_pend                    
00007aa5  SemaphoreP_post                    
00007cf9  SysCtl_A_disableNMISource          
00007d11  SysCtl_A_enableNMISource           
00007f15  SysCtl_A_getNMISourceStatus        
00005041  SysCtl_A_getTLVInfo                
00007f25  SysCtl_getNMISourceStatus          
00008368  TimerMSP432HWAttrs                 
0000829c  TimerMSP432_Timer32_fxnTable       
000059a9  TimerMSP432_allocateTimerResource  
000068e5  TimerMSP432_close                  
0000805f  TimerMSP432_control                
0000679d  TimerMSP432_freeTimerResource      
00007399  TimerMSP432_getCount               
00003f83  TimerMSP432_init                   
000020a1  TimerMSP432_open                   
00003f85  TimerMSP432_setPeriod              
00003d39  TimerMSP432_start                  
0000528d  TimerMSP432_stop                   
00007f35  Timer_Params_init                  
00008384  Timer_config                       
000083e6  Timer_count                        
00006d81  Timer_init                         
00006f55  Timer_open                         
00008011  Timer_start                        
00007f75  UARTDEBUG_init                     
000035a1  UARTDEBUG_printf                   
00005169  UARTMSP432_close                   
000043e1  UARTMSP432_control                 
00008250  UARTMSP432_fxnTable                
00003c6d  UARTMSP432_hwiIntFxn               
000048ab  UARTMSP432_init                    
000008c1  UARTMSP432_open                    
00006f95  UARTMSP432_read                    
000074e7  UARTMSP432_readCancel              
0000367d  UARTMSP432_readPolling             
00004803  UARTMSP432_write                   
00005ce5  UARTMSP432_writeCancel             
00004495  UARTMSP432_writePolling            
00007d29  UART_Params_init                   
0000832c  UART_config                        
000083e7  UART_count                         
00008278  UART_defaultParams                 
20008338  UART_handles                       
00006dc5  UART_init                          
000026c5  UART_initModule                    
00006fd5  UART_open                          
0000801b  UART_write                         
4000480c  WDTCTL_SYM                         
20010000  __STACK_END                        
00000400  __STACK_SIZE                       
000084a0  __TI_CINIT_Base                    
000084b8  __TI_CINIT_Limit                   
00008484  __TI_Handler_Table_Base            
00008490  __TI_Handler_Table_Limit           
00006e09  __TI_auto_init_nobinit_nopinit     
00005fe5  __TI_decompress_lzss               
00007f83  __TI_decompress_none               
ffffffff  __TI_pprof_out_hndl                
ffffffff  __TI_prof_data_size                
ffffffff  __TI_prof_data_start               
000083f0  __TI_static_base__                 
00007fd9  __TI_zero_init                     
00005e35  __aeabi_d2f                        
000013a7  __aeabi_dadd                       
00002465  __aeabi_ddiv                       
00002e2d  __aeabi_dmul                       
0000139d  __aeabi_dsub                       
00007015  __aeabi_errno_addr                 
00007479  __aeabi_f2d                        
000058b3  __aeabi_memclr                     
000058b3  __aeabi_memclr4                    
000058b3  __aeabi_memclr8                    
00004e6d  __aeabi_memcpy                     
00004e6d  __aeabi_memcpy4                    
00004e6d  __aeabi_memcpy8                    
000058b5  __aeabi_memset                     
000058b5  __aeabi_memset4                    
000058b5  __aeabi_memset8                    
00007b89  __aeabi_ui2d                       
ffffffff  __binit__                          
ffffffff  __c_args__                         
UNDEFED   __mpu_init                         
2000fc00  __stack                            
00007551  _c_int00_noargs                    
000079c7  _pthread_cleanup_pop               
UNDEFED   _system_post_cinit                 
00008065  _system_pre_init                   
00008069  abort                              
00001ca1  atan2f                             
00001f51  atanf                              
ffffffff  binit                              
20009000  g_pfnRAMVectors                    
00008344  i2cMSP432HWAttrs                   
200081c8  i2cMSP432Objects                   
00005b89  i2c_dev_init                       
00006895  i2c_dev_read                       
00006935  i2c_dev_write                      
20008d6b  i2c_initialized                    
00000000  interruptVectors                   
00005d55  main                               
00000145  mainThread                         
00004e6d  memcpy                             
000058bb  memset                             
00007fe5  millis                             
00007c75  pthread_attr_init                  
00007ac7  pthread_attr_setdetachstate        
000078dd  pthread_attr_setschedparam         
00007e59  pthread_attr_setstacksize          
0000232d  pthread_create                     
00006485  pthread_exit                       
00007e6d  pthread_self                       
00007113  pthread_setcancelstate             
000016d9  pvPortMalloc                       
000071c9  pvTaskGetThreadLocalStoragePointer 
00007c91  pvTaskIncrementMutexHeldCount      
0000770d  pvTimerGetTimerID                  
20008c90  pxCurrentTCB                       
0000630d  pxPortInitialiseStack              
00007e81  resetISR                           
00001df9  sqrt                               
00001df9  sqrtl                              
000064e1  time_dev_init                      
2000834c  timer                              
20008218  timerMSP432Objects                 
00007d41  timer_dev_callback                 
20008d58  timer_millis                       
20008d5c  timer_open                         
20008000  uartMSP432Objects                  
000083cc  uart_configs                       
000057bd  uart_dev_init                      
00007905  uart_dev_write                     
20008d5d  uart_open                          
000083b4  ulMaxSyscallInterruptPriority      
00003921  ulPortGetIPSR                      
00006cad  uxListRemove                       
00005ea3  vApplicationMallocFailedHook       
00008025  vApplicationStackOverflowHook      
0000767d  vListInitialise                    
00007f55  vListInitialiseItem                
0000611b  vListInsert                        
00007205  vListInsertEnd                     
000039dd  vPortEnableVFP                     
00006a65  vPortEnterCritical                 
000076ad  vPortExitCritical                  
000049fd  vPortFree                          
00003999  vPortSVCHandler                    
00005a99  vPortSetupTimerInterrupt           
000039b9  vPortStartFirstTask                
0000802f  vPortSuppressTicksAndSleep         
00005c71  vPortValidateInterruptPriority     
00007a5d  vQueueDelete                       
0000653d  vQueueWaitForMessageRestricted     
00002d2d  vTaskDelete                        
00007a81  vTaskInternalSetTimeOutState       
00007ff1  vTaskMissedYield                   
000075b9  vTaskPlaceOnEventList              
00007095  vTaskPlaceOnEventListRestricted    
00002c29  vTaskPriorityDisinheritAfterTimeout
00007795  vTaskSetApplicationTaskTag         
00006ab1  vTaskSetThreadLocalStoragePointer  
000050d5  vTaskStartScheduler                
00002f29  vTaskSuspend                       
00007f65  vTaskSuspendAll                    
00003835  vTaskSwitchContext                 
00003939  xPortPendSVHandler                 
00003b9d  xPortStartScheduler                
000077c1  xPortSysTickHandler                
000065f1  xQueueCreateCountingSemaphore      
0000636d  xQueueGenericCreate                
00004329  xQueueGenericReset                 
000011e5  xQueueGenericSend                  
00002a19  xQueueGenericSendFromISR           
0000320d  xQueueGiveFromISR                  
0000185d  xQueueReceive                      
000039eb  xQueueReceiveFromISR               
00001011  xQueueSemaphoreTake                
000045f9  xTaskCheckForTimeOut               
0000592d  xTaskCreate                        
0000792d  xTaskGetApplicationTaskTag         
00007e95  xTaskGetCurrentTaskHandle          
000076dd  xTaskGetSchedulerState             
00007ea9  xTaskGetTickCount                  
000021ed  xTaskIncrementTick                 
000034c1  xTaskPriorityDisinherit            
00003ac5  xTaskPriorityInherit               
00004aa5  xTaskRemoveFromEventList           
000028fd  xTaskResumeAll                     
00007241  xTimerCreate                       
000067f1  xTimerCreateTimerTask              
0000553d  xTimerGenericCommand               


GLOBAL SYMBOLS: SORTED BY Symbol Address 

address   name                               
-------   ----                               
00000000  interruptVectors                   
00000145  mainThread                         
00000400  __STACK_SIZE                       
000005c9  Power_sleep                        
000008c1  UARTMSP432_open                    
00000e19  I2CMSP432_open                     
00001011  xQueueSemaphoreTake                
000011e5  xQueueGenericSend                  
0000139d  __aeabi_dsub                       
000013a7  __aeabi_dadd                       
00001553  I2CMSP432_hwiIntFxn                
000016d7  Board_initHook                     
000016d9  pvPortMalloc                       
0000185d  xQueueReceive                      
00001b41  PrintFloat                         
00001ca1  atan2f                             
00001df9  sqrt                               
00001df9  sqrtl                              
00001f51  atanf                              
000020a1  TimerMSP432_open                   
000021ed  xTaskIncrementTick                 
0000232d  pthread_create                     
00002465  __aeabi_ddiv                       
000026c5  UART_initModule                    
000028fd  xTaskResumeAll                     
00002a19  xQueueGenericSendFromISR           
00002b23  I2CMSP432_init                     
00002c29  vTaskPriorityDisinheritAfterTimeout
00002d2d  vTaskDelete                        
00002e2d  __aeabi_dmul                       
00002f29  vTaskSuspend                       
00003025  CS_getDCOFrequency                 
0000311d  I2CMSP432_transfer                 
0000320d  xQueueGiveFromISR                  
000032fd  CS_startHFXTWithTimeout            
000033e1  CS_startLFXTWithTimeout            
000034c1  xTaskPriorityDisinherit            
000035a1  UARTDEBUG_printf                   
0000367d  UARTMSP432_readPolling             
00003835  vTaskSwitchContext                 
00003921  ulPortGetIPSR                      
00003939  xPortPendSVHandler                 
00003999  vPortSVCHandler                    
000039b9  vPortStartFirstTask                
000039dd  vPortEnableVFP                     
000039eb  xQueueReceiveFromISR               
00003ac5  xTaskPriorityInherit               
00003b9d  xPortStartScheduler                
00003c6d  UARTMSP432_hwiIntFxn               
00003d37  PowerMSP432_initPolicy             
00003d39  TimerMSP432_start                  
00003f83  TimerMSP432_init                   
00003f85  TimerMSP432_setPeriod              
00004329  xQueueGenericReset                 
000043e1  UARTMSP432_control                 
00004495  UARTMSP432_writePolling            
000045f9  xTaskCheckForTimeOut               
00004757  I2CMSP432_cancel                   
00004803  UARTMSP432_write                   
000048ab  UARTMSP432_init                    
000049fd  vPortFree                          
00004aa5  xTaskRemoveFromEventList           
00004bf1  ClockP_create                      
00004c91  MPU6050_write_bits                 
00004dd1  Power_init                         
00004e6d  __aeabi_memcpy                     
00004e6d  __aeabi_memcpy4                    
00004e6d  __aeabi_memcpy8                    
00004e6d  memcpy                             
00005041  SysCtl_A_getTLVInfo                
000050d5  vTaskStartScheduler                
00005169  UARTMSP432_close                   
0000528d  TimerMSP432_stop                   
000053a5  PrintInteger                       
0000553d  xTimerGenericCommand               
000055c1  Interrupt_disableInterrupt         
00005641  Interrupt_enableInterrupt          
000057bd  uart_dev_init                      
000058b3  __aeabi_memclr                     
000058b3  __aeabi_memclr4                    
000058b3  __aeabi_memclr8                    
000058b5  __aeabi_memset                     
000058b5  __aeabi_memset4                    
000058b5  __aeabi_memset8                    
000058bb  memset                             
0000592d  xTaskCreate                        
000059a9  TimerMSP432_allocateTimerResource  
00005a99  vPortSetupTimerInterrupt           
00005b11  I2CMSP432_close                    
00005b89  i2c_dev_init                       
00005c71  vPortValidateInterruptPriority     
00005ce5  UARTMSP432_writeCancel             
00005d55  main                               
00005e35  __aeabi_d2f                        
00005ea3  vApplicationMallocFailedHook       
00005ea5  I2C_masterSendMultiByteFinish      
00005f11  MPU6050_write_bit                  
00005f7d  PowerMSP432_getFreqs               
00005fe5  __TI_decompress_lzss               
0000611b  vListInsert                        
00006181  ClockP_stop                        
000062ad  HwiP_create                        
0000630d  pxPortInitialiseStack              
0000636d  xQueueGenericCreate                
000063cd  Interrupt_registerInterrupt        
00006485  pthread_exit                       
000064e1  time_dev_init                      
0000653d  vQueueWaitForMessageRestricted     
000065f1  xQueueCreateCountingSemaphore      
00006649  SemaphoreP_create                  
000066f5  ClockP_delete                      
00006749  Interrupt_setPriority              
0000679d  TimerMSP432_freeTimerResource      
000067f1  xTimerCreateTimerTask              
00006895  i2c_dev_read                       
000068e5  TimerMSP432_close                  
00006935  i2c_dev_write                      
00006a65  vPortEnterCritical                 
00006ab1  vTaskSetThreadLocalStoragePointer  
00006afd  HwiP_dispatch                      
00006b45  MPU6050_raw_accelerometer          
00006b8d  MPU6050_raw_gyroscope              
00006bd5  Power_releaseConstraint            
00006c1d  QMC5883_init                       
00006c65  QMC5883_raw_magnetometer           
00006cad  uxListRemove                       
00006cf5  RingBuf_put                        
00006d3d  I2C_init                           
00006d81  Timer_init                         
00006dc5  UART_init                          
00006e09  __TI_auto_init_nobinit_nopinit     
00006ed5  I2C_open                           
00006f15  RingBuf_get                        
00006f55  Timer_open                         
00006f95  UARTMSP432_read                    
00006fd5  UART_open                          
00007015  __aeabi_errno_addr                 
00007095  vTaskPlaceOnEventListRestricted    
000070d5  ClockP_callbackFxn                 
00007113  pthread_setcancelstate             
000071c9  pvTaskGetThreadLocalStoragePointer 
00007205  vListInsertEnd                     
00007241  xTimerCreate                       
0000727d  PowerMSP432_sleepPolicy            
000072b9  MPU6050_init                       
000072f1  Power_setConstraint                
00007329  QMC5883_set_rate                   
00007361  QMC5883_set_samples                
00007399  TimerMSP432_getCount               
00007479  __aeabi_f2d                        
000074b1  QMC5883_set_measurement            
000074e7  UARTMSP432_readCancel              
0000751d  SemaphoreP_pend                    
00007551  _c_int00_noargs                    
000075b9  vTaskPlaceOnEventList              
000075ed  CS_clearInterruptFlag              
0000767d  vListInitialise                    
000076ad  vPortExitCritical                  
000076dd  xTaskGetSchedulerState             
0000770d  pvTimerGetTimerID                  
0000773d  HwiP_disable                       
00007795  vTaskSetApplicationTaskTag         
000077c1  xPortSysTickHandler                
000077ed  CS_getMCLK                         
00007815  HwiP_inISR                         
0000783d  Power_registerNotify               
000078dd  pthread_attr_setschedparam         
00007905  uart_dev_write                     
0000792d  xTaskGetApplicationTaskTag         
00007955  List_put                           
0000797b  List_remove                        
000079a1  QMC5883_write_byte                 
000079c7  _pthread_cleanup_pop               
00007a15  MPU6050_read_byte                  
00007a5d  vQueueDelete                       
00007a81  vTaskInternalSetTimeOutState       
00007aa5  SemaphoreP_post                    
00007ac7  pthread_attr_setdetachstate        
00007ae9  CS_setExternalClockSourceFrequency 
00007b09  HwiP_restore                       
00007b29  Power_unregisterNotify             
00007b49  RingBuf_peek                       
00007b89  __aeabi_ui2d                       
00007ba9  ClockP_start                       
00007bc7  HwiP_Params_init                   
00007be5  PrintString                        
00007c21  ClockP_Params_init                 
00007c3d  Interrupt_unregisterInterrupt      
00007c59  QMC5883_read_byte                  
00007c75  pthread_attr_init                  
00007c91  pvTaskIncrementMutexHeldCount      
00007cad  PTLS_taskDeleteHook                
00007ce1  I2C_transfer                       
00007cf9  SysCtl_A_disableNMISource          
00007d11  SysCtl_A_enableNMISource           
00007d29  UART_Params_init                   
00007d41  timer_dev_callback                 
00007d59  ClockP_setTimeout                  
00007d6f  MPU6050_accelerometer_range        
00007d85  MPU6050_gyroscope_range            
00007d9b  MPU6050_set_clock                  
00007db1  PTLS_getBuf                        
00007dc7  PTLS_setBuf                        
00007ddd  QMC5883_set_range                  
00007df3  SemaphoreP_Params_init             
00007e09  MPU6050_sleep                      
00007e1d  Power_idleFunc                     
00007e59  pthread_attr_setstacksize          
00007e6d  pthread_self                       
00007e81  resetISR                           
00007e95  xTaskGetCurrentTaskHandle          
00007ea9  xTaskGetTickCount                  
00007ebd  HwiP_delete                        
00007ecf  PrintChar                          
00007ee1  RingBuf_construct                  
00007ef5  I2C_Params_init                    
00007f05  PowerMSP432_getNumPerfLevels       
00007f15  SysCtl_A_getNMISourceStatus        
00007f25  SysCtl_getNMISourceStatus          
00007f35  Timer_Params_init                  
00007f55  vListInitialiseItem                
00007f65  vTaskSuspendAll                    
00007f75  UARTDEBUG_init                     
00007f83  __TI_decompress_none               
00007f91  Board_init                         
00007f9d  CPU_cpsid                          
00007fa9  CPU_cpsie                          
00007fb5  Power_getConstraintMask            
00007fc1  Power_getPerformanceLevel          
00007fcd  SemaphoreP_delete                  
00007fd9  __TI_zero_init                     
00007fe5  millis                             
00007ff1  vTaskMissedYield                   
00007ffd  MPU6050_who                        
00008007  PowerMSP432_updateFreqs            
00008011  Timer_start                        
0000801b  UART_write                         
00008025  vApplicationStackOverflowHook      
0000802f  vPortSuppressTicksAndSleep         
00008059  I2CMSP432_control                  
0000805f  TimerMSP432_control                
00008065  _system_pre_init                   
00008069  C$$EXIT                            
00008069  abort                              
000081e4  PowerMSP432_config                 
00008250  UARTMSP432_fxnTable                
00008278  UART_defaultParams                 
0000829c  TimerMSP432_Timer32_fxnTable       
00008314  I2CMSP432_fxnTable                 
0000832c  UART_config                        
00008344  i2cMSP432HWAttrs                   
00008358  I2C_defaultParams                  
00008368  TimerMSP432HWAttrs                 
00008378  I2C_config                         
00008384  Timer_config                       
000083b4  ulMaxSyscallInterruptPriority      
000083cc  uart_configs                       
000083e4  I2C_count                          
000083e5  PWM_count                          
000083e6  Timer_count                        
000083e7  UART_count                         
000083f0  __TI_static_base__                 
00008484  __TI_Handler_Table_Base            
00008490  __TI_Handler_Table_Limit           
000084a0  __TI_CINIT_Base                    
000084b8  __TI_CINIT_Limit                   
20008000  uartMSP432Objects                  
200081c8  i2cMSP432Objects                   
20008218  timerMSP432Objects                 
20008338  UART_handles                       
20008348  MPU9250_handle                     
2000834c  timer                              
20008350  HwiP_dispatchTable                 
20008b50  PowerMSP432_perfLevels             
20008c90  pxCurrentTCB                       
20008cc4  PowerMSP432_module                 
20008d58  timer_millis                       
20008d5c  timer_open                         
20008d5d  uart_open                          
20008d5f  MPU6050_address                    
20008d6b  i2c_initialized                    
20009000  g_pfnRAMVectors                    
2000fc00  __stack                            
20010000  __STACK_END                        
4000480c  WDTCTL_SYM                         
ffffffff  __TI_pprof_out_hndl                
ffffffff  __TI_prof_data_size                
ffffffff  __TI_prof_data_start               
ffffffff  __binit__                          
ffffffff  __c_args__                         
ffffffff  binit                              
UNDEFED   __mpu_init                         
UNDEFED   _system_post_cinit                 

[293 symbols]
