<?xml version="1.0" encoding="ISO-8859-1" ?>
<link_info>
   <banner>TI ARM Linker PC v18.12.4.LTS</banner>
   <copyright>Copyright (c) 1996-2018 Texas Instruments Incorporated</copyright>
   <link_time>0x5f6b89a0</link_time>
   <link_errors>0x0</link_errors>
   <output_file>Quadcopter_HAL.out</output_file>
   <entry_point>
      <name>resetISR</name>
      <address>0x72c1</address>
   </entry_point>
   <input_file_list>
      <input_file id="fl-2">
         <path>.\</path>
         <kind>object</kind>
         <file>BME280.obj</file>
         <name>BME280.obj</name>
      </input_file>
      <input_file id="fl-3">
         <path>.\</path>
         <kind>object</kind>
         <file>GPS.obj</file>
         <name>GPS.obj</name>
      </input_file>
      <input_file id="fl-4">
         <path>.\</path>
         <kind>object</kind>
         <file>MPU6050.obj</file>
         <name>MPU6050.obj</name>
      </input_file>
      <input_file id="fl-5">
         <path>.\</path>
         <kind>object</kind>
         <file>MPU9250.obj</file>
         <name>MPU9250.obj</name>
      </input_file>
      <input_file id="fl-6">
         <path>.\</path>
         <kind>object</kind>
         <file>UARTDEBUG.obj</file>
         <name>UARTDEBUG.obj</name>
      </input_file>
      <input_file id="fl-7">
         <path>.\syscfg\</path>
         <kind>object</kind>
         <file>ti_drivers_config.obj</file>
         <name>ti_drivers_config.obj</name>
      </input_file>
      <input_file id="fl-8">
         <path>.\</path>
         <kind>object</kind>
         <file>hal_main.obj</file>
         <name>hal_main.obj</name>
      </input_file>
      <input_file id="fl-9">
         <path>.\</path>
         <kind>object</kind>
         <file>madgwick.obj</file>
         <name>madgwick.obj</name>
      </input_file>
      <input_file id="fl-a">
         <path>.\</path>
         <kind>object</kind>
         <file>main.obj</file>
         <name>main.obj</name>
      </input_file>
      <input_file id="fl-b">
         <path>.\</path>
         <kind>object</kind>
         <file>servo.obj</file>
         <name>servo.obj</name>
      </input_file>
      <input_file id="fl-c">
         <path>.\EasyHal\</path>
         <kind>object</kind>
         <file>adc_dev.obj</file>
         <name>adc_dev.obj</name>
      </input_file>
      <input_file id="fl-d">
         <path>.\EasyHal\</path>
         <kind>object</kind>
         <file>i2c_dev.obj</file>
         <name>i2c_dev.obj</name>
      </input_file>
      <input_file id="fl-e">
         <path>.\EasyHal\</path>
         <kind>object</kind>
         <file>pwm_dev.obj</file>
         <name>pwm_dev.obj</name>
      </input_file>
      <input_file id="fl-f">
         <path>.\EasyHal\</path>
         <kind>object</kind>
         <file>spi_dev.obj</file>
         <name>spi_dev.obj</name>
      </input_file>
      <input_file id="fl-10">
         <path>.\EasyHal\</path>
         <kind>object</kind>
         <file>time_dev.obj</file>
         <name>time_dev.obj</name>
      </input_file>
      <input_file id="fl-11">
         <path>.\EasyHal\</path>
         <kind>object</kind>
         <file>uart_dev.obj</file>
         <name>uart_dev.obj</name>
      </input_file>
      <input_file id="fl-1c">
         <kind>object</kind>
         <file>&lt;internal&gt;</file>
         <name>&lt;internal&gt;</name>
      </input_file>
      <input_file id="fl-1d">
         <path>C:\ti\simplelink_msp432p4_sdk_3_40_01_02\source\ti\drivers\lib\</path>
         <kind>archive</kind>
         <file>drivers_msp432p401x.aem4f</file>
         <name>I2C.oem4f</name>
      </input_file>
      <input_file id="fl-1e">
         <path>C:\ti\simplelink_msp432p4_sdk_3_40_01_02\source\ti\drivers\lib\</path>
         <kind>archive</kind>
         <file>drivers_msp432p401x.aem4f</file>
         <name>I2CMSP432.oem4f</name>
      </input_file>
      <input_file id="fl-1f">
         <path>C:\ti\simplelink_msp432p4_sdk_3_40_01_02\source\ti\drivers\lib\</path>
         <kind>archive</kind>
         <file>drivers_msp432p401x.aem4f</file>
         <name>PowerMSP432.oem4f</name>
      </input_file>
      <input_file id="fl-20">
         <path>C:\ti\simplelink_msp432p4_sdk_3_40_01_02\source\ti\drivers\lib\</path>
         <kind>archive</kind>
         <file>drivers_msp432p401x.aem4f</file>
         <name>PWM.oem4f</name>
      </input_file>
      <input_file id="fl-21">
         <path>C:\ti\simplelink_msp432p4_sdk_3_40_01_02\source\ti\drivers\lib\</path>
         <kind>archive</kind>
         <file>drivers_msp432p401x.aem4f</file>
         <name>PWMTimerMSP432.oem4f</name>
      </input_file>
      <input_file id="fl-22">
         <path>C:\ti\simplelink_msp432p4_sdk_3_40_01_02\source\ti\drivers\lib\</path>
         <kind>archive</kind>
         <file>drivers_msp432p401x.aem4f</file>
         <name>Timer.oem4f</name>
      </input_file>
      <input_file id="fl-23">
         <path>C:\ti\simplelink_msp432p4_sdk_3_40_01_02\source\ti\drivers\lib\</path>
         <kind>archive</kind>
         <file>drivers_msp432p401x.aem4f</file>
         <name>TimerMSP432.oem4f</name>
      </input_file>
      <input_file id="fl-24">
         <path>C:\ti\simplelink_msp432p4_sdk_3_40_01_02\source\ti\drivers\lib\</path>
         <kind>archive</kind>
         <file>drivers_msp432p401x.aem4f</file>
         <name>UART.oem4f</name>
      </input_file>
      <input_file id="fl-25">
         <path>C:\ti\simplelink_msp432p4_sdk_3_40_01_02\source\ti\drivers\lib\</path>
         <kind>archive</kind>
         <file>drivers_msp432p401x.aem4f</file>
         <name>UARTMSP432.oem4f</name>
      </input_file>
      <input_file id="fl-26">
         <path>C:\ti\simplelink_msp432p4_sdk_3_40_01_02\source\ti\drivers\lib\</path>
         <kind>archive</kind>
         <file>drivers_msp432p401x.aem4f</file>
         <name>List.oem4f</name>
      </input_file>
      <input_file id="fl-27">
         <path>C:\ti\simplelink_msp432p4_sdk_3_40_01_02\source\ti\drivers\lib\</path>
         <kind>archive</kind>
         <file>drivers_msp432p401x.aem4f</file>
         <name>RingBuf.oem4f</name>
      </input_file>
      <input_file id="fl-28">
         <path>C:\Users\amartinezacosta\workspace_v9\freertos_builds_MSP_EXP432P401R_release_ccs\Debug\</path>
         <kind>archive</kind>
         <file>freertos_builds_MSP_EXP432P401R_release_ccs.lib</file>
         <name>ClockP_freertos.obj</name>
      </input_file>
      <input_file id="fl-29">
         <path>C:\Users\amartinezacosta\workspace_v9\freertos_builds_MSP_EXP432P401R_release_ccs\Debug\</path>
         <kind>archive</kind>
         <file>freertos_builds_MSP_EXP432P401R_release_ccs.lib</file>
         <name>HwiPMSP432_freertos.obj</name>
      </input_file>
      <input_file id="fl-2a">
         <path>C:\Users\amartinezacosta\workspace_v9\freertos_builds_MSP_EXP432P401R_release_ccs\Debug\</path>
         <kind>archive</kind>
         <file>freertos_builds_MSP_EXP432P401R_release_ccs.lib</file>
         <name>PowerMSP432_freertos.obj</name>
      </input_file>
      <input_file id="fl-2b">
         <path>C:\Users\amartinezacosta\workspace_v9\freertos_builds_MSP_EXP432P401R_release_ccs\Debug\</path>
         <kind>archive</kind>
         <file>freertos_builds_MSP_EXP432P401R_release_ccs.lib</file>
         <name>SemaphoreP_freertos.obj</name>
      </input_file>
      <input_file id="fl-2c">
         <path>C:\Users\amartinezacosta\workspace_v9\freertos_builds_MSP_EXP432P401R_release_ccs\Debug\</path>
         <kind>archive</kind>
         <file>freertos_builds_MSP_EXP432P401R_release_ccs.lib</file>
         <name>heap_4.obj</name>
      </input_file>
      <input_file id="fl-2d">
         <path>C:\Users\amartinezacosta\workspace_v9\freertos_builds_MSP_EXP432P401R_release_ccs\Debug\</path>
         <kind>archive</kind>
         <file>freertos_builds_MSP_EXP432P401R_release_ccs.lib</file>
         <name>queue.obj</name>
      </input_file>
      <input_file id="fl-2e">
         <path>C:\Users\amartinezacosta\workspace_v9\freertos_builds_MSP_EXP432P401R_release_ccs\Debug\</path>
         <kind>archive</kind>
         <file>freertos_builds_MSP_EXP432P401R_release_ccs.lib</file>
         <name>tasks.obj</name>
      </input_file>
      <input_file id="fl-2f">
         <path>C:\Users\amartinezacosta\workspace_v9\freertos_builds_MSP_EXP432P401R_release_ccs\Debug\</path>
         <kind>archive</kind>
         <file>freertos_builds_MSP_EXP432P401R_release_ccs.lib</file>
         <name>timers.obj</name>
      </input_file>
      <input_file id="fl-30">
         <path>C:\Users\amartinezacosta\workspace_v9\freertos_builds_MSP_EXP432P401R_release_ccs\Debug\</path>
         <kind>archive</kind>
         <file>freertos_builds_MSP_EXP432P401R_release_ccs.lib</file>
         <name>port.obj</name>
      </input_file>
      <input_file id="fl-31">
         <path>C:\Users\amartinezacosta\workspace_v9\freertos_builds_MSP_EXP432P401R_release_ccs\Debug\</path>
         <kind>archive</kind>
         <file>freertos_builds_MSP_EXP432P401R_release_ccs.lib</file>
         <name>portasm.obj</name>
      </input_file>
      <input_file id="fl-32">
         <path>C:\Users\amartinezacosta\workspace_v9\freertos_builds_MSP_EXP432P401R_release_ccs\Debug\</path>
         <kind>archive</kind>
         <file>freertos_builds_MSP_EXP432P401R_release_ccs.lib</file>
         <name>startup_msp432_ccs.obj</name>
      </input_file>
      <input_file id="fl-33">
         <path>C:\Users\amartinezacosta\workspace_v9\freertos_builds_MSP_EXP432P401R_release_ccs\Debug\</path>
         <kind>archive</kind>
         <file>freertos_builds_MSP_EXP432P401R_release_ccs.lib</file>
         <name>PTLS.obj</name>
      </input_file>
      <input_file id="fl-34">
         <path>C:\Users\amartinezacosta\workspace_v9\freertos_builds_MSP_EXP432P401R_release_ccs\Debug\</path>
         <kind>archive</kind>
         <file>freertos_builds_MSP_EXP432P401R_release_ccs.lib</file>
         <name>pthread.obj</name>
      </input_file>
      <input_file id="fl-35">
         <path>C:\Users\amartinezacosta\workspace_v9\freertos_builds_MSP_EXP432P401R_release_ccs\Debug\</path>
         <kind>archive</kind>
         <file>freertos_builds_MSP_EXP432P401R_release_ccs.lib</file>
         <name>sleep.obj</name>
      </input_file>
      <input_file id="fl-36">
         <path>C:\Users\amartinezacosta\workspace_v9\freertos_builds_MSP_EXP432P401R_release_ccs\Debug\</path>
         <kind>archive</kind>
         <file>freertos_builds_MSP_EXP432P401R_release_ccs.lib</file>
         <name>list.obj</name>
      </input_file>
      <input_file id="fl-37">
         <path>C:\Users\amartinezacosta\workspace_v9\freertos_builds_MSP_EXP432P401R_release_ccs\Debug\</path>
         <kind>archive</kind>
         <file>freertos_builds_MSP_EXP432P401R_release_ccs.lib</file>
         <name>aeabi_portable.obj</name>
      </input_file>
      <input_file id="fl-38">
         <path>C:\ti\simplelink_msp432p4_sdk_3_40_01_02\source\ti\devices\msp432p4xx\driverlib\ccs\</path>
         <kind>archive</kind>
         <file>msp432p4xx_driverlib.lib</file>
         <name>cpu.o</name>
      </input_file>
      <input_file id="fl-39">
         <path>C:\ti\simplelink_msp432p4_sdk_3_40_01_02\source\ti\devices\msp432p4xx\driverlib\ccs\</path>
         <kind>archive</kind>
         <file>msp432p4xx_driverlib.lib</file>
         <name>cs.o</name>
      </input_file>
      <input_file id="fl-3a">
         <path>C:\ti\simplelink_msp432p4_sdk_3_40_01_02\source\ti\devices\msp432p4xx\driverlib\ccs\</path>
         <kind>archive</kind>
         <file>msp432p4xx_driverlib.lib</file>
         <name>i2c.o</name>
      </input_file>
      <input_file id="fl-3b">
         <path>C:\ti\simplelink_msp432p4_sdk_3_40_01_02\source\ti\devices\msp432p4xx\driverlib\ccs\</path>
         <kind>archive</kind>
         <file>msp432p4xx_driverlib.lib</file>
         <name>interrupt.o</name>
      </input_file>
      <input_file id="fl-3c">
         <path>C:\ti\simplelink_msp432p4_sdk_3_40_01_02\source\ti\devices\msp432p4xx\driverlib\ccs\</path>
         <kind>archive</kind>
         <file>msp432p4xx_driverlib.lib</file>
         <name>sysctl.o</name>
      </input_file>
      <input_file id="fl-3d">
         <path>C:\ti\simplelink_msp432p4_sdk_3_40_01_02\source\ti\devices\msp432p4xx\driverlib\ccs\</path>
         <kind>archive</kind>
         <file>msp432p4xx_driverlib.lib</file>
         <name>sysctl_a.o</name>
      </input_file>
      <input_file id="fl-3e">
         <path>C:\ti\simplelink_msp432p4_sdk_3_40_01_02\source\ti\devices\msp432p4xx\driverlib\ccs\</path>
         <kind>archive</kind>
         <file>msp432p4xx_driverlib.lib</file>
         <name>uart.o</name>
      </input_file>
      <input_file id="fl-f4">
         <path>C:\ti\ccs930\ccs\tools\compiler\ti-cgt-arm_18.12.4.LTS\lib\</path>
         <kind>archive</kind>
         <file>rtsv7M4_T_le_v4SPD16_eabi.lib</file>
         <name>e_asinf.c.obj</name>
      </input_file>
      <input_file id="fl-f5">
         <path>C:\ti\ccs930\ccs\tools\compiler\ti-cgt-arm_18.12.4.LTS\lib\</path>
         <kind>archive</kind>
         <file>rtsv7M4_T_le_v4SPD16_eabi.lib</file>
         <name>e_atan2f.c.obj</name>
      </input_file>
      <input_file id="fl-f6">
         <path>C:\ti\ccs930\ccs\tools\compiler\ti-cgt-arm_18.12.4.LTS\lib\</path>
         <kind>archive</kind>
         <file>rtsv7M4_T_le_v4SPD16_eabi.lib</file>
         <name>e_sqrtf.c.obj</name>
      </input_file>
      <input_file id="fl-f7">
         <path>C:\ti\ccs930\ccs\tools\compiler\ti-cgt-arm_18.12.4.LTS\lib\</path>
         <kind>archive</kind>
         <file>rtsv7M4_T_le_v4SPD16_eabi.lib</file>
         <name>s_atanf.c.obj</name>
      </input_file>
      <input_file id="fl-f8">
         <path>C:\ti\ccs930\ccs\tools\compiler\ti-cgt-arm_18.12.4.LTS\lib\</path>
         <kind>archive</kind>
         <file>rtsv7M4_T_le_v4SPD16_eabi.lib</file>
         <name>e_pow.c.obj</name>
      </input_file>
      <input_file id="fl-f9">
         <path>C:\ti\ccs930\ccs\tools\compiler\ti-cgt-arm_18.12.4.LTS\lib\</path>
         <kind>archive</kind>
         <file>rtsv7M4_T_le_v4SPD16_eabi.lib</file>
         <name>e_sqrt.c.obj</name>
      </input_file>
      <input_file id="fl-fa">
         <path>C:\ti\ccs930\ccs\tools\compiler\ti-cgt-arm_18.12.4.LTS\lib\</path>
         <kind>archive</kind>
         <file>rtsv7M4_T_le_v4SPD16_eabi.lib</file>
         <name>s_scalbn.c.obj</name>
      </input_file>
      <input_file id="fl-fb">
         <path>C:\ti\ccs930\ccs\tools\compiler\ti-cgt-arm_18.12.4.LTS\lib\</path>
         <kind>archive</kind>
         <file>rtsv7M4_T_le_v4SPD16_eabi.lib</file>
         <name>fd_add_t2.asm.obj</name>
      </input_file>
      <input_file id="fl-fc">
         <path>C:\ti\ccs930\ccs\tools\compiler\ti-cgt-arm_18.12.4.LTS\lib\</path>
         <kind>archive</kind>
         <file>rtsv7M4_T_le_v4SPD16_eabi.lib</file>
         <name>fd_cmp_t2.asm.obj</name>
      </input_file>
      <input_file id="fl-fd">
         <path>C:\ti\ccs930\ccs\tools\compiler\ti-cgt-arm_18.12.4.LTS\lib\</path>
         <kind>archive</kind>
         <file>rtsv7M4_T_le_v4SPD16_eabi.lib</file>
         <name>fd_div_t2.asm.obj</name>
      </input_file>
      <input_file id="fl-fe">
         <path>C:\ti\ccs930\ccs\tools\compiler\ti-cgt-arm_18.12.4.LTS\lib\</path>
         <kind>archive</kind>
         <file>rtsv7M4_T_le_v4SPD16_eabi.lib</file>
         <name>fd_mul_t2.asm.obj</name>
      </input_file>
      <input_file id="fl-ff">
         <path>C:\ti\ccs930\ccs\tools\compiler\ti-cgt-arm_18.12.4.LTS\lib\</path>
         <kind>archive</kind>
         <file>rtsv7M4_T_le_v4SPD16_eabi.lib</file>
         <name>fd_tos_t2.asm.obj</name>
      </input_file>
      <input_file id="fl-100">
         <path>C:\ti\ccs930\ccs\tools\compiler\ti-cgt-arm_18.12.4.LTS\lib\</path>
         <kind>archive</kind>
         <file>rtsv7M4_T_le_v4SPD16_eabi.lib</file>
         <name>fs_tod_t2.asm.obj</name>
      </input_file>
      <input_file id="fl-101">
         <path>C:\ti\ccs930\ccs\tools\compiler\ti-cgt-arm_18.12.4.LTS\lib\</path>
         <kind>archive</kind>
         <file>rtsv7M4_T_le_v4SPD16_eabi.lib</file>
         <name>i_tofd_t2.asm.obj</name>
      </input_file>
      <input_file id="fl-102">
         <path>C:\ti\ccs930\ccs\tools\compiler\ti-cgt-arm_18.12.4.LTS\lib\</path>
         <kind>archive</kind>
         <file>rtsv7M4_T_le_v4SPD16_eabi.lib</file>
         <name>ll_mul_t2.asm.obj</name>
      </input_file>
      <input_file id="fl-103">
         <path>C:\ti\ccs930\ccs\tools\compiler\ti-cgt-arm_18.12.4.LTS\lib\</path>
         <kind>archive</kind>
         <file>rtsv7M4_T_le_v4SPD16_eabi.lib</file>
         <name>ll_tofs_t2.asm.obj</name>
      </input_file>
      <input_file id="fl-104">
         <path>C:\ti\ccs930\ccs\tools\compiler\ti-cgt-arm_18.12.4.LTS\lib\</path>
         <kind>archive</kind>
         <file>rtsv7M4_T_le_v4SPD16_eabi.lib</file>
         <name>memcpy_t2.asm.obj</name>
      </input_file>
      <input_file id="fl-105">
         <path>C:\ti\ccs930\ccs\tools\compiler\ti-cgt-arm_18.12.4.LTS\lib\</path>
         <kind>archive</kind>
         <file>rtsv7M4_T_le_v4SPD16_eabi.lib</file>
         <name>u_tofd_t2.asm.obj</name>
      </input_file>
      <input_file id="fl-106">
         <path>C:\ti\ccs930\ccs\tools\compiler\ti-cgt-arm_18.12.4.LTS\lib\</path>
         <kind>archive</kind>
         <file>rtsv7M4_T_le_v4SPD16_eabi.lib</file>
         <name>ll_div_t2.asm.obj</name>
      </input_file>
      <input_file id="fl-107">
         <path>C:\ti\ccs930\ccs\tools\compiler\ti-cgt-arm_18.12.4.LTS\lib\</path>
         <kind>archive</kind>
         <file>rtsv7M4_T_le_v4SPD16_eabi.lib</file>
         <name>ull_div_t2.asm.obj</name>
      </input_file>
      <input_file id="fl-108">
         <path>C:\ti\ccs930\ccs\tools\compiler\ti-cgt-arm_18.12.4.LTS\lib\</path>
         <kind>archive</kind>
         <file>rtsv7M4_T_le_v4SPD16_eabi.lib</file>
         <name>memset_t2.asm.obj</name>
      </input_file>
      <input_file id="fl-109">
         <path>C:\ti\ccs930\ccs\tools\compiler\ti-cgt-arm_18.12.4.LTS\lib\</path>
         <kind>archive</kind>
         <file>rtsv7M4_T_le_v4SPD16_eabi.lib</file>
         <name>copy_zero_init.c.obj</name>
      </input_file>
      <input_file id="fl-10a">
         <path>C:\ti\ccs930\ccs\tools\compiler\ti-cgt-arm_18.12.4.LTS\lib\</path>
         <kind>archive</kind>
         <file>rtsv7M4_T_le_v4SPD16_eabi.lib</file>
         <name>copy_decompress_none.c.obj</name>
      </input_file>
      <input_file id="fl-10b">
         <path>C:\ti\ccs930\ccs\tools\compiler\ti-cgt-arm_18.12.4.LTS\lib\</path>
         <kind>archive</kind>
         <file>rtsv7M4_T_le_v4SPD16_eabi.lib</file>
         <name>copy_decompress_lzss.c.obj</name>
      </input_file>
      <input_file id="fl-10c">
         <path>C:\ti\ccs930\ccs\tools\compiler\ti-cgt-arm_18.12.4.LTS\lib\</path>
         <kind>archive</kind>
         <file>rtsv7M4_T_le_v4SPD16_eabi.lib</file>
         <name>boot_cortex_m.c.obj</name>
      </input_file>
      <input_file id="fl-10d">
         <path>C:\ti\ccs930\ccs\tools\compiler\ti-cgt-arm_18.12.4.LTS\lib\</path>
         <kind>archive</kind>
         <file>rtsv7M4_T_le_v4SPD16_eabi.lib</file>
         <name>s_copysign.c.obj</name>
      </input_file>
      <input_file id="fl-10e">
         <path>C:\ti\ccs930\ccs\tools\compiler\ti-cgt-arm_18.12.4.LTS\lib\</path>
         <kind>archive</kind>
         <file>rtsv7M4_T_le_v4SPD16_eabi.lib</file>
         <name>div0.asm.obj</name>
      </input_file>
      <input_file id="fl-10f">
         <path>C:\ti\ccs930\ccs\tools\compiler\ti-cgt-arm_18.12.4.LTS\lib\</path>
         <kind>archive</kind>
         <file>rtsv7M4_T_le_v4SPD16_eabi.lib</file>
         <name>autoinit.c.obj</name>
      </input_file>
      <input_file id="fl-110">
         <path>C:\ti\ccs930\ccs\tools\compiler\ti-cgt-arm_18.12.4.LTS\lib\</path>
         <kind>archive</kind>
         <file>rtsv7M4_T_le_v4SPD16_eabi.lib</file>
         <name>pre_init.c.obj</name>
      </input_file>
      <input_file id="fl-111">
         <path>C:\ti\ccs930\ccs\tools\compiler\ti-cgt-arm_18.12.4.LTS\lib\</path>
         <kind>archive</kind>
         <file>rtsv7M4_T_le_v4SPD16_eabi.lib</file>
         <name>cpy_tbl.c.obj</name>
      </input_file>
      <input_file id="fl-112">
         <path>C:\ti\ccs930\ccs\tools\compiler\ti-cgt-arm_18.12.4.LTS\lib\</path>
         <kind>archive</kind>
         <file>rtsv7M4_T_le_v4SPD16_eabi.lib</file>
         <name>exit.c.obj</name>
      </input_file>
      <input_file id="fl-113">
         <path>C:\ti\ccs930\ccs\tools\compiler\ti-cgt-arm_18.12.4.LTS\lib\</path>
         <kind>archive</kind>
         <file>rtsv7M4_T_le_v4SPD16_eabi.lib</file>
         <name>_lock.c.obj</name>
      </input_file>
      <input_file id="fl-114">
         <path>C:\ti\ccs930\ccs\tools\compiler\ti-cgt-arm_18.12.4.LTS\lib\</path>
         <kind>archive</kind>
         <file>rtsv7M4_T_le_v4SPD16_eabi.lib</file>
         <name>args_main.c.obj</name>
      </input_file>
   </input_file_list>
   <object_component_list>
      <object_component id="oc-74b">
         <name>.text:Power_sleep</name>
         <load_address>0x144</load_address>
         <run_address>0x144</run_address>
         <size>0x2f8</size>
         <input_file_ref idref="fl-1f"/>
      </object_component>
      <object_component id="oc-547">
         <name>.text:UARTMSP432_open</name>
         <load_address>0x43c</load_address>
         <run_address>0x43c</run_address>
         <size>0x2d0</size>
         <input_file_ref idref="fl-25"/>
      </object_component>
      <object_component id="oc-35b">
         <name>.text:initPerfControl</name>
         <load_address>0x70c</load_address>
         <run_address>0x70c</run_address>
         <size>0x288</size>
         <input_file_ref idref="fl-1f"/>
      </object_component>
      <object_component id="oc-597">
         <name>.text:I2CMSP432_open</name>
         <load_address>0x994</load_address>
         <run_address>0x994</run_address>
         <size>0x1f8</size>
         <input_file_ref idref="fl-1e"/>
      </object_component>
      <object_component id="oc-a12">
         <name>.text:xQueueSemaphoreTake</name>
         <load_address>0xb8c</load_address>
         <run_address>0xb8c</run_address>
         <size>0x1d4</size>
         <input_file_ref idref="fl-2d"/>
      </object_component>
      <object_component id="oc-171">
         <name>.text:mainThread</name>
         <load_address>0xd60</load_address>
         <run_address>0xd60</run_address>
         <size>0x1bc</size>
         <input_file_ref idref="fl-8"/>
      </object_component>
      <object_component id="oc-635">
         <name>.text:xQueueGenericSend</name>
         <load_address>0xf1c</load_address>
         <run_address>0xf1c</run_address>
         <size>0x1b8</size>
         <input_file_ref idref="fl-2d"/>
      </object_component>
      <object_component id="oc-831">
         <name>.text:I2CMSP432_hwiIntFxn</name>
         <load_address>0x10d4</load_address>
         <run_address>0x10d4</run_address>
         <size>0x184</size>
         <input_file_ref idref="fl-1e"/>
      </object_component>
      <object_component id="oc-274">
         <name>.text:pvPortMalloc</name>
         <load_address>0x1258</load_address>
         <run_address>0x1258</run_address>
         <size>0x184</size>
         <input_file_ref idref="fl-2c"/>
      </object_component>
      <object_component id="oc-911">
         <name>.text:xQueueReceive</name>
         <load_address>0x13dc</load_address>
         <run_address>0x13dc</run_address>
         <size>0x180</size>
         <input_file_ref idref="fl-2d"/>
      </object_component>
      <object_component id="oc-669">
         <name>.text:prvProcessReceivedCommands</name>
         <load_address>0x155c</load_address>
         <run_address>0x155c</run_address>
         <size>0x164</size>
         <input_file_ref idref="fl-2f"/>
      </object_component>
      <object_component id="oc-4a1">
         <name>.text:PrintFloat</name>
         <load_address>0x16c0</load_address>
         <run_address>0x16c0</run_address>
         <size>0x160</size>
         <input_file_ref idref="fl-6"/>
      </object_component>
      <object_component id="oc-5c0">
         <name>.text:TimerMSP432_open</name>
         <load_address>0x1820</load_address>
         <run_address>0x1820</run_address>
         <size>0x14c</size>
         <input_file_ref idref="fl-23"/>
      </object_component>
      <object_component id="oc-b3">
         <name>.text:xTaskIncrementTick</name>
         <load_address>0x196c</load_address>
         <run_address>0x196c</run_address>
         <size>0x140</size>
         <input_file_ref idref="fl-2e"/>
      </object_component>
      <object_component id="oc-165">
         <name>.text:pthread_create</name>
         <load_address>0x1aac</load_address>
         <run_address>0x1aac</run_address>
         <size>0x138</size>
         <input_file_ref idref="fl-34"/>
      </object_component>
      <object_component id="oc-301">
         <name>.text</name>
         <load_address>0x1be4</load_address>
         <run_address>0x1be4</run_address>
         <size>0x136</size>
         <input_file_ref idref="fl-fd"/>
      </object_component>
      <object_component id="oc-3e8">
         <name>.text:prvInitialiseNewTask</name>
         <load_address>0x1d1a</load_address>
         <run_address>0x1d1a</run_address>
         <size>0x12a</size>
         <input_file_ref idref="fl-2e"/>
      </object_component>
      <object_component id="oc-9c1">
         <name>.text:UART_initModule</name>
         <load_address>0x1e44</load_address>
         <run_address>0x1e44</run_address>
         <size>0x11c</size>
         <input_file_ref idref="fl-3e"/>
      </object_component>
      <object_component id="oc-842">
         <name>.text:primeTransfer</name>
         <load_address>0x1f60</load_address>
         <run_address>0x1f60</run_address>
         <size>0x11c</size>
         <input_file_ref idref="fl-1e"/>
      </object_component>
      <object_component id="oc-2a4">
         <name>.text:xTaskResumeAll</name>
         <load_address>0x207c</load_address>
         <run_address>0x207c</run_address>
         <size>0x11c</size>
         <input_file_ref idref="fl-2e"/>
      </object_component>
      <object_component id="oc-a96">
         <name>.text:xQueueGenericSendFromISR</name>
         <load_address>0x2198</load_address>
         <run_address>0x2198</run_address>
         <size>0x10a</size>
         <input_file_ref idref="fl-2d"/>
      </object_component>
      <object_component id="oc-241">
         <name>.text:Board_initHook</name>
         <load_address>0x22a2</load_address>
         <run_address>0x22a2</run_address>
         <size>0x2</size>
         <input_file_ref idref="fl-7"/>
      </object_component>
      <object_component id="oc-918">
         <name>.text:_CSComputeCLKFrequency</name>
         <load_address>0x22a4</load_address>
         <run_address>0x22a4</run_address>
         <size>0x104</size>
         <input_file_ref idref="fl-39"/>
      </object_component>
      <object_component id="oc-b34">
         <name>.text:vTaskPriorityDisinheritAfterTimeout</name>
         <load_address>0x23a8</load_address>
         <run_address>0x23a8</run_address>
         <size>0x104</size>
         <input_file_ref idref="fl-2e"/>
      </object_component>
      <object_component id="oc-641">
         <name>.text:vTaskDelete</name>
         <load_address>0x24ac</load_address>
         <run_address>0x24ac</run_address>
         <size>0x100</size>
         <input_file_ref idref="fl-2e"/>
      </object_component>
      <object_component id="oc-63b">
         <name>.text:vTaskSuspend</name>
         <load_address>0x25ac</load_address>
         <run_address>0x25ac</run_address>
         <size>0xfc</size>
         <input_file_ref idref="fl-2e"/>
      </object_component>
      <object_component id="oc-ab6">
         <name>.text:CS_getDCOFrequency</name>
         <load_address>0x26a8</load_address>
         <run_address>0x26a8</run_address>
         <size>0xf8</size>
         <input_file_ref idref="fl-39"/>
      </object_component>
      <object_component id="oc-59d">
         <name>.text:I2CMSP432_transfer</name>
         <load_address>0x27a0</load_address>
         <run_address>0x27a0</run_address>
         <size>0xf0</size>
         <input_file_ref idref="fl-1e"/>
      </object_component>
      <object_component id="oc-a33">
         <name>.text:xQueueGiveFromISR</name>
         <load_address>0x2890</load_address>
         <run_address>0x2890</run_address>
         <size>0xf0</size>
         <input_file_ref idref="fl-2d"/>
      </object_component>
      <object_component id="oc-4ee">
         <name>.text:CS_startHFXTWithTimeout</name>
         <load_address>0x2980</load_address>
         <run_address>0x2980</run_address>
         <size>0xe4</size>
         <input_file_ref idref="fl-39"/>
      </object_component>
      <object_component id="oc-4f4">
         <name>.text:CS_startLFXTWithTimeout</name>
         <load_address>0x2a64</load_address>
         <run_address>0x2a64</run_address>
         <size>0xe0</size>
         <input_file_ref idref="fl-39"/>
      </object_component>
      <object_component id="oc-a5b">
         <name>.text:xTaskPriorityDisinherit</name>
         <load_address>0x2b44</load_address>
         <run_address>0x2b44</run_address>
         <size>0xe0</size>
         <input_file_ref idref="fl-2e"/>
      </object_component>
      <object_component id="oc-2f6">
         <name>.text:UARTDEBUG_printf</name>
         <load_address>0x2c24</load_address>
         <run_address>0x2c24</run_address>
         <size>0xdc</size>
         <input_file_ref idref="fl-6"/>
      </object_component>
      <object_component id="oc-553">
         <name>.text:UARTMSP432_readPolling</name>
         <load_address>0x2d00</load_address>
         <run_address>0x2d00</run_address>
         <size>0xdc</size>
         <input_file_ref idref="fl-25"/>
      </object_component>
      <object_component id="oc-70b">
         <name>.text:_CSGetHFXTFrequency</name>
         <load_address>0x2ddc</load_address>
         <run_address>0x2ddc</run_address>
         <size>0xdc</size>
         <input_file_ref idref="fl-39"/>
      </object_component>
      <object_component id="oc-ac">
         <name>.text:vTaskSwitchContext</name>
         <load_address>0x2eb8</load_address>
         <run_address>0x2eb8</run_address>
         <size>0xdc</size>
         <input_file_ref idref="fl-2e"/>
      </object_component>
      <object_component id="oc-60">
         <name>.text</name>
         <load_address>0x2f94</load_address>
         <run_address>0x2f94</run_address>
         <size>0xda</size>
         <input_file_ref idref="fl-31"/>
      </object_component>
      <object_component id="oc-a0c">
         <name>.text:xQueueReceiveFromISR</name>
         <load_address>0x306e</load_address>
         <run_address>0x306e</run_address>
         <size>0xd8</size>
         <input_file_ref idref="fl-2d"/>
      </object_component>
      <object_component id="oc-591">
         <name>.text:I2CMSP432_init</name>
         <load_address>0x3146</load_address>
         <run_address>0x3146</run_address>
         <size>0x2</size>
         <input_file_ref idref="fl-1e"/>
      </object_component>
      <object_component id="oc-b28">
         <name>.text:xTaskPriorityInherit</name>
         <load_address>0x3148</load_address>
         <run_address>0x3148</run_address>
         <size>0xd8</size>
         <input_file_ref idref="fl-2e"/>
      </object_component>
      <object_component id="oc-2ba">
         <name>.text:xPortStartScheduler</name>
         <load_address>0x3220</load_address>
         <run_address>0x3220</run_address>
         <size>0xd0</size>
         <input_file_ref idref="fl-30"/>
      </object_component>
      <object_component id="oc-7d3">
         <name>.text:UARTMSP432_hwiIntFxn</name>
         <load_address>0x32f0</load_address>
         <run_address>0x32f0</run_address>
         <size>0xca</size>
         <input_file_ref idref="fl-25"/>
      </object_component>
      <object_component id="oc-ad6">
         <name>.text:IntDefaultHandler</name>
         <load_address>0x33ba</load_address>
         <run_address>0x33ba</run_address>
         <size>0x2</size>
         <input_file_ref idref="fl-3b"/>
      </object_component>
      <object_component id="oc-5cc">
         <name>.text:TimerMSP432_start</name>
         <load_address>0x33bc</load_address>
         <run_address>0x33bc</run_address>
         <size>0xc8</size>
         <input_file_ref idref="fl-23"/>
      </object_component>
      <object_component id="oc-3ee">
         <name>.text:prvAddNewTaskToReadyList</name>
         <load_address>0x3484</load_address>
         <run_address>0x3484</run_address>
         <size>0xc4</size>
         <input_file_ref idref="fl-2e"/>
      </object_component>
      <object_component id="oc-8b5">
         <name>.text:prvCopyDataToQueue</name>
         <load_address>0x3548</load_address>
         <run_address>0x3548</run_address>
         <size>0xbe</size>
         <input_file_ref idref="fl-2d"/>
      </object_component>
      <object_component id="oc-525">
         <name>.text:PowerMSP432_initPolicy</name>
         <load_address>0x3606</load_address>
         <run_address>0x3606</run_address>
         <size>0x2</size>
         <input_file_ref idref="fl-2a"/>
      </object_component>
      <object_component id="oc-5c6">
         <name>.text:TimerMSP432_setPeriod</name>
         <load_address>0x3608</load_address>
         <run_address>0x3608</run_address>
         <size>0xbc</size>
         <input_file_ref idref="fl-23"/>
      </object_component>
      <object_component id="oc-3be">
         <name>.text:prvHeapInit</name>
         <load_address>0x36c4</load_address>
         <run_address>0x36c4</run_address>
         <size>0xbc</size>
         <input_file_ref idref="fl-2c"/>
      </object_component>
      <object_component id="oc-a87">
         <name>.text:prvSwitchTimerLists</name>
         <load_address>0x3780</load_address>
         <run_address>0x3780</run_address>
         <size>0xbc</size>
         <input_file_ref idref="fl-2f"/>
      </object_component>
      <object_component id="oc-7c7">
         <name>.text:initHw</name>
         <load_address>0x383c</load_address>
         <run_address>0x383c</run_address>
         <size>0xb8</size>
         <input_file_ref idref="fl-25"/>
      </object_component>
      <object_component id="oc-9f7">
         <name>.text:readTaskCallback</name>
         <load_address>0x38f4</load_address>
         <run_address>0x38f4</run_address>
         <size>0xb8</size>
         <input_file_ref idref="fl-25"/>
      </object_component>
      <object_component id="oc-5f9">
         <name>.text:xQueueGenericReset</name>
         <load_address>0x39ac</load_address>
         <run_address>0x39ac</run_address>
         <size>0xb8</size>
         <input_file_ref idref="fl-2d"/>
      </object_component>
      <object_component id="oc-53b">
         <name>.text:UARTMSP432_control</name>
         <load_address>0x3a64</load_address>
         <run_address>0x3a64</run_address>
         <size>0xb4</size>
         <input_file_ref idref="fl-25"/>
      </object_component>
      <object_component id="oc-565">
         <name>.text:UARTMSP432_writePolling</name>
         <load_address>0x3b18</load_address>
         <run_address>0x3b18</run_address>
         <size>0xb4</size>
         <input_file_ref idref="fl-25"/>
      </object_component>
      <object_component id="oc-a6b">
         <name>.text:prvAddCurrentTaskToDelayedList</name>
         <load_address>0x3bcc</load_address>
         <run_address>0x3bcc</run_address>
         <size>0xb0</size>
         <input_file_ref idref="fl-2e"/>
      </object_component>
      <object_component id="oc-8c1">
         <name>.text:xTaskCheckForTimeOut</name>
         <load_address>0x3c7c</load_address>
         <run_address>0x3c7c</run_address>
         <size>0xb0</size>
         <input_file_ref idref="fl-2e"/>
      </object_component>
      <object_component id="oc-8d3">
         <name>.text:prvUnlockQueue</name>
         <load_address>0x3d2c</load_address>
         <run_address>0x3d2c</run_address>
         <size>0xae</size>
         <input_file_ref idref="fl-2d"/>
      </object_component>
      <object_component id="oc-57f">
         <name>.text:I2CMSP432_cancel</name>
         <load_address>0x3dda</load_address>
         <run_address>0x3dda</run_address>
         <size>0xac</size>
         <input_file_ref idref="fl-1e"/>
      </object_component>
      <object_component id="oc-55f">
         <name>.text:UARTMSP432_write</name>
         <load_address>0x3e86</load_address>
         <run_address>0x3e86</run_address>
         <size>0xa8</size>
         <input_file_ref idref="fl-25"/>
      </object_component>
      <object_component id="oc-5ba">
         <name>.text:TimerMSP432_init</name>
         <load_address>0x3f2e</load_address>
         <run_address>0x3f2e</run_address>
         <size>0x2</size>
         <input_file_ref idref="fl-23"/>
      </object_component>
      <object_component id="oc-3c4">
         <name>.text:prvInsertBlockIntoFreeList</name>
         <load_address>0x3f30</load_address>
         <run_address>0x3f30</run_address>
         <size>0xa8</size>
         <input_file_ref idref="fl-2c"/>
      </object_component>
      <object_component id="oc-9e5">
         <name>.text:readTaskBlocking</name>
         <load_address>0x3fd8</load_address>
         <run_address>0x3fd8</run_address>
         <size>0xa8</size>
         <input_file_ref idref="fl-25"/>
      </object_component>
      <object_component id="oc-280">
         <name>.text:vPortFree</name>
         <load_address>0x4080</load_address>
         <run_address>0x4080</run_address>
         <size>0xa8</size>
         <input_file_ref idref="fl-2c"/>
      </object_component>
      <object_component id="oc-88c">
         <name>.text:xTaskRemoveFromEventList</name>
         <load_address>0x4128</load_address>
         <run_address>0x4128</run_address>
         <size>0xa8</size>
         <input_file_ref idref="fl-2e"/>
      </object_component>
      <object_component id="oc-861">
         <name>.text:initTimerHardware</name>
         <load_address>0x41d0</load_address>
         <run_address>0x41d0</run_address>
         <size>0xa4</size>
         <input_file_ref idref="fl-23"/>
      </object_component>
      <object_component id="oc-7bb">
         <name>.text:ClockP_create</name>
         <load_address>0x4274</load_address>
         <run_address>0x4274</run_address>
         <size>0xa0</size>
         <input_file_ref idref="fl-28"/>
      </object_component>
      <object_component id="oc-6c0">
         <name>.text:MPU6050_write_bits</name>
         <load_address>0x4314</load_address>
         <run_address>0x4314</run_address>
         <size>0xa0</size>
         <input_file_ref idref="fl-4"/>
      </object_component>
      <object_component id="oc-9fd">
         <name>.text:readIsrTextCallback</name>
         <load_address>0x43b4</load_address>
         <run_address>0x43b4</run_address>
         <size>0xa0</size>
         <input_file_ref idref="fl-25"/>
      </object_component>
      <object_component id="oc-23b">
         <name>.text:Power_init</name>
         <load_address>0x4454</load_address>
         <run_address>0x4454</run_address>
         <size>0x9c</size>
         <input_file_ref idref="fl-1f"/>
      </object_component>
      <object_component id="oc-34">
         <name>.text</name>
         <load_address>0x44f0</load_address>
         <run_address>0x44f0</run_address>
         <size>0x9c</size>
         <input_file_ref idref="fl-104"/>
      </object_component>
      <object_component id="oc-874">
         <name>.text:setT32TickCount</name>
         <load_address>0x458c</load_address>
         <run_address>0x458c</run_address>
         <size>0x9c</size>
         <input_file_ref idref="fl-23"/>
      </object_component>
      <object_component id="oc-87a">
         <name>.text:setTATickCount</name>
         <load_address>0x4628</load_address>
         <run_address>0x4628</run_address>
         <size>0x9c</size>
         <input_file_ref idref="fl-23"/>
      </object_component>
      <object_component id="oc-b57">
         <name>.text:SysCtl_A_getTLVInfo</name>
         <load_address>0x46c4</load_address>
         <run_address>0x46c4</run_address>
         <size>0x94</size>
         <input_file_ref idref="fl-3d"/>
      </object_component>
      <object_component id="oc-16b">
         <name>.text:vTaskStartScheduler</name>
         <load_address>0x4758</load_address>
         <run_address>0x4758</run_address>
         <size>0x94</size>
         <input_file_ref idref="fl-2e"/>
      </object_component>
      <object_component id="oc-535">
         <name>.text:UARTMSP432_close</name>
         <load_address>0x47ec</load_address>
         <run_address>0x47ec</run_address>
         <size>0x92</size>
         <input_file_ref idref="fl-25"/>
      </object_component>
      <object_component id="oc-9d5">
         <name>.text:writeData</name>
         <load_address>0x487e</load_address>
         <run_address>0x487e</run_address>
         <size>0x92</size>
         <input_file_ref idref="fl-25"/>
      </object_component>
      <object_component id="oc-5d2">
         <name>.text:TimerMSP432_stop</name>
         <load_address>0x4910</load_address>
         <run_address>0x4910</run_address>
         <size>0x8c</size>
         <input_file_ref idref="fl-23"/>
      </object_component>
      <object_component id="oc-9eb">
         <name>.text:readIsrTextBlocking</name>
         <load_address>0x499c</load_address>
         <run_address>0x499c</run_address>
         <size>0x8c</size>
         <input_file_ref idref="fl-25"/>
      </object_component>
      <object_component id="oc-49b">
         <name>.text:PrintInteger</name>
         <load_address>0x4a28</load_address>
         <run_address>0x4a28</run_address>
         <size>0x8a</size>
         <input_file_ref idref="fl-6"/>
      </object_component>
      <object_component id="oc-541">
         <name>.text:UARTMSP432_init</name>
         <load_address>0x4ab2</load_address>
         <run_address>0x4ab2</run_address>
         <size>0x2</size>
         <input_file_ref idref="fl-25"/>
      </object_component>
      <object_component id="oc-663">
         <name>.text:prvProcessTimerOrBlockTask</name>
         <load_address>0x4ab4</load_address>
         <run_address>0x4ab4</run_address>
         <size>0x88</size>
         <input_file_ref idref="fl-2f"/>
      </object_component>
      <object_component id="oc-973">
         <name>.text:restartHFXT</name>
         <load_address>0x4b3c</load_address>
         <run_address>0x4b3c</run_address>
         <size>0x84</size>
         <input_file_ref idref="fl-1f"/>
      </object_component>
      <object_component id="oc-90b">
         <name>.text:xTimerGenericCommand</name>
         <load_address>0x4bc0</load_address>
         <run_address>0x4bc0</run_address>
         <size>0x84</size>
         <input_file_ref idref="fl-2f"/>
      </object_component>
      <object_component id="oc-97b">
         <name>.text:Interrupt_disableInterrupt</name>
         <load_address>0x4c44</load_address>
         <run_address>0x4c44</run_address>
         <size>0x80</size>
         <input_file_ref idref="fl-3b"/>
      </object_component>
      <object_component id="oc-513">
         <name>.text:Interrupt_enableInterrupt</name>
         <load_address>0x4cc4</load_address>
         <run_address>0x4cc4</run_address>
         <size>0x80</size>
         <input_file_ref idref="fl-3b"/>
      </object_component>
      <object_component id="oc-8f8">
         <name>.text:prvProcessExpiredTimer</name>
         <load_address>0x4d44</load_address>
         <run_address>0x4d44</run_address>
         <size>0x80</size>
         <input_file_ref idref="fl-2f"/>
      </object_component>
      <object_component id="oc-b5d">
         <name>.text:_CSGetDOCFrequency</name>
         <load_address>0x4dc4</load_address>
         <run_address>0x4dc4</run_address>
         <size>0x7c</size>
         <input_file_ref idref="fl-39"/>
      </object_component>
      <object_component id="oc-454">
         <name>.text:uart_dev_init</name>
         <load_address>0x4e40</load_address>
         <run_address>0x4e40</run_address>
         <size>0x7c</size>
         <input_file_ref idref="fl-11"/>
      </object_component>
      <object_component id="oc-62f">
         <name>.text:removeThreadKeys</name>
         <load_address>0x4ebc</load_address>
         <run_address>0x4ebc</run_address>
         <size>0x7a</size>
         <input_file_ref idref="fl-34"/>
      </object_component>
      <object_component id="oc-85">
         <name>.text</name>
         <load_address>0x4f36</load_address>
         <run_address>0x4f36</run_address>
         <size>0x7a</size>
         <input_file_ref idref="fl-108"/>
      </object_component>
      <object_component id="oc-292">
         <name>.text:xTaskCreate</name>
         <load_address>0x4fb0</load_address>
         <run_address>0x4fb0</run_address>
         <size>0x7a</size>
         <input_file_ref idref="fl-2e"/>
      </object_component>
      <object_component id="oc-5a">
         <name>.text:defaultISR</name>
         <load_address>0x502a</load_address>
         <run_address>0x502a</run_address>
         <size>0x2</size>
         <input_file_ref idref="fl-32"/>
      </object_component>
      <object_component id="oc-85b">
         <name>.text:TimerMSP432_allocateTimerResource</name>
         <load_address>0x502c</load_address>
         <run_address>0x502c</run_address>
         <size>0x78</size>
         <input_file_ref idref="fl-23"/>
      </object_component>
      <object_component id="oc-905">
         <name>.text:prvInsertTimerInActiveList</name>
         <load_address>0x50a4</load_address>
         <run_address>0x50a4</run_address>
         <size>0x78</size>
         <input_file_ref idref="fl-2f"/>
      </object_component>
      <object_component id="oc-418">
         <name>.text:vPortSetupTimerInterrupt</name>
         <load_address>0x511c</load_address>
         <run_address>0x511c</run_address>
         <size>0x78</size>
         <input_file_ref idref="fl-30"/>
      </object_component>
      <object_component id="oc-585">
         <name>.text:I2CMSP432_close</name>
         <load_address>0x5194</load_address>
         <run_address>0x5194</run_address>
         <size>0x76</size>
         <input_file_ref idref="fl-1e"/>
      </object_component>
      <object_component id="oc-54">
         <name>.text:faultISR</name>
         <load_address>0x520a</load_address>
         <run_address>0x520a</run_address>
         <size>0x2</size>
         <input_file_ref idref="fl-32"/>
      </object_component>
      <object_component id="oc-45b">
         <name>.text:i2c_dev_init</name>
         <load_address>0x520c</load_address>
         <run_address>0x520c</run_address>
         <size>0x74</size>
         <input_file_ref idref="fl-d"/>
      </object_component>
      <object_component id="oc-614">
         <name>.text:prvInitialiseTaskLists</name>
         <load_address>0x5280</load_address>
         <run_address>0x5280</run_address>
         <size>0x74</size>
         <input_file_ref idref="fl-2e"/>
      </object_component>
      <object_component id="oc-b1b">
         <name>.text:vPortValidateInterruptPriority</name>
         <load_address>0x52f4</load_address>
         <run_address>0x52f4</run_address>
         <size>0x74</size>
         <input_file_ref idref="fl-30"/>
      </object_component>
      <object_component id="oc-56b">
         <name>.text:UARTMSP432_writeCancel</name>
         <load_address>0x5368</load_address>
         <run_address>0x5368</run_address>
         <size>0x70</size>
         <input_file_ref idref="fl-25"/>
      </object_component>
      <object_component id="oc-e5">
         <name>.text:main</name>
         <load_address>0x53d8</load_address>
         <run_address>0x53d8</run_address>
         <size>0x70</size>
         <input_file_ref idref="fl-a"/>
      </object_component>
      <object_component id="oc-aec">
         <name>.text:setClockObjTimeout</name>
         <load_address>0x5448</load_address>
         <run_address>0x5448</run_address>
         <size>0x70</size>
         <input_file_ref idref="fl-28"/>
      </object_component>
      <object_component id="oc-306">
         <name>.text</name>
         <load_address>0x54b8</load_address>
         <run_address>0x54b8</run_address>
         <size>0x6e</size>
         <input_file_ref idref="fl-ff"/>
      </object_component>
      <object_component id="oc-4e">
         <name>.text:nmiISR</name>
         <load_address>0x5526</load_address>
         <run_address>0x5526</run_address>
         <size>0x2</size>
         <input_file_ref idref="fl-32"/>
      </object_component>
      <object_component id="oc-a2a">
         <name>.text:I2C_masterSendMultiByteFinish</name>
         <load_address>0x5528</load_address>
         <run_address>0x5528</run_address>
         <size>0x6c</size>
         <input_file_ref idref="fl-3a"/>
      </object_component>
      <object_component id="oc-6c9">
         <name>.text:MPU6050_write_bit</name>
         <load_address>0x5594</load_address>
         <run_address>0x5594</run_address>
         <size>0x6c</size>
         <input_file_ref idref="fl-4"/>
      </object_component>
      <object_component id="oc-797">
         <name>.text:PowerMSP432_getFreqs</name>
         <load_address>0x5600</load_address>
         <run_address>0x5600</run_address>
         <size>0x68</size>
         <input_file_ref idref="fl-1f"/>
      </object_component>
      <object_component id="oc-f">
         <name>.text:decompress:lzss:__TI_decompress_lzss</name>
         <load_address>0x5668</load_address>
         <run_address>0x5668</run_address>
         <size>0x68</size>
         <input_file_ref idref="fl-10b"/>
      </object_component>
      <object_component id="oc-818">
         <name>.text:initHw</name>
         <load_address>0x56d0</load_address>
         <run_address>0x56d0</run_address>
         <size>0x68</size>
         <input_file_ref idref="fl-1e"/>
      </object_component>
      <object_component id="oc-ae5">
         <name>.text:prvInitialiseNewTimer</name>
         <load_address>0x5738</load_address>
         <run_address>0x5738</run_address>
         <size>0x66</size>
         <input_file_ref idref="fl-2f"/>
      </object_component>
      <object_component id="oc-a65">
         <name>.text:vListInsert</name>
         <load_address>0x579e</load_address>
         <run_address>0x579e</run_address>
         <size>0x66</size>
         <input_file_ref idref="fl-36"/>
      </object_component>
      <object_component id="oc-b0f">
         <name>.text:ClockP_stop</name>
         <load_address>0x5804</load_address>
         <run_address>0x5804</run_address>
         <size>0x64</size>
         <input_file_ref idref="fl-28"/>
      </object_component>
      <object_component id="oc-428">
         <name>.text:prvGetExpectedIdleTime</name>
         <load_address>0x5868</load_address>
         <run_address>0x5868</run_address>
         <size>0x64</size>
         <input_file_ref idref="fl-2e"/>
      </object_component>
      <object_component id="oc-aaa">
         <name>.text:_CSGetDividerValue</name>
         <load_address>0x58cc</load_address>
         <run_address>0x58cc</run_address>
         <size>0x62</size>
         <input_file_ref idref="fl-39"/>
      </object_component>
      <object_component id="oc-3ca">
         <name>.text:vApplicationMallocFailedHook</name>
         <load_address>0x592e</load_address>
         <run_address>0x592e</run_address>
         <size>0x2</size>
         <input_file_ref idref="fl-a"/>
      </object_component>
      <object_component id="oc-367">
         <name>.text:HwiP_create</name>
         <load_address>0x5930</load_address>
         <run_address>0x5930</run_address>
         <size>0x60</size>
         <input_file_ref idref="fl-29"/>
      </object_component>
      <object_component id="oc-60d">
         <name>.text:pxPortInitialiseStack</name>
         <load_address>0x5990</load_address>
         <run_address>0x5990</run_address>
         <size>0x60</size>
         <input_file_ref idref="fl-30"/>
      </object_component>
      <object_component id="oc-27a">
         <name>.text:xQueueGenericCreate</name>
         <load_address>0x59f0</load_address>
         <run_address>0x59f0</run_address>
         <size>0x60</size>
         <input_file_ref idref="fl-2d"/>
      </object_component>
      <object_component id="oc-507">
         <name>.text:Interrupt_registerInterrupt</name>
         <load_address>0x5a50</load_address>
         <run_address>0x5a50</run_address>
         <size>0x5c</size>
         <input_file_ref idref="fl-3b"/>
      </object_component>
      <object_component id="oc-2c0">
         <name>.text:prvIdleTask</name>
         <load_address>0x5aac</load_address>
         <run_address>0x5aac</run_address>
         <size>0x5c</size>
         <input_file_ref idref="fl-2e"/>
      </object_component>
      <object_component id="oc-3fe">
         <name>.text:pthread_exit</name>
         <load_address>0x5b08</load_address>
         <run_address>0x5b08</run_address>
         <size>0x5c</size>
         <input_file_ref idref="fl-34"/>
      </object_component>
      <object_component id="oc-2c7">
         <name>.text:time_dev_init</name>
         <load_address>0x5b64</load_address>
         <run_address>0x5b64</run_address>
         <size>0x5c</size>
         <input_file_ref idref="fl-10"/>
      </object_component>
      <object_component id="oc-8fe">
         <name>.text:vQueueWaitForMessageRestricted</name>
         <load_address>0x5bc0</load_address>
         <run_address>0x5bc0</run_address>
         <size>0x5c</size>
         <input_file_ref idref="fl-2d"/>
      </object_component>
      <object_component id="oc-9df">
         <name>.text:readIsrBinaryBlocking</name>
         <load_address>0x5c1c</load_address>
         <run_address>0x5c1c</run_address>
         <size>0x58</size>
         <input_file_ref idref="fl-25"/>
      </object_component>
      <object_component id="oc-9a5">
         <name>.text:xQueueCreateCountingSemaphore</name>
         <load_address>0x5c74</load_address>
         <run_address>0x5c74</run_address>
         <size>0x58</size>
         <input_file_ref idref="fl-2d"/>
      </object_component>
      <object_component id="oc-7af">
         <name>.text:SemaphoreP_create</name>
         <load_address>0x5ccc</load_address>
         <run_address>0x5ccc</run_address>
         <size>0x56</size>
         <input_file_ref idref="fl-2b"/>
      </object_component>
      <object_component id="oc-a24">
         <name>.text:completeTransfer</name>
         <load_address>0x5d22</load_address>
         <run_address>0x5d22</run_address>
         <size>0x56</size>
         <input_file_ref idref="fl-1e"/>
      </object_component>
      <object_component id="oc-764">
         <name>.text:ClockP_delete</name>
         <load_address>0x5d78</load_address>
         <run_address>0x5d78</run_address>
         <size>0x54</size>
         <input_file_ref idref="fl-28"/>
      </object_component>
      <object_component id="oc-50d">
         <name>.text:Interrupt_setPriority</name>
         <load_address>0x5dcc</load_address>
         <run_address>0x5dcc</run_address>
         <size>0x54</size>
         <input_file_ref idref="fl-3b"/>
      </object_component>
      <object_component id="oc-851">
         <name>.text:TimerMSP432_freeTimerResource</name>
         <load_address>0x5e20</load_address>
         <run_address>0x5e20</run_address>
         <size>0x54</size>
         <input_file_ref idref="fl-23"/>
      </object_component>
      <object_component id="oc-2b4">
         <name>.text:xTimerCreateTimerTask</name>
         <load_address>0x5e74</load_address>
         <run_address>0x5e74</run_address>
         <size>0x54</size>
         <input_file_ref idref="fl-2f"/>
      </object_component>
      <object_component id="oc-867">
         <name>.text:TimerMSP432_hwiIntFunction</name>
         <load_address>0x5ec8</load_address>
         <run_address>0x5ec8</run_address>
         <size>0x50</size>
         <input_file_ref idref="fl-23"/>
      </object_component>
      <object_component id="oc-485">
         <name>.text:i2c_dev_read</name>
         <load_address>0x5f18</load_address>
         <run_address>0x5f18</run_address>
         <size>0x50</size>
         <input_file_ref idref="fl-d"/>
      </object_component>
      <object_component id="oc-5a8">
         <name>.text:TimerMSP432_close</name>
         <load_address>0x5f68</load_address>
         <run_address>0x5f68</run_address>
         <size>0x4e</size>
         <input_file_ref idref="fl-23"/>
      </object_component>
      <object_component id="oc-93c">
         <name>.text:i2c_dev_write</name>
         <load_address>0x5fb8</load_address>
         <run_address>0x5fb8</run_address>
         <size>0x4c</size>
         <input_file_ref idref="fl-d"/>
      </object_component>
      <object_component id="oc-405">
         <name>.text:prvCheckForValidListAndQueue</name>
         <load_address>0x6004</load_address>
         <run_address>0x6004</run_address>
         <size>0x4c</size>
         <input_file_ref idref="fl-2f"/>
      </object_component>
      <object_component id="oc-422">
         <name>.text:prvCheckTasksWaitingTermination</name>
         <load_address>0x6050</load_address>
         <run_address>0x6050</run_address>
         <size>0x4c</size>
         <input_file_ref idref="fl-2e"/>
      </object_component>
      <object_component id="oc-9f1">
         <name>.text:readIsrBinaryCallback</name>
         <load_address>0x609c</load_address>
         <run_address>0x609c</run_address>
         <size>0x4c</size>
         <input_file_ref idref="fl-25"/>
      </object_component>
      <object_component id="oc-375">
         <name>.text:vPortEnterCritical</name>
         <load_address>0x60e8</load_address>
         <run_address>0x60e8</run_address>
         <size>0x4c</size>
         <input_file_ref idref="fl-30"/>
      </object_component>
      <object_component id="oc-51c">
         <name>.text:HwiP_dispatch</name>
         <load_address>0x6134</load_address>
         <run_address>0x6134</run_address>
         <size>0x48</size>
         <input_file_ref idref="fl-29"/>
      </object_component>
      <object_component id="oc-2e5">
         <name>.text:MPU6050_raw_accelerometer</name>
         <load_address>0x617c</load_address>
         <run_address>0x617c</run_address>
         <size>0x48</size>
         <input_file_ref idref="fl-4"/>
      </object_component>
      <object_component id="oc-2eb">
         <name>.text:MPU6050_raw_gyroscope</name>
         <load_address>0x61c4</load_address>
         <run_address>0x61c4</run_address>
         <size>0x48</size>
         <input_file_ref idref="fl-4"/>
      </object_component>
      <object_component id="oc-76a">
         <name>.text:Power_releaseConstraint</name>
         <load_address>0x620c</load_address>
         <run_address>0x620c</run_address>
         <size>0x48</size>
         <input_file_ref idref="fl-1f"/>
      </object_component>
      <object_component id="oc-117">
         <name>.text:uxListRemove</name>
         <load_address>0x6254</load_address>
         <run_address>0x6254</run_address>
         <size>0x48</size>
         <input_file_ref idref="fl-36"/>
      </object_component>
      <object_component id="oc-b02">
         <name>.text:RingBuf_put</name>
         <load_address>0x629c</load_address>
         <run_address>0x629c</run_address>
         <size>0x46</size>
         <input_file_ref idref="fl-27"/>
      </object_component>
      <object_component id="oc-141">
         <name>.text:I2C_init</name>
         <load_address>0x62e4</load_address>
         <run_address>0x62e4</run_address>
         <size>0x44</size>
         <input_file_ref idref="fl-1d"/>
      </object_component>
      <object_component id="oc-147">
         <name>.text:Timer_init</name>
         <load_address>0x6328</load_address>
         <run_address>0x6328</run_address>
         <size>0x44</size>
         <input_file_ref idref="fl-22"/>
      </object_component>
      <object_component id="oc-13b">
         <name>.text:UART_init</name>
         <load_address>0x636c</load_address>
         <run_address>0x636c</run_address>
         <size>0x44</size>
         <input_file_ref idref="fl-24"/>
      </object_component>
      <object_component id="oc-18e">
         <name>.text:__TI_auto_init_nobinit_nopinit:__TI_auto_init_nobinit_nopinit</name>
         <load_address>0x63b0</load_address>
         <run_address>0x63b0</run_address>
         <size>0x44</size>
         <input_file_ref idref="fl-10f"/>
      </object_component>
      <object_component id="oc-82b">
         <name>.text:perfChangeNotifyFxn</name>
         <load_address>0x63f4</load_address>
         <run_address>0x63f4</run_address>
         <size>0x44</size>
         <input_file_ref idref="fl-1e"/>
      </object_component>
      <object_component id="oc-3d8">
         <name>.text:prvInitialiseNewQueue</name>
         <load_address>0x6438</load_address>
         <run_address>0x6438</run_address>
         <size>0x44</size>
         <input_file_ref idref="fl-2d"/>
      </object_component>
      <object_component id="oc-6b3">
         <name>.text:I2C_open</name>
         <load_address>0x647c</load_address>
         <run_address>0x647c</run_address>
         <size>0x40</size>
         <input_file_ref idref="fl-1d"/>
      </object_component>
      <object_component id="oc-7f4">
         <name>.text:RingBuf_get</name>
         <load_address>0x64bc</load_address>
         <run_address>0x64bc</run_address>
         <size>0x40</size>
         <input_file_ref idref="fl-27"/>
      </object_component>
      <object_component id="oc-43b">
         <name>.text:Timer_open</name>
         <load_address>0x64fc</load_address>
         <run_address>0x64fc</run_address>
         <size>0x40</size>
         <input_file_ref idref="fl-22"/>
      </object_component>
      <object_component id="oc-54d">
         <name>.text:UARTMSP432_read</name>
         <load_address>0x653c</load_address>
         <run_address>0x653c</run_address>
         <size>0x40</size>
         <input_file_ref idref="fl-25"/>
      </object_component>
      <object_component id="oc-69d">
         <name>.text:UART_open</name>
         <load_address>0x657c</load_address>
         <run_address>0x657c</run_address>
         <size>0x40</size>
         <input_file_ref idref="fl-24"/>
      </object_component>
      <object_component id="oc-7cd">
         <name>.text:perfChangeNotifyFxn</name>
         <load_address>0x65bc</load_address>
         <run_address>0x65bc</run_address>
         <size>0x40</size>
         <input_file_ref idref="fl-25"/>
      </object_component>
      <object_component id="oc-a8e">
         <name>.text:vTaskPlaceOnEventListRestricted</name>
         <load_address>0x65fc</load_address>
         <run_address>0x65fc</run_address>
         <size>0x40</size>
         <input_file_ref idref="fl-2e"/>
      </object_component>
      <object_component id="oc-9b9">
         <name>.text:ClockP_callbackFxn</name>
         <load_address>0x663c</load_address>
         <run_address>0x663c</run_address>
         <size>0x3e</size>
         <input_file_ref idref="fl-28"/>
      </object_component>
      <object_component id="oc-623">
         <name>.text:pthread_setcancelstate</name>
         <load_address>0x667a</load_address>
         <run_address>0x667a</run_address>
         <size>0x3e</size>
         <input_file_ref idref="fl-34"/>
      </object_component>
      <object_component id="oc-a9d">
         <name>.text:prvCopyDataFromQueue</name>
         <load_address>0x66b8</load_address>
         <run_address>0x66b8</run_address>
         <size>0x3c</size>
         <input_file_ref idref="fl-2d"/>
      </object_component>
      <object_component id="oc-111">
         <name>.text:prvResetNextTaskUnblockTime</name>
         <load_address>0x66f4</load_address>
         <run_address>0x66f4</run_address>
         <size>0x3c</size>
         <input_file_ref idref="fl-2e"/>
      </object_component>
      <object_component id="oc-a79">
         <name>.text:pvTaskGetThreadLocalStoragePointer</name>
         <load_address>0x6730</load_address>
         <run_address>0x6730</run_address>
         <size>0x3c</size>
         <input_file_ref idref="fl-2e"/>
      </object_component>
      <object_component id="oc-11d">
         <name>.text:vListInsertEnd</name>
         <load_address>0x676c</load_address>
         <run_address>0x676c</run_address>
         <size>0x3c</size>
         <input_file_ref idref="fl-36"/>
      </object_component>
      <object_component id="oc-9ad">
         <name>.text:xTimerCreate</name>
         <load_address>0x67a8</load_address>
         <run_address>0x67a8</run_address>
         <size>0x3c</size>
         <input_file_ref idref="fl-2f"/>
      </object_component>
      <object_component id="oc-52b">
         <name>.text:PowerMSP432_sleepPolicy</name>
         <load_address>0x67e4</load_address>
         <run_address>0x67e4</run_address>
         <size>0x3a</size>
         <input_file_ref idref="fl-2a"/>
      </object_component>
      <object_component id="oc-2d3">
         <name>.text:MPU6050_init</name>
         <load_address>0x6820</load_address>
         <run_address>0x6820</run_address>
         <size>0x38</size>
         <input_file_ref idref="fl-4"/>
      </object_component>
      <object_component id="oc-77d">
         <name>.text:Power_setConstraint</name>
         <load_address>0x6858</load_address>
         <run_address>0x6858</run_address>
         <size>0x38</size>
         <input_file_ref idref="fl-1f"/>
      </object_component>
      <object_component id="oc-5b4">
         <name>.text:TimerMSP432_getCount</name>
         <load_address>0x6890</load_address>
         <run_address>0x6890</run_address>
         <size>0x38</size>
         <input_file_ref idref="fl-23"/>
      </object_component>
      <object_component id="oc-967">
         <name>.text:notify</name>
         <load_address>0x68c8</load_address>
         <run_address>0x68c8</run_address>
         <size>0x38</size>
         <input_file_ref idref="fl-1f"/>
      </object_component>
      <object_component id="oc-65d">
         <name>.text:prvGetNextExpireTime</name>
         <load_address>0x6900</load_address>
         <run_address>0x6900</run_address>
         <size>0x38</size>
         <input_file_ref idref="fl-2f"/>
      </object_component>
      <object_component id="oc-894">
         <name>.text:prvTaskExitError</name>
         <load_address>0x6938</load_address>
         <run_address>0x6938</run_address>
         <size>0x38</size>
         <input_file_ref idref="fl-30"/>
      </object_component>
      <object_component id="oc-2f1">
         <name>.text</name>
         <load_address>0x6970</load_address>
         <run_address>0x6970</run_address>
         <size>0x38</size>
         <input_file_ref idref="fl-100"/>
      </object_component>
      <object_component id="oc-559">
         <name>.text:UARTMSP432_readCancel</name>
         <load_address>0x69a8</load_address>
         <run_address>0x69a8</run_address>
         <size>0x36</size>
         <input_file_ref idref="fl-25"/>
      </object_component>
      <object_component id="oc-7fc">
         <name>.text:SemaphoreP_pend</name>
         <load_address>0x69de</load_address>
         <run_address>0x69de</run_address>
         <size>0x34</size>
         <input_file_ref idref="fl-2b"/>
      </object_component>
      <object_component id="oc-91">
         <name>.text:_c_int00_noargs:_c_int00_noargs</name>
         <load_address>0x6a14</load_address>
         <run_address>0x6a14</run_address>
         <size>0x34</size>
         <input_file_ref idref="fl-10c"/>
      </object_component>
      <object_component id="oc-8f6">
         <name>.text:prvSampleTimeNow</name>
         <load_address>0x6a48</load_address>
         <run_address>0x6a48</run_address>
         <size>0x34</size>
         <input_file_ref idref="fl-2f"/>
      </object_component>
      <object_component id="oc-8cd">
         <name>.text:vTaskPlaceOnEventList</name>
         <load_address>0x6a7c</load_address>
         <run_address>0x6a7c</run_address>
         <size>0x34</size>
         <input_file_ref idref="fl-2e"/>
      </object_component>
      <object_component id="oc-ab0">
         <name>.text:CS_clearInterruptFlag</name>
         <load_address>0x6ab0</load_address>
         <run_address>0x6ab0</run_address>
         <size>0x30</size>
         <input_file_ref idref="fl-39"/>
      </object_component>
      <object_component id="oc-822">
         <name>.text:mapPin</name>
         <load_address>0x6ae0</load_address>
         <run_address>0x6ae0</run_address>
         <size>0x30</size>
         <input_file_ref idref="fl-1e"/>
      </object_component>
      <object_component id="oc-785">
         <name>.text:mapPin</name>
         <load_address>0x6b10</load_address>
         <run_address>0x6b10</run_address>
         <size>0x30</size>
         <input_file_ref idref="fl-25"/>
      </object_component>
      <object_component id="oc-648">
         <name>.text:vListInitialise</name>
         <load_address>0x6b40</load_address>
         <run_address>0x6b40</run_address>
         <size>0x30</size>
         <input_file_ref idref="fl-36"/>
      </object_component>
      <object_component id="oc-37c">
         <name>.text:vPortExitCritical</name>
         <load_address>0x6b70</load_address>
         <run_address>0x6b70</run_address>
         <size>0x30</size>
         <input_file_ref idref="fl-30"/>
      </object_component>
      <object_component id="oc-286">
         <name>.text:xTaskGetSchedulerState</name>
         <load_address>0x6ba0</load_address>
         <run_address>0x6ba0</run_address>
         <size>0x30</size>
         <input_file_ref idref="fl-2e"/>
      </object_component>
      <object_component id="oc-af3">
         <name>.text:pvTimerGetTimerID</name>
         <load_address>0x6bd0</load_address>
         <run_address>0x6bd0</run_address>
         <size>0x2e</size>
         <input_file_ref idref="fl-2f"/>
      </object_component>
      <object_component id="oc-248">
         <name>.text:HwiP_disable</name>
         <load_address>0x6c00</load_address>
         <run_address>0x6c00</run_address>
         <size>0x2c</size>
         <input_file_ref idref="fl-29"/>
      </object_component>
      <object_component id="oc-86d">
         <name>.text:perfChangeNotifyFxn</name>
         <load_address>0x6c2c</load_address>
         <run_address>0x6c2c</run_address>
         <size>0x2c</size>
         <input_file_ref idref="fl-23"/>
      </object_component>
      <object_component id="oc-298">
         <name>.text:vTaskSetApplicationTaskTag</name>
         <load_address>0x6c58</load_address>
         <run_address>0x6c58</run_address>
         <size>0x2c</size>
         <input_file_ref idref="fl-2e"/>
      </object_component>
      <object_component id="oc-65">
         <name>.text:xPortSysTickHandler</name>
         <load_address>0x6c84</load_address>
         <run_address>0x6c84</run_address>
         <size>0x2c</size>
         <input_file_ref idref="fl-30"/>
      </object_component>
      <object_component id="oc-670">
         <name>.text:CS_getMCLK</name>
         <load_address>0x6cb0</load_address>
         <run_address>0x6cb0</run_address>
         <size>0x28</size>
         <input_file_ref idref="fl-39"/>
      </object_component>
      <object_component id="oc-a06">
         <name>.text:HwiP_inISR</name>
         <load_address>0x6cd8</load_address>
         <run_address>0x6cd8</run_address>
         <size>0x28</size>
         <input_file_ref idref="fl-29"/>
      </object_component>
      <object_component id="oc-7a3">
         <name>.text:Power_registerNotify</name>
         <load_address>0x6d00</load_address>
         <run_address>0x6d00</run_address>
         <size>0x28</size>
         <input_file_ref idref="fl-1f"/>
      </object_component>
      <object_component id="oc-4e8">
         <name>.text:disableFaultCounter</name>
         <load_address>0x6d28</load_address>
         <run_address>0x6d28</run_address>
         <size>0x28</size>
         <input_file_ref idref="fl-1f"/>
      </object_component>
      <object_component id="oc-96d">
         <name>.text:disableHFXT</name>
         <load_address>0x6d50</load_address>
         <run_address>0x6d50</run_address>
         <size>0x28</size>
         <input_file_ref idref="fl-1f"/>
      </object_component>
      <object_component id="oc-79d">
         <name>.text:findBaudDividerIndex</name>
         <load_address>0x6d78</load_address>
         <run_address>0x6d78</run_address>
         <size>0x28</size>
         <input_file_ref idref="fl-25"/>
      </object_component>
      <object_component id="oc-153">
         <name>.text:pthread_attr_setschedparam</name>
         <load_address>0x6da0</load_address>
         <run_address>0x6da0</run_address>
         <size>0x28</size>
         <input_file_ref idref="fl-34"/>
      </object_component>
      <object_component id="oc-6df">
         <name>.text:uart_dev_write</name>
         <load_address>0x6dc8</load_address>
         <run_address>0x6dc8</run_address>
         <size>0x28</size>
         <input_file_ref idref="fl-11"/>
      </object_component>
      <object_component id="oc-8ab">
         <name>.text:xTaskGetApplicationTaskTag</name>
         <load_address>0x6df0</load_address>
         <run_address>0x6df0</run_address>
         <size>0x28</size>
         <input_file_ref idref="fl-2e"/>
      </object_component>
      <object_component id="oc-99d">
         <name>.text:List_put</name>
         <load_address>0x6e18</load_address>
         <run_address>0x6e18</run_address>
         <size>0x26</size>
         <input_file_ref idref="fl-26"/>
      </object_component>
      <object_component id="oc-98e">
         <name>.text:List_remove</name>
         <load_address>0x6e3e</load_address>
         <run_address>0x6e3e</run_address>
         <size>0x26</size>
         <input_file_ref idref="fl-26"/>
      </object_component>
      <object_component id="oc-629">
         <name>.text:_pthread_cleanup_pop</name>
         <load_address>0x6e64</load_address>
         <run_address>0x6e64</run_address>
         <size>0x26</size>
         <input_file_ref idref="fl-34"/>
      </object_component>
      <object_component id="oc-8c7">
         <name>.text:prvIsQueueFull</name>
         <load_address>0x6e8a</load_address>
         <run_address>0x6e8a</run_address>
         <size>0x26</size>
         <input_file_ref idref="fl-2d"/>
      </object_component>
      <object_component id="oc-47d">
         <name>.text:MPU6050_read_byte</name>
         <load_address>0x6eb0</load_address>
         <run_address>0x6eb0</run_address>
         <size>0x24</size>
         <input_file_ref idref="fl-4"/>
      </object_component>
      <object_component id="oc-b2e">
         <name>.text:prvGetDisinheritPriorityAfterTimeout</name>
         <load_address>0x6ed4</load_address>
         <run_address>0x6ed4</run_address>
         <size>0x24</size>
         <input_file_ref idref="fl-2d"/>
      </object_component>
      <object_component id="oc-29e">
         <name>.text:vQueueDelete</name>
         <load_address>0x6ef8</load_address>
         <run_address>0x6ef8</run_address>
         <size>0x24</size>
         <input_file_ref idref="fl-2d"/>
      </object_component>
      <object_component id="oc-8bb">
         <name>.text:vTaskInternalSetTimeOutState</name>
         <load_address>0x6f1c</load_address>
         <run_address>0x6f1c</run_address>
         <size>0x24</size>
         <input_file_ref idref="fl-2e"/>
      </object_component>
      <object_component id="oc-848">
         <name>.text:SemaphoreP_post</name>
         <load_address>0x6f40</load_address>
         <run_address>0x6f40</run_address>
         <size>0x22</size>
         <input_file_ref idref="fl-2b"/>
      </object_component>
      <object_component id="oc-159">
         <name>.text:pthread_attr_setdetachstate</name>
         <load_address>0x6f62</load_address>
         <run_address>0x6f62</run_address>
         <size>0x22</size>
         <input_file_ref idref="fl-34"/>
      </object_component>
      <object_component id="oc-4e2">
         <name>.text:CS_setExternalClockSourceFrequency</name>
         <load_address>0x6f84</load_address>
         <run_address>0x6f84</run_address>
         <size>0x20</size>
         <input_file_ref idref="fl-39"/>
      </object_component>
      <object_component id="oc-24e">
         <name>.text:HwiP_restore</name>
         <load_address>0x6fa4</load_address>
         <run_address>0x6fa4</run_address>
         <size>0x20</size>
         <input_file_ref idref="fl-29"/>
      </object_component>
      <object_component id="oc-770">
         <name>.text:Power_unregisterNotify</name>
         <load_address>0x6fc4</load_address>
         <run_address>0x6fc4</run_address>
         <size>0x20</size>
         <input_file_ref idref="fl-1f"/>
      </object_component>
      <object_component id="oc-777">
         <name>.text:RingBuf_peek</name>
         <load_address>0x6fe4</load_address>
         <run_address>0x6fe4</run_address>
         <size>0x20</size>
         <input_file_ref idref="fl-27"/>
      </object_component>
[...]
         <name>vPortFree</name>
         <value>0x4081</value>
         <object_component_ref idref="oc-280"/>
      </symbol>
      <symbol id="sm-c09">
         <name>xQueueGenericSendFromISR</name>
         <value>0x2199</value>
         <object_component_ref idref="oc-a96"/>
      </symbol>
      <symbol id="sm-c0a">
         <name>xQueueGenericCreate</name>
         <value>0x59f1</value>
         <object_component_ref idref="oc-27a"/>
      </symbol>
      <symbol id="sm-c0b">
         <name>xQueueGenericSend</name>
         <value>0xf1d</value>
         <object_component_ref idref="oc-635"/>
      </symbol>
      <symbol id="sm-c0c">
         <name>xQueueGenericReset</name>
         <value>0x39ad</value>
         <object_component_ref idref="oc-5f9"/>
      </symbol>
      <symbol id="sm-c0d">
         <name>xQueueReceiveFromISR</name>
         <value>0x306f</value>
         <object_component_ref idref="oc-a0c"/>
      </symbol>
      <symbol id="sm-c0e">
         <name>xQueueSemaphoreTake</name>
         <value>0xb8d</value>
         <object_component_ref idref="oc-a12"/>
      </symbol>
      <symbol id="sm-c0f">
         <name>xQueueGiveFromISR</name>
         <value>0x2891</value>
         <object_component_ref idref="oc-a33"/>
      </symbol>
      <symbol id="sm-c10">
         <name>xQueueCreateCountingSemaphore</name>
         <value>0x5c75</value>
         <object_component_ref idref="oc-9a5"/>
      </symbol>
      <symbol id="sm-c11">
         <name>vQueueWaitForMessageRestricted</name>
         <value>0x5bc1</value>
         <object_component_ref idref="oc-8fe"/>
      </symbol>
      <symbol id="sm-c12">
         <name>vQueueDelete</name>
         <value>0x6ef9</value>
         <object_component_ref idref="oc-29e"/>
      </symbol>
      <symbol id="sm-c13">
         <name>xQueueReceive</name>
         <value>0x13dd</value>
         <object_component_ref idref="oc-911"/>
      </symbol>
      <symbol id="sm-eaf">
         <name>vTaskSuspendAll</name>
         <value>0x73a5</value>
         <object_component_ref idref="oc-28c"/>
      </symbol>
      <symbol id="sm-eb0">
         <name>vTaskPlaceOnEventList</name>
         <value>0x6a7d</value>
         <object_component_ref idref="oc-8cd"/>
      </symbol>
      <symbol id="sm-eb1">
         <name>pvTaskGetThreadLocalStoragePointer</name>
         <value>0x6731</value>
         <object_component_ref idref="oc-a79"/>
      </symbol>
      <symbol id="sm-eb2">
         <name>xTaskCheckForTimeOut</name>
         <value>0x3c7d</value>
         <object_component_ref idref="oc-8c1"/>
      </symbol>
      <symbol id="sm-eb3">
         <name>xTaskPriorityDisinherit</name>
         <value>0x2b45</value>
         <object_component_ref idref="oc-a5b"/>
      </symbol>
      <symbol id="sm-eb4">
         <name>vTaskStartScheduler</name>
         <value>0x4759</value>
         <object_component_ref idref="oc-16b"/>
      </symbol>
      <symbol id="sm-eb5">
         <name>vTaskInternalSetTimeOutState</name>
         <value>0x6f1d</value>
         <object_component_ref idref="oc-8bb"/>
      </symbol>
      <symbol id="sm-eb6">
         <name>pvTaskIncrementMutexHeldCount</name>
         <value>0x7111</value>
         <object_component_ref idref="oc-b22"/>
      </symbol>
      <symbol id="sm-eb7">
         <name>vTaskPriorityDisinheritAfterTimeout</name>
         <value>0x23a9</value>
         <object_component_ref idref="oc-b34"/>
      </symbol>
      <symbol id="sm-eb8">
         <name>xTaskCreate</name>
         <value>0x4fb1</value>
         <object_component_ref idref="oc-292"/>
      </symbol>
      <symbol id="sm-eb9">
         <name>vTaskMissedYield</name>
         <value>0x7431</value>
         <object_component_ref idref="oc-a72"/>
      </symbol>
      <symbol id="sm-eba">
         <name>xTaskResumeAll</name>
         <value>0x207d</value>
         <object_component_ref idref="oc-2a4"/>
      </symbol>
      <symbol id="sm-ebb">
         <name>vTaskSetApplicationTaskTag</name>
         <value>0x6c59</value>
         <object_component_ref idref="oc-298"/>
      </symbol>
      <symbol id="sm-ebc">
         <name>xTaskGetTickCount</name>
         <value>0x72e9</value>
         <object_component_ref idref="oc-a81"/>
      </symbol>
      <symbol id="sm-ebd">
         <name>vTaskDelete</name>
         <value>0x24ad</value>
         <object_component_ref idref="oc-641"/>
      </symbol>
      <symbol id="sm-ebe">
         <name>xTaskGetApplicationTaskTag</name>
         <value>0x6df1</value>
         <object_component_ref idref="oc-8ab"/>
      </symbol>
      <symbol id="sm-ebf">
         <name>pxCurrentTCB</name>
         <value>0x20008c8c</value>
         <object_component_ref idref="oc-a6"/>
      </symbol>
      <symbol id="sm-ec0">
         <name>vTaskSuspend</name>
         <value>0x25ad</value>
         <object_component_ref idref="oc-63b"/>
      </symbol>
      <symbol id="sm-ec1">
         <name>vTaskPlaceOnEventListRestricted</name>
         <value>0x65fd</value>
         <object_component_ref idref="oc-a8e"/>
      </symbol>
      <symbol id="sm-ec2">
         <name>xTaskIncrementTick</name>
         <value>0x196d</value>
         <object_component_ref idref="oc-b3"/>
      </symbol>
      <symbol id="sm-ec3">
         <name>vTaskSwitchContext</name>
         <value>0x2eb9</value>
         <object_component_ref idref="oc-ac"/>
      </symbol>
      <symbol id="sm-ec4">
         <name>xTaskGetSchedulerState</name>
         <value>0x6ba1</value>
         <object_component_ref idref="oc-286"/>
      </symbol>
      <symbol id="sm-ec5">
         <name>xTaskGetCurrentTaskHandle</name>
         <value>0x72d5</value>
         <object_component_ref idref="oc-8a5"/>
      </symbol>
      <symbol id="sm-ec6">
         <name>xTaskRemoveFromEventList</name>
         <value>0x4129</value>
         <object_component_ref idref="oc-88c"/>
      </symbol>
      <symbol id="sm-ec7">
         <name>xTaskPriorityInherit</name>
         <value>0x3149</value>
         <object_component_ref idref="oc-b28"/>
      </symbol>
      <symbol id="sm-fcb">
         <name>xTimerCreateTimerTask</name>
         <value>0x5e75</value>
         <object_component_ref idref="oc-2b4"/>
      </symbol>
      <symbol id="sm-fcc">
         <name>xTimerCreate</name>
         <value>0x67a9</value>
         <object_component_ref idref="oc-9ad"/>
      </symbol>
      <symbol id="sm-fcd">
         <name>xTimerGenericCommand</name>
         <value>0x4bc1</value>
         <object_component_ref idref="oc-90b"/>
      </symbol>
      <symbol id="sm-fce">
         <name>pvTimerGetTimerID</name>
         <value>0x6bd1</value>
         <object_component_ref idref="oc-af3"/>
      </symbol>
      <symbol id="sm-1061">
         <name>ulMaxSyscallInterruptPriority</name>
         <value>0x77c0</value>
         <object_component_ref idref="oc-a9"/>
      </symbol>
      <symbol id="sm-1062">
         <name>vPortSetupTimerInterrupt</name>
         <value>0x511d</value>
         <object_component_ref idref="oc-418"/>
      </symbol>
      <symbol id="sm-1063">
         <name>xPortSysTickHandler</name>
         <value>0x6c85</value>
         <object_component_ref idref="oc-65"/>
      </symbol>
      <symbol id="sm-1064">
         <name>vPortValidateInterruptPriority</name>
         <value>0x52f5</value>
         <object_component_ref idref="oc-b1b"/>
      </symbol>
      <symbol id="sm-1065">
         <name>pxPortInitialiseStack</name>
         <value>0x5991</value>
         <object_component_ref idref="oc-60d"/>
      </symbol>
      <symbol id="sm-1066">
         <name>vPortExitCritical</name>
         <value>0x6b71</value>
         <object_component_ref idref="oc-37c"/>
      </symbol>
      <symbol id="sm-1067">
         <name>xPortStartScheduler</name>
         <value>0x3221</value>
         <object_component_ref idref="oc-2ba"/>
      </symbol>
      <symbol id="sm-1068">
         <name>vPortEnterCritical</name>
         <value>0x60e9</value>
         <object_component_ref idref="oc-375"/>
      </symbol>
      <symbol id="sm-1077">
         <name>vPortStartFirstTask</name>
         <value>0x303d</value>
         <object_component_ref idref="oc-60"/>
      </symbol>
      <symbol id="sm-1078">
         <name>ulPortGetIPSR</name>
         <value>0x2fa5</value>
         <object_component_ref idref="oc-60"/>
      </symbol>
      <symbol id="sm-1079">
         <name>vPortEnableVFP</name>
         <value>0x3061</value>
         <object_component_ref idref="oc-60"/>
      </symbol>
      <symbol id="sm-107a">
         <name>xPortPendSVHandler</name>
         <value>0x2fbd</value>
         <object_component_ref idref="oc-60"/>
      </symbol>
      <symbol id="sm-107b">
         <name>vPortSVCHandler</name>
         <value>0x301d</value>
         <object_component_ref idref="oc-60"/>
      </symbol>
      <symbol id="sm-10ae">
         <name>resetISR</name>
         <value>0x72c1</value>
         <object_component_ref idref="oc-1c"/>
      </symbol>
      <symbol id="sm-10af">
         <name>interruptVectors</name>
         <value>0x0</value>
         <object_component_ref idref="oc-23"/>
      </symbol>
      <symbol id="sm-10bd">
         <name>PTLS_taskDeleteHook</name>
         <value>0x712d</value>
         <object_component_ref idref="oc-8db"/>
      </symbol>
      <symbol id="sm-1164">
         <name>pthread_create</name>
         <value>0x1aad</value>
         <object_component_ref idref="oc-165"/>
      </symbol>
      <symbol id="sm-1165">
         <name>pthread_attr_init</name>
         <value>0x70f5</value>
         <object_component_ref idref="oc-14d"/>
      </symbol>
      <symbol id="sm-1166">
         <name>pthread_self</name>
         <value>0x72ad</value>
         <object_component_ref idref="oc-61d"/>
      </symbol>
      <symbol id="sm-1167">
         <name>pthread_attr_setschedparam</name>
         <value>0x6da1</value>
         <object_component_ref idref="oc-153"/>
      </symbol>
      <symbol id="sm-1168">
         <name>pthread_attr_setdetachstate</name>
         <value>0x6f63</value>
         <object_component_ref idref="oc-159"/>
      </symbol>
      <symbol id="sm-1169">
         <name>pthread_attr_setstacksize</name>
         <value>0x7299</value>
         <object_component_ref idref="oc-15f"/>
      </symbol>
      <symbol id="sm-116a">
         <name>pthread_setcancelstate</name>
         <value>0x667b</value>
         <object_component_ref idref="oc-623"/>
      </symbol>
      <symbol id="sm-116b">
         <name>_pthread_cleanup_pop</name>
         <value>0x6e65</value>
         <object_component_ref idref="oc-629"/>
      </symbol>
      <symbol id="sm-116c">
         <name>pthread_exit</name>
         <value>0x5b09</value>
         <object_component_ref idref="oc-3fe"/>
      </symbol>
      <symbol id="sm-119f">
         <name>uxListRemove</name>
         <value>0x6255</value>
         <object_component_ref idref="oc-117"/>
      </symbol>
      <symbol id="sm-11a0">
         <name>vListInsert</name>
         <value>0x579f</value>
         <object_component_ref idref="oc-a65"/>
      </symbol>
      <symbol id="sm-11a1">
         <name>vListInitialiseItem</name>
         <value>0x7395</value>
         <object_component_ref idref="oc-607"/>
      </symbol>
      <symbol id="sm-11a2">
         <name>vListInsertEnd</name>
         <value>0x676d</value>
         <object_component_ref idref="oc-11d"/>
      </symbol>
      <symbol id="sm-11a3">
         <name>vListInitialise</name>
         <value>0x6b41</value>
         <object_component_ref idref="oc-648"/>
      </symbol>
      <symbol id="sm-11be">
         <name>CPU_cpsie</name>
         <value>0x73e9</value>
         <object_component_ref idref="oc-751"/>
      </symbol>
      <symbol id="sm-11bf">
         <name>CPU_cpsid</name>
         <value>0x73dd</value>
         <object_component_ref idref="oc-73f"/>
      </symbol>
      <symbol id="sm-12a9">
         <name>CS_getMCLK</name>
         <value>0x6cb1</value>
         <object_component_ref idref="oc-670"/>
      </symbol>
      <symbol id="sm-12aa">
         <name>CS_clearInterruptFlag</name>
         <value>0x6ab1</value>
         <object_component_ref idref="oc-ab0"/>
      </symbol>
      <symbol id="sm-12ab">
         <name>CS_getDCOFrequency</name>
         <value>0x26a9</value>
         <object_component_ref idref="oc-ab6"/>
      </symbol>
      <symbol id="sm-12ac">
         <name>CS_setExternalClockSourceFrequency</name>
         <value>0x6f85</value>
         <object_component_ref idref="oc-4e2"/>
      </symbol>
      <symbol id="sm-12ad">
         <name>CS_startHFXTWithTimeout</name>
         <value>0x2981</value>
         <object_component_ref idref="oc-4ee"/>
      </symbol>
      <symbol id="sm-12ae">
         <name>CS_startLFXTWithTimeout</name>
         <value>0x2a65</value>
         <object_component_ref idref="oc-4f4"/>
      </symbol>
      <symbol id="sm-12c3">
         <name>I2C_masterSendMultiByteFinish</name>
         <value>0x5529</value>
         <object_component_ref idref="oc-a2a"/>
      </symbol>
      <symbol id="sm-1331">
         <name>Interrupt_disableInterrupt</name>
         <value>0x4c45</value>
         <object_component_ref idref="oc-97b"/>
      </symbol>
      <symbol id="sm-1332">
         <name>Interrupt_unregisterInterrupt</name>
         <value>0x70d9</value>
         <object_component_ref idref="oc-981"/>
      </symbol>
      <symbol id="sm-1333">
         <name>Interrupt_setPriority</name>
         <value>0x5dcd</value>
         <object_component_ref idref="oc-50d"/>
      </symbol>
      <symbol id="sm-1334">
         <name>Interrupt_enableInterrupt</name>
         <value>0x4cc5</value>
         <object_component_ref idref="oc-513"/>
      </symbol>
      <symbol id="sm-1335">
         <name>Interrupt_registerInterrupt</name>
         <value>0x5a51</value>
         <object_component_ref idref="oc-507"/>
      </symbol>
      <symbol id="sm-1336">
         <name>g_pfnRAMVectors</name>
         <value>0x20009000</value>
         <object_component_ref idref="oc-72b"/>
      </symbol>
      <symbol id="sm-1342">
         <name>SysCtl_getNMISourceStatus</name>
         <value>0x7365</value>
         <object_component_ref idref="oc-acb"/>
      </symbol>
      <symbol id="sm-1376">
         <name>SysCtl_A_enableNMISource</name>
         <value>0x7191</value>
         <object_component_ref idref="oc-711"/>
      </symbol>
      <symbol id="sm-1377">
         <name>SysCtl_A_getTLVInfo</name>
         <value>0x46c5</value>
         <object_component_ref idref="oc-b57"/>
      </symbol>
      <symbol id="sm-1378">
         <name>SysCtl_A_getNMISourceStatus</name>
         <value>0x7355</value>
         <object_component_ref idref="oc-6ff"/>
      </symbol>
      <symbol id="sm-1379">
         <name>SysCtl_A_disableNMISource</name>
         <value>0x7179</value>
         <object_component_ref idref="oc-705"/>
      </symbol>
      <symbol id="sm-1397">
         <name>UART_initModule</name>
         <value>0x1e45</value>
         <object_component_ref idref="oc-9c1"/>
      </symbol>
      <symbol id="sm-13b4">
         <name>__aeabi_ddiv</name>
         <value>0x1be5</value>
         <object_component_ref idref="oc-301"/>
      </symbol>
      <symbol id="sm-13c1">
         <name>__aeabi_d2f</name>
         <value>0x54b9</value>
         <object_component_ref idref="oc-306"/>
      </symbol>
      <symbol id="sm-13cc">
         <name>__aeabi_f2d</name>
         <value>0x6971</value>
         <object_component_ref idref="oc-2f1"/>
      </symbol>
      <symbol id="sm-13ea">
         <name>memcpy</name>
         <value>0x44f1</value>
         <object_component_ref idref="oc-34"/>
      </symbol>
      <symbol id="sm-13eb">
         <name>__aeabi_memcpy</name>
         <value>0x44f1</value>
         <object_component_ref idref="oc-34"/>
      </symbol>
      <symbol id="sm-13ec">
         <name>__aeabi_memcpy8</name>
         <value>0x44f1</value>
         <object_component_ref idref="oc-34"/>
      </symbol>
      <symbol id="sm-13ed">
         <name>__aeabi_memcpy4</name>
         <value>0x44f1</value>
         <object_component_ref idref="oc-34"/>
      </symbol>
      <symbol id="sm-13f7">
         <name>__aeabi_ui2d</name>
         <value>0x7025</value>
         <object_component_ref idref="oc-2fc"/>
      </symbol>
      <symbol id="sm-1408">
         <name>__aeabi_memset</name>
         <value>0x4f39</value>
         <object_component_ref idref="oc-85"/>
      </symbol>
      <symbol id="sm-1409">
         <name>memset</name>
         <value>0x4f3f</value>
         <object_component_ref idref="oc-85"/>
      </symbol>
      <symbol id="sm-140a">
         <name>__aeabi_memset8</name>
         <value>0x4f39</value>
         <object_component_ref idref="oc-85"/>
      </symbol>
      <symbol id="sm-140b">
         <name>__aeabi_memset4</name>
         <value>0x4f39</value>
         <object_component_ref idref="oc-85"/>
      </symbol>
      <symbol id="sm-140c">
         <name>__aeabi_memclr8</name>
         <value>0x4f37</value>
         <object_component_ref idref="oc-85"/>
      </symbol>
      <symbol id="sm-140d">
         <name>__aeabi_memclr4</name>
         <value>0x4f37</value>
         <object_component_ref idref="oc-85"/>
      </symbol>
      <symbol id="sm-140e">
         <name>__aeabi_memclr</name>
         <value>0x4f37</value>
         <object_component_ref idref="oc-85"/>
      </symbol>
      <symbol id="sm-1425">
         <name>__TI_zero_init</name>
         <value>0x7419</value>
         <object_component_ref idref="oc-46"/>
      </symbol>
      <symbol id="sm-143c">
         <name>__TI_decompress_none</name>
         <value>0x73c3</value>
         <object_component_ref idref="oc-15"/>
      </symbol>
      <symbol id="sm-145f">
         <name>__TI_decompress_lzss</name>
         <value>0x5669</value>
         <object_component_ref idref="oc-f"/>
      </symbol>
      <symbol id="sm-1472">
         <name>__stack</name>
         <value>0x2000fc00</value>
         <object_component_ref idref="oc-26"/>
      </symbol>
      <symbol id="sm-1473">
         <name>_c_int00_noargs</name>
         <value>0x6a15</value>
         <object_component_ref idref="oc-91"/>
      </symbol>
      <symbol id="sm-149d">
         <name>__TI_auto_init_nobinit_nopinit</name>
         <value>0x63b1</value>
         <object_component_ref idref="oc-18e"/>
      </symbol>
      <symbol id="sm-14a7">
         <name>_system_pre_init</name>
         <value>0x74a5</value>
         <object_component_ref idref="oc-df"/>
      </symbol>
      <symbol id="sm-14b3">
         <name>C$$EXIT</name>
         <value>0x74a9</value>
         <object_component_ref idref="oc-182"/>
      </symbol>
      <symbol id="sm-14b4">
         <name>abort</name>
         <value>0x74a9</value>
         <object_component_ref idref="oc-182"/>
      </symbol>
      <symbol id="sm-14b7">
         <name>__TI_static_base__</name>
         <value>0x77f8</value>
      </symbol>
      <symbol id="sm-14ba">
         <name>__mpu_init</name>
         <value>0x0</value>
      </symbol>
      <symbol id="sm-14bb">
         <name>_system_post_cinit</name>
         <value>0x0</value>
      </symbol>
   </symbol_table>
   <title>Link successful</title>
</link_info>
